2025-07-23T19:28:54.4431617Z Current runner version: '2.326.0'
2025-07-23T19:28:54.4462814Z ##[group]Runner Image Provisioner
2025-07-23T19:28:54.4464409Z Hosted Compute Agent
2025-07-23T19:28:54.4465210Z Version: 20250711.363
2025-07-23T19:28:54.4466172Z Commit: 6785254374ce925a23743850c1cb91912ce5c14c
2025-07-23T19:28:54.4467454Z Build Date: 2025-07-11T20:04:25Z
2025-07-23T19:28:54.4468323Z ##[endgroup]
2025-07-23T19:28:54.4469152Z ##[group]Operating System
2025-07-23T19:28:54.4470063Z Ubuntu
2025-07-23T19:28:54.4470817Z 24.04.2
2025-07-23T19:28:54.4471453Z LTS
2025-07-23T19:28:54.4472337Z ##[endgroup]
2025-07-23T19:28:54.4473129Z ##[group]Runner Image
2025-07-23T19:28:54.4474202Z Image: ubuntu-24.04
2025-07-23T19:28:54.4475134Z Version: 20250720.1.0
2025-07-23T19:28:54.4476800Z Included Software: https://github.com/actions/runner-images/blob/ubuntu24/20250720.1/images/ubuntu/Ubuntu2404-Readme.md
2025-07-23T19:28:54.4479492Z Image Release: https://github.com/actions/runner-images/releases/tag/ubuntu24%2F20250720.1
2025-07-23T19:28:54.4481089Z ##[endgroup]
2025-07-23T19:28:54.4485470Z ##[group]GITHUB_TOKEN Permissions
2025-07-23T19:28:54.4488115Z Actions: write
2025-07-23T19:28:54.4489063Z Attestations: write
2025-07-23T19:28:54.4490008Z Checks: write
2025-07-23T19:28:54.4490735Z Contents: write
2025-07-23T19:28:54.4491566Z Deployments: write
2025-07-23T19:28:54.4492451Z Discussions: write
2025-07-23T19:28:54.4493231Z Issues: write
2025-07-23T19:28:54.4494326Z Metadata: read
2025-07-23T19:28:54.4495156Z Models: read
2025-07-23T19:28:54.4496010Z Packages: write
2025-07-23T19:28:54.4496850Z Pages: write
2025-07-23T19:28:54.4497643Z PullRequests: write
2025-07-23T19:28:54.4498449Z RepositoryProjects: write
2025-07-23T19:28:54.4499465Z SecurityEvents: write
2025-07-23T19:28:54.4500515Z Statuses: write
2025-07-23T19:28:54.4501254Z ##[endgroup]
2025-07-23T19:28:54.4504794Z Secret source: Actions
2025-07-23T19:28:54.4505850Z Prepare workflow directory
2025-07-23T19:28:54.4966817Z Prepare all required actions
2025-07-23T19:28:54.5021058Z Getting action download info
2025-07-23T19:28:54.8461177Z ##[group]Download immutable action package 'actions/checkout@v4'
2025-07-23T19:28:54.8462345Z Version: 4.2.2
2025-07-23T19:28:54.8463436Z Digest: sha256:ccb2698953eaebd21c7bf6268a94f9c26518a7e38e27e0b83c1fe1ad049819b1
2025-07-23T19:28:54.8464916Z Source commit SHA: 11bd71901bbe5b1630ceea73d27597364c9af683
2025-07-23T19:28:54.8465675Z ##[endgroup]
2025-07-23T19:28:54.9311925Z ##[group]Download immutable action package 'actions/setup-go@v5'
2025-07-23T19:28:54.9312826Z Version: 5.5.0
2025-07-23T19:28:54.9313666Z Digest: sha256:f5eeb2233d0c6714b5236de9b44ad0b935014e15eeab3c28d73dc44c1c641ebb
2025-07-23T19:28:54.9314934Z Source commit SHA: d35c59abb061a4a6fb18e82ac0862c26744d6ab5
2025-07-23T19:28:54.9315691Z ##[endgroup]
2025-07-23T19:28:55.2881118Z Download action repository 'ava-labs/avalanchego@66ce7a7701db0c4b370f97b339478d5b5ebe919a' (SHA:66ce7a7701db0c4b370f97b339478d5b5ebe919a)
2025-07-23T19:28:56.0641084Z Getting action download info
2025-07-23T19:28:56.2208655Z Download action repository 'cachix/install-nix-action@02a151ada4993995686f9ed4f1be7cfbb229e56f' (SHA:02a151ada4993995686f9ed4f1be7cfbb229e56f)
2025-07-23T19:28:56.4586025Z ##[group]Download immutable action package 'actions/upload-artifact@v4'
2025-07-23T19:28:56.4587607Z Version: 4.6.2
2025-07-23T19:28:56.4588986Z Digest: sha256:290722aa3281d5caf23d0acdc3dbeb3424786a1a01a9cc97e72f147225e37c38
2025-07-23T19:28:56.4590837Z Source commit SHA: ea165f8d65b6e75b540449e92b4886f43607fa02
2025-07-23T19:28:56.4592117Z ##[endgroup]
2025-07-23T19:28:56.6324582Z Complete job name: AvalancheGo E2E Tests
2025-07-23T19:28:56.7103821Z ##[group]Run actions/checkout@v4
2025-07-23T19:28:56.7105269Z with:
2025-07-23T19:28:56.7106010Z   repository: ava-labs/coreth
2025-07-23T19:28:56.7107143Z   token: ***
2025-07-23T19:28:56.7107863Z   ssh-strict: true
2025-07-23T19:28:56.7108591Z   ssh-user: git
2025-07-23T19:28:56.7109353Z   persist-credentials: true
2025-07-23T19:28:56.7110197Z   clean: true
2025-07-23T19:28:56.7110964Z   sparse-checkout-cone-mode: true
2025-07-23T19:28:56.7112136Z   fetch-depth: 1
2025-07-23T19:28:56.7112885Z   fetch-tags: false
2025-07-23T19:28:56.7113679Z   show-progress: true
2025-07-23T19:28:56.7114597Z   lfs: false
2025-07-23T19:28:56.7115309Z   submodules: false
2025-07-23T19:28:56.7116081Z   set-safe-directory: true
2025-07-23T19:28:56.7117191Z ##[endgroup]
2025-07-23T19:28:56.8200551Z Syncing repository: ava-labs/coreth
2025-07-23T19:28:56.8204364Z ##[group]Getting Git version info
2025-07-23T19:28:56.8206045Z Working directory is '/home/runner/work/coreth/coreth'
2025-07-23T19:28:56.8207880Z [command]/usr/bin/git version
2025-07-23T19:28:56.8228739Z git version 2.50.1
2025-07-23T19:28:56.8255230Z ##[endgroup]
2025-07-23T19:28:56.8270106Z Temporarily overriding HOME='/home/runner/work/_temp/e6e1d5ba-725b-4693-bf98-a6df7228bb99' before making global git config changes
2025-07-23T19:28:56.8272700Z Adding repository directory to the temporary git global config as a safe directory
2025-07-23T19:28:56.8276040Z [command]/usr/bin/git config --global --add safe.directory /home/runner/work/coreth/coreth
2025-07-23T19:28:56.8311986Z Deleting the contents of '/home/runner/work/coreth/coreth'
2025-07-23T19:28:56.8315860Z ##[group]Initializing the repository
2025-07-23T19:28:56.8320682Z [command]/usr/bin/git init /home/runner/work/coreth/coreth
2025-07-23T19:28:56.8379520Z hint: Using 'master' as the name for the initial branch. This default branch name
2025-07-23T19:28:56.8382136Z hint: is subject to change. To configure the initial branch name to use in all
2025-07-23T19:28:56.8384498Z hint: of your new repositories, which will suppress this warning, call:
2025-07-23T19:28:56.8386062Z hint:
2025-07-23T19:28:56.8387254Z hint: 	git config --global init.defaultBranch <name>
2025-07-23T19:28:56.8388620Z hint:
2025-07-23T19:28:56.8389874Z hint: Names commonly chosen instead of 'master' are 'main', 'trunk' and
2025-07-23T19:28:56.8392172Z hint: 'development'. The just-created branch can be renamed via this command:
2025-07-23T19:28:56.8393607Z hint:
2025-07-23T19:28:56.8394605Z hint: 	git branch -m <name>
2025-07-23T19:28:56.8395451Z hint:
2025-07-23T19:28:56.8396555Z hint: Disable this message with "git config set advice.defaultBranchName false"
2025-07-23T19:28:56.8398339Z Initialized empty Git repository in /home/runner/work/coreth/coreth/.git/
2025-07-23T19:28:56.8401065Z [command]/usr/bin/git remote add origin https://github.com/ava-labs/coreth
2025-07-23T19:28:56.8426242Z ##[endgroup]
2025-07-23T19:28:56.8427563Z ##[group]Disabling automatic garbage collection
2025-07-23T19:28:56.8429653Z [command]/usr/bin/git config --local gc.auto 0
2025-07-23T19:28:56.8457953Z ##[endgroup]
2025-07-23T19:28:56.8459198Z ##[group]Setting up auth
2025-07-23T19:28:56.8464325Z [command]/usr/bin/git config --local --name-only --get-regexp core\.sshCommand
2025-07-23T19:28:56.8494014Z [command]/usr/bin/git submodule foreach --recursive sh -c "git config --local --name-only --get-regexp 'core\.sshCommand' && git config --local --unset-all 'core.sshCommand' || :"
2025-07-23T19:28:56.8746133Z [command]/usr/bin/git config --local --name-only --get-regexp http\.https\:\/\/github\.com\/\.extraheader
2025-07-23T19:28:56.8778627Z [command]/usr/bin/git submodule foreach --recursive sh -c "git config --local --name-only --get-regexp 'http\.https\:\/\/github\.com\/\.extraheader' && git config --local --unset-all 'http.https://github.com/.extraheader' || :"
2025-07-23T19:28:56.8995454Z [command]/usr/bin/git config --local http.https://github.com/.extraheader AUTHORIZATION: basic ***
2025-07-23T19:28:56.9030207Z ##[endgroup]
2025-07-23T19:28:56.9031776Z ##[group]Fetching the repository
2025-07-23T19:28:56.9039783Z [command]/usr/bin/git -c protocol.version=2 fetch --no-tags --prune --no-recurse-submodules --depth=1 origin +d85ec0364204a0b3e07e9cdc140a65c53b4d6ce4:refs/remotes/pull/1065/merge
2025-07-23T19:28:57.4567125Z From https://github.com/ava-labs/coreth
2025-07-23T19:28:57.4570772Z  * [new ref]         d85ec0364204a0b3e07e9cdc140a65c53b4d6ce4 -> pull/1065/merge
2025-07-23T19:28:57.4597198Z ##[endgroup]
2025-07-23T19:28:57.4599328Z ##[group]Determining the checkout info
2025-07-23T19:28:57.4601670Z ##[endgroup]
2025-07-23T19:28:57.4603112Z [command]/usr/bin/git sparse-checkout disable
2025-07-23T19:28:57.4641103Z [command]/usr/bin/git config --local --unset-all extensions.worktreeConfig
2025-07-23T19:28:57.4670669Z ##[group]Checking out the ref
2025-07-23T19:28:57.4673140Z [command]/usr/bin/git checkout --progress --force refs/remotes/pull/1065/merge
2025-07-23T19:28:57.5786245Z Note: switching to 'refs/remotes/pull/1065/merge'.
2025-07-23T19:28:57.5787985Z 
2025-07-23T19:28:57.5789044Z You are in 'detached HEAD' state. You can look around, make experimental
2025-07-23T19:28:57.5791564Z changes and commit them, and you can discard any commits you make in this
2025-07-23T19:28:57.5795037Z state without impacting any branches by switching back to a branch.
2025-07-23T19:28:57.5796380Z 
2025-07-23T19:28:57.5797277Z If you want to create a new branch to retain commits you create, you may
2025-07-23T19:28:57.5799837Z do so (now or later) by using -c with the switch command. Example:
2025-07-23T19:28:57.5801124Z 
2025-07-23T19:28:57.5801715Z   git switch -c <new-branch-name>
2025-07-23T19:28:57.5802702Z 
2025-07-23T19:28:57.5803382Z Or undo this operation with:
2025-07-23T19:28:57.5804513Z 
2025-07-23T19:28:57.5805067Z   git switch -
2025-07-23T19:28:57.5805739Z 
2025-07-23T19:28:57.5806722Z Turn off this advice by setting config variable advice.detachedHead to false
2025-07-23T19:28:57.5808150Z 
2025-07-23T19:28:57.5809711Z HEAD is now at d85ec03 Merge d5f0d87367784f954ad4b3b1df561902a97b92fd into 8fa714aa59bcec3f418c1cc8312789585993b1b1
2025-07-23T19:28:57.5813342Z ##[endgroup]
2025-07-23T19:28:57.5838918Z [command]/usr/bin/git log -1 --format=%H
2025-07-23T19:28:57.5860779Z d85ec0364204a0b3e07e9cdc140a65c53b4d6ce4
2025-07-23T19:28:57.6130293Z ##[group]Run actions/setup-go@v5
2025-07-23T19:28:57.6131150Z with:
2025-07-23T19:28:57.6131830Z   go-version-file: go.mod
2025-07-23T19:28:57.6132627Z   check-latest: false
2025-07-23T19:28:57.6133585Z   token: ***
2025-07-23T19:28:57.6134596Z   cache: true
2025-07-23T19:28:57.6135299Z ##[endgroup]
2025-07-23T19:28:57.7711747Z Setup go version spec 1.23.9
2025-07-23T19:28:57.7723803Z Attempting to download 1.23.9...
2025-07-23T19:28:58.0689978Z matching 1.23.9...
2025-07-23T19:28:58.0730175Z Acquiring 1.23.9 from https://github.com/actions/go-versions/releases/download/1.23.9-14875265214/go-1.23.9-linux-x64.tar.gz
2025-07-23T19:28:58.6556548Z Extracting Go...
2025-07-23T19:28:58.6663483Z [command]/usr/bin/tar xz --warning=no-unknown-keyword --overwrite -C /home/runner/work/_temp/e1b386e0-cf78-4423-a894-16dd3b169dd8 -f /home/runner/work/_temp/e9bce400-3df8-4e37-853e-84874916e6d1
2025-07-23T19:29:00.3591529Z Successfully extracted go to /home/runner/work/_temp/e1b386e0-cf78-4423-a894-16dd3b169dd8
2025-07-23T19:29:00.3592293Z Adding to the cache ...
2025-07-23T19:29:04.5969390Z Successfully cached go to /opt/hostedtoolcache/go/1.23.9/x64
2025-07-23T19:29:04.5970263Z Added go to the path
2025-07-23T19:29:04.5971383Z Successfully set up Go version 1.23.9
2025-07-23T19:29:04.6158282Z [command]/opt/hostedtoolcache/go/1.23.9/x64/bin/go env GOMODCACHE
2025-07-23T19:29:04.6188103Z [command]/opt/hostedtoolcache/go/1.23.9/x64/bin/go env GOCACHE
2025-07-23T19:29:04.6219834Z /home/runner/go/pkg/mod
2025-07-23T19:29:04.6235379Z /home/runner/.cache/go-build
2025-07-23T19:29:04.6856393Z Cache hit for: setup-go-Linux-x64-ubuntu24-go-1.23.9-a15cb706c721cb75cb8e60eed27be6d55e2ca35325e99af49c70a2c101d4ff4d
2025-07-23T19:29:05.7180271Z Received 209715200 of 743127682 (28.2%), 199.8 MBs/sec
2025-07-23T19:29:06.7285615Z Received 415236096 of 743127682 (55.9%), 197.0 MBs/sec
2025-07-23T19:29:07.7904532Z Received 671088640 of 743127682 (90.3%), 208.2 MBs/sec
2025-07-23T19:29:08.1520136Z Received 743127682 of 743127682 (100.0%), 206.3 MBs/sec
2025-07-23T19:29:08.1521203Z Cache Size: ~709 MB (743127682 B)
2025-07-23T19:29:08.1557834Z [command]/usr/bin/tar -xf /home/runner/work/_temp/33e68bb1-dff2-424c-a5b6-4cbc0ab6eb76/cache.tzst -P -C /home/runner/work/coreth/coreth --use-compress-program unzstd
2025-07-23T19:29:16.0199246Z Cache restored successfully
2025-07-23T19:29:16.1618795Z Cache restored from key: setup-go-Linux-x64-ubuntu24-go-1.23.9-a15cb706c721cb75cb8e60eed27be6d55e2ca35325e99af49c70a2c101d4ff4d
2025-07-23T19:29:16.1642154Z go version go1.23.9 linux/amd64
2025-07-23T19:29:16.1642392Z 
2025-07-23T19:29:16.1642728Z ##[group]go env
2025-07-23T19:29:16.3334712Z GO111MODULE=''
2025-07-23T19:29:16.3335263Z GOARCH='amd64'
2025-07-23T19:29:16.3335695Z GOBIN=''
2025-07-23T19:29:16.3336132Z GOCACHE='/home/runner/.cache/go-build'
2025-07-23T19:29:16.3336613Z GOENV='/home/runner/.config/go/env'
2025-07-23T19:29:16.3336988Z GOEXE=''
2025-07-23T19:29:16.3337287Z GOEXPERIMENT=''
2025-07-23T19:29:16.3337588Z GOFLAGS=''
2025-07-23T19:29:16.3338037Z GOHOSTARCH='amd64'
2025-07-23T19:29:16.3338478Z GOHOSTOS='linux'
2025-07-23T19:29:16.3338861Z GOINSECURE=''
2025-07-23T19:29:16.3339277Z GOMODCACHE='/home/runner/go/pkg/mod'
2025-07-23T19:29:16.3339968Z GONOPROXY=''
2025-07-23T19:29:16.3340305Z GONOSUMDB=''
2025-07-23T19:29:16.3340577Z GOOS='linux'
2025-07-23T19:29:16.3340868Z GOPATH='/home/runner/go'
2025-07-23T19:29:16.3341194Z GOPRIVATE=''
2025-07-23T19:29:16.3341589Z GOPROXY='https://proxy.golang.org,direct'
2025-07-23T19:29:16.3342125Z GOROOT='/opt/hostedtoolcache/go/1.23.9/x64'
2025-07-23T19:29:16.3342560Z GOSUMDB='sum.golang.org'
2025-07-23T19:29:16.3342892Z GOTMPDIR=''
2025-07-23T19:29:16.3343180Z GOTOOLCHAIN='auto'
2025-07-23T19:29:16.3343665Z GOTOOLDIR='/opt/hostedtoolcache/go/1.23.9/x64/pkg/tool/linux_amd64'
2025-07-23T19:29:16.3344396Z GOVCS=''
2025-07-23T19:29:16.3344678Z GOVERSION='go1.23.9'
2025-07-23T19:29:16.3344980Z GODEBUG=''
2025-07-23T19:29:16.3345250Z GOTELEMETRY='local'
2025-07-23T19:29:16.3345946Z GOTELEMETRYDIR='/home/runner/.config/go/telemetry'
2025-07-23T19:29:16.3346402Z GCCGO='gccgo'
2025-07-23T19:29:16.3346673Z GOAMD64='v1'
2025-07-23T19:29:16.3346946Z AR='ar'
2025-07-23T19:29:16.3347196Z CC='gcc'
2025-07-23T19:29:16.3347455Z CXX='g++'
2025-07-23T19:29:16.3347719Z CGO_ENABLED='1'
2025-07-23T19:29:16.3348075Z GOMOD='/home/runner/work/coreth/coreth/go.mod'
2025-07-23T19:29:16.3348480Z GOWORK=''
2025-07-23T19:29:16.3348756Z CGO_CFLAGS='-O2 -g'
2025-07-23T19:29:16.3349059Z CGO_CPPFLAGS=''
2025-07-23T19:29:16.3349351Z CGO_CXXFLAGS='-O2 -g'
2025-07-23T19:29:16.3349672Z CGO_FFLAGS='-O2 -g'
2025-07-23T19:29:16.3349990Z CGO_LDFLAGS='-O2 -g'
2025-07-23T19:29:16.3350322Z PKG_CONFIG='pkg-config'
2025-07-23T19:29:16.3351259Z GOGCCFLAGS='-fPIC -m64 -pthread -Wl,--no-gc-sections -fmessage-length=0 -ffile-prefix-map=/tmp/go-build3893342323=/tmp/go-build -gno-record-gcc-switches'
2025-07-23T19:29:16.3351909Z 
2025-07-23T19:29:16.3352274Z ##[endgroup]
2025-07-23T19:29:16.3514523Z ##[group]Run ./scripts/run_task.sh build-avalanchego-with-coreth
2025-07-23T19:29:16.3515069Z [36;1m./scripts/run_task.sh build-avalanchego-with-coreth[0m
2025-07-23T19:29:16.3548475Z shell: /usr/bin/bash -e {0}
2025-07-23T19:29:16.3548762Z ##[endgroup]
2025-07-23T19:29:17.2237094Z task: [build-avalanchego-with-coreth] ./scripts/build_avalanchego_with_coreth.sh
2025-07-23T19:29:17.2365773Z checking out target AvalancheGo version v1.13.3-rc.1
2025-07-23T19:29:17.2366353Z creating new clone
2025-07-23T19:29:17.2378435Z Cloning into 'avalanchego'...
2025-07-23T19:29:24.4778748Z Switched to a new branch 'test-v1.13.3-rc.1'
2025-07-23T19:29:24.4793318Z updating coreth dependency to point to /home/runner/work/coreth/coreth
2025-07-23T19:29:24.5306708Z go: downloading connectrpc.com/connect v1.18.1
2025-07-23T19:29:24.5409425Z go: downloading github.com/prometheus/client_golang v1.16.0
2025-07-23T19:29:24.5414577Z go: downloading github.com/prometheus/client_model v0.3.0
2025-07-23T19:29:24.5415645Z go: downloading github.com/prometheus/common v0.42.0
2025-07-23T19:29:24.6036919Z go: downloading google.golang.org/protobuf v1.35.2
2025-07-23T19:29:24.7943132Z go: downloading github.com/jackpal/gateway v1.0.6
2025-07-23T19:29:24.7989056Z go: downloading github.com/ava-labs/simplex v0.0.0-20250626192006-220e6aeacdc1
2025-07-23T19:29:24.8131442Z go: downloading github.com/antithesishq/antithesis-sdk-go v0.3.8
2025-07-23T19:29:24.8247875Z go: downloading github.com/compose-spec/compose-go v1.20.2
2025-07-23T19:29:24.8338462Z go: downloading github.com/ava-labs/ledger-avalanche/go v0.0.0-20241009183145-e6f90a8a1a60
2025-07-23T19:29:24.8349479Z go: downloading github.com/tyler-smith/go-bip32 v1.0.0
2025-07-23T19:29:24.8491149Z go: downloading github.com/nbutton23/zxcvbn-go v0.0.0-20180912185939-ae427f1e4c1d
2025-07-23T19:29:24.8588193Z go: downloading github.com/matttproud/golang_protobuf_extensions v1.0.4
2025-07-23T19:29:24.8670663Z go: downloading connectrpc.com/grpcreflect v1.3.0
2025-07-23T19:29:24.8758244Z go: downloading github.com/prometheus/procfs v0.10.1
2025-07-23T19:29:24.9214133Z go: downloading github.com/inconshreveable/mousetrap v1.1.0
2025-07-23T19:29:24.9311067Z go: downloading github.com/zondax/ledger-go v1.0.0
2025-07-23T19:29:24.9321254Z go: downloading github.com/FactomProject/basen v0.0.0-20150613233007-fe3947df716e
2025-07-23T19:29:24.9359224Z go: downloading github.com/FactomProject/btcutilecc v0.0.0-20130527213604-d3a63a5752ec
2025-07-23T19:29:24.9439257Z go: downloading github.com/distribution/reference v0.5.0
2025-07-23T19:29:24.9442940Z go: downloading github.com/docker/go-connections v0.4.0
2025-07-23T19:29:24.9462421Z go: downloading github.com/docker/go-units v0.5.0
2025-07-23T19:29:24.9469911Z go: downloading github.com/mattn/go-shellwords v1.0.12
2025-07-23T19:29:24.9653294Z go: downloading github.com/opencontainers/go-digest v1.0.0
2025-07-23T19:29:24.9663153Z go: downloading gotest.tools/v3 v3.4.0
2025-07-23T19:29:24.9753336Z go: downloading github.com/klauspost/compress v1.15.15
2025-07-23T19:29:25.0043290Z go: downloading github.com/ava-labs/firewood-go-ethhash/ffi v0.0.8
2025-07-23T19:29:25.0078278Z go: downloading golang.org/x/oauth2 v0.21.0
2025-07-23T19:29:25.0106262Z go: downloading github.com/golang-jwt/jwt/v4 v4.5.0
2025-07-23T19:29:25.0297367Z go: downloading github.com/golang-jwt/jwt v3.2.2+incompatible
2025-07-23T19:29:25.0444226Z go: downloading github.com/cmars/basen v0.0.0-20150613233007-fe3947df716e
2025-07-23T19:29:25.0530063Z go: downloading launchpad.net/gocheck v0.0.0-20140225173054-000000000087
2025-07-23T19:29:25.0538638Z go: downloading github.com/zondax/hid v0.9.2
2025-07-23T19:29:25.0886237Z go: downloading github.com/sirupsen/logrus v1.9.0
2025-07-23T19:29:27.1622857Z building avalanchego
2025-07-23T19:29:27.1741538Z Building AvalancheGo with [go version go1.23.9 linux/amd64]...
2025-07-23T19:30:43.7222446Z ##[group]Run ava-labs/avalanchego/.github/actions/run-monitored-tmpnet-cmd@66ce7a7701db0c4b370f97b339478d5b5ebe919a
2025-07-23T19:30:43.7222951Z with:
2025-07-23T19:30:43.7223137Z   run: ./scripts/run_task.sh test-e2e
2025-07-23T19:30:43.7223397Z   run_env: AVALANCHEGO_CLONE_PATH=avalanchego
2025-07-23T19:30:43.7223638Z   runtime: process
2025-07-23T19:30:43.7223850Z   repository_owner: ava-labs
2025-07-23T19:30:43.7224310Z   repository_name: coreth
2025-07-23T19:30:43.7224501Z   workflow: CI
2025-07-23T19:30:43.7224677Z   run_id: 16480013789
2025-07-23T19:30:43.7224854Z   run_number: 5026
2025-07-23T19:30:43.7225019Z   run_attempt: 1
2025-07-23T19:30:43.7225190Z   job: avalanchego_e2e
2025-07-23T19:30:43.7225386Z ##[endgroup]
2025-07-23T19:30:43.7329529Z ##[group]Run cachix/install-nix-action@02a151ada4993995686f9ed4f1be7cfbb229e56f
2025-07-23T19:30:43.7329902Z with:
2025-07-23T19:30:43.7330071Z   enable_kvm: true
2025-07-23T19:30:43.7330253Z ##[endgroup]
2025-07-23T19:30:43.7351905Z ##[group]Run ${GITHUB_ACTION_PATH}/install-nix.sh
2025-07-23T19:30:43.7352250Z [36;1m${GITHUB_ACTION_PATH}/install-nix.sh[0m
2025-07-23T19:30:43.7381171Z shell: /usr/bin/bash --noprofile --norc -e -o pipefail {0}
2025-07-23T19:30:43.7381479Z env:
2025-07-23T19:30:43.7381662Z   INPUT_EXTRA_NIX_CONFIG: 
2025-07-23T19:30:43.7381878Z   INPUT_GITHUB_ACCESS_TOKEN: 
2025-07-23T19:30:43.7382281Z   INPUT_INSTALL_OPTIONS: 
2025-07-23T19:30:43.7382486Z   INPUT_INSTALL_URL: 
2025-07-23T19:30:43.7382672Z   INPUT_NIX_PATH: 
2025-07-23T19:30:43.7382856Z   INPUT_ENABLE_KVM: true
2025-07-23T19:30:43.7383449Z   GITHUB_TOKEN: ***
2025-07-23T19:30:43.7383644Z ##[endgroup]
2025-07-23T19:30:43.7459306Z ##[group]Enabling KVM support
2025-07-23T19:30:43.7528616Z KERNEL=="kvm", GROUP="kvm", MODE="0666", OPTIONS+="static_node=kvm"
2025-07-23T19:30:43.7825726Z Enabled KVM
2025-07-23T19:30:43.7826308Z ##[endgroup]
2025-07-23T19:30:43.7828413Z ##[group]Installing Nix
2025-07-23T19:30:43.8115756Z installer options: --no-channel-add --darwin-use-unencrypted-nix-store-volume --nix-extra-conf-file /tmp/tmp.ms8QZXhwC8/nix.conf --daemon --daemon-user-count 8
2025-07-23T19:30:44.0860346Z * Host releases.nixos.org:443 was resolved.
2025-07-23T19:30:44.0860965Z * IPv6: 2a04:4e42:77::729
2025-07-23T19:30:44.0861369Z * IPv4: 146.75.30.217
2025-07-23T19:30:44.0861748Z *   Trying 146.75.30.217:443...
2025-07-23T19:30:44.0911809Z * Connected to releases.nixos.org (146.75.30.217) port 443
2025-07-23T19:30:44.0930246Z * ALPN: curl offers h2,http/1.1
2025-07-23T19:30:44.0932437Z } [5 bytes data]
2025-07-23T19:30:44.0932907Z * TLSv1.3 (OUT), TLS handshake, Client hello (1):
2025-07-23T19:30:44.0933429Z } [512 bytes data]
2025-07-23T19:30:44.1142945Z *  CAfile: /etc/ssl/certs/ca-certificates.crt
2025-07-23T19:30:44.1143504Z *  CApath: /etc/ssl/certs
2025-07-23T19:30:44.1144216Z { [5 bytes data]
2025-07-23T19:30:44.1144676Z * TLSv1.3 (IN), TLS handshake, Server hello (2):
2025-07-23T19:30:44.1145198Z { [104 bytes data]
2025-07-23T19:30:44.1145645Z * TLSv1.2 (IN), TLS handshake, Certificate (11):
2025-07-23T19:30:44.1146152Z { [2827 bytes data]
2025-07-23T19:30:44.1150453Z * TLSv1.2 (IN), TLS handshake, Server key exchange (12):
2025-07-23T19:30:44.1151031Z { [300 bytes data]
2025-07-23T19:30:44.1154428Z * TLSv1.2 (IN), TLS handshake, Server finished (14):
2025-07-23T19:30:44.1154973Z { [4 bytes data]
2025-07-23T19:30:44.1155433Z * TLSv1.2 (OUT), TLS handshake, Client key exchange (16):
2025-07-23T19:30:44.1155988Z } [37 bytes data]
2025-07-23T19:30:44.1156455Z * TLSv1.2 (OUT), TLS change cipher, Change cipher spec (1):
2025-07-23T19:30:44.1157042Z } [1 bytes data]
2025-07-23T19:30:44.1157467Z * TLSv1.2 (OUT), TLS handshake, Finished (20):
2025-07-23T19:30:44.1157947Z } [16 bytes data]
2025-07-23T19:30:44.1205647Z * TLSv1.2 (IN), TLS handshake, Finished (20):
2025-07-23T19:30:44.1206119Z { [16 bytes data]
2025-07-23T19:30:44.1206739Z * SSL connection using TLSv1.2 / ECDHE-RSA-CHACHA20-POLY1305 / X25519 / RSASSA-PSS
2025-07-23T19:30:44.1208085Z * ALPN: server accepted h2
2025-07-23T19:30:44.1208669Z * Server certificate:
2025-07-23T19:30:44.1209100Z *  subject: CN=releases.nixos.org
2025-07-23T19:30:44.1209527Z *  start date: Oct 11 20:56:16 2024 GMT
2025-07-23T19:30:44.1209953Z *  expire date: Nov 12 20:56:15 2025 GMT
2025-07-23T19:30:44.1210641Z *  subjectAltName: host "releases.nixos.org" matched cert's "releases.nixos.org"
2025-07-23T19:30:44.1211561Z *  issuer: C=BE; O=GlobalSign nv-sa; CN=GlobalSign Atlas R3 DV TLS CA 2024 Q4
2025-07-23T19:30:44.1212183Z *  SSL certificate verify ok.
2025-07-23T19:30:44.1212926Z *   Certificate level 0: Public key type RSA (2048/112 Bits/secBits), signed using sha256WithRSAEncryption
2025-07-23T19:30:44.1214208Z *   Certificate level 1: Public key type RSA (2048/112 Bits/secBits), signed using sha256WithRSAEncryption
2025-07-23T19:30:44.1214855Z *   Certificate level 2: Public key type RSA (2048/112 Bits/secBits), signed using sha256WithRSAEncryption
2025-07-23T19:30:44.1215295Z } [5 bytes data]
2025-07-23T19:30:44.1215486Z * using HTTP/2
2025-07-23T19:30:44.1215813Z * [HTTP/2] [1] OPENED stream for https://releases.nixos.org/nix/nix-2.26.3/install
2025-07-23T19:30:44.1216183Z * [HTTP/2] [1] [:method: GET]
2025-07-23T19:30:44.1216409Z * [HTTP/2] [1] [:scheme: https]
2025-07-23T19:30:44.1216679Z * [HTTP/2] [1] [:authority: releases.nixos.org]
2025-07-23T19:30:44.1216975Z * [HTTP/2] [1] [:path: /nix/nix-2.26.3/install]
2025-07-23T19:30:44.1217463Z * [HTTP/2] [1] [user-agent: curl/8.5.0]
2025-07-23T19:30:44.1217714Z * [HTTP/2] [1] [accept: */*]
2025-07-23T19:30:44.1217927Z } [5 bytes data]
2025-07-23T19:30:44.1218129Z > GET /nix/nix-2.26.3/install HTTP/2
2025-07-23T19:30:44.1218378Z > Host: releases.nixos.org
2025-07-23T19:30:44.1218599Z > User-Agent: curl/8.5.0
2025-07-23T19:30:44.1218801Z > Accept: */*
2025-07-23T19:30:44.1218967Z > 
2025-07-23T19:30:44.1255801Z { [5 bytes data]
2025-07-23T19:30:44.1273038Z < HTTP/2 200 
2025-07-23T19:30:44.1273498Z < last-modified: Wed, 05 Mar 2025 18:21:15 GMT
2025-07-23T19:30:44.1274235Z < etag: "c6753896884bce9b95ec3ca7be157ef6"
2025-07-23T19:30:44.1274715Z < x-amz-server-side-encryption: AES256
2025-07-23T19:30:44.1275160Z < content-type: text/plain
2025-07-23T19:30:44.1275428Z < server: AmazonS3
2025-07-23T19:30:44.1275643Z < via: 1.1 varnish, 1.1 varnish
2025-07-23T19:30:44.1275895Z < access-control-allow-origin: *
2025-07-23T19:30:44.1276143Z < accept-ranges: bytes
2025-07-23T19:30:44.1276362Z < date: Wed, 23 Jul 2025 19:30:44 GMT
2025-07-23T19:30:44.1276591Z < age: 9620
2025-07-23T19:30:44.1276849Z < x-served-by: cache-dub4357-DUB, cache-iad-kiad7000128-IAD
2025-07-23T19:30:44.1277152Z < x-cache: HIT, HIT
2025-07-23T19:30:44.1277342Z < x-cache-hits: 3, 1
2025-07-23T19:30:44.1277542Z < content-length: 4267
2025-07-23T19:30:44.1277725Z < 
2025-07-23T19:30:44.1277882Z { [4267 bytes data]
2025-07-23T19:30:44.1278127Z * Connection #0 to host releases.nixos.org left intact
2025-07-23T19:30:44.1353075Z downloading Nix 2.26.3 binary tarball for x86_64-linux from 'https://releases.nixos.org/nix/nix-2.26.3/nix-2.26.3-x86_64-linux.tar.xz' to '/tmp/nix-binary-tarball-unpack.APbj8s7Zdj'...
2025-07-23T19:30:44.1402887Z   % Total    % Received % Xferd  Average Speed   Time    Time     Time  Current
2025-07-23T19:30:44.1404412Z                                  Dload  Upload   Total   Spent    Left  Speed
2025-07-23T19:30:44.1404787Z 
2025-07-23T19:30:44.3121397Z   0     0    0     0    0     0      0      0 --:--:-- --:--:-- --:--:--     0
2025-07-23T19:30:44.3122100Z 100 22.6M  100 22.6M    0     0   131M      0 --:--:-- --:--:-- --:--:--  132M
2025-07-23T19:30:45.8649099Z Note: a multi-user installation is possible. See https://nixos.org/manual/nix/stable/installation/installing-binary.html#multi-user-installation
2025-07-23T19:30:45.8658618Z Warning: the flag --darwin-use-unencrypted-nix-store-volume
2025-07-23T19:30:45.8659513Z          is no longer needed and will be removed in the future.
2025-07-23T19:30:45.8659793Z 
2025-07-23T19:30:45.8669608Z [1;31mSwitching to the Multi-user Installer[0m
2025-07-23T19:30:45.8770473Z [32mWelcome to the Multi-User Nix Installation
2025-07-23T19:30:45.8780338Z [0m
2025-07-23T19:30:45.8780949Z This installation tool will set up your computer with the Nix package
2025-07-23T19:30:45.8781547Z manager. This will happen in a few stages:
2025-07-23T19:30:45.8781803Z 
2025-07-23T19:30:45.8782029Z 1. Make sure your computer doesn't already have Nix. If it does, I
2025-07-23T19:30:45.8782791Z    will show you instructions on how to clean up your old install.
2025-07-23T19:30:45.8783288Z 
2025-07-23T19:30:45.8783618Z 2. Show you what I am going to install and where. Then I will ask
2025-07-23T19:30:45.8784297Z    if you are ready to continue.
2025-07-23T19:30:45.8784503Z 
2025-07-23T19:30:45.8784896Z 3. Create the system users [34m(uids [30001..30008])[0m and groups [34m(gid 30000)[0m
2025-07-23T19:30:45.8785540Z    that the Nix daemon uses to run builds. To create system users
2025-07-23T19:30:45.8786068Z    in a different range, exit and run this tool again with
2025-07-23T19:30:45.8786481Z    NIX_FIRST_BUILD_UID set.
2025-07-23T19:30:45.8786662Z 
2025-07-23T19:30:45.8786854Z 4. Perform the basic installation of the Nix files daemon.
2025-07-23T19:30:45.8787147Z 
2025-07-23T19:30:45.8787386Z 5. Configure your shell to import special Nix Profile files, so you
2025-07-23T19:30:45.8787815Z    can use Nix.
2025-07-23T19:30:45.8787958Z 
2025-07-23T19:30:45.8788267Z 6. Start the Nix daemon.
2025-07-23T19:30:45.8788443Z 
2025-07-23T19:30:45.8788760Z [32m[4;32mWould you like to see a more detailed list of what I will do?
2025-07-23T19:30:45.8789276Z [0mNo TTY, assuming you would say yes :)
2025-07-23T19:30:45.8792599Z 
2025-07-23T19:30:45.8792755Z I will:
2025-07-23T19:30:45.8792948Z 
2025-07-23T19:30:45.8793273Z  - make sure your computer doesn't already have Nix files
2025-07-23T19:30:45.8794074Z    (if it does, I will tell you how to clean them up.)
2025-07-23T19:30:45.8794611Z  - create local users (see the list above for the users I'll make)
2025-07-23T19:30:45.8795064Z  - create a local group (nixbld)
2025-07-23T19:30:45.8795375Z  - install Nix in /nix
2025-07-23T19:30:45.8795679Z  - create a configuration file in /etc/nix
2025-07-23T19:30:45.8796085Z  - set up the "default profile" by creating some Nix-related files in
2025-07-23T19:30:45.8796446Z    /root
2025-07-23T19:30:45.8807888Z  - back up /etc/bash.bashrc to /etc/bash.bashrc.backup-before-nix
2025-07-23T19:30:45.8808744Z  - update /etc/bash.bashrc to include some Nix configuration
2025-07-23T19:30:45.8819559Z  - load and start a service (at /etc/systemd/system/nix-daemon.service
2025-07-23T19:30:45.8820429Z    and /etc/systemd/system/nix-daemon.socket) for nix-daemon
2025-07-23T19:30:45.8820710Z 
2025-07-23T19:30:45.8821573Z [32m[4;32mReady to continue?
2025-07-23T19:30:45.8822098Z [0mNo TTY, assuming you would say yes :)
2025-07-23T19:30:45.8844858Z 
2025-07-23T19:30:45.8845471Z [34m---- let's talk about sudo -----------------------------------------------------
2025-07-23T19:30:45.8855868Z [0mThis script is going to call sudo a lot. Normally, it would show you
2025-07-23T19:30:45.8856631Z exactly what commands it is running and why. However, the script is
2025-07-23T19:30:45.8857099Z run in a headless fashion, like this:
2025-07-23T19:30:45.8857316Z 
2025-07-23T19:30:45.8857536Z   $ curl -L https://nixos.org/nix/install | sh
2025-07-23T19:30:45.8857937Z 
2025-07-23T19:30:45.8858276Z or maybe in a CI pipeline. Because of that, I'm going to skip the
2025-07-23T19:30:45.8858945Z verbose output in the interest of brevity.
2025-07-23T19:30:45.8859178Z 
2025-07-23T19:30:45.8859284Z If you would like to
2025-07-23T19:30:45.8859554Z see the output, try like this:
2025-07-23T19:30:45.8859745Z 
2025-07-23T19:30:45.8859973Z   $ curl -L -o install-nix https://nixos.org/nix/install
2025-07-23T19:30:45.8860381Z   $ sh ./install-nix
2025-07-23T19:30:45.8860532Z 
2025-07-23T19:30:45.8860537Z 
2025-07-23T19:30:45.8860759Z [32m~~> Checking for artifacts of previous installs
2025-07-23T19:30:45.8868250Z [0mBefore I try to install, I'll check for signs Nix already is or has
2025-07-23T19:30:45.8868845Z been installed on this system.
2025-07-23T19:30:45.8900884Z 
2025-07-23T19:30:45.8901989Z [34m---- Nix config report ---------------------------------------------------------
2025-07-23T19:30:45.8902871Z [0m[1m        Temp Dir[0m:	/tmp/tmp.CUrud6LmxM
2025-07-23T19:30:45.8903478Z [1m        Nix Root[0m:	/nix
2025-07-23T19:30:45.8904163Z [1m     Build Users[0m:	8
2025-07-23T19:30:45.8904638Z [1m  Build Group ID[0m:	30000
2025-07-23T19:30:45.8904980Z [1mBuild Group Name[0m:	nixbld
2025-07-23T19:30:45.8905180Z 
2025-07-23T19:30:45.8905305Z [4;34mbuild users:
2025-07-23T19:30:45.8905591Z [0m[1m    Username[0m:	UID
2025-07-23T19:30:45.8931947Z [1m     nixbld1[0m:	30001
2025-07-23T19:30:45.8942337Z [1m     nixbld2[0m:	30002
2025-07-23T19:30:45.8952660Z [1m     nixbld3[0m:	30003
2025-07-23T19:30:45.8963238Z [1m     nixbld4[0m:	30004
2025-07-23T19:30:45.8973719Z [1m     nixbld5[0m:	30005
2025-07-23T19:30:45.8984446Z [1m     nixbld6[0m:	30006
2025-07-23T19:30:45.8994856Z [1m     nixbld7[0m:	30007
2025-07-23T19:30:45.9005457Z [1m     nixbld8[0m:	30008
2025-07-23T19:30:45.9005822Z 
2025-07-23T19:30:45.9006133Z [32m[4;32mReady to continue?
2025-07-23T19:30:45.9006872Z [0mNo TTY, assuming you would say yes :)
2025-07-23T19:30:45.9007337Z 
2025-07-23T19:30:45.9007712Z [32m~~> Setting up the build group nixbld
2025-07-23T19:30:45.9627490Z [0m[1m            Created[0m:	Yes
2025-07-23T19:30:45.9661227Z 
2025-07-23T19:30:45.9661882Z [32m~~> Setting up the build user nixbld1
2025-07-23T19:30:45.9839504Z useradd warning: nixbld1's uid 30001 is greater than SYS_UID_MAX 999
2025-07-23T19:30:45.9937939Z [0m[1m           Created[0m:	Yes
2025-07-23T19:30:45.9945823Z [1m            Hidden[0m:	Yes
2025-07-23T19:30:45.9967831Z [1m    Home Directory[0m:	/var/empty
2025-07-23T19:30:45.9990208Z [1m              Note[0m:	Nix build user 1
2025-07-23T19:30:46.0010633Z [1m   Logins Disabled[0m:	Yes
2025-07-23T19:30:46.0038305Z [1m  Member of nixbld[0m:	Yes
2025-07-23T19:30:46.0063136Z [1m    PrimaryGroupID[0m:	30000
2025-07-23T19:30:46.0076031Z 
2025-07-23T19:30:46.0077421Z [32m~~> Setting up the build user nixbld2
2025-07-23T19:30:46.0214624Z useradd warning: nixbld2's uid 30002 is greater than SYS_UID_MAX 999
2025-07-23T19:30:46.0312894Z [0m[1m           Created[0m:	Yes
2025-07-23T19:30:46.0320440Z [1m            Hidden[0m:	Yes
2025-07-23T19:30:46.0347799Z [1m    Home Directory[0m:	/var/empty
2025-07-23T19:30:46.0373239Z [1m              Note[0m:	Nix build user 2
2025-07-23T19:30:46.0394667Z [1m   Logins Disabled[0m:	Yes
2025-07-23T19:30:46.0417378Z [1m  Member of nixbld[0m:	Yes
2025-07-23T19:30:46.0435729Z [1m    PrimaryGroupID[0m:	30000
2025-07-23T19:30:46.0446936Z 
2025-07-23T19:30:46.0447286Z [32m~~> Setting up the build user nixbld3
2025-07-23T19:30:46.0580737Z useradd warning: nixbld3's uid 30003 is greater than SYS_UID_MAX 999
2025-07-23T19:30:46.0679681Z [0m[1m           Created[0m:	Yes
2025-07-23T19:30:46.0685507Z [1m            Hidden[0m:	Yes
2025-07-23T19:30:46.0704076Z [1m    Home Directory[0m:	/var/empty
2025-07-23T19:30:46.0724930Z [1m              Note[0m:	Nix build user 3
2025-07-23T19:30:46.0742820Z [1m   Logins Disabled[0m:	Yes
2025-07-23T19:30:46.0761923Z [1m  Member of nixbld[0m:	Yes
2025-07-23T19:30:46.0780081Z [1m    PrimaryGroupID[0m:	30000
2025-07-23T19:30:46.0791246Z 
2025-07-23T19:30:46.0791692Z [32m~~> Setting up the build user nixbld4
2025-07-23T19:30:46.0924331Z useradd warning: nixbld4's uid 30004 is greater than SYS_UID_MAX 999
2025-07-23T19:30:46.1013393Z [0m[1m           Created[0m:	Yes
2025-07-23T19:30:46.1019271Z [1m            Hidden[0m:	Yes
2025-07-23T19:30:46.1037807Z [1m    Home Directory[0m:	/var/empty
2025-07-23T19:30:46.1058465Z [1m              Note[0m:	Nix build user 4
2025-07-23T19:30:46.1076815Z [1m   Logins Disabled[0m:	Yes
2025-07-23T19:30:46.1095677Z [1m  Member of nixbld[0m:	Yes
2025-07-23T19:30:46.1114554Z [1m    PrimaryGroupID[0m:	30000
2025-07-23T19:30:46.1125626Z 
2025-07-23T19:30:46.1126046Z [32m~~> Setting up the build user nixbld5
2025-07-23T19:30:46.1259143Z useradd warning: nixbld5's uid 30005 is greater than SYS_UID_MAX 999
2025-07-23T19:30:46.1351126Z [0m[1m           Created[0m:	Yes
2025-07-23T19:30:46.1357197Z [1m            Hidden[0m:	Yes
2025-07-23T19:30:46.1377377Z [1m    Home Directory[0m:	/var/empty
2025-07-23T19:30:46.1398635Z [1m              Note[0m:	Nix build user 5
2025-07-23T19:30:46.1416582Z [1m   Logins Disabled[0m:	Yes
2025-07-23T19:30:46.1435747Z [1m  Member of nixbld[0m:	Yes
2025-07-23T19:30:46.1454102Z [1m    PrimaryGroupID[0m:	30000
2025-07-23T19:30:46.1464994Z 
2025-07-23T19:30:46.1465422Z [32m~~> Setting up the build user nixbld6
2025-07-23T19:30:46.1597862Z useradd warning: nixbld6's uid 30006 is greater than SYS_UID_MAX 999
2025-07-23T19:30:46.1681543Z [0m[1m           Created[0m:	Yes
2025-07-23T19:30:46.1687429Z [1m            Hidden[0m:	Yes
2025-07-23T19:30:46.1705796Z [1m    Home Directory[0m:	/var/empty
2025-07-23T19:30:46.1726451Z [1m              Note[0m:	Nix build user 6
2025-07-23T19:30:46.1745322Z [1m   Logins Disabled[0m:	Yes
2025-07-23T19:30:46.1763229Z [1m  Member of nixbld[0m:	Yes
2025-07-23T19:30:46.1781353Z [1m    PrimaryGroupID[0m:	30000
2025-07-23T19:30:46.1791895Z 
2025-07-23T19:30:46.1792333Z [32m~~> Setting up the build user nixbld7
2025-07-23T19:30:46.1923173Z useradd warning: nixbld7's uid 30007 is greater than SYS_UID_MAX 999
2025-07-23T19:30:46.2013685Z [0m[1m           Created[0m:	Yes
2025-07-23T19:30:46.2019928Z [1m            Hidden[0m:	Yes
2025-07-23T19:30:46.2038375Z [1m    Home Directory[0m:	/var/empty
2025-07-23T19:30:46.2059091Z [1m              Note[0m:	Nix build user 7
2025-07-23T19:30:46.2077054Z [1m   Logins Disabled[0m:	Yes
2025-07-23T19:30:46.2095652Z [1m  Member of nixbld[0m:	Yes
2025-07-23T19:30:46.2113399Z [1m    PrimaryGroupID[0m:	30000
2025-07-23T19:30:46.2124186Z 
2025-07-23T19:30:46.2124735Z [32m~~> Setting up the build user nixbld8
2025-07-23T19:30:46.2258195Z useradd warning: nixbld8's uid 30008 is greater than SYS_UID_MAX 999
2025-07-23T19:30:46.2347351Z [0m[1m           Created[0m:	Yes
2025-07-23T19:30:46.2353464Z [1m            Hidden[0m:	Yes
2025-07-23T19:30:46.2374264Z [1m    Home Directory[0m:	/var/empty
2025-07-23T19:30:46.2394862Z [1m              Note[0m:	Nix build user 8
2025-07-23T19:30:46.2412459Z [1m   Logins Disabled[0m:	Yes
2025-07-23T19:30:46.2431782Z [1m  Member of nixbld[0m:	Yes
2025-07-23T19:30:46.2450222Z [1m    PrimaryGroupID[0m:	30000
2025-07-23T19:30:46.2450583Z 
2025-07-23T19:30:46.2451179Z [32m~~> Setting up the basic directory structure
2025-07-23T19:30:46.2587155Z [0minstall: creating directory '/nix'
2025-07-23T19:30:46.2587816Z install: creating directory '/nix/var'
2025-07-23T19:30:46.2588426Z install: creating directory '/nix/var/log'
2025-07-23T19:30:46.2589121Z install: creating directory '/nix/var/log/nix'
2025-07-23T19:30:46.2589859Z install: creating directory '/nix/var/log/nix/drvs'
2025-07-23T19:30:46.2590611Z install: creating directory '/nix/var/nix'
2025-07-23T19:30:46.2591316Z install: creating directory '/nix/var/nix/db'
2025-07-23T19:30:46.2592076Z install: creating directory '/nix/var/nix/gcroots'
2025-07-23T19:30:46.2593005Z install: creating directory '/nix/var/nix/profiles'
2025-07-23T19:30:46.2594096Z install: creating directory '/nix/var/nix/temproots'
2025-07-23T19:30:46.2595117Z install: creating directory '/nix/var/nix/userpool'
2025-07-23T19:30:46.2596177Z install: creating directory '/nix/var/nix/daemon-socket'
2025-07-23T19:30:46.2597322Z install: creating directory '/nix/var/nix/gcroots/per-user'
2025-07-23T19:30:46.2598511Z install: creating directory '/nix/var/nix/profiles/per-user'
2025-07-23T19:30:46.2671544Z install: creating directory '/nix/store'
2025-07-23T19:30:46.2750149Z install: creating directory '/etc/nix'
2025-07-23T19:30:46.2760013Z 
2025-07-23T19:30:46.2760317Z [32m~~> Installing Nix
2025-07-23T19:30:46.4754991Z [0m      Alright! We have our first nix at /nix/store/x3235311q3n51rppm2y2ycwd7nb3mgpn-nix-2.26.3
2025-07-23T19:30:46.5189019Z       Just finished getting the nix database ready.
2025-07-23T19:30:46.5191782Z 
2025-07-23T19:30:46.5193006Z [32m~~> Setting up shell profiles: /etc/bashrc /etc/profile.d/nix.sh /etc/zshrc /etc/bash.bashrc /etc/zsh/zshrc
2025-07-23T19:30:46.5367157Z [0m
2025-07-23T19:30:46.5367519Z # Nix
2025-07-23T19:30:46.5368121Z if [ -e '/nix/var/nix/profiles/default/etc/profile.d/nix-daemon.sh' ]; then
2025-07-23T19:30:46.5369110Z   . '/nix/var/nix/profiles/default/etc/profile.d/nix-daemon.sh'
2025-07-23T19:30:46.5369719Z fi
2025-07-23T19:30:46.5370010Z # End Nix
2025-07-23T19:30:46.5370192Z 
2025-07-23T19:30:46.5543116Z 
2025-07-23T19:30:46.5543380Z # Nix
2025-07-23T19:30:46.5544198Z if [ -e '/nix/var/nix/profiles/default/etc/profile.d/nix-daemon.sh' ]; then
2025-07-23T19:30:46.5545087Z   . '/nix/var/nix/profiles/default/etc/profile.d/nix-daemon.sh'
2025-07-23T19:30:46.5545469Z fi
2025-07-23T19:30:46.5545672Z # End Nix
2025-07-23T19:30:46.5545791Z 
2025-07-23T19:30:46.5715280Z 
2025-07-23T19:30:46.5715451Z # Nix
2025-07-23T19:30:46.5716079Z if [ -e '/nix/var/nix/profiles/default/etc/profile.d/nix-daemon.sh' ]; then
2025-07-23T19:30:46.5716818Z   . '/nix/var/nix/profiles/default/etc/profile.d/nix-daemon.sh'
2025-07-23T19:30:46.5717189Z fi
2025-07-23T19:30:46.5717395Z # End Nix
2025-07-23T19:30:46.5717850Z 
2025-07-23T19:30:46.5876946Z 
2025-07-23T19:30:46.5877113Z # Nix
2025-07-23T19:30:46.5877710Z if [ -e '/nix/var/nix/profiles/default/etc/profile.d/nix-daemon.sh' ]; then
2025-07-23T19:30:46.5878623Z   . '/nix/var/nix/profiles/default/etc/profile.d/nix-daemon.sh'
2025-07-23T19:30:46.5879248Z fi
2025-07-23T19:30:46.5879533Z # End Nix
2025-07-23T19:30:46.5879741Z 
2025-07-23T19:30:46.5902088Z 
2025-07-23T19:30:46.5903109Z [32m~~> Setting up shell profiles for Fish with conf.d/nix.fish inside /etc/fish /usr/local/etc/fish /opt/homebrew/etc/fish /opt/local/etc/fish
2025-07-23T19:30:46.5970381Z [0m
2025-07-23T19:30:46.5971999Z [32m~~> Setting up the default profile
2025-07-23T19:30:46.6275394Z installing 'nix-2.26.3'
2025-07-23T19:30:46.6410110Z building '/nix/store/5afca9ydks0pp5szkwwhi7a6m2zmgk9g-user-environment.drv'...
2025-07-23T19:30:46.6820334Z installing 'nss-cacert-3.107'
2025-07-23T19:30:46.6953218Z building '/nix/store/ilxzpc39hcw5jr229rmajjkyz1a0fym1-user-environment.drv'...
2025-07-23T19:30:46.7165995Z [0m
2025-07-23T19:30:46.7166536Z [32m~~> Setting up the nix-daemon systemd service
2025-07-23T19:30:46.7549899Z Created symlink /etc/systemd/system/nix-daemon.service → /nix/var/nix/profiles/default/lib/systemd/system/nix-daemon.service.
2025-07-23T19:30:47.0366350Z Created symlink /etc/systemd/system/nix-daemon.socket → /nix/var/nix/profiles/default/lib/systemd/system/nix-daemon.socket.
2025-07-23T19:30:47.0368210Z Created symlink /etc/systemd/system/sockets.target.wants/nix-daemon.socket → /nix/var/nix/profiles/default/lib/systemd/system/nix-daemon.socket.
2025-07-23T19:30:47.6339508Z [0m[32mAlright! We're done!
2025-07-23T19:30:47.6363458Z [0mTry it! Open a new terminal, and type:
2025-07-23T19:30:47.6364138Z 
2025-07-23T19:30:47.6365005Z   $ nix-shell -p nix-info --run "nix-info -m"
2025-07-23T19:30:47.6365487Z 
2025-07-23T19:30:47.6366026Z Thank you for using this installer. If you have any feedback or need
2025-07-23T19:30:47.6366654Z help, don't hesitate:
2025-07-23T19:30:47.6366906Z 
2025-07-23T19:30:47.6367073Z You can open an issue at
2025-07-23T19:30:47.6367733Z https://github.com/NixOS/nix/issues/new?labels=installer&template=installer.md
2025-07-23T19:30:47.6368213Z 
2025-07-23T19:30:47.6368487Z Or get in touch with the community: https://nixos.org/community
2025-07-23T19:30:47.6386426Z 
2025-07-23T19:30:47.6387366Z [34m---- Reminders -----------------------------------------------------------------
2025-07-23T19:30:47.6388109Z [0m[34m[ 1 ][0m
2025-07-23T19:30:47.6388671Z Nix won't work in active shell sessions until you restart them.
2025-07-23T19:30:47.6389146Z 
2025-07-23T19:30:47.7091094Z ##[endgroup]
2025-07-23T19:30:47.7168811Z ##[group]Run /home/runner/work/_actions/ava-labs/avalanchego/66ce7a7701db0c4b370f97b339478d5b5ebe919a/.github/actions/run-monitored-tmpnet-cmd/nix-develop.sh --command echo "dependencies installed"
2025-07-23T19:30:47.7170406Z [36;1m/home/runner/work/_actions/ava-labs/avalanchego/66ce7a7701db0c4b370f97b339478d5b5ebe919a/.github/actions/run-monitored-tmpnet-cmd/nix-develop.sh --command echo "dependencies installed"[0m
2025-07-23T19:30:47.7204371Z shell: /usr/bin/bash --noprofile --norc -e -o pipefail {0}
2025-07-23T19:30:47.7204746Z env:
2025-07-23T19:30:47.7204959Z   TMPDIR: /home/runner/work/_temp
2025-07-23T19:30:47.7205230Z ##[endgroup]
2025-07-23T19:30:47.7276828Z No local flake found, will attempt to use avalanchego flake
2025-07-23T19:30:47.7364495Z Starting nix shell for github:ava-labs/avalanchego?ref=v1.13.3-rc.1
2025-07-23T19:30:47.9648420Z unpacking 'github:ava-labs/avalanchego/66ce7a7701db0c4b370f97b339478d5b5ebe919a' into the Git cache...
2025-07-23T19:30:49.6609417Z copying path '/nix/store/i99indk3y6pc3sm0k1xx3nakm193lqzb-source' from 'https://cache.nixos.org'...
2025-07-23T19:31:05.4888780Z copying path '/nix/store/899rx4l5zz1za8nx7ijp7swv5ibc8wx2-git-2.47.2-doc' from 'https://cache.nixos.org'...
2025-07-23T19:31:05.4894828Z copying path '/nix/store/zpab59ialz19x6f65jbjf5xb8waa54av-iana-etc-20240318' from 'https://cache.nixos.org'...
2025-07-23T19:31:05.4920231Z copying path '/nix/store/dgzz9k53hz1qgklnj9667xzliyidj9cs-mailcap-2.1.54' from 'https://cache.nixos.org'...
2025-07-23T19:31:05.4926699Z copying path '/nix/store/hnpph37w6p5jfspwf5pksljpf0wqwjg3-perl5.40.0-Digest-HMAC-1.04' from 'https://cache.nixos.org'...
2025-07-23T19:31:05.4929956Z copying path '/nix/store/cnb01qfmg8c3irp630nplhwa201d7xsr-perl5.40.0-FCGI-ProcManager-0.28' from 'https://cache.nixos.org'...
2025-07-23T19:31:05.4933224Z copying path '/nix/store/v657ak4hdkixvq99rk3qvyh28in945dv-perl5.40.0-HTML-TagCloud-0.38' from 'https://cache.nixos.org'...
2025-07-23T19:31:05.4947855Z copying path '/nix/store/9qrv0d0yd9wss610gjzv3507ry6v9mzw-perl5.40.0-URI-5.21' from 'https://cache.nixos.org'...
2025-07-23T19:31:05.4951277Z copying path '/nix/store/pz7y4qd8lyhg9y6wmb9hynivx36f53zp-perl5.40.0-libnet-3.15' from 'https://cache.nixos.org'...
2025-07-23T19:31:05.4956797Z copying path '/nix/store/l6mypzy4rvkxd5kwzs18d88syirislib-tzdata-2024b' from 'https://cache.nixos.org'...
2025-07-23T19:31:05.4969891Z copying path '/nix/store/czlhi3r9b6ip4xyynwibfhm458ljwsir-gcc-13.3.0-libgcc' from 'https://cache.nixos.org'...
2025-07-23T19:31:05.4974521Z copying path '/nix/store/d8qbcrirc6jidfacy0qa50zy07i15xcz-gnu-config-2024-01-01' from 'https://cache.nixos.org'...
2025-07-23T19:31:05.4997659Z copying path '/nix/store/rscnjwdmhya0wcdmbygr3jpz6p39kvhr-perl5.40.0-Encode-Locale-1.05' from 'https://cache.nixos.org'...
2025-07-23T19:31:05.4999893Z copying path '/nix/store/74bbxwiamv62d2l089f1r8apv295vsry-perl5.40.0-HTML-Tagset-3.20' from 'https://cache.nixos.org'...
2025-07-23T19:31:05.5003837Z copying path '/nix/store/krx6xw6wxakapdkviirq57yh3nl3227h-perl5.40.0-IO-HTML-1.004' from 'https://cache.nixos.org'...
2025-07-23T19:31:05.5008470Z copying path '/nix/store/w9yrswzdifcjhg0righ76aqb6bpslhkb-perl5.40.0-Mozilla-CA-20230821' from 'https://cache.nixos.org'...
2025-07-23T19:31:05.5010635Z copying path '/nix/store/3r0pprxsd9n52nb2yqq3idwb75d0spzd-perl5.40.0-LWP-MediaTypes-6.04' from 'https://cache.nixos.org'...
2025-07-23T19:31:05.5216423Z copying path '/nix/store/swnhrfysvmwjvibcafm0im377pcfs80v-curl-8.12.1-man' from 'https://cache.nixos.org'...
2025-07-23T19:31:05.5279906Z copying path '/nix/store/x6i8jiz3yv3h209xfbz9a3ch1sm16167-dns-root-data-2024-06-20' from 'https://cache.nixos.org'...
2025-07-23T19:31:05.5286597Z copying path '/nix/store/maxa3xhmxggrc5v2vc0c3pjb79hjlkp9-glibc-2.40-66' from 'https://cache.nixos.org'...
2025-07-23T19:31:05.5306811Z copying path '/nix/store/dvsai0ym9czjl5mcsarcdwccb70615n4-linux-headers-6.10' from 'https://cache.nixos.org'...
2025-07-23T19:31:05.5318298Z copying path '/nix/store/vlfgix8rcbj3l9yk0rna1damxkafbq18-perl5.40.0-Net-HTTP-6.23' from 'https://cache.nixos.org'...
2025-07-23T19:31:05.5321827Z copying path '/nix/store/5ahjfkydg49xvbr3vghhv317prgspnf3-mirrors-list' from 'https://cache.nixos.org'...
2025-07-23T19:31:05.5325303Z copying path '/nix/store/970fk2m63qra4ybkpp99rw7mld9fphlv-nghttp2-1.64.0' from 'https://cache.nixos.org'...
2025-07-23T19:31:05.5338895Z copying path '/nix/store/frpqzb3223826xq72s0fcjmjmj50wpyn-perl5.40.0-Authen-SASL-2.1700' from 'https://cache.nixos.org'...
2025-07-23T19:31:05.5341838Z copying path '/nix/store/ldlsmrf2rrq28s08mzjk245vr26dwwhi-perl5.40.0-Test-RequiresInternet-0.05' from 'https://cache.nixos.org'...
2025-07-23T19:31:05.5343534Z copying path '/nix/store/5xvxvpl9armf0p6y9m4g1zl1mypvr9m7-perl5.40.0-TimeDate-2.33' from 'https://cache.nixos.org'...
2025-07-23T19:31:05.5348183Z copying path '/nix/store/hz5m52dx8x6vvi5pp0yikxb3b05bmi2j-perl5.40.0-Test-Needs-0.002010' from 'https://cache.nixos.org'...
2025-07-23T19:31:05.5386080Z copying path '/nix/store/6aqxgf5ygcscqsh4p9krd0dz2hc1cn0w-perl5.40.0-WWW-RobotRules-6.02' from 'https://cache.nixos.org'...
2025-07-23T19:31:05.5388398Z copying path '/nix/store/vvjpgyk6jgd6k74pgpjrln6m6aqyiaig-perl5.40.0-Try-Tiny-0.31' from 'https://cache.nixos.org'...
2025-07-23T19:31:05.5410512Z copying path '/nix/store/lj7p9q5kgmdcq768rvsgvjndi42mjcn8-publicsuffix-list-0-unstable-2024-10-25' from 'https://cache.nixos.org'...
2025-07-23T19:31:05.5492083Z copying path '/nix/store/i9ymkbklv1q9yzl7wwx7300wbkqdln0r-update-autotools-gnu-config-scripts-hook' from 'https://cache.nixos.org'...
2025-07-23T19:31:05.5614625Z copying path '/nix/store/2h648f4xlzszyc01yf67xd2rgira65js-perl5.40.0-Test-Fatal-0.017' from 'https://cache.nixos.org'...
2025-07-23T19:31:05.5675747Z copying path '/nix/store/shx8jax9b662cd9nlml731hh9wks24v1-perl5.40.0-HTTP-Date-6.06' from 'https://cache.nixos.org'...
2025-07-23T19:31:05.6090400Z copying path '/nix/store/0m34prvcx3d3vd9f4djbaqji7yb9swsh-perl5.40.0-HTTP-CookieJar-0.014' from 'https://cache.nixos.org'...
2025-07-23T19:31:05.6098485Z copying path '/nix/store/i9hiqc4dfksm9cpqvff39smfpn49zbj6-perl5.40.0-File-Listing-6.16' from 'https://cache.nixos.org'...
2025-07-23T19:31:05.6241395Z copying path '/nix/store/19402vwa1rndilww6fpbviz0lza8846p-kind-0.24.0' from 'https://cache.nixos.org'...
2025-07-23T19:31:05.6248065Z copying path '/nix/store/i7r45jjmvfxiw8j7ihjx51jachylq1si-protoc-gen-go-1.35.1' from 'https://cache.nixos.org'...
2025-07-23T19:31:05.6251351Z copying path '/nix/store/1fqgvq0i498w4ynywyj224i49izzzqrk-protoc-gen-go-grpc-1.3.0' from 'https://cache.nixos.org'...
2025-07-23T19:31:05.6255178Z copying path '/nix/store/as8g73awbgrhpf5p6qjnrd5v9anw74ix-go-task-3.39.2' from 'https://cache.nixos.org'...
2025-07-23T19:31:05.6261757Z copying path '/nix/store/23cshhh8k7z46gadr86krv15xphggawm-kubectl-1.31.2' from 'https://cache.nixos.org'...
2025-07-23T19:31:06.1072245Z copying path '/nix/store/vlgwyb076hkz7yv96sjnj9msb1jn1ggz-attr-2.5.2' from 'https://cache.nixos.org'...
2025-07-23T19:31:06.1078632Z copying path '/nix/store/c9z2sp8dyx1k0zk374v1142hmphashd0-buf-1.47.2' from 'https://cache.nixos.org'...
2025-07-23T19:31:06.1080239Z copying path '/nix/store/wg9gg3zkwcqhyycj0vkfnhgk5a4z9faq-ed-1.20.2' from 'https://cache.nixos.org'...
2025-07-23T19:31:06.1081809Z copying path '/nix/store/qiisx6c7qpyzq522j3icsfhj8ayw6ah4-bzip2-1.0.8' from 'https://cache.nixos.org'...
2025-07-23T19:31:06.1084419Z copying path '/nix/store/83s1wqvrx7yvy3g6dmdr2icgg3qqbjcp-brotli-1.1.0-lib' from 'https://cache.nixos.org'...
2025-07-23T19:31:06.1086275Z copying path '/nix/store/3p3fwczck2yn1wwfjnymzkz8w11vbvg7-gawk-5.3.1' from 'https://cache.nixos.org'...
2025-07-23T19:31:06.1092231Z copying path '/nix/store/mhd0rk497xm0xnip7262xdw9bylvzh99-gcc-13.3.0-lib' from 'https://cache.nixos.org'...
2025-07-23T19:31:06.1094227Z copying path '/nix/store/7zv1sq1k25gk2rvgxnm262vp5hydkv1a-gdbm-1.24-lib' from 'https://cache.nixos.org'...
2025-07-23T19:31:06.1099031Z copying path '/nix/store/fcqfyri9kljs5jd7h556f004qmci1qin-expand-response-params' from 'https://cache.nixos.org'...
2025-07-23T19:31:06.1100612Z copying path '/nix/store/2kiskq24j06g4qw3xs8zsy2dkawh4gxk-glibc-2.40-66-bin' from 'https://cache.nixos.org'...
2025-07-23T19:31:06.1102000Z copying path '/nix/store/8vpg72ik2kgxfj05lc56hkqrdrfl8xi9-bash-5.2p37' from 'https://cache.nixos.org'...
2025-07-23T19:31:06.1103355Z copying path '/nix/store/8k19h07hh2g1w5kp5yglzddswnvdmxpy-gmp-6.3.0' from 'https://cache.nixos.org'...
2025-07-23T19:31:06.1104940Z copying path '/nix/store/m3da56j3r7h4hp0kr8v1xsnk16x900yf-gnumake-4.4.1' from 'https://cache.nixos.org'...
2025-07-23T19:31:06.1106360Z copying path '/nix/store/0hv5ymwkczx3ak8h3yldfbwbab33jnrw-expat-2.6.4' from 'https://cache.nixos.org'...
2025-07-23T19:31:06.1107608Z copying path '/nix/store/cfb4pxnfh2sf4csk8xh7abfqv96k66nh-glibc-2.40-66-getent' from 'https://cache.nixos.org'...
2025-07-23T19:31:06.1319355Z copying path '/nix/store/3ks7b6p43dpvnlnxgvlcy2jaf1np37p2-gnused-4.9' from 'https://cache.nixos.org'...
2025-07-23T19:31:06.1323319Z copying path '/nix/store/yyfzan4mn874v885jy6fs598gjb31c4l-bzip2-1.0.8-bin' from 'https://cache.nixos.org'...
2025-07-23T19:31:06.1357919Z copying path '/nix/store/dyizbk50iglbibrbwbgw2mhgskwb6ham-acl-2.3.2' from 'https://cache.nixos.org'...
2025-07-23T19:31:06.1402412Z copying path '/nix/store/1fby1pxf0z16lgl728i2sqwqr2hrw2h8-json-c-0.17' from 'https://cache.nixos.org'...
2025-07-23T19:31:06.1405912Z copying path '/nix/store/r4p475lxvaklr9rj8l2a4sahkx5c0209-getent-glibc-2.40-66' from 'https://cache.nixos.org'...
2025-07-23T19:31:06.1471066Z copying path '/nix/store/mwwpv4k7skbx4vr2qjc89pvs7mhmgapb-k9s-0.32.7' from 'https://cache.nixos.org'...
2025-07-23T19:31:06.1516104Z copying path '/nix/store/79kh226vw8rrk62jbs27hdad1clwy447-keyutils-1.6.3-lib' from 'https://cache.nixos.org'...
2025-07-23T19:31:06.1851207Z copying path '/nix/store/wnsn67xb3i072b6i496y002byvc3ipa3-kubernetes-helm-3.16.3' from 'https://cache.nixos.org'...
2025-07-23T19:31:06.1937221Z copying path '/nix/store/q57zi48njdcgxy4n8d5lm5pf746drc8f-isl-0.20' from 'https://cache.nixos.org'...
2025-07-23T19:31:06.2027280Z copying path '/nix/store/bpzy7snv1xr7s1z2xi7bw0q5z9j6g1gg-libantlr3c-3.4' from 'https://cache.nixos.org'...
2025-07-23T19:31:06.2073601Z copying path '/nix/store/ky06iawcwsvxmx8yw66y2a7iy7b14yii-libapparmor-4.0.3' from 'https://cache.nixos.org'...
2025-07-23T19:31:06.2241389Z copying path '/nix/store/0iabf1jhsfrrxkdi599kb8m37p82yr1z-audit-4.0' from 'https://cache.nixos.org'...
2025-07-23T19:31:06.2246256Z copying path '/nix/store/nc394xps4al1r99ziabqvajbkrhxr5b7-gzip-1.13' from 'https://cache.nixos.org'...
2025-07-23T19:31:06.2363857Z copying path '/nix/store/81awch8mhqanda1vy0c09bflgra4cxh0-glibc-2.40-66-dev' from 'https://cache.nixos.org'...
2025-07-23T19:31:06.2370027Z copying path '/nix/store/fx6mfndjsbb0dqn9jzf1ksz9wf1dlrq7-libcap-2.70-lib' from 'https://cache.nixos.org'...
2025-07-23T19:31:06.2409299Z copying path '/nix/store/pmg7hw4ar16dhx5hk6jswvxy349wzsm7-gnutar-1.35' from 'https://cache.nixos.org'...
2025-07-23T19:31:06.2473121Z copying path '/nix/store/7yf5ijcl2lh90xs5nkrdpfdvcmc9fnc5-libcbor-0.11.0' from 'https://cache.nixos.org'...
2025-07-23T19:31:06.2597934Z copying path '/nix/store/bldybfhh9v9dvpms8kh87v1a6jp6i28p-libevent-2.1.12' from 'https://cache.nixos.org'...
2025-07-23T19:31:06.2721633Z copying path '/nix/store/wxgvd9mivxdbahxidq751gxyz7x7jb8n-libffi-3.4.6' from 'https://cache.nixos.org'...
2025-07-23T19:31:06.2859166Z copying path '/nix/store/p0c3g3dxr818lggbk6ms3nhm97g0pir9-libgpg-error-1.50' from 'https://cache.nixos.org'...
2025-07-23T19:31:06.2893370Z copying path '/nix/store/2w8a5z0rcs4fk3ds3fnd03x6syjjl1hb-libmnl-1.0.5' from 'https://cache.nixos.org'...
2025-07-23T19:31:06.3141691Z copying path '/nix/store/ywvi2y4yv3qyh0phw9y2ji17smh8nawj-libnfnetlink-1.0.2' from 'https://cache.nixos.org'...
2025-07-23T19:31:06.3270686Z copying path '/nix/store/dg6d7zs1bwnhwb3sd3xdbldvpa163a5z-libnl-3.10.0' from 'https://cache.nixos.org'...
2025-07-23T19:31:06.3355167Z copying path '/nix/store/xxc6rkndd68cq1225asn380bbj0512dg-libpsl-0.21.5' from 'https://cache.nixos.org'...
2025-07-23T19:31:06.3441726Z copying path '/nix/store/qhs6zflzhdr11j6byf1c1j52z39hnaaw-db-4.8.30' from 'https://cache.nixos.org'...
2025-07-23T19:31:06.3618313Z copying path '/nix/store/8g8wdqid20924fbppbljsl6l7gr0p21j-gettext-0.21.1' from 'https://cache.nixos.org'...
2025-07-23T19:31:06.3688931Z copying path '/nix/store/dsxb6qvi21bzy21c98kb71wfbdj4lmz7-gmp-with-cxx-6.3.0' from 'https://cache.nixos.org'...
2025-07-23T19:31:06.3948911Z copying path '/nix/store/nn7nj7xq8gdfyxqhchphzia7i34rwb0v-gmp-with-cxx-6.3.0' from 'https://cache.nixos.org'...
2025-07-23T19:31:06.4119714Z copying path '/nix/store/96m2mjx55syyky6zymjnbl3pvgxlwchb-libnftnl-1.2.8' from 'https://cache.nixos.org'...
2025-07-23T19:31:06.4124953Z copying path '/nix/store/rq8lq7r8vjqrbn2bgfglm9dxfi83gdg9-icu4c-74.2' from 'https://cache.nixos.org'...
2025-07-23T19:31:06.4458695Z copying path '/nix/store/17195j62sjxjn0xwnmj3icr01n3d678r-libnetfilter_conntrack-1.1.0' from 'https://cache.nixos.org'...
2025-07-23T19:31:06.4501101Z copying path '/nix/store/68vmpyiabh89l7hbp9z2hmwci74vnfi4-libseccomp-2.5.5-lib' from 'https://cache.nixos.org'...
2025-07-23T19:31:06.4723291Z copying path '/nix/store/wr7w1x0x1j4qli60wm22q3bc02dga08c-libtasn1-4.20.0' from 'https://cache.nixos.org'...
2025-07-23T19:31:06.4886405Z copying path '/nix/store/hnh6ivl105y4sw0ifv4kbihrvbddmlkm-libxcrypt-4.4.36' from 'https://cache.nixos.org'...
2025-07-23T19:31:06.5065339Z copying path '/nix/store/9yh47sg27z9263ll65d414rgcyrclk57-libxml2-2.13.6' from 'https://cache.nixos.org'...
2025-07-23T19:31:06.5555193Z copying path '/nix/store/99jfkvhck3c2675n2cy71g40km6m0pf9-libassuan-2.5.7' from 'https://cache.nixos.org'...
2025-07-23T19:31:06.5616530Z copying path '/nix/store/h9c111ckc8wg3ksxb7kj8cwhgaj52118-libgcrypt-1.10.3-lib' from 'https://cache.nixos.org'...
2025-07-23T19:31:06.5646816Z copying path '/nix/store/p9k3wzaw6d3wjgcbrfv2g1chj0mj2inb-lz4-1.10.0-lib' from 'https://cache.nixos.org'...
2025-07-23T19:31:06.5907632Z copying path '/nix/store/yh2c9f04q1vcfhpkamidrg3sdnwk5bvy-mpdecimal-4.0.0' from 'https://cache.nixos.org'...
2025-07-23T19:31:06.5909220Z copying path '/nix/store/1h2yigiwy6bgpyzlywj36s5nqkgca8bv-libpcap-1.10.5' from 'https://cache.nixos.org'...
2025-07-23T19:31:06.6077491Z copying path '/nix/store/9m68vvhnsq5cpkskphgw84ikl9m6wjwp-coreutils-9.5' from 'https://cache.nixos.org'...
2025-07-23T19:31:06.6080505Z copying path '/nix/store/b75dbfz0gria25kn2qlfpnmp39h31spw-mpfr-4.2.1' from 'https://cache.nixos.org'...
2025-07-23T19:31:06.6357259Z copying path '/nix/store/qvrp85i3yc9vw5x1vyx714m03jsf60rc-cvc4-1.8' from 'https://cache.nixos.org'...
2025-07-23T19:31:06.6365675Z copying path '/nix/store/mgpn83jmnf37ky77a8qy6m466qqmlyqk-cln-1.3.7' from 'https://cache.nixos.org'...
2025-07-23T19:31:06.7113441Z copying path '/nix/store/6s0zzvp9in28jkmzwh5p69v1zwpi5mi4-linux-pam-1.6.1' from 'https://cache.nixos.org'...
2025-07-23T19:31:06.7438798Z copying path '/nix/store/z7ndn3k8zfjrf713gq443q7a2ixzaab5-ncurses-6.4.20221231' from 'https://cache.nixos.org'...
2025-07-23T19:31:06.7917213Z copying path '/nix/store/q95qgxy40rx1ifa13j8l38sx3myvkhb9-nettle-3.10' from 'https://cache.nixos.org'...
2025-07-23T19:31:06.7963189Z copying path '/nix/store/1w5jm9zaxwr5b8nvh41c7iz236my185m-nghttp2-1.64.0-lib' from 'https://cache.nixos.org'...
2025-07-23T19:31:06.8275063Z copying path '/nix/store/j4377imdqpm27h5hspds1skgsazyj0d9-nghttp2-1.64.0-lib' from 'https://cache.nixos.org'...
2025-07-23T19:31:06.8427330Z copying path '/nix/store/n9ya3i584zvcw6696326sdlg61d6lamf-npth-1.7' from 'https://cache.nixos.org'...
2025-07-23T19:31:06.8541896Z copying path '/nix/store/isk8l71r4d1nl39mpv92ank2rs4cx3w9-openssl-3.3.3' from 'https://cache.nixos.org'...
2025-07-23T19:31:06.8726292Z copying path '/nix/store/mqvgaq2bnb1701l7zcn0d6vd7w8b0z7l-openssl-3.3.3' from 'https://cache.nixos.org'...
2025-07-23T19:31:06.8785796Z copying path '/nix/store/pbjp09wrnbklrfy7n2h5qix15fl5ylhj-libmpc-1.3.1' from 'https://cache.nixos.org'...
2025-07-23T19:31:06.9293863Z copying path '/nix/store/kavgc464axad77kj4x4bza7s345nrhin-iptables-1.8.10' from 'https://cache.nixos.org'...
2025-07-23T19:31:06.9302777Z copying path '/nix/store/lr3cvmq5ahqcj29p8c6m0fdl1y8krc86-diffutils-3.10' from 'https://cache.nixos.org'...
2025-07-23T19:31:06.9305895Z copying path '/nix/store/vc2d1bfy1a5y1195nq7k6p0zcm6q89nx-findutils-4.10.0' from 'https://cache.nixos.org'...
2025-07-23T19:31:06.9361528Z copying path '/nix/store/smd33cbgm2pwwnwj9l4b4fk39bdxfsfv-p11-kit-0.25.5' from 'https://cache.nixos.org'...
2025-07-23T19:31:06.9406718Z copying path '/nix/store/w8xb93nwhnhlkqd9kwahkzqvbg98qs74-nghttp2-1.64.0-dev' from 'https://cache.nixos.org'...
2025-07-23T19:31:06.9592631Z copying path '/nix/store/cjg4jmnnf26367irpagiiffrni9bk7z0-gnupg-2.4.5' from 'https://cache.nixos.org'...
2025-07-23T19:31:06.9605163Z copying path '/nix/store/zfjv48ikkqn3yhi8zi7lvqvxyscbg87n-patch-2.7.6' from 'https://cache.nixos.org'...
2025-07-23T19:31:07.0196105Z copying path '/nix/store/9wwkzvmrlv43y71rbw8sbh9bamc62a16-patchelf-0.15.0' from 'https://cache.nixos.org'...
2025-07-23T19:31:07.0201827Z copying path '/nix/store/5md7gyz45fm4bmkg2kb9a1hnmg8ryk9j-pcre2-10.44' from 'https://cache.nixos.org'...
2025-07-23T19:31:07.0549784Z copying path '/nix/store/pgq4agv5wpanzr9a8mqlkncdbick7mn2-pcsclite-2.3.0-lib' from 'https://cache.nixos.org'...
2025-07-23T19:31:07.0813518Z copying path '/nix/store/9sqpmkq9fcycsrldbsdxw93hvspy8pr9-perl5.40.0-Clone-0.46' from 'https://cache.nixos.org'...
2025-07-23T19:31:07.0899243Z copying path '/nix/store/jpk7s673pli65raimpl43jbhbg6ja4kx-perl5.40.0-FCGI-0.82' from 'https://cache.nixos.org'...
2025-07-23T19:31:07.0954479Z copying path '/nix/store/x4kgvzlrndlsc9mn2gyrx9dla0a5y7y3-perl5.40.0-TermReadKey-2.38' from 'https://cache.nixos.org'...
2025-07-23T19:31:07.1029681Z copying path '/nix/store/gda0f0dw64h74i98vkk7b7jwzxbkigzs-prometheus-2.55.0' from 'https://cache.nixos.org'...
2025-07-23T19:31:07.1179098Z copying path '/nix/store/6hrwqlqxzvn3lry7fjyz4i6dkdmg38m6-perl5.40.0-HTTP-Message-6.45' from 'https://cache.nixos.org'...
2025-07-23T19:31:07.1292568Z copying path '/nix/store/mfj2pd4n7vbczdx381margrm9b9jkbpq-protoc-gen-connect-go-1.17.0' from 'https://cache.nixos.org'...
2025-07-23T19:31:07.1459192Z copying path '/nix/store/zwh1q2r2a1prmw4xxfpqa06ic7dl31yd-qrencode-4.1.1' from 'https://cache.nixos.org'...
2025-07-23T19:31:07.1525810Z copying path '/nix/store/flw2dwllbq50954bk1qm6xwdzp8ikacl-systemd-minimal-libs-256.10' from 'https://cache.nixos.org'...
2025-07-23T19:31:07.1527906Z copying path '/nix/store/mcr5gqxgkknqxa2vhnhixzd97vdsnsxi-perl5.40.0-HTML-Parser-3.81' from 'https://cache.nixos.org'...
2025-07-23T19:31:07.1568552Z copying path '/nix/store/q73n7qdcl9yvlwh6p4n414vkxgnjjryp-perl5.40.0-HTTP-Cookies-6.10' from 'https://cache.nixos.org'...
2025-07-23T19:31:07.2089237Z copying path '/nix/store/qjsj5vnbfpbg6r7jhd7znfgmcy0arn8n-gnugrep-3.11' from 'https://cache.nixos.org'...
2025-07-23T19:31:07.2607476Z copying path '/nix/store/qxp4rv76dpjbvs37c3sfq33ial7mxgb0-perl5.40.0-HTTP-Daemon-6.16' from 'https://cache.nixos.org'...
2025-07-23T19:31:07.3015000Z copying path '/nix/store/dwyr8xvjby2l1zz92a5pfl6bq27jhrm6-krb5-1.21.3-lib' from 'https://cache.nixos.org'...
2025-07-23T19:31:07.3018792Z copying path '/nix/store/q0fgny8kpagi6blmzyw15n4cmfx647kn-perl5.40.0-HTTP-Negotiate-6.01' from 'https://cache.nixos.org'...
2025-07-23T19:31:07.3036944Z copying path '/nix/store/7f8vg8z0q721jyahy1vjbg2x3irbk5az-unbound-1.22.0-lib' from 'https://cache.nixos.org'...
2025-07-23T19:31:07.3091393Z copying path '/nix/store/6k8v1ffagipraln3nn12h1n22d5l9dvr-perl5.40.0-Net-SSLeay-1.92' from 'https://cache.nixos.org'...
2025-07-23T19:31:07.3389262Z copying path '/nix/store/0z09m6fwgmc2a0zazp6lhyadfig10fd6-perl5.40.0-CGI-4.59' from 'https://cache.nixos.org'...
2025-07-23T19:31:07.3886778Z copying path '/nix/store/bhvah40258cfi5sj1wiy2zmdn5xgj4m1-krb5-1.21.3-lib' from 'https://cache.nixos.org'...
2025-07-23T19:31:07.4114610Z copying path '/nix/store/09pyjyjdr5mwmki9gb0yf809l54xr8p2-openssl-3.3.3-bin' from 'https://cache.nixos.org'...
2025-07-23T19:31:07.4461176Z copying path '/nix/store/53rkjnnkbgg8pfn6ffpcdx4xbrl98yh8-readline-8.2p13' from 'https://cache.nixos.org'...
2025-07-23T19:31:07.4516313Z copying path '/nix/store/88x6dfa5gnls0pmbvp4b9ci3bqqfja0n-util-linux-minimal-2.39.4-lib' from 'https://cache.nixos.org'...
2025-07-23T19:31:07.5119144Z copying path '/nix/store/fvm65iknlk5kx9938xsc5485s9wzz1ig-lvm2-2.03.27-lib' from 'https://cache.nixos.org'...
2025-07-23T19:31:07.5461485Z copying path '/nix/store/xv2bvwf6zv1hhlm9w4x0f7n0idhbsjh7-perl5.40.0-CGI-Fast-2.16' from 'https://cache.nixos.org'...
2025-07-23T19:31:07.5483393Z copying path '/nix/store/j7k6mzbdydimzw4mf23ahq6a7rz2f7w2-util-linux-minimal-2.39.4-login' from 'https://cache.nixos.org'...
2025-07-23T19:31:07.5535094Z copying path '/nix/store/73pq792gn6i9qfywsnd347vg0152w8rw-perl5.40.0-IO-Socket-SSL-2.083' from 'https://cache.nixos.org'...
2025-07-23T19:31:07.5576440Z copying path '/nix/store/pa7plncc30fhm909bis9haakh7gi0qbl-bash-interactive-5.2p37' from 'https://cache.nixos.org'...
2025-07-23T19:31:07.5578066Z copying path '/nix/store/sf31nmjhlsdp2h26vbwbpa7gwfn4i4na-xz-5.6.3' from 'https://cache.nixos.org'...
2025-07-23T19:31:07.5755707Z copying path '/nix/store/xxssfwyz4l32wiadvsrcf259nkb91myn-z3-4.11.2-lib' from 'https://cache.nixos.org'...
2025-07-23T19:31:07.5759321Z copying path '/nix/store/vpg96mfr1jw5arlqg831i69g29v0sdb3-zlib-1.3.1' from 'https://cache.nixos.org'...
2025-07-23T19:31:07.5778143Z copying path '/nix/store/hgq0ircylcm0mx6y7ml9chcbwgrz9xg7-openssl-3.3.3-dev' from 'https://cache.nixos.org'...
2025-07-23T19:31:07.5908368Z copying path '/nix/store/6cf2yj12gf51jn5vdbdw01gmgvyj431s-zstd-1.5.6' from 'https://cache.nixos.org'...
2025-07-23T19:31:07.6267107Z copying path '/nix/store/lmfya9by589b0qgc2pqps1zy4jhldkvq-cryptsetup-2.7.5' from 'https://cache.nixos.org'...
2025-07-23T19:31:07.6279214Z copying path '/nix/store/a9vgxnafcgb1khpjgn87ixmyv4dsqlp0-util-linux-minimal-2.39.4-mount' from 'https://cache.nixos.org'...
2025-07-23T19:31:07.6545958Z copying path '/nix/store/f2sjbvr2gbp1dl1fwak6b77j18wv2rm8-perl5.40.0-Net-SMTP-SSL-1.04' from 'https://cache.nixos.org'...
2025-07-23T19:31:07.6796246Z copying path '/nix/store/23j515bg7lgis34f0jkm9j6g00dpp2sh-binutils-2.43.1-lib' from 'https://cache.nixos.org'...
2025-07-23T19:31:07.6847906Z copying path '/nix/store/yk246qv4bbmr0mmh9y3gnfdkra5nnjgi-cracklib-2.10.0' from 'https://cache.nixos.org'...
2025-07-23T19:31:07.6864569Z copying path '/nix/store/p751fjd81h3926ivxsq0x20lz5j7yscc-file-5.45' from 'https://cache.nixos.org'...
2025-07-23T19:31:07.7161720Z copying path '/nix/store/yg4ahy7gahx91nq80achmzilrjyv0scj-gcc-13.3.0' from 'https://cache.nixos.org'...
2025-07-23T19:31:07.7588320Z copying path '/nix/store/nfdnparxrnv6sy627lw1c27pdqzpbfs2-kexec-tools-2.0.29' from 'https://cache.nixos.org'...
2025-07-23T19:31:07.7605738Z copying path '/nix/store/1md58p5vm4dixcwwpwrs78a7kjf6nnqk-gnutls-3.8.6' from 'https://cache.nixos.org'...
2025-07-23T19:31:07.7772720Z copying path '/nix/store/yr9xanc3bgp95fj9kvbrrq47zhzni2i6-kmod-31' from 'https://cache.nixos.org'...
2025-07-23T19:31:07.8760391Z copying path '/nix/store/qdypipr8zp0nkyrwqnakn3q3xhpghsrb-kmod-31-lib' from 'https://cache.nixos.org'...
2025-07-23T19:31:07.8941611Z copying path '/nix/store/6m49g3aqk5d5vdxp7chpgim5l6cfm7d6-libarchive-3.7.7-lib' from 'https://cache.nixos.org'...
2025-07-23T19:31:07.8953587Z copying path '/nix/store/n6zw4496n0bd9r6gjwkjmf5ja6757q32-krb5-1.21.3' from 'https://cache.nixos.org'...
2025-07-23T19:31:07.9909707Z copying path '/nix/store/22qnvg3zddkf7rbpckv676qpsc2najv9-binutils-2.43.1' from 'https://cache.nixos.org'...
2025-07-23T19:31:07.9936393Z copying path '/nix/store/kc1sdzqnymjwy74chlnkq2xlxnmrg30x-libfido2-1.15.0' from 'https://cache.nixos.org'...
2025-07-23T19:31:07.9978472Z copying path '/nix/store/pvyhn761hgn17fpr6fy168vcv1ciwsgl-libssh2-1.11.1' from 'https://cache.nixos.org'...
2025-07-23T19:31:08.0678813Z copying path '/nix/store/qmz79v7x18zmi6g2iagxwazqfwbxzhra-libssh2-1.11.1' from 'https://cache.nixos.org'...
2025-07-23T19:31:08.1305383Z copying path '/nix/store/q4j9jj8jw74216cw4chsqlwdnglwly6p-perl-5.40.0' from 'https://cache.nixos.org'...
2025-07-23T19:31:08.1407835Z copying path '/nix/store/i7gfv740vcygvl9pgqwq29nkzmsp09ww-sqlite-3.46.1' from 'https://cache.nixos.org'...
2025-07-23T19:31:08.1428830Z copying path '/nix/store/blkjagm7k01k9sghpyckw4y6dd6z0knl-util-linux-minimal-2.39.4-swap' from 'https://cache.nixos.org'...
2025-07-23T19:31:08.1732331Z copying path '/nix/store/17rp2wzkp8xfhxcd5zihx6qmnbaadlhs-libmicrohttpd-1.0.1' from 'https://cache.nixos.org'...
2025-07-23T19:31:08.2275280Z copying path '/nix/store/zfk4v9lxal3ch98qnf7zlciwgmk4w1ij-krb5-1.21.3-dev' from 'https://cache.nixos.org'...
2025-07-23T19:31:08.2408013Z copying path '/nix/store/w2m5p0fb6pmqq6dz2jqlvnyw7n4vcbpx-curl-8.12.1' from 'https://cache.nixos.org'...
2025-07-23T19:31:08.2450082Z copying path '/nix/store/sh26c2jcz7w2gii2px77bqy64fd026jd-boost-1.81.0' from 'https://cache.nixos.org'...
2025-07-23T19:31:08.2957291Z copying path '/nix/store/rbns8mzghhqxih4hj2js4mb4s6ivy5d1-xz-5.6.3-bin' from 'https://cache.nixos.org'...
2025-07-23T19:31:08.3241512Z copying path '/nix/store/ccrjbcfl5zcdp0n5mh69f4airrb9g8m4-zlib-1.3.1-dev' from 'https://cache.nixos.org'...
2025-07-23T19:31:08.3562109Z copying path '/nix/store/lgfp6sl5hpykmld29rqvi9pam8ji8k24-curl-8.12.1' from 'https://cache.nixos.org'...
2025-07-23T19:31:08.4958492Z copying path '/nix/store/gnnac2vpa466p2lpzskmbj5vjr6ikzhg-libpwquality-1.4.5-lib' from 'https://cache.nixos.org'...
2025-07-23T19:31:08.5028991Z copying path '/nix/store/0rg4nqym82ngd29dy8qm1bggm94dkry3-libssh2-1.11.1-dev' from 'https://cache.nixos.org'...
2025-07-23T19:31:08.5137128Z copying path '/nix/store/hsxp8g7zdr6wxk1mp812g8nbzvajzn4w-stdenv-linux' from 'https://cache.nixos.org'...
2025-07-23T19:31:08.5422634Z copying path '/nix/store/xmmli2ijsz2br6573z3sqsgg0spnj7i9-zstd-1.5.6-bin' from 'https://cache.nixos.org'...
2025-07-23T19:31:08.5809085Z copying path '/nix/store/lhpwdis5hkyljz1d200bj1s6g51ljq9k-python3-3.12.8' from 'https://cache.nixos.org'...
2025-07-23T19:31:08.6148233Z copying path '/nix/store/awbfciyq3cjvw6x8wd8wdjy8z2qxm98n-elfutils-0.191' from 'https://cache.nixos.org'...
2025-07-23T19:31:08.6662035Z copying path '/nix/store/3hgwjb5hp0jm8fyi4vx9s4f3hjvp0n1r-tpm2-tss-4.1.3' from 'https://cache.nixos.org'...
2025-07-23T19:31:08.7079199Z copying path '/nix/store/8qf68jid6rr2f4c8ppyp0ixdlv0axnpn-curl-8.12.1-bin' from 'https://cache.nixos.org'...
2025-07-23T19:31:08.7523360Z copying path '/nix/store/z9lnvmqymg80hk671fm2533ncczkf7z2-kbd-2.6.4' from 'https://cache.nixos.org'...
2025-07-23T19:31:08.8224765Z copying path '/nix/store/04shrm4bvxw1yam87da7y9k872kqn777-curl-8.12.1-dev' from 'https://cache.nixos.org'...
2025-07-23T19:31:08.8917195Z copying path '/nix/store/007wiy8x5irdxzsdx3bdqx0k0a8hp6ji-shellcheck-0.10.0-bin' from 'https://cache.nixos.org'...
2025-07-23T19:31:08.8919044Z copying path '/nix/store/f95nqmgp2vaz1h68n36k605ay1ixnj0a-libbpf-1.4.7' from 'https://cache.nixos.org'...
2025-07-23T19:31:08.9926702Z building '/nix/store/rkn5fk95kmnbxk65bxlyzqnmsmafh1f1-kind-with-registry.sh.drv'...
2025-07-23T19:31:09.2408568Z copying path '/nix/store/00x4qvjp4kcm932rv281v8n9y4xk9dv1-solc-0.8.21' from 'https://cache.nixos.org'...
2025-07-23T19:31:09.3243313Z copying path '/nix/store/w9qcpyhjrxsqrps91wkz8r4mqvg9zrxc-systemd-256.10' from 'https://cache.nixos.org'...
2025-07-23T19:31:09.3953722Z copying path '/nix/store/1mv8pj4nxwnd9bbxshljc9p4cnl3rakj-binutils-wrapper-2.43.1' from 'https://cache.nixos.org'...
2025-07-23T19:31:09.3972173Z copying path '/nix/store/ch1brsi5xwxgyv23csmvw1am9l40rf1c-shellcheck-0.10.0' from 'https://cache.nixos.org'...
2025-07-23T19:31:10.2051363Z copying path '/nix/store/99accs107rzm78z74cj1wns59d0m1nh8-perl5.40.0-libwww-perl-6.72' from 'https://cache.nixos.org'...
2025-07-23T19:31:10.3335050Z copying path '/nix/store/7s649psqfmp6bf2ij6kba3nbwjp50z0w-promtail-3.2.1' from 'https://cache.nixos.org'...
2025-07-23T19:31:11.2474266Z copying path '/nix/store/1fwh9nv8n93rjc7i7j9gcm3whdqpgy84-git-2.47.2' from 'https://cache.nixos.org'...
2025-07-23T19:31:12.1380345Z copying path '/nix/store/gnd8f9h2ycxrfrvrga508c4n9cxy6720-gcc-wrapper-13.3.0' from 'https://cache.nixos.org'...
2025-07-23T19:31:12.1522616Z copying path '/nix/store/szfi0xd0cwdaldhkp8vlgi7jfv662nmd-stdenv-linux' from 'https://cache.nixos.org'...
2025-07-23T19:31:12.2111974Z building '/nix/store/mbmxfdxryq3wr2wxm5brh42mcad1gvzy-kind-with-registry-1.0.0.drv'...
2025-07-23T19:31:12.3023632Z building '/nix/store/gvy0rwami6li8s64cb1q1hv75mnglnjn-nix-shell-env.drv'...
2025-07-23T19:31:12.7582022Z this path will be fetched (0.10 MiB download, 0.10 MiB unpacked):
2025-07-23T19:31:12.7583766Z   /nix/store/hlv28jlwzk6kqj6vljm9cn8i7pw030nx-bash-interactive-5.2p37-man
2025-07-23T19:31:12.7594137Z copying path '/nix/store/hlv28jlwzk6kqj6vljm9cn8i7pw030nx-bash-interactive-5.2p37-man' from 'https://cache.nixos.org'...
2025-07-23T19:31:12.8902376Z dependencies installed
2025-07-23T19:31:12.8946315Z ##[group]Run echo "::warning::Monitoring credentials not found. Skipping collector start. Is the PR from a fork branch?"
2025-07-23T19:31:12.8947060Z [36;1mecho "::warning::Monitoring credentials not found. Skipping collector start. Is the PR from a fork branch?"[0m
2025-07-23T19:31:12.8975896Z shell: /usr/bin/bash --noprofile --norc -e -o pipefail {0}
2025-07-23T19:31:12.8976211Z env:
2025-07-23T19:31:12.8976400Z   TMPDIR: /home/runner/work/_temp
2025-07-23T19:31:12.8976631Z ##[endgroup]
2025-07-23T19:31:12.9039788Z ##[warning]Monitoring credentials not found. Skipping collector start. Is the PR from a fork branch?
2025-07-23T19:31:12.9060973Z ##[group]Run AVALANCHEGO_CLONE_PATH=avalanchego /home/runner/work/_actions/ava-labs/avalanchego/66ce7a7701db0c4b370f97b339478d5b5ebe919a/.github/actions/run-monitored-tmpnet-cmd/nix-develop.sh --impure --command bash -x ./scripts/run_task.sh test-e2e
2025-07-23T19:31:12.9062731Z [36;1mAVALANCHEGO_CLONE_PATH=avalanchego /home/runner/work/_actions/ava-labs/avalanchego/66ce7a7701db0c4b370f97b339478d5b5ebe919a/.github/actions/run-monitored-tmpnet-cmd/nix-develop.sh --impure --command bash -x ./scripts/run_task.sh test-e2e[0m
2025-07-23T19:31:12.9088994Z shell: /usr/bin/bash --noprofile --norc -e -o pipefail {0}
2025-07-23T19:31:12.9089306Z env:
2025-07-23T19:31:12.9089485Z   TMPDIR: /home/runner/work/_temp
2025-07-23T19:31:12.9089738Z   TMPNET_START_METRICS_COLLECTOR: false
2025-07-23T19:31:12.9089993Z   TMPNET_START_LOGS_COLLECTOR: false
2025-07-23T19:31:12.9090234Z   TMPNET_CHECK_METRICS_COLLECTED: false
2025-07-23T19:31:12.9090497Z   TMPNET_CHECK_LOGS_COLLECTED: false
2025-07-23T19:31:12.9090728Z   LOKI_USERNAME: 
2025-07-23T19:31:12.9090900Z   LOKI_PASSWORD: 
2025-07-23T19:31:12.9091084Z   PROMETHEUS_USERNAME: 
2025-07-23T19:31:12.9091288Z   PROMETHEUS_PASSWORD: 
2025-07-23T19:31:12.9091483Z   GH_REPO: ava-labs/coreth
2025-07-23T19:31:12.9091684Z   GH_WORKFLOW: CI
2025-07-23T19:31:12.9091859Z   GH_RUN_ID: 16480013789
2025-07-23T19:31:12.9092051Z   GH_RUN_NUMBER: 5026
2025-07-23T19:31:12.9092230Z   GH_RUN_ATTEMPT: 1
2025-07-23T19:31:12.9092415Z   GH_JOB_ID: avalanchego_e2e
2025-07-23T19:31:12.9092619Z ##[endgroup]
2025-07-23T19:31:12.9158384Z No local flake found, will attempt to use avalanchego flake
2025-07-23T19:31:12.9250918Z Starting nix shell for github:ava-labs/avalanchego?ref=v1.13.3-rc.1
2025-07-23T19:31:15.2910799Z + set -euo pipefail
2025-07-23T19:31:15.2911143Z + command -v task
2025-07-23T19:31:15.2911434Z + exec task test-e2e
2025-07-23T19:31:15.3097863Z task: [test-e2e] ./scripts/tests.e2e.sh
2025-07-23T19:31:15.3162752Z running AvalancheGo e2e tests
2025-07-23T19:31:15.3392036Z task: [build-race] ./scripts/build.sh -r
2025-07-23T19:31:15.3431157Z Building with race detection enabled
2025-07-23T19:31:15.3540777Z Building AvalancheGo with [go version go1.23.9 linux/amd64]...
2025-07-23T19:32:40.6626243Z task: [build-xsvm] ./scripts/build_xsvm.sh
2025-07-23T19:32:40.6689451Z Building xsvm plugin...
2025-07-23T19:33:26.6501000Z Symlinking ./build/xsvm to /home/runner/.avalanchego/plugins/v3m4wPxaHpvGr8qfMeyK6PRW3idZrPHmYcMTt7oXdK47yurVH
2025-07-23T19:33:26.6531040Z Symlinking ./build/xsvm to /home/runner/work/coreth/coreth/avalanchego/build/plugins/v3m4wPxaHpvGr8qfMeyK6PRW3idZrPHmYcMTt7oXdK47yurVH
2025-07-23T19:33:26.6558013Z task: [test-e2e-ci] bash -x ./scripts/tests.e2e.sh '--ginkgo.label-filter=c || uses-c'
2025-07-23T19:33:26.6589347Z + set -euo pipefail
2025-07-23T19:33:26.6589830Z + [[ ./scripts/tests.e2e.sh =~ scripts/tests.e2e.sh ]]
2025-07-23T19:33:26.6590393Z + source ./scripts/constants.sh
2025-07-23T19:33:26.6590830Z ++ set -euo pipefail
2025-07-23T19:33:26.6595874Z ++++ dirname ./scripts/constants.sh
2025-07-23T19:33:26.6607915Z +++ cd ./scripts
2025-07-23T19:33:26.6608240Z +++ cd ..
2025-07-23T19:33:26.6608529Z +++ pwd
2025-07-23T19:33:26.6610674Z ++ AVALANCHE_PATH=/home/runner/work/coreth/coreth/avalanchego
2025-07-23T19:33:26.6611469Z ++ avalanchego_path=/home/runner/work/coreth/coreth/avalanchego/build/avalanchego
2025-07-23T19:33:26.6612162Z ++ static_ld_flags=
2025-07-23T19:33:26.6612478Z ++ '[' '' = 1 ']'
2025-07-23T19:33:26.6612983Z ++ export 'CGO_CFLAGS=-O2 -D__BLST_PORTABLE__'
2025-07-23T19:33:26.6613851Z ++ CGO_CFLAGS='-O2 -D__BLST_PORTABLE__'
2025-07-23T19:33:26.6614493Z ++ export CGO_ENABLED=1
2025-07-23T19:33:26.6614835Z ++ CGO_ENABLED=1
2025-07-23T19:33:26.6615240Z ++ export GOPROXY=https://proxy.golang.org
2025-07-23T19:33:26.6615757Z ++ GOPROXY=https://proxy.golang.org
2025-07-23T19:33:26.6616181Z + E2E_ARGS=("${@}")
2025-07-23T19:33:26.6618085Z + [[ --ginkgo.label-filter=c || uses-c =~ --runtime=kube ]]
2025-07-23T19:33:26.6619008Z ++ realpath ./build/avalanchego
2025-07-23T19:33:26.6631291Z + AVALANCHEGO_PATH=/home/runner/work/coreth/coreth/avalanchego/build/avalanchego
2025-07-23T19:33:26.6632338Z + E2E_ARGS+=("--avalanchego-path=${AVALANCHEGO_PATH}")
2025-07-23T19:33:26.6632906Z + GINKGO_ARGS=
2025-07-23T19:33:26.6633249Z + [[ -n 1 ]]
2025-07-23T19:33:26.6633672Z + echo 'tests will be executed serially to minimize resource requirements'
2025-07-23T19:33:26.6634322Z + [[ -n '' ]]
2025-07-23T19:33:26.6634561Z + GINKGO_ARGS+=' --randomize-all'
2025-07-23T19:33:26.6635383Z + ./bin/ginkgo --randomize-all -v ./tests/e2e -- '--ginkgo.label-filter=c || uses-c' --avalanchego-path=/home/runner/work/coreth/coreth/avalanchego/build/avalanchego
2025-07-23T19:33:26.6636272Z tests will be executed serially to minimize resource requirements
2025-07-23T19:33:47.7357896Z Running Suite: e2e test suites - /home/runner/work/coreth/coreth/avalanchego/tests/e2e
2025-07-23T19:33:47.7358654Z ======================================================================================
2025-07-23T19:33:47.7359354Z Random Seed: [1m1753299207[0m - will randomize all specs
2025-07-23T19:33:47.7359607Z 
2025-07-23T19:33:47.7359778Z Will run [1m4[0m of [1m14[0m specs
2025-07-23T19:33:47.7360131Z [38;5;243m------------------------------[0m
2025-07-23T19:33:47.7360491Z [0m[1m[SynchronizedBeforeSuite] [0m
2025-07-23T19:33:47.7361096Z [38;5;243m/home/runner/work/coreth/coreth/avalanchego/tests/e2e/e2e_test.go:40[0m
2025-07-23T19:33:47.7449196Z    [07-23|19:33:47.744] INFO e2e/e2e_test.go:56 setting upgrades {"upgrades": {"apricotPhase1Time":"2020-12-05T05:00:00Z","apricotPhase2Time":"2020-12-05T05:00:00Z","apricotPhase3Time":"2020-12-05T05:00:00Z","apricotPhase4Time":"2020-12-05T05:00:00Z","apricotPhase4MinPChainHeight":0,"apricotPhase5Time":"2020-12-05T05:00:00Z","apricotPhasePre6Time":"2020-12-05T05:00:00Z","apricotPhase6Time":"2020-12-05T05:00:00Z","apricotPhasePost6Time":"2020-12-05T05:00:00Z","banffTime":"2020-12-05T05:00:00Z","cortinaTime":"2020-12-05T05:00:00Z","cortinaXChainStopVertexID":"11111111111111111111111111111111LpoYY","durangoTime":"2020-12-05T05:00:00Z","etnaTime":"2020-12-05T05:00:00Z","fortunaTime":"2020-12-05T05:00:00Z","graniteTime":"9999-12-01T00:00:00Z"}}
2025-07-23T19:33:47.7454738Z    [07-23|19:33:47.744] INFO e2e/helpers.go:287 waiting for network to start {"timeoutSeconds": 120}
2025-07-23T19:33:50.4809836Z    [07-23|19:33:50.480] INFO tmpnet/network.go:238 preparing configuration for new network {"runtimeConfig": {"process":{"avalancheGoPath":"/home/runner/work/coreth/coreth/avalanchego/build/avalanchego","pluginDir":"/home/runner/.avalanchego/plugins"}}}
2025-07-23T19:33:50.4859426Z    [07-23|19:33:50.485] INFO tmpnet/network.go:430 starting a single-node network with sybil protection disabled for quicker subnet creation
2025-07-23T19:33:50.4860965Z    [07-23|19:33:50.485] INFO tmpnet/network.go:369 starting network {"networkDir": "/home/runner/.tmpnet/networks/20250723-193350.480869-avalanchego-e2e", "uuid": "4a81e2e0-9ddd-4e4b-9042-64c43cc0602a"}
2025-07-23T19:33:55.0910561Z    [07-23|19:33:55.090] INFO tmpnet/process_runtime.go:147 started local node {"nodeID": "NodeID-HAjmX7sB1oJbFDEng3Cn2VssF7TqPeMWi", "dataDir": "/home/runner/.tmpnet/networks/20250723-193350.480869-avalanchego-e2e/NodeID-HAjmX7sB1oJbFDEng3Cn2VssF7TqPeMWi", "isEphemeral": false}
2025-07-23T19:33:55.0913702Z    [07-23|19:33:55.091] INFO tmpnet/network.go:384 waiting for nodes to report healthy
2025-07-23T19:33:57.0932664Z    [07-23|19:33:57.092] INFO tmpnet/network.go:955 node is healthy {"nodeID": "NodeID-HAjmX7sB1oJbFDEng3Cn2VssF7TqPeMWi", "uri": "http://127.0.0.1:41211"}
2025-07-23T19:33:57.0937459Z    [07-23|19:33:57.092] INFO tmpnet/network.go:388 started network {"networkDir": "/home/runner/.tmpnet/networks/20250723-193350.480869-avalanchego-e2e", "uuid": "4a81e2e0-9ddd-4e4b-9042-64c43cc0602a"}
2025-07-23T19:33:57.0944219Z    [07-23|19:33:57.093] INFO tmpnet/network.go:402 metrics and logs available via grafana (collectors must be running) {"url": "https://grafana-poc.avax-dev.network/d/kBQpRdWnk/avalanche-main-dashboard?&var-filter=network_uuid%7C%3D%7C4a81e2e0-9ddd-4e4b-9042-64c43cc0602a&var-filter=is_ephemeral_node%7C%3D%7Cfalse&from=1753299230485&to=now", "linkPath": "/home/runner/.tmpnet/networks/20250723-193350.480869-avalanchego-e2e/metrics.txt"}
2025-07-23T19:33:57.0946637Z    [07-23|19:33:57.093] INFO tmpnet/network.go:620 creating subnet {"name": "xsvm-a"}
2025-07-23T19:33:57.3579497Z    [07-23|19:33:57.357] INFO tmpnet/network.go:639 created subnet {"name": "xsvm-a", "id": "azXA5XPTPqjPYN4pzBaHofqZLC3ZrEY13eM1iuYp3oVdRxV69"}
2025-07-23T19:33:57.3581544Z    [07-23|19:33:57.357] INFO tmpnet/network.go:649 wrote subnet configuration {"name": "xsvm-a"}
2025-07-23T19:33:57.3582966Z    [07-23|19:33:57.357] INFO tmpnet/network.go:620 creating subnet {"name": "xsvm-b"}
2025-07-23T19:33:57.4806216Z    [07-23|19:33:57.480] INFO tmpnet/network.go:639 created subnet {"name": "xsvm-b", "id": "2DhzsRdU1B2qy2BZ4WgR2AKmHMfPSSmd8djFkH1y9edhMMrAD8"}
2025-07-23T19:33:57.4808266Z    [07-23|19:33:57.480] INFO tmpnet/network.go:649 wrote subnet configuration {"name": "xsvm-b"}
2025-07-23T19:33:57.4817482Z    [07-23|19:33:57.481] INFO tmpnet/network.go:697 adding validators for subnet {"name": "xsvm-a"}
2025-07-23T19:33:57.6071092Z    [07-23|19:33:57.606] INFO tmpnet/subnet.go:196 added validator to subnet {"subnet": "xsvm-a", "nodeID": "NodeID-HAjmX7sB1oJbFDEng3Cn2VssF7TqPeMWi"}
2025-07-23T19:33:57.6072545Z    [07-23|19:33:57.606] INFO tmpnet/network.go:697 adding validators for subnet {"name": "xsvm-b"}
2025-07-23T19:33:57.7309399Z    [07-23|19:33:57.730] INFO tmpnet/subnet.go:196 added validator to subnet {"subnet": "xsvm-b", "nodeID": "NodeID-7M6iNA916wdJqJnumsXZL5pRwLyyANV1y"}
2025-07-23T19:33:57.7311699Z    [07-23|19:33:57.730] INFO tmpnet/subnet.go:261 waiting for subnet validators to become active {"subnet": "xsvm-a"}
2025-07-23T19:33:57.7319730Z    [07-23|19:33:57.731] INFO tmpnet/subnet.go:281 saw the expected active validators of the subnet {"subnet": "xsvm-a"}
2025-07-23T19:33:57.7478819Z    [07-23|19:33:57.747] INFO tmpnet/subnet.go:127 creating chains for subnet {"subnet": "xsvm-a"}
2025-07-23T19:33:57.8558516Z    [07-23|19:33:57.855] INFO tmpnet/subnet.go:145 created chain {"chain": "SbBAb8nfj4xoTe6k1e7vhVWJ88bLNCtFEp1vPhCmKSjC9T1tc", "subnet": "xsvm-a", "vm": "v3m4wPxaHpvGr8qfMeyK6PRW3idZrPHmYcMTt7oXdK47yurVH"}
2025-07-23T19:33:57.8561003Z    [07-23|19:33:57.855] INFO tmpnet/network.go:733 wrote subnet configuration {"name": "xsvm-a", "id": "azXA5XPTPqjPYN4pzBaHofqZLC3ZrEY13eM1iuYp3oVdRxV69"}
2025-07-23T19:33:57.8563015Z    [07-23|19:33:57.855] INFO tmpnet/subnet.go:261 waiting for subnet validators to become active {"subnet": "xsvm-b"}
2025-07-23T19:33:57.8569719Z    [07-23|19:33:57.856] INFO tmpnet/subnet.go:281 saw the expected active validators of the subnet {"subnet": "xsvm-b"}
2025-07-23T19:33:57.8749688Z    [07-23|19:33:57.874] INFO tmpnet/subnet.go:127 creating chains for subnet {"subnet": "xsvm-b"}
2025-07-23T19:33:57.9852429Z    [07-23|19:33:57.984] INFO tmpnet/subnet.go:145 created chain {"chain": "UtRoikpD9kByqTNfMq4xyERctyq8YyXg9nqQtmNzVRRyGbLzm", "subnet": "xsvm-b", "vm": "v3m4wPxaHpvGr8qfMeyK6PRW3idZrPHmYcMTt7oXdK47yurVH"}
2025-07-23T19:33:57.9855593Z    [07-23|19:33:57.985] INFO tmpnet/network.go:733 wrote subnet configuration {"name": "xsvm-b", "id": "2DhzsRdU1B2qy2BZ4WgR2AKmHMfPSSmd8djFkH1y9edhMMrAD8"}
2025-07-23T19:33:57.9857396Z    [07-23|19:33:57.985] INFO tmpnet/network.go:455 re-enabling sybil protection {"nodeID": "NodeID-HAjmX7sB1oJbFDEng3Cn2VssF7TqPeMWi"}
2025-07-23T19:33:57.9859294Z    [07-23|19:33:57.985] INFO tmpnet/network.go:472 restarting bootstrap node {"nodeID": "NodeID-HAjmX7sB1oJbFDEng3Cn2VssF7TqPeMWi"}
2025-07-23T19:34:02.7079272Z    [07-23|19:34:02.707] INFO tmpnet/process_runtime.go:147 started local node {"nodeID": "NodeID-HAjmX7sB1oJbFDEng3Cn2VssF7TqPeMWi", "dataDir": "/home/runner/.tmpnet/networks/20250723-193350.480869-avalanchego-e2e/NodeID-HAjmX7sB1oJbFDEng3Cn2VssF7TqPeMWi", "isEphemeral": false}
2025-07-23T19:34:02.7085330Z    [07-23|19:34:02.707] INFO tmpnet/network.go:483 starting remaining nodes
2025-07-23T19:34:07.3640559Z    [07-23|19:34:07.363] INFO tmpnet/process_runtime.go:147 started local node {"nodeID": "NodeID-7M6iNA916wdJqJnumsXZL5pRwLyyANV1y", "dataDir": "/home/runner/.tmpnet/networks/20250723-193350.480869-avalanchego-e2e/NodeID-7M6iNA916wdJqJnumsXZL5pRwLyyANV1y", "isEphemeral": false}
2025-07-23T19:34:07.3643740Z    [07-23|19:34:07.363] INFO tmpnet/network.go:384 waiting for nodes to report healthy
2025-07-23T19:34:09.3683593Z    [07-23|19:34:09.368] INFO tmpnet/network.go:955 node is healthy {"nodeID": "NodeID-7M6iNA916wdJqJnumsXZL5pRwLyyANV1y", "uri": "http://127.0.0.1:34983"}
2025-07-23T19:34:12.7662878Z    [07-23|19:34:12.765] INFO tmpnet/network.go:955 node is healthy {"nodeID": "NodeID-HAjmX7sB1oJbFDEng3Cn2VssF7TqPeMWi", "uri": "http://127.0.0.1:43559"}
2025-07-23T19:34:12.7665501Z    [07-23|19:34:12.766] INFO tmpnet/network.go:388 started network {"networkDir": "/home/runner/.tmpnet/networks/20250723-193350.480869-avalanchego-e2e", "uuid": "4a81e2e0-9ddd-4e4b-9042-64c43cc0602a"}
2025-07-23T19:34:12.7671173Z    [07-23|19:34:12.766] INFO tmpnet/network.go:402 metrics and logs available via grafana (collectors must be running) {"url": "https://grafana-poc.avax-dev.network/d/kBQpRdWnk/avalanche-main-dashboard?&var-filter=network_uuid%7C%3D%7C4a81e2e0-9ddd-4e4b-9042-64c43cc0602a&var-filter=is_ephemeral_node%7C%3D%7Cfalse&from=1753299242707&to=now", "linkPath": "/home/runner/.tmpnet/networks/20250723-193350.480869-avalanchego-e2e/metrics.txt"}
2025-07-23T19:34:12.7674348Z    [07-23|19:34:12.766] INFO e2e/helpers.go:308 network started successfully
2025-07-23T19:34:12.7680787Z    [07-23|19:34:12.767] INFO e2e/env.go:229 network nodes are available {"uris": [{"NodeID":"NodeID-7M6iNA916wdJqJnumsXZL5pRwLyyANV1y","URI":"http://127.0.0.1:34983"},{"NodeID":"NodeID-HAjmX7sB1oJbFDEng3Cn2VssF7TqPeMWi","URI":"http://127.0.0.1:43559"}]}
2025-07-23T19:34:12.7691595Z [38;5;10m[SynchronizedBeforeSuite] PASSED [25.033 seconds][0m
2025-07-23T19:34:12.7692284Z [38;5;243m------------------------------[0m
2025-07-23T19:34:12.7692894Z [38;5;14mS[0m[38;5;14mS[0m[38;5;14mS[0m[38;5;14mS[0m
2025-07-23T19:34:12.7693482Z [38;5;243m------------------------------[0m
2025-07-23T19:34:12.7694895Z [0m[C-Chain] [Interchain Workflow] [0m[1mshould ensure that funds can be transferred from the C-Chain to the X-Chain and the P-Chain[0m [38;5;204m[c][0m
2025-07-23T19:34:12.7696433Z [38;5;243m/home/runner/work/coreth/coreth/avalanchego/tests/e2e/c/interchain_workflow.go:28[0m
2025-07-23T19:34:12.7697663Z   [1mSTEP:[0m initializing a new eth client [38;5;243m@ 07/23/25 19:34:12.769[0m
2025-07-23T19:34:12.7706391Z    [0;0mINFO[0;0m	targeting random node	{"nodeID": "NodeID-7M6iNA916wdJqJnumsXZL5pRwLyyANV1y", "uri": "http://127.0.0.1:34983"}
2025-07-23T19:34:12.7708064Z    [0;0mINFO[0;0m	initializing a new eth client	{"nodeID": "NodeID-7M6iNA916wdJqJnumsXZL5pRwLyyANV1y", "URI": "http://127.0.0.1:34983"}
2025-07-23T19:34:12.7713083Z   [1mSTEP:[0m allocating a pre-funded key to send from and a recipient key to deliver to [38;5;243m@ 07/23/25 19:34:12.771[0m
2025-07-23T19:34:12.7714686Z   [1mSTEP:[0m sending funds from one address to another on the C-Chain [38;5;243m@ 07/23/25 19:34:12.771[0m
2025-07-23T19:34:12.7730629Z    [0;0mINFO[0;0m	suggested gas price	{"price": "2"}
2025-07-23T19:34:12.7737238Z    [0;0mINFO[0;0m	sending eth transaction	{"txID": "0x5407ba46e9f63cc2fc094478fabd80fd54b68f233a34c02de7b93d529f3d42af"}
2025-07-23T19:34:13.2777054Z    [0;0mINFO[0;0m	eth transaction accepted	{"txID": "0x5407ba46e9f63cc2fc094478fabd80fd54b68f233a34c02de7b93d529f3d42af", "gasUsed": 21000, "gasPrice": "4", "blockNumber": "1"}
2025-07-23T19:34:13.2780195Z   [1mSTEP:[0m waiting for the C-Chain recipient address to have received the sent funds [38;5;243m@ 07/23/25 19:34:13.277[0m
2025-07-23T19:34:13.2783668Z   [1mSTEP:[0m initializing a keychain and associated wallet [38;5;243m@ 07/23/25 19:34:13.278[0m
2025-07-23T19:34:13.2785776Z    [0;0mINFO[0;0m	initializing a new wallet	{"nodeID": "NodeID-7M6iNA916wdJqJnumsXZL5pRwLyyANV1y", "URI": "http://127.0.0.1:34983"}
2025-07-23T19:34:13.2958383Z    [0;0mINFO[0;0m	wallet balances in nAVAX	{"xChain": 30000000000000000, "pChain": 20000000000000000}
2025-07-23T19:34:13.2959562Z   [1mSTEP:[0m defining common configuration [38;5;243m@ 07/23/25 19:34:13.295[0m
2025-07-23T19:34:13.2960681Z   [1mSTEP:[0m exporting AVAX from the C-Chain to the X-Chain [38;5;243m@ 07/23/25 19:34:13.295[0m
2025-07-23T19:34:13.2967449Z    [0;0mINFO[0;0m	suggested gas price	{"price": "2"}
2025-07-23T19:34:13.4557575Z    [0;0mINFO[0;0m	issued transaction	{"chainAlias": "C", "txID": "2uUxFDhG8ruqfKpxJuLq68HbAJtWgzUKMHMu9MeedJcKtT76d", "duration": "158.523888ms"}
2025-07-23T19:34:14.1777358Z    [0;0mINFO[0;0m	confirmed transaction	{"chainAlias": "C", "txID": "2uUxFDhG8ruqfKpxJuLq68HbAJtWgzUKMHMu9MeedJcKtT76d", "totalDuration": "880.572225ms", "confirmationDuration": "722.048337ms"}
2025-07-23T19:34:14.1779592Z   [1mSTEP:[0m importing AVAX from the C-Chain to the X-Chain [38;5;243m@ 07/23/25 19:34:14.177[0m
2025-07-23T19:34:14.1837202Z    [0;0mINFO[0;0m	issued transaction	{"chainAlias": "X", "txID": "KgJHaeFk7kKLkS35bCEu4Yv5p6Ja6b34N8gKE1xDEvA396BHF", "duration": "5.767616ms"}
2025-07-23T19:34:14.2351649Z    [0;0mINFO[0;0m	confirmed transaction	{"chainAlias": "X", "txID": "KgJHaeFk7kKLkS35bCEu4Yv5p6Ja6b34N8gKE1xDEvA396BHF", "totalDuration": "57.167164ms", "confirmationDuration": "51.399548ms"}
2025-07-23T19:34:14.2353005Z   [1mSTEP:[0m checking that the recipient address has received imported funds on the X-Chain [38;5;243m@ 07/23/25 19:34:14.234[0m
2025-07-23T19:34:14.2353818Z   [1mSTEP:[0m exporting AVAX from the C-Chain to the P-Chain [38;5;243m@ 07/23/25 19:34:14.234[0m
2025-07-23T19:34:14.2356929Z    [0;0mINFO[0;0m	suggested gas price	{"price": "2"}
2025-07-23T19:34:14.2461690Z    [0;0mINFO[0;0m	issued transaction	{"chainAlias": "C", "txID": "2HxdBSFBNJtEJcg2hquiwbF6z6uVzuWpGpnsKvTXvhabUP1WiQ", "duration": "10.113417ms"}
2025-07-23T19:34:16.1793052Z    [0;0mINFO[0;0m	confirmed transaction	{"chainAlias": "C", "txID": "2HxdBSFBNJtEJcg2hquiwbF6z6uVzuWpGpnsKvTXvhabUP1WiQ", "totalDuration": "1.94258288s", "confirmationDuration": "1.932469463s"}
2025-07-23T19:34:16.1795415Z   [1mSTEP:[0m importing AVAX from the C-Chain to the P-Chain [38;5;243m@ 07/23/25 19:34:16.178[0m
2025-07-23T19:34:16.1851393Z    [0;0mINFO[0;0m	issued transaction	{"chainAlias": "P", "txID": "fBiCpBcpJ1oBL21CmxLb7bhksfYhAGtwwi8ek61qUQCtQK43R", "duration": "6.199959ms"}
2025-07-23T19:34:16.3467137Z    [0;0mINFO[0;0m	confirmed transaction	{"chainAlias": "P", "txID": "fBiCpBcpJ1oBL21CmxLb7bhksfYhAGtwwi8ek61qUQCtQK43R", "totalDuration": "167.535408ms", "confirmationDuration": "161.335449ms"}
2025-07-23T19:34:16.3469714Z   [1mSTEP:[0m checking that the recipient address has received imported funds on the P-Chain [38;5;243m@ 07/23/25 19:34:16.346[0m
2025-07-23T19:34:16.3478867Z   [1mSTEP:[0m checking if bootstrap is possible with the current network state [38;5;243m@ 07/23/25 19:34:16.347[0m
2025-07-23T19:34:21.1577023Z    [0;0mINFO[0;0m	started local node	{"nodeID": "NodeID-QAv9x5ptL42tbpP8ojrEcjYQNEEbpCB2B", "dataDir": "/home/runner/.tmpnet/networks/20250723-193350.480869-avalanchego-e2e/NodeID-QAv9x5ptL42tbpP8ojrEcjYQNEEbpCB2B", "isEphemeral": true}
2025-07-23T19:34:23.0636744Z    [0;0mINFO[0;0m	metrics and logs available via grafana (collectors must be running)	{"uri": "https://grafana-poc.avax-dev.network/d/kBQpRdWnk/avalanche-main-dashboard?&var-filter=network_uuid%7C%3D%7C4a81e2e0-9ddd-4e4b-9042-64c43cc0602a&var-filter=is_ephemeral_node%7C%3D%7Cfalse&from=1753299252769&to=1753299275062"}
2025-07-23T19:34:23.2756676Z [38;5;10m• [10.506 seconds][0m
2025-07-23T19:34:23.2757645Z [38;5;243m------------------------------[0m
2025-07-23T19:34:23.2759924Z [0m[P-Chain] [Interchain Workflow] [0m[1mshould ensure that funds can be transferred from the P-Chain to the X-Chain and the C-Chain[0m [38;5;204m[uses-c, p][0m
2025-07-23T19:34:23.2762153Z [38;5;243m/home/runner/work/coreth/coreth/avalanchego/tests/e2e/p/interchain_workflow.go:34[0m
2025-07-23T19:34:23.2772747Z   [1mSTEP:[0m checking that the network has a compatible minimum stake duration [38;5;243m@ 07/23/25 19:34:23.277[0m
2025-07-23T19:34:23.2774540Z   [1mSTEP:[0m creating wallet with a funded key to send from and recipient key to deliver to [38;5;243m@ 07/23/25 19:34:23.277[0m
2025-07-23T19:34:23.2789705Z    [0;0mINFO[0;0m	targeting random node	{"nodeID": "NodeID-7M6iNA916wdJqJnumsXZL5pRwLyyANV1y", "uri": "http://127.0.0.1:34983"}
2025-07-23T19:34:23.2791502Z    [0;0mINFO[0;0m	initializing a new wallet	{"nodeID": "NodeID-7M6iNA916wdJqJnumsXZL5pRwLyyANV1y", "URI": "http://127.0.0.1:34983"}
2025-07-23T19:34:23.2971737Z    [0;0mINFO[0;0m	wallet balances in nAVAX	{"xChain": 30000000000000000, "pChain": 20000000000000000}
2025-07-23T19:34:23.2972952Z   [1mSTEP:[0m defining common configuration [38;5;243m@ 07/23/25 19:34:23.296[0m
2025-07-23T19:34:23.2980391Z   [1mSTEP:[0m adding new node and waiting for it to report healthy [38;5;243m@ 07/23/25 19:34:23.296[0m
2025-07-23T19:34:28.1179131Z    [0;0mINFO[0;0m	started local node	{"nodeID": "NodeID-8zk2K7Bj2G9iZznu7zywcz1Z76x8bsmGj", "dataDir": "/home/runner/.tmpnet/networks/20250723-193350.480869-avalanchego-e2e/NodeID-8zk2K7Bj2G9iZznu7zywcz1Z76x8bsmGj", "isEphemeral": true}
2025-07-23T19:34:30.0190926Z   [1mSTEP:[0m retrieving new node's id and pop [38;5;243m@ 07/23/25 19:34:30.018[0m
2025-07-23T19:34:30.0200277Z   [1mSTEP:[0m adding the new node as a validator [38;5;243m@ 07/23/25 19:34:30.019[0m
2025-07-23T19:34:30.0296811Z    [0;0mINFO[0;0m	issued transaction	{"chainAlias": "P", "txID": "2MsXTphp868AE3cYav2MjXuD2N6gFp3Z33Vjx5Pjit937aF9SN", "duration": "9.275622ms"}
2025-07-23T19:34:30.3536957Z    [0;0mINFO[0;0m	confirmed transaction	{"chainAlias": "P", "txID": "2MsXTphp868AE3cYav2MjXuD2N6gFp3Z33Vjx5Pjit937aF9SN", "totalDuration": "331.877623ms", "confirmationDuration": "322.602001ms"}
2025-07-23T19:34:30.3539186Z   [1mSTEP:[0m adding a delegator to the new node [38;5;243m@ 07/23/25 19:34:30.352[0m
2025-07-23T19:34:30.3647167Z    [0;0mINFO[0;0m	issued transaction	{"chainAlias": "P", "txID": "cixyaagzkWQHbhMee9RGYAa4RKiyFCNbKYVnBvPzX3QQ81Hu7", "duration": "12.016242ms"}
2025-07-23T19:34:30.8463211Z    [0;0mINFO[0;0m	confirmed transaction	{"chainAlias": "P", "txID": "cixyaagzkWQHbhMee9RGYAa4RKiyFCNbKYVnBvPzX3QQ81Hu7", "totalDuration": "493.497018ms", "confirmationDuration": "481.480776ms"}
2025-07-23T19:34:30.8464813Z   [1mSTEP:[0m exporting AVAX from the P-Chain to the X-Chain [38;5;243m@ 07/23/25 19:34:30.846[0m
2025-07-23T19:34:30.8526253Z    [0;0mINFO[0;0m	issued transaction	{"chainAlias": "P", "txID": "PvhrWKfrL49y26v9Lo6PNYLFbbauSig4fsyDwJx5jyVuzJXnx", "duration": "6.120529ms"}
2025-07-23T19:34:30.9161495Z    [0;0mINFO[0;0m	confirmed transaction	{"chainAlias": "P", "txID": "PvhrWKfrL49y26v9Lo6PNYLFbbauSig4fsyDwJx5jyVuzJXnx", "totalDuration": "68.311332ms", "confirmationDuration": "62.190803ms"}
2025-07-23T19:34:30.9164082Z   [1mSTEP:[0m importing AVAX from the P-Chain to the X-Chain [38;5;243m@ 07/23/25 19:34:30.914[0m
2025-07-23T19:34:30.9244925Z    [0;0mINFO[0;0m	issued transaction	{"chainAlias": "X", "txID": "zJrgtN1tRQvWS4tC2wKvfoNJCvze4oZLbWLLWs8FFC9WdgdAS", "duration": "9.206996ms"}
2025-07-23T19:34:30.9969257Z    [0;0mINFO[0;0m	confirmed transaction	{"chainAlias": "X", "txID": "zJrgtN1tRQvWS4tC2wKvfoNJCvze4oZLbWLLWs8FFC9WdgdAS", "totalDuration": "80.550747ms", "confirmationDuration": "71.343751ms"}
2025-07-23T19:34:30.9971643Z   [1mSTEP:[0m checking that the recipient address has received imported funds on the X-Chain [38;5;243m@ 07/23/25 19:34:30.995[0m
2025-07-23T19:34:30.9973301Z   [1mSTEP:[0m exporting AVAX from the P-Chain to the C-Chain [38;5;243m@ 07/23/25 19:34:30.995[0m
2025-07-23T19:34:31.0040095Z    [0;0mINFO[0;0m	issued transaction	{"chainAlias": "P", "txID": "uk8oAgAT8VEvSmtEXhbjGyazLe8UC4vg7hFxYjYr6CvPYYZxu", "duration": "7.842388ms"}
2025-07-23T19:34:31.0883108Z    [0;0mINFO[0;0m	confirmed transaction	{"chainAlias": "P", "txID": "uk8oAgAT8VEvSmtEXhbjGyazLe8UC4vg7hFxYjYr6CvPYYZxu", "totalDuration": "91.799036ms", "confirmationDuration": "83.956648ms"}
2025-07-23T19:34:31.0893654Z   [1mSTEP:[0m initializing a new eth client [38;5;243m@ 07/23/25 19:34:31.087[0m
2025-07-23T19:34:31.0895862Z    [0;0mINFO[0;0m	initializing a new eth client	{"nodeID": "NodeID-7M6iNA916wdJqJnumsXZL5pRwLyyANV1y", "URI": "http://127.0.0.1:34983"}
2025-07-23T19:34:31.0897887Z   [1mSTEP:[0m importing AVAX from the P-Chain to the C-Chain [38;5;243m@ 07/23/25 19:34:31.089[0m
2025-07-23T19:34:31.0930537Z    [0;0mINFO[0;0m	suggested gas price	{"price": "2"}
2025-07-23T19:34:31.1016934Z    [0;0mINFO[0;0m	issued transaction	{"chainAlias": "C", "txID": "22SdoY9fepXtuoW6Jbe8MF98iQcHpTQWHSTQAJ8AoF3yXxJoC3", "duration": "8.609553ms"}
2025-07-23T19:34:31.1656317Z    [0;0mINFO[0;0m	confirmed transaction	{"chainAlias": "C", "txID": "22SdoY9fepXtuoW6Jbe8MF98iQcHpTQWHSTQAJ8AoF3yXxJoC3", "totalDuration": "70.189424ms", "confirmationDuration": "61.579871ms"}
2025-07-23T19:34:31.1659223Z   [1mSTEP:[0m checking that the recipient address has received imported funds on the C-Chain [38;5;243m@ 07/23/25 19:34:31.163[0m
2025-07-23T19:34:31.1666886Z   [1mSTEP:[0m stopping validator node to free up resources for a bootstrap check [38;5;243m@ 07/23/25 19:34:31.166[0m
2025-07-23T19:34:31.3460844Z   [1mSTEP:[0m checking if bootstrap is possible with the current network state [38;5;243m@ 07/23/25 19:34:31.345[0m
2025-07-23T19:34:36.0866925Z    [0;0mINFO[0;0m	started local node	{"nodeID": "NodeID-LTVxsGkZ8smzUCEVMEmaxQbE2g2SyWoY5", "dataDir": "/home/runner/.tmpnet/networks/20250723-193350.480869-avalanchego-e2e/NodeID-LTVxsGkZ8smzUCEVMEmaxQbE2g2SyWoY5", "isEphemeral": true}
2025-07-23T19:34:43.9932905Z    [0;0mINFO[0;0m	metrics and logs available via grafana (collectors must be running)	{"uri": "https://grafana-poc.avax-dev.network/d/kBQpRdWnk/avalanche-main-dashboard?&var-filter=network_uuid%7C%3D%7C4a81e2e0-9ddd-4e4b-9042-64c43cc0602a&var-filter=is_ephemeral_node%7C%3D%7Cfalse&from=1753299263275&to=1753299295990"}
2025-07-23T19:34:44.1868056Z    [0;0mINFO[0;0m	shutting down ephemeral node	{"nodeID": "NodeID-8zk2K7Bj2G9iZznu7zywcz1Z76x8bsmGj"}
2025-07-23T19:34:44.1869430Z [38;5;10m• [20.911 seconds][0m
2025-07-23T19:34:44.1870202Z [38;5;243m------------------------------[0m
2025-07-23T19:34:44.1871099Z [38;5;14mS[0m[38;5;14mS[0m[38;5;14mS[0m
2025-07-23T19:34:44.1872280Z [38;5;243m------------------------------[0m
2025-07-23T19:34:44.1873803Z [0m[C-Chain] [Dynamic Fees] [0m[1mshould ensure that the gas price is affected by load[0m [38;5;204m[c][0m
2025-07-23T19:34:44.1876206Z [38;5;243m/home/runner/work/coreth/coreth/avalanchego/tests/e2e/c/dynamic_fees.go:58[0m
2025-07-23T19:34:44.1877819Z   [1mSTEP:[0m creating a new private network to ensure isolation from other tests [38;5;243m@ 07/23/25 19:34:44.186[0m
2025-07-23T19:34:44.1906232Z    [0;0mINFO[0;0m	waiting for network to start	{"timeoutSeconds": 120}
2025-07-23T19:34:44.1908631Z    [0;0mINFO[0;0m	preparing configuration for new network	{"runtimeConfig": {"process":{"avalancheGoPath":"/home/runner/work/coreth/coreth/avalanchego/build/avalanchego","pluginDir":"/home/runner/.avalanchego/plugins"}}}
2025-07-23T19:34:44.1956740Z    [0;0mINFO[0;0m	starting network	{"networkDir": "/home/runner/.tmpnet/networks/20250723-193444.19061-avalanchego-e2e-dynamic-fees", "uuid": "bfb8e363-92fb-4e6b-a37c-4d53693fdcce"}
2025-07-23T19:34:46.1471772Z    [0;0mINFO[0;0m	started local node	{"nodeID": "NodeID-JuB2rckCL8FLYwVy1N5fcwdUvEtCvzdNd", "dataDir": "/home/runner/.tmpnet/networks/20250723-193444.19061-avalanchego-e2e-dynamic-fees/NodeID-JuB2rckCL8FLYwVy1N5fcwdUvEtCvzdNd", "isEphemeral": false}
2025-07-23T19:34:48.0493626Z    [0;0mINFO[0;0m	started local node	{"nodeID": "NodeID-Dz4rLAGba3Mnd9d7gUMvx8VxutZxXY5C4", "dataDir": "/home/runner/.tmpnet/networks/20250723-193444.19061-avalanchego-e2e-dynamic-fees/NodeID-Dz4rLAGba3Mnd9d7gUMvx8VxutZxXY5C4", "isEphemeral": false}
2025-07-23T19:34:48.0497236Z    [0;0mINFO[0;0m	waiting for nodes to report healthy
2025-07-23T19:34:50.0525180Z    [0;0mINFO[0;0m	node is healthy	{"nodeID": "NodeID-Dz4rLAGba3Mnd9d7gUMvx8VxutZxXY5C4", "uri": "http://127.0.0.1:35543"}
2025-07-23T19:34:54.0519237Z    [0;0mINFO[0;0m	node is healthy	{"nodeID": "NodeID-JuB2rckCL8FLYwVy1N5fcwdUvEtCvzdNd", "uri": "http://127.0.0.1:36927"}
2025-07-23T19:34:54.0522758Z    [0;0mINFO[0;0m	started network	{"networkDir": "/home/runner/.tmpnet/networks/20250723-193444.19061-avalanchego-e2e-dynamic-fees", "uuid": "bfb8e363-92fb-4e6b-a37c-4d53693fdcce"}
2025-07-23T19:34:54.0529979Z    [0;0mINFO[0;0m	metrics and logs available via grafana (collectors must be running)	{"url": "https://grafana-poc.avax-dev.network/d/kBQpRdWnk/avalanche-main-dashboard?&var-filter=network_uuid%7C%3D%7Cbfb8e363-92fb-4e6b-a37c-4d53693fdcce&var-filter=is_ephemeral_node%7C%3D%7Cfalse&from=1753299284195&to=now", "linkPath": "/home/runner/.tmpnet/networks/20250723-193444.19061-avalanchego-e2e-dynamic-fees/metrics.txt"}
2025-07-23T19:34:54.0534176Z    [0;0mINFO[0;0m	network started successfully
2025-07-23T19:34:54.0535049Z   [1mSTEP:[0m allocating a pre-funded key [38;5;243m@ 07/23/25 19:34:54.051[0m
2025-07-23T19:34:54.0536070Z   [1mSTEP:[0m initializing a coreth client [38;5;243m@ 07/23/25 19:34:54.051[0m
2025-07-23T19:34:54.0537705Z    [0;0mINFO[0;0m	initializing a new eth client	{"nodeID": "NodeID-JuB2rckCL8FLYwVy1N5fcwdUvEtCvzdNd", "URI": "http://127.0.0.1:36927"}
2025-07-23T19:34:54.0539010Z   [1mSTEP:[0m initializing a transaction signer [38;5;243m@ 07/23/25 19:34:54.052[0m
2025-07-23T19:34:54.0540158Z   [1mSTEP:[0m checking if Fortuna is activated [38;5;243m@ 07/23/25 19:34:54.053[0m
2025-07-23T19:34:54.0548083Z    [0;0mINFO[0;0m	set gas limit	{"gasLimit": 10000000}
2025-07-23T19:34:54.0548943Z   [1mSTEP:[0m deploying an expensive contract [38;5;243m@ 07/23/25 19:34:54.054[0m
2025-07-23T19:34:54.0558832Z    [0;0mINFO[0;0m	sending eth transaction	{"txID": "0x3fecd6016dfff7e035adf798f9687c45aba5fa5a0254ccb2cf1f8e69474a8c82"}
2025-07-23T19:34:54.5598237Z    [0;0mINFO[0;0m	eth transaction accepted	{"txID": "0x3fecd6016dfff7e035adf798f9687c45aba5fa5a0254ccb2cf1f8e69474a8c82", "gasUsed": 79365, "gasPrice": "2", "blockNumber": "1"}
2025-07-23T19:34:54.5601795Z    [0;0mINFO[0;0m	initializing gas prices	{"initialPrice": "1", "targetPrice": "2"}
2025-07-23T19:34:54.5603394Z   [1mSTEP:[0m calling the contract repeatedly until a sufficient gas price increase is detected [38;5;243m@ 07/23/25 19:34:54.56[0m
2025-07-23T19:34:54.5609098Z    [0;0mINFO[0;0m	gas price hasn't sufficiently increased	{"initialPrice": "1", "newPrice": "1", "targetPrice": "2"}
2025-07-23T19:34:54.5616745Z    [0;0mINFO[0;0m	sending eth transaction	{"txID": "0x3dd9f7ff4dcbab12d2b65af8b7aaae3f1e410c53a1abb0122a86fc1a9252432c"}
2025-07-23T19:34:57.5656828Z    [0;0mINFO[0;0m	eth transaction accepted	{"txID": "0x3dd9f7ff4dcbab12d2b65af8b7aaae3f1e410c53a1abb0122a86fc1a9252432c", "gasUsed": 10000000, "gasPrice": "2", "blockNumber": "2"}
2025-07-23T19:34:57.5659805Z    [0;0mINFO[0;0m	gas price hasn't sufficiently increased	{"initialPrice": "1", "newPrice": "1", "targetPrice": "2"}
2025-07-23T19:34:57.5668475Z    [0;0mINFO[0;0m	sending eth transaction	{"txID": "0x0d407c5d1067a2139ad301731c6a62a93c0e8c800f1cb9818f736d226e12693a"}
2025-07-23T19:35:02.5709571Z    [0;0mINFO[0;0m	eth transaction accepted	{"txID": "0x0d407c5d1067a2139ad301731c6a62a93c0e8c800f1cb9818f736d226e12693a", "gasUsed": 10000000, "gasPrice": "2", "blockNumber": "3"}
2025-07-23T19:35:02.5713764Z    [0;0mINFO[0;0m	gas price hasn't sufficiently increased	{"initialPrice": "1", "newPrice": "1", "targetPrice": "2"}
2025-07-23T19:35:02.5720937Z    [0;0mINFO[0;0m	sending eth transaction	{"txID": "0xa4135274bdb8ebae625783f21673c746acfa8e4785d9646b7566f96aa92a6729"}
2025-07-23T19:35:07.5760174Z    [0;0mINFO[0;0m	eth transaction accepted	{"txID": "0xa4135274bdb8ebae625783f21673c746acfa8e4785d9646b7566f96aa92a6729", "gasUsed": 10000000, "gasPrice": "2", "blockNumber": "4"}
2025-07-23T19:35:07.5764716Z    [0;0mINFO[0;0m	gas price hasn't sufficiently increased	{"initialPrice": "1", "newPrice": "1", "targetPrice": "2"}
2025-07-23T19:35:07.5772055Z    [0;0mINFO[0;0m	sending eth transaction	{"txID": "0x22759d8e43ecbb528caeabf8131f99541bfe2c557df068a0fb670dd19c6a42bd"}
2025-07-23T19:35:12.5813012Z    [0;0mINFO[0;0m	eth transaction accepted	{"txID": "0x22759d8e43ecbb528caeabf8131f99541bfe2c557df068a0fb670dd19c6a42bd", "gasUsed": 10000000, "gasPrice": "2", "blockNumber": "5"}
2025-07-23T19:35:12.5816590Z    [0;0mINFO[0;0m	gas price hasn't sufficiently increased	{"initialPrice": "1", "newPrice": "1", "targetPrice": "2"}
2025-07-23T19:35:12.5823149Z    [0;0mINFO[0;0m	sending eth transaction	{"txID": "0xacd2073e0db59b33c9dcd24716a09257121fe4644e7acb2e2ba0a60c350141dc"}
2025-07-23T19:35:17.0887191Z    [0;0mINFO[0;0m	eth transaction accepted	{"txID": "0xacd2073e0db59b33c9dcd24716a09257121fe4644e7acb2e2ba0a60c350141dc", "gasUsed": 10000000, "gasPrice": "2", "blockNumber": "6"}
2025-07-23T19:35:17.0897031Z    [0;0mINFO[0;0m	gas price hasn't sufficiently increased	{"initialPrice": "1", "newPrice": "1", "targetPrice": "2"}
2025-07-23T19:35:17.0906048Z    [0;0mINFO[0;0m	sending eth transaction	{"txID": "0x2399d91a6ccf44e852b5bf752067910f02400363116ff702466c9e7fb7be1a8b"}
2025-07-23T19:35:22.5944475Z    [0;0mINFO[0;0m	eth transaction accepted	{"txID": "0x2399d91a6ccf44e852b5bf752067910f02400363116ff702466c9e7fb7be1a8b", "gasUsed": 10000000, "gasPrice": "2", "blockNumber": "7"}
2025-07-23T19:35:22.5952958Z    [0;0mINFO[0;0m	gas price hasn't sufficiently increased	{"initialPrice": "1", "newPrice": "1", "targetPrice": "2"}
2025-07-23T19:35:22.5961670Z    [0;0mINFO[0;0m	sending eth transaction	{"txID": "0xa5ad42c9657853d0306332feaf6b077f9b0f87bb7b15c9e4b709c299fb64d271"}
2025-07-23T19:35:27.5996107Z    [0;0mINFO[0;0m	eth transaction accepted	{"txID": "0xa5ad42c9657853d0306332feaf6b077f9b0f87bb7b15c9e4b709c299fb64d271", "gasUsed": 10000000, "gasPrice": "2", "blockNumber": "8"}
2025-07-23T19:35:27.6000616Z    [0;0mINFO[0;0m	gas price hasn't sufficiently increased	{"initialPrice": "1", "newPrice": "1", "targetPrice": "2"}
2025-07-23T19:35:27.6008901Z    [0;0mINFO[0;0m	sending eth transaction	{"txID": "0x873fbd4217601bc5f7f68668f2f963d76e432cf4b059af71e1cc693edfec9e15"}
2025-07-23T19:35:32.6041427Z    [0;0mINFO[0;0m	eth transaction accepted	{"txID": "0x873fbd4217601bc5f7f68668f2f963d76e432cf4b059af71e1cc693edfec9e15", "gasUsed": 10000000, "gasPrice": "2", "blockNumber": "9"}
2025-07-23T19:35:32.6044421Z    [0;0mINFO[0;0m	gas price hasn't sufficiently increased	{"initialPrice": "1", "newPrice": "1", "targetPrice": "2"}
2025-07-23T19:35:32.6052156Z    [0;0mINFO[0;0m	sending eth transaction	{"txID": "0x6528cb3bb120573c71b298b40003ee25fec891026b46b38273472825a1884e7f"}
2025-07-23T19:35:37.6084574Z    [0;0mINFO[0;0m	eth transaction accepted	{"txID": "0x6528cb3bb120573c71b298b40003ee25fec891026b46b38273472825a1884e7f", "gasUsed": 10000000, "gasPrice": "2", "blockNumber": "10"}
2025-07-23T19:35:37.6088191Z    [0;0mINFO[0;0m	gas price hasn't sufficiently increased	{"initialPrice": "1", "newPrice": "1", "targetPrice": "2"}
2025-07-23T19:35:37.6094783Z    [0;0mINFO[0;0m	sending eth transaction	{"txID": "0x106e6cb6e0ca075337548329e16b002658a1bd6d866af4676227227e6733e028"}
2025-07-23T19:35:42.1126624Z    [0;0mINFO[0;0m	eth transaction accepted	{"txID": "0x106e6cb6e0ca075337548329e16b002658a1bd6d866af4676227227e6733e028", "gasUsed": 10000000, "gasPrice": "2", "blockNumber": "11"}
2025-07-23T19:35:42.1130024Z    [0;0mINFO[0;0m	gas price hasn't sufficiently increased	{"initialPrice": "1", "newPrice": "1", "targetPrice": "2"}
2025-07-23T19:35:42.1137134Z    [0;0mINFO[0;0m	sending eth transaction	{"txID": "0xc8a4fdb11a27e1aafc69d48c7bba2c71ebc4ca2b2f8a258f1191bbb0466a6cc0"}
2025-07-23T19:35:47.6184090Z    [0;0mINFO[0;0m	eth transaction accepted	{"txID": "0xc8a4fdb11a27e1aafc69d48c7bba2c71ebc4ca2b2f8a258f1191bbb0466a6cc0", "gasUsed": 10000000, "gasPrice": "2", "blockNumber": "12"}
2025-07-23T19:35:47.6189079Z    [0;0mINFO[0;0m	gas price hasn't sufficiently increased	{"initialPrice": "1", "newPrice": "1", "targetPrice": "2"}
2025-07-23T19:35:47.6195343Z    [0;0mINFO[0;0m	sending eth transaction	{"txID": "0xdfefbf7ba237069e65f75c54fbdd9c8f1744fc543ff6c9f330d4da0f4a36b4ca"}
2025-07-23T19:35:52.6230902Z    [0;0mINFO[0;0m	eth transaction accepted	{"txID": "0xdfefbf7ba237069e65f75c54fbdd9c8f1744fc543ff6c9f330d4da0f4a36b4ca", "gasUsed": 10000000, "gasPrice": "2", "blockNumber": "13"}
2025-07-23T19:35:52.6234361Z    [0;0mINFO[0;0m	gas price has increased	{"initialPrice": "1", "targetPrice": "2", "newPrice": "2"}
2025-07-23T19:35:52.6236200Z   [1mSTEP:[0m sending small transactions until a sufficient gas price decrease is detected [38;5;243m@ 07/23/25 19:35:52.623[0m
2025-07-23T19:35:52.6239828Z    [0;0mINFO[0;0m	gas price hasn't sufficiently decreased	{"initialPrice": "1", "newPrice": "2"}
2025-07-23T19:35:52.6248007Z    [0;0mINFO[0;0m	sending eth transaction	{"txID": "0x6ee6c0a4e194c46c958beff957b484edacb4e4cbb30ffa08a6609057b3bd73f3"}
2025-07-23T19:35:54.6288267Z    [0;0mINFO[0;0m	eth transaction accepted	{"txID": "0x6ee6c0a4e194c46c958beff957b484edacb4e4cbb30ffa08a6609057b3bd73f3", "gasUsed": 21000, "gasPrice": "3", "blockNumber": "14"}
2025-07-23T19:35:54.6292211Z    [0;0mINFO[0;0m	gas price hasn't sufficiently decreased	{"initialPrice": "1", "newPrice": "2"}
2025-07-23T19:35:54.6299531Z    [0;0mINFO[0;0m	sending eth transaction	{"txID": "0x3c0ee96a4070a08e6f9722e1473d45f88ef93623181536112594404cb2f55df5"}
2025-07-23T19:35:56.6339869Z    [0;0mINFO[0;0m	eth transaction accepted	{"txID": "0x3c0ee96a4070a08e6f9722e1473d45f88ef93623181536112594404cb2f55df5", "gasUsed": 21000, "gasPrice": "2", "blockNumber": "15"}
2025-07-23T19:35:56.6344304Z    [0;0mINFO[0;0m	gas price has decreased	{"initialPrice": "1", "newPrice": "1"}
2025-07-23T19:35:56.6346635Z   [1mSTEP:[0m checking if bootstrap is possible with the current network state [38;5;243m@ 07/23/25 19:35:56.634[0m
2025-07-23T19:35:58.6365871Z    [0;0mINFO[0;0m	started local node	{"nodeID": "NodeID-L9kznVCrLKpnSNVGhs7Q9AjyxXnALFs1z", "dataDir": "/home/runner/.tmpnet/networks/20250723-193444.19061-avalanchego-e2e-dynamic-fees/NodeID-L9kznVCrLKpnSNVGhs7Q9AjyxXnALFs1z", "isEphemeral": true}
2025-07-23T19:36:06.7039457Z    [0;0mINFO[0;0m	shutting down network
2025-07-23T19:36:06.9767790Z [38;5;10m• [82.790 seconds][0m
2025-07-23T19:36:06.9768914Z [38;5;243m------------------------------[0m
2025-07-23T19:36:06.9770720Z [0m[X-Chain] [Interchain Workflow] [0m[1mshould ensure that funds can be transferred from the X-Chain to the C-Chain and the P-Chain[0m [38;5;204m[uses-c, x][0m
2025-07-23T19:36:06.9773229Z [38;5;243m/home/runner/work/coreth/coreth/avalanchego/tests/e2e/x/interchain_workflow.go:28[0m
2025-07-23T19:36:06.9790527Z    [0;0mINFO[0;0m	targeting random node	{"nodeID": "NodeID-HAjmX7sB1oJbFDEng3Cn2VssF7TqPeMWi", "uri": "http://127.0.0.1:43559"}
2025-07-23T19:36:06.9792288Z   [1mSTEP:[0m creating wallet with a funded key to send from and recipient key to deliver to [38;5;243m@ 07/23/25 19:36:06.978[0m
2025-07-23T19:36:06.9794382Z    [0;0mINFO[0;0m	initializing a new wallet	{"nodeID": "NodeID-HAjmX7sB1oJbFDEng3Cn2VssF7TqPeMWi", "URI": "http://127.0.0.1:43559"}
2025-07-23T19:36:06.9981120Z    [0;0mINFO[0;0m	wallet balances in nAVAX	{"xChain": 30000000000000000, "pChain": 19999979999918852}
2025-07-23T19:36:06.9982315Z   [1mSTEP:[0m defining common configuration [38;5;243m@ 07/23/25 19:36:06.997[0m
2025-07-23T19:36:06.9983695Z   [1mSTEP:[0m sending funds from one address to another on the X-Chain [38;5;243m@ 07/23/25 19:36:06.998[0m
2025-07-23T19:36:07.0036167Z    [0;0mINFO[0;0m	issued transaction	{"chainAlias": "X", "txID": "2agMtTCCVt5pYgY86u1XAP4P9T6pQo7ByGaZMuJsPm2HC3oWiZ", "duration": "5.170109ms"}
2025-07-23T19:36:07.0450900Z    [0;0mINFO[0;0m	confirmed transaction	{"chainAlias": "X", "txID": "2agMtTCCVt5pYgY86u1XAP4P9T6pQo7ByGaZMuJsPm2HC3oWiZ", "totalDuration": "46.549486ms", "confirmationDuration": "41.379377ms"}
2025-07-23T19:36:07.0454272Z   [1mSTEP:[0m checking that the X-Chain recipient address has received the sent funds [38;5;243m@ 07/23/25 19:36:07.044[0m
2025-07-23T19:36:07.0456196Z   [1mSTEP:[0m exporting AVAX from the X-Chain to the C-Chain [38;5;243m@ 07/23/25 19:36:07.044[0m
2025-07-23T19:36:07.0565012Z    [0;0mINFO[0;0m	issued transaction	{"chainAlias": "X", "txID": "2MNiwCxtDiuWKPD8hVe6DazmMiJjMLn9z8A46B44nTJrW9MSdG", "duration": "10.870273ms"}
2025-07-23T19:36:07.1125133Z    [0;0mINFO[0;0m	confirmed transaction	{"chainAlias": "X", "txID": "2MNiwCxtDiuWKPD8hVe6DazmMiJjMLn9z8A46B44nTJrW9MSdG", "totalDuration": "66.102652ms", "confirmationDuration": "55.232379ms"}
2025-07-23T19:36:07.1127123Z   [1mSTEP:[0m initializing a new eth client [38;5;243m@ 07/23/25 19:36:07.111[0m
2025-07-23T19:36:07.1129151Z    [0;0mINFO[0;0m	initializing a new eth client	{"nodeID": "NodeID-HAjmX7sB1oJbFDEng3Cn2VssF7TqPeMWi", "URI": "http://127.0.0.1:43559"}
2025-07-23T19:36:07.1130840Z   [1mSTEP:[0m importing AVAX from the X-Chain to the C-Chain [38;5;243m@ 07/23/25 19:36:07.111[0m
2025-07-23T19:36:07.1133257Z    [0;0mINFO[0;0m	suggested gas price	{"price": "2"}
2025-07-23T19:36:07.1204901Z    [0;0mINFO[0;0m	issued transaction	{"chainAlias": "C", "txID": "2g4rUn1YRdmGyP5vcEEvVWyAuq3amXSgT675x1MxWQmpruVV3c", "duration": "6.980125ms"}
2025-07-23T19:36:07.1719392Z    [0;0mINFO[0;0m	confirmed transaction	{"chainAlias": "C", "txID": "2g4rUn1YRdmGyP5vcEEvVWyAuq3amXSgT675x1MxWQmpruVV3c", "totalDuration": "58.376929ms", "confirmationDuration": "51.396804ms"}
2025-07-23T19:36:07.1721042Z   [1mSTEP:[0m checking that the recipient address has received imported funds on the C-Chain [38;5;243m@ 07/23/25 19:36:07.171[0m
2025-07-23T19:36:07.1725363Z   [1mSTEP:[0m exporting AVAX from the X-Chain to the P-Chain [38;5;243m@ 07/23/25 19:36:07.172[0m
2025-07-23T19:36:07.1787030Z    [0;0mINFO[0;0m	issued transaction	{"chainAlias": "X", "txID": "UJdMohTjLmQnbGqSCLGDDkpzvECpDQDybUMnoBGWRKmautcmz", "duration": "5.908658ms"}
2025-07-23T19:36:07.7204459Z    [0;0mINFO[0;0m	confirmed transaction	{"chainAlias": "X", "txID": "UJdMohTjLmQnbGqSCLGDDkpzvECpDQDybUMnoBGWRKmautcmz", "totalDuration": "547.497751ms", "confirmationDuration": "541.589093ms"}
2025-07-23T19:36:07.7205874Z   [1mSTEP:[0m importing AVAX from the X-Chain to the P-Chain [38;5;243m@ 07/23/25 19:36:07.72[0m
2025-07-23T19:36:07.7290631Z    [0;0mINFO[0;0m	issued transaction	{"chainAlias": "P", "txID": "gug3S9tdw2ZAFCBcNkD5dMrNCNd9gKNpdk8DKaF6sAC1zrkjD", "duration": "5.735355ms"}
2025-07-23T19:36:08.1603396Z    [0;0mINFO[0;0m	confirmed transaction	{"chainAlias": "P", "txID": "gug3S9tdw2ZAFCBcNkD5dMrNCNd9gKNpdk8DKaF6sAC1zrkjD", "totalDuration": "439.524931ms", "confirmationDuration": "433.789576ms"}
2025-07-23T19:36:08.1606100Z   [1mSTEP:[0m checking that the recipient address has received imported funds on the P-Chain [38;5;243m@ 07/23/25 19:36:08.159[0m
2025-07-23T19:36:08.1622565Z   [1mSTEP:[0m checking if bootstrap is possible with the current network state [38;5;243m@ 07/23/25 19:36:08.162[0m
2025-07-23T19:36:12.9117373Z    [0;0mINFO[0;0m	started local node	{"nodeID": "NodeID-Mrw4ywPLFpxivCZyoGELNcNnFqiyAbEhK", "dataDir": "/home/runner/.tmpnet/networks/20250723-193350.480869-avalanchego-e2e/NodeID-Mrw4ywPLFpxivCZyoGELNcNnFqiyAbEhK", "isEphemeral": true}
2025-07-23T19:36:14.8187764Z    [0;0mINFO[0;0m	metrics and logs available via grafana (collectors must be running)	{"uri": "https://grafana-poc.avax-dev.network/d/kBQpRdWnk/avalanche-main-dashboard?&var-filter=network_uuid%7C%3D%7C4a81e2e0-9ddd-4e4b-9042-64c43cc0602a&var-filter=is_ephemeral_node%7C%3D%7Cfalse&from=1753299366976&to=1753299386816"}
2025-07-23T19:36:15.0137348Z [38;5;10m• [8.037 seconds][0m
2025-07-23T19:36:15.0138298Z [38;5;243m------------------------------[0m
2025-07-23T19:36:15.0139159Z [38;5;14mS[0m[38;5;14mS[0m[38;5;14mS[0m
2025-07-23T19:36:15.0140240Z [38;5;243m------------------------------[0m
2025-07-23T19:36:15.0140983Z [0m[1m[DeferCleanup (Suite)] [0m
2025-07-23T19:36:15.0142436Z [38;5;243m/home/runner/work/coreth/coreth/avalanchego/tests/fixture/e2e/ginkgo_test_context.go:96[0m
2025-07-23T19:36:15.0145345Z [38;5;10m[DeferCleanup (Suite)] PASSED [0.000 seconds][0m
2025-07-23T19:36:15.0146288Z [38;5;243m------------------------------[0m
2025-07-23T19:36:15.0146871Z [0m[1m[DeferCleanup (Suite)] [0m
2025-07-23T19:36:15.0148217Z [38;5;243m/home/runner/work/coreth/coreth/avalanchego/tests/fixture/e2e/ginkgo_test_context.go:96[0m
2025-07-23T19:36:15.0149441Z [38;5;10m[DeferCleanup (Suite)] PASSED [0.000 seconds][0m
2025-07-23T19:36:15.0150529Z [38;5;243m------------------------------[0m
2025-07-23T19:36:15.0151513Z [0m[1m[DeferCleanup (Suite)] [0m
2025-07-23T19:36:15.0153239Z [38;5;243m/home/runner/work/coreth/coreth/avalanchego/tests/fixture/e2e/ginkgo_test_context.go:96[0m
2025-07-23T19:36:15.0154724Z [38;5;10m[DeferCleanup (Suite)] PASSED [0.000 seconds][0m
2025-07-23T19:36:15.0155303Z [38;5;243m------------------------------[0m
2025-07-23T19:36:15.0155775Z [0m[1m[DeferCleanup (Suite)] [0m
2025-07-23T19:36:15.0156690Z [38;5;243m/home/runner/work/coreth/coreth/avalanchego/tests/fixture/e2e/ginkgo_test_context.go:96[0m
2025-07-23T19:36:15.0157969Z [38;5;10m[DeferCleanup (Suite)] PASSED [0.000 seconds][0m
2025-07-23T19:36:15.0158610Z [38;5;243m------------------------------[0m
2025-07-23T19:36:15.0159070Z [0m[1m[DeferCleanup (Suite)] [0m
2025-07-23T19:36:15.0159959Z [38;5;243m/home/runner/work/coreth/coreth/avalanchego/tests/fixture/e2e/ginkgo_test_context.go:96[0m
2025-07-23T19:36:15.0161005Z [38;5;10m[DeferCleanup (Suite)] PASSED [0.000 seconds][0m
2025-07-23T19:36:15.0161818Z [38;5;243m------------------------------[0m
2025-07-23T19:36:15.0162453Z [0m[1m[DeferCleanup (Suite)] [0m
2025-07-23T19:36:15.0163708Z [38;5;243m/home/runner/work/coreth/coreth/avalanchego/tests/fixture/e2e/ginkgo_test_context.go:96[0m
2025-07-23T19:36:15.0165614Z    [07-23|19:36:15.013] INFO e2e/helpers.go:346 shutting down network
2025-07-23T19:36:15.3482582Z [38;5;10m[DeferCleanup (Suite)] PASSED [0.334 seconds][0m
2025-07-23T19:36:15.3483831Z [38;5;243m------------------------------[0m
2025-07-23T19:36:15.3484845Z [0m[1m[DeferCleanup (Suite)] [0m
2025-07-23T19:36:15.3486023Z [38;5;243m/home/runner/work/coreth/coreth/avalanchego/tests/fixture/e2e/ginkgo_test_context.go:96[0m
2025-07-23T19:36:15.3487199Z [38;5;10m[DeferCleanup (Suite)] PASSED [0.000 seconds][0m
2025-07-23T19:36:15.3488182Z [38;5;243m------------------------------[0m
2025-07-23T19:36:15.3488525Z 
2025-07-23T19:36:15.3488857Z [38;5;10m[1mRan 4 of 14 Specs in 147.613 seconds[0m
2025-07-23T19:36:15.3490052Z [38;5;10m[1mSUCCESS![0m -- [38;5;10m[1m4 Passed[0m | [38;5;9m[1m0 Failed[0m | [38;5;11m[1m0 Pending[0m | [38;5;14m[1m10 Skipped[0m
2025-07-23T19:36:15.3490893Z PASS
2025-07-23T19:36:15.3648417Z 
2025-07-23T19:36:15.3648758Z Ginkgo ran 1 suite in 2m47.789871904s
2025-07-23T19:36:15.3649251Z Test Suite Passed
2025-07-23T19:36:15.3730158Z ##[group]Run actions/upload-artifact@v4
2025-07-23T19:36:15.3730424Z with:
2025-07-23T19:36:15.3730599Z   name: -tmpnet-data
2025-07-23T19:36:15.3731005Z   path: ~/.tmpnet/networks
~/.tmpnet/prometheus/prometheus.log
~/.tmpnet/promtail/promtail.log

2025-07-23T19:36:15.3731466Z   if-no-files-found: error
2025-07-23T19:36:15.3731680Z   compression-level: 6
2025-07-23T19:36:15.3731880Z   overwrite: false
2025-07-23T19:36:15.3732096Z   include-hidden-files: false
2025-07-23T19:36:15.3732314Z env:
2025-07-23T19:36:15.3732484Z   TMPDIR: /home/runner/work/_temp
2025-07-23T19:36:15.3732713Z ##[endgroup]
2025-07-23T19:36:15.6468546Z Multiple search paths detected. Calculating the least common ancestor of all paths
2025-07-23T19:36:15.6471134Z The least common ancestor is /home/runner/.tmpnet. This will be the root directory of the artifact
2025-07-23T19:36:15.6472419Z With the provided path, there will be 139 files uploaded
2025-07-23T19:36:15.6478154Z Artifact name is valid!
2025-07-23T19:36:15.6479269Z Root directory input is valid!
2025-07-23T19:36:15.7712944Z Beginning upload of artifact content to blob storage
2025-07-23T19:36:16.4020105Z Uploaded bytes 2284192
2025-07-23T19:36:16.4154930Z Finished uploading artifact content to blob storage!
2025-07-23T19:36:16.4158611Z SHA256 digest of uploaded artifact zip is adccef765d38c6f02b712eea815ea5cadf242aa659cc869ec5b99c6fca674942
2025-07-23T19:36:16.4160716Z Finalizing artifact upload
2025-07-23T19:36:16.5300885Z Artifact -tmpnet-data.zip successfully finalized. Artifact ID 3600349177
2025-07-23T19:36:16.5302557Z Artifact -tmpnet-data has been successfully uploaded! Final size is 2284192 bytes. Artifact ID is 3600349177
2025-07-23T19:36:16.5309755Z Artifact download URL: https://github.com/ava-labs/coreth/actions/runs/16480013789/artifacts/3600349177
2025-07-23T19:36:16.5502327Z Post job cleanup.
2025-07-23T19:36:16.7055443Z [command]/opt/hostedtoolcache/go/1.23.9/x64/bin/go env GOMODCACHE
2025-07-23T19:36:16.7094764Z [command]/opt/hostedtoolcache/go/1.23.9/x64/bin/go env GOCACHE
2025-07-23T19:36:16.7119404Z /home/runner/go/pkg/mod
2025-07-23T19:36:16.7148083Z /home/runner/.cache/go-build
2025-07-23T19:36:16.7153299Z Cache hit occurred on the primary key setup-go-Linux-x64-ubuntu24-go-1.23.9-a15cb706c721cb75cb8e60eed27be6d55e2ca35325e99af49c70a2c101d4ff4d, not saving cache.
2025-07-23T19:36:16.7264790Z Post job cleanup.
2025-07-23T19:36:16.8293502Z [command]/usr/bin/git version
2025-07-23T19:36:16.8331928Z git version 2.50.1
2025-07-23T19:36:16.8384870Z Temporarily overriding HOME='/home/runner/work/_temp/f2e259d2-b225-4571-8771-c6ad4dd8d0d9' before making global git config changes
2025-07-23T19:36:16.8386242Z Adding repository directory to the temporary git global config as a safe directory
2025-07-23T19:36:16.8390984Z [command]/usr/bin/git config --global --add safe.directory /home/runner/work/coreth/coreth
2025-07-23T19:36:16.8427243Z [command]/usr/bin/git config --local --name-only --get-regexp core\.sshCommand
2025-07-23T19:36:16.8459503Z [command]/usr/bin/git submodule foreach --recursive sh -c "git config --local --name-only --get-regexp 'core\.sshCommand' && git config --local --unset-all 'core.sshCommand' || :"
2025-07-23T19:36:16.8682898Z [command]/usr/bin/git config --local --name-only --get-regexp http\.https\:\/\/github\.com\/\.extraheader
2025-07-23T19:36:16.8703684Z http.https://github.com/.extraheader
2025-07-23T19:36:16.8716617Z [command]/usr/bin/git config --local --unset-all http.https://github.com/.extraheader
2025-07-23T19:36:16.8746224Z [command]/usr/bin/git submodule foreach --recursive sh -c "git config --local --name-only --get-regexp 'http\.https\:\/\/github\.com\/\.extraheader' && git config --local --unset-all 'http.https://github.com/.extraheader' || :"
2025-07-23T19:36:16.9075807Z Cleaning up orphan processes
