2025-07-23T19:28:54.2430326Z Current runner version: '2.326.0'
2025-07-23T19:28:54.2462576Z ##[group]Runner Image Provisioner
2025-07-23T19:28:54.2463860Z Hosted Compute Agent
2025-07-23T19:28:54.2464909Z Version: 20250711.363
2025-07-23T19:28:54.2466055Z Commit: 6785254374ce925a23743850c1cb91912ce5c14c
2025-07-23T19:28:54.2467210Z Build Date: 2025-07-11T20:04:25Z
2025-07-23T19:28:54.2468244Z ##[endgroup]
2025-07-23T19:28:54.2469265Z ##[group]Operating System
2025-07-23T19:28:54.2470199Z Ubuntu
2025-07-23T19:28:54.2470910Z 24.04.2
2025-07-23T19:28:54.2471747Z LTS
2025-07-23T19:28:54.2472472Z ##[endgroup]
2025-07-23T19:28:54.2473228Z ##[group]Runner Image
2025-07-23T19:28:54.2474611Z Image: ubuntu-24.04
2025-07-23T19:28:54.2475476Z Version: 20250720.1.0
2025-07-23T19:28:54.2477295Z Included Software: https://github.com/actions/runner-images/blob/ubuntu24/20250720.1/images/ubuntu/Ubuntu2404-Readme.md
2025-07-23T19:28:54.2480234Z Image Release: https://github.com/actions/runner-images/releases/tag/ubuntu24%2F20250720.1
2025-07-23T19:28:54.2482111Z ##[endgroup]
2025-07-23T19:28:54.2486588Z ##[group]GITHUB_TOKEN Permissions
2025-07-23T19:28:54.2489442Z Actions: write
2025-07-23T19:28:54.2490305Z Attestations: write
2025-07-23T19:28:54.2491124Z Checks: write
2025-07-23T19:28:54.2491982Z Contents: write
2025-07-23T19:28:54.2492844Z Deployments: write
2025-07-23T19:28:54.2493614Z Discussions: write
2025-07-23T19:28:54.2494784Z Issues: write
2025-07-23T19:28:54.2495689Z Metadata: read
2025-07-23T19:28:54.2496481Z Models: read
2025-07-23T19:28:54.2497490Z Packages: write
2025-07-23T19:28:54.2498313Z Pages: write
2025-07-23T19:28:54.2499099Z PullRequests: write
2025-07-23T19:28:54.2500049Z RepositoryProjects: write
2025-07-23T19:28:54.2501065Z SecurityEvents: write
2025-07-23T19:28:54.2502271Z Statuses: write
2025-07-23T19:28:54.2503160Z ##[endgroup]
2025-07-23T19:28:54.2506276Z Secret source: Actions
2025-07-23T19:28:54.2507636Z Prepare workflow directory
2025-07-23T19:28:54.2978824Z Prepare all required actions
2025-07-23T19:28:54.3034802Z Getting action download info
2025-07-23T19:28:54.5607983Z ##[group]Download immutable action package 'actions/checkout@v4'
2025-07-23T19:28:54.5609509Z Version: 4.2.2
2025-07-23T19:28:54.5611150Z Digest: sha256:ccb2698953eaebd21c7bf6268a94f9c26518a7e38e27e0b83c1fe1ad049819b1
2025-07-23T19:28:54.5612918Z Source commit SHA: 11bd71901bbe5b1630ceea73d27597364c9af683
2025-07-23T19:28:54.5614373Z ##[endgroup]
2025-07-23T19:28:54.6722232Z ##[group]Download immutable action package 'actions/setup-go@v5'
2025-07-23T19:28:54.6723487Z Version: 5.5.0
2025-07-23T19:28:54.6725111Z Digest: sha256:f5eeb2233d0c6714b5236de9b44ad0b935014e15eeab3c28d73dc44c1c641ebb
2025-07-23T19:28:54.6726851Z Source commit SHA: d35c59abb061a4a6fb18e82ac0862c26744d6ab5
2025-07-23T19:28:54.6728069Z ##[endgroup]
2025-07-23T19:28:54.8999180Z Download action repository 'ava-labs/avalanchego@66ce7a7701db0c4b370f97b339478d5b5ebe919a' (SHA:66ce7a7701db0c4b370f97b339478d5b5ebe919a)
2025-07-23T19:28:55.9950232Z Getting action download info
2025-07-23T19:28:56.1465891Z Download action repository 'cachix/install-nix-action@02a151ada4993995686f9ed4f1be7cfbb229e56f' (SHA:02a151ada4993995686f9ed4f1be7cfbb229e56f)
2025-07-23T19:28:56.3752857Z ##[group]Download immutable action package 'actions/upload-artifact@v4'
2025-07-23T19:28:56.3753300Z Version: 4.6.2
2025-07-23T19:28:56.3753680Z Digest: sha256:290722aa3281d5caf23d0acdc3dbeb3424786a1a01a9cc97e72f147225e37c38
2025-07-23T19:28:56.3754426Z Source commit SHA: ea165f8d65b6e75b540449e92b4886f43607fa02
2025-07-23T19:28:56.3754778Z ##[endgroup]
2025-07-23T19:28:56.5236765Z Complete job name: e2e warp tests
2025-07-23T19:28:56.6013125Z ##[group]Run actions/checkout@v4
2025-07-23T19:28:56.6014251Z with:
2025-07-23T19:28:56.6014642Z   fetch-depth: 0
2025-07-23T19:28:56.6015277Z   repository: ava-labs/coreth
2025-07-23T19:28:56.6016098Z   token: ***
2025-07-23T19:28:56.6016497Z   ssh-strict: true
2025-07-23T19:28:56.6016901Z   ssh-user: git
2025-07-23T19:28:56.6017307Z   persist-credentials: true
2025-07-23T19:28:56.6017751Z   clean: true
2025-07-23T19:28:56.6018718Z   sparse-checkout-cone-mode: true
2025-07-23T19:28:56.6019353Z   fetch-tags: false
2025-07-23T19:28:56.6019910Z   show-progress: true
2025-07-23T19:28:56.6020315Z   lfs: false
2025-07-23T19:28:56.6020685Z   submodules: false
2025-07-23T19:28:56.6021090Z   set-safe-directory: true
2025-07-23T19:28:56.6022100Z ##[endgroup]
2025-07-23T19:28:56.7186829Z Syncing repository: ava-labs/coreth
2025-07-23T19:28:56.7188142Z ##[group]Getting Git version info
2025-07-23T19:28:56.7188555Z Working directory is '/home/runner/work/coreth/coreth'
2025-07-23T19:28:56.7189169Z [command]/usr/bin/git version
2025-07-23T19:28:56.7905588Z git version 2.50.1
2025-07-23T19:28:56.7930746Z ##[endgroup]
2025-07-23T19:28:56.7943794Z Temporarily overriding HOME='/home/runner/work/_temp/d15459b7-157c-4910-bfea-980f7312e17a' before making global git config changes
2025-07-23T19:28:56.7945040Z Adding repository directory to the temporary git global config as a safe directory
2025-07-23T19:28:56.7949037Z [command]/usr/bin/git config --global --add safe.directory /home/runner/work/coreth/coreth
2025-07-23T19:28:56.7982303Z Deleting the contents of '/home/runner/work/coreth/coreth'
2025-07-23T19:28:56.7986139Z ##[group]Initializing the repository
2025-07-23T19:28:56.7990037Z [command]/usr/bin/git init /home/runner/work/coreth/coreth
2025-07-23T19:28:56.8052116Z hint: Using 'master' as the name for the initial branch. This default branch name
2025-07-23T19:28:56.8053154Z hint: is subject to change. To configure the initial branch name to use in all
2025-07-23T19:28:56.8054336Z hint: of your new repositories, which will suppress this warning, call:
2025-07-23T19:28:56.8055095Z hint:
2025-07-23T19:28:56.8055631Z hint: 	git config --global init.defaultBranch <name>
2025-07-23T19:28:56.8056280Z hint:
2025-07-23T19:28:56.8056941Z hint: Names commonly chosen instead of 'master' are 'main', 'trunk' and
2025-07-23T19:28:56.8057927Z hint: 'development'. The just-created branch can be renamed via this command:
2025-07-23T19:28:56.8058733Z hint:
2025-07-23T19:28:56.8059207Z hint: 	git branch -m <name>
2025-07-23T19:28:56.8059701Z hint:
2025-07-23T19:28:56.8060369Z hint: Disable this message with "git config set advice.defaultBranchName false"
2025-07-23T19:28:56.8061356Z Initialized empty Git repository in /home/runner/work/coreth/coreth/.git/
2025-07-23T19:28:56.8066348Z [command]/usr/bin/git remote add origin https://github.com/ava-labs/coreth
2025-07-23T19:28:56.8096714Z ##[endgroup]
2025-07-23T19:28:56.8097470Z ##[group]Disabling automatic garbage collection
2025-07-23T19:28:56.8101611Z [command]/usr/bin/git config --local gc.auto 0
2025-07-23T19:28:56.8129632Z ##[endgroup]
2025-07-23T19:28:56.8130396Z ##[group]Setting up auth
2025-07-23T19:28:56.8137277Z [command]/usr/bin/git config --local --name-only --get-regexp core\.sshCommand
2025-07-23T19:28:56.8166746Z [command]/usr/bin/git submodule foreach --recursive sh -c "git config --local --name-only --get-regexp 'core\.sshCommand' && git config --local --unset-all 'core.sshCommand' || :"
2025-07-23T19:28:56.8473063Z [command]/usr/bin/git config --local --name-only --get-regexp http\.https\:\/\/github\.com\/\.extraheader
2025-07-23T19:28:56.8502266Z [command]/usr/bin/git submodule foreach --recursive sh -c "git config --local --name-only --get-regexp 'http\.https\:\/\/github\.com\/\.extraheader' && git config --local --unset-all 'http.https://github.com/.extraheader' || :"
2025-07-23T19:28:56.8718253Z [command]/usr/bin/git config --local http.https://github.com/.extraheader AUTHORIZATION: basic ***
2025-07-23T19:28:56.8759143Z ##[endgroup]
2025-07-23T19:28:56.8760108Z ##[group]Fetching the repository
2025-07-23T19:28:56.8768257Z [command]/usr/bin/git -c protocol.version=2 fetch --prune --no-recurse-submodules origin +refs/heads/*:refs/remotes/origin/* +refs/tags/*:refs/tags/* +d85ec0364204a0b3e07e9cdc140a65c53b4d6ce4:refs/remotes/pull/1065/merge
2025-07-23T19:29:08.4724106Z From https://github.com/ava-labs/coreth
2025-07-23T19:29:08.4726693Z  * [new branch]          001-align-trie              -> origin/001-align-trie
2025-07-23T19:29:08.4730141Z  * [new branch]          AddContexts                 -> origin/AddContexts
2025-07-23T19:29:08.4731158Z  * [new branch]          RodrigoVillar/initial-gas-target -> origin/RodrigoVillar/initial-gas-target
2025-07-23T19:29:08.4732494Z  * [new branch]          aaronbuchwald/detailed-import-tx-chainid-errs -> origin/aaronbuchwald/detailed-import-tx-chainid-errs
2025-07-23T19:29:08.4733824Z  * [new branch]          aaronbuchwald/prefetch-state -> origin/aaronbuchwald/prefetch-state
2025-07-23T19:29:08.4736991Z  * [new branch]          aaronbuchwald/prefetch-state-single-step-build -> origin/aaronbuchwald/prefetch-state-single-step-build
2025-07-23T19:29:08.4738238Z  * [new branch]          add-chaindb                 -> origin/add-chaindb
2025-07-23T19:29:08.4744607Z  * [new branch]          add-contracts-gitignore     -> origin/add-contracts-gitignore
2025-07-23T19:29:08.4745687Z  * [new branch]          add-sig-get-metrics         -> origin/add-sig-get-metrics
2025-07-23T19:29:08.4746655Z  * [new branch]          alarso16/firewood-bootstrap -> origin/alarso16/firewood-bootstrap
2025-07-23T19:29:08.4747759Z  * [new branch]          alarso16/firewood-error-apis -> origin/alarso16/firewood-error-apis
2025-07-23T19:29:08.4748903Z  * [new branch]          alarso16/firewood-integration-rv -> origin/alarso16/firewood-integration-rv
2025-07-23T19:29:08.4750053Z  * [new branch]          alarso16/libevm-upstream-sync -> origin/alarso16/libevm-upstream-sync
2025-07-23T19:29:08.4751804Z  * [new branch]          alarso16/parallelize-syncers -> origin/alarso16/parallelize-syncers
2025-07-23T19:29:08.4754240Z  * [new branch]          alarso16/show-flake-lines   -> origin/alarso16/show-flake-lines
2025-07-23T19:29:08.4756242Z  * [new branch]          alarso16/state-syncer-interface -> origin/alarso16/state-syncer-interface
2025-07-23T19:29:08.4758198Z  * [new branch]          alarso16/static-snapsync    -> origin/alarso16/static-snapsync
2025-07-23T19:29:08.4760480Z  * [new branch]          alt-fix-snapshot            -> origin/alt-fix-snapshot
2025-07-23T19:29:08.4762680Z  * [new branch]          ap1-committed-gas           -> origin/ap1-committed-gas
2025-07-23T19:29:08.4766282Z  * [new branch]          arr4n/abstract-customtypes-def-vs-access -> origin/arr4n/abstract-customtypes-def-vs-access
2025-07-23T19:29:08.4767992Z  * [new branch]          arr4n/libevm-clean-history  -> origin/arr4n/libevm-clean-history
2025-07-23T19:29:08.4770325Z  * [new branch]          arr4n/libevm-dirty-history  -> origin/arr4n/libevm-dirty-history
2025-07-23T19:29:08.4772297Z  * [new branch]          arr4n/libevm-upstream-types -> origin/arr4n/libevm-upstream-types
2025-07-23T19:29:08.4774839Z  * [new branch]          arr4n/metric-registration-order -> origin/arr4n/metric-registration-order
2025-07-23T19:29:08.4776858Z  * [new branch]          arr4n/min-gas-cap-sketch    -> origin/arr4n/min-gas-cap-sketch
2025-07-23T19:29:08.4779111Z  * [new branch]          arr4n/test-only-build-tags  -> origin/arr4n/test-only-build-tags
2025-07-23T19:29:08.4781117Z  * [new branch]          ast-drawing                 -> origin/ast-drawing
2025-07-23T19:29:08.4783330Z  * [new branch]          atomic-000                  -> origin/atomic-000
2025-07-23T19:29:08.4786001Z  * [new branch]          atomic-mempool-refactor     -> origin/atomic-mempool-refactor
2025-07-23T19:29:08.4787709Z  * [new branch]          atomic-refactor             -> origin/atomic-refactor
2025-07-23T19:29:08.4790070Z  * [new branch]          atomic-refactor-ctd         -> origin/atomic-refactor-ctd
2025-07-23T19:29:08.4792558Z  * [new branch]          atomic-tx-verifier          -> origin/atomic-tx-verifier
2025-07-23T19:29:08.4794325Z  * [new branch]          atomic-vm-api               -> origin/atomic-vm-api
2025-07-23T19:29:08.4796809Z  * [new branch]          atomic-vm-backend           -> origin/atomic-vm-backend
2025-07-23T19:29:08.4798841Z  * [new branch]          atomic-vm-finalize          -> origin/atomic-vm-finalize
2025-07-23T19:29:08.4800816Z  * [new branch]          atomic-vm-mempool-gossip    -> origin/atomic-vm-mempool-gossip
2025-07-23T19:29:08.4803280Z  * [new branch]          atomic-vm-pkg               -> origin/atomic-vm-pkg
2025-07-23T19:29:08.4805688Z  * [new branch]          atomic-vm-refactor          -> origin/atomic-vm-refactor
2025-07-23T19:29:08.4807928Z  * [new branch]          atomic-vm-refactor-finalize -> origin/atomic-vm-refactor-finalize
2025-07-23T19:29:08.4810072Z  * [new branch]          atomic-vm-syncers           -> origin/atomic-vm-syncers
2025-07-23T19:29:08.4812247Z  * [new branch]          atomic-vm-wrapper           -> origin/atomic-vm-wrapper
2025-07-23T19:29:08.4814713Z  * [new branch]          auto-pr-subnet-evm          -> origin/auto-pr-subnet-evm
2025-07-23T19:29:08.4817077Z  * [new branch]          auto-pr-subnet-evm-test     -> origin/auto-pr-subnet-evm-test
2025-07-23T19:29:08.4819080Z  * [new branch]          auto-sync-subnet-evm        -> origin/auto-sync-subnet-evm
2025-07-23T19:29:08.4821567Z  * [new branch]          avoid-modifying-global-var-tests -> origin/avoid-modifying-global-var-tests
2025-07-23T19:29:08.4823605Z  * [new branch]          avoid-overriding-commit-interval -> origin/avoid-overriding-commit-interval
2025-07-23T19:29:08.4826022Z  * [new branch]          backfill_blocks             -> origin/backfill_blocks
2025-07-23T19:29:08.4828364Z  * [new branch]          backfill_blocks_0           -> origin/backfill_blocks_0
2025-07-23T19:29:08.4830396Z  * [new branch]          bench-nft                   -> origin/bench-nft
2025-07-23T19:29:08.4832826Z  * [new branch]          better-copy                 -> origin/better-copy
2025-07-23T19:29:08.4835114Z  * [new branch]          block-builder               -> origin/block-builder
2025-07-23T19:29:08.4837794Z  * [new branch]          bloom-filter-gossip         -> origin/bloom-filter-gossip
2025-07-23T19:29:08.4839911Z  * [new branch]          buf-modules                 -> origin/buf-modules
2025-07-23T19:29:08.4842370Z  * [new branch]          bump-avalanchego-master     -> origin/bump-avalanchego-master
2025-07-23T19:29:08.4844369Z  * [new branch]          bump-compat-avago           -> origin/bump-compat-avago
2025-07-23T19:29:08.4846790Z  * [new branch]          bump-pebble                 -> origin/bump-pebble
2025-07-23T19:29:08.4848993Z  * [new branch]          cancun-genesis              -> origin/cancun-genesis
2025-07-23T19:29:08.4852041Z  * [new branch]          ceyonur/move-config         -> origin/ceyonur/move-config
2025-07-23T19:29:08.4854456Z  * [new branch]          check-processing-blocks-for-atomic-txs -> origin/check-processing-blocks-for-atomic-txs
2025-07-23T19:29:08.4856437Z  * [new branch]          cleanup-wip                 -> origin/cleanup-wip
2025-07-23T19:29:08.4858876Z  * [new branch]          concrete-vm                 -> origin/concrete-vm
2025-07-23T19:29:08.4861113Z  * [new branch]          config-cleanup              -> origin/config-cleanup
2025-07-23T19:29:08.4863346Z  * [new branch]          coreth-000                  -> origin/coreth-000
2025-07-23T19:29:08.4865966Z  * [new branch]          coreth-001                  -> origin/coreth-001
2025-07-23T19:29:08.4868147Z  * [new branch]          coreth-001-minimal          -> origin/coreth-001-minimal
2025-07-23T19:29:08.4870632Z  * [new branch]          coreth-001-minimal-triedb-refcount -> origin/coreth-001-minimal-triedb-refcount
2025-07-23T19:29:08.4872834Z  * [new branch]          coreth-001-minimal-triedb-refcount-statedb-mod -> origin/coreth-001-minimal-triedb-refcount-statedb-mod
2025-07-23T19:29:08.4875325Z  * [new branch]          coreth-001-shared-statedb-triedb-backends -> origin/coreth-001-shared-statedb-triedb-backends
2025-07-23T19:29:08.4877153Z  * [new branch]          coreth-002                  -> origin/coreth-002
2025-07-23T19:29:08.4879741Z  * [new branch]          coreth-002-pathdb-mem       -> origin/coreth-002-pathdb-mem
2025-07-23T19:29:08.4881940Z  * [new branch]          coreth-002-pathdb-mem-atomic -> origin/coreth-002-pathdb-mem-atomic
2025-07-23T19:29:08.4884115Z  * [new branch]          coreth-block-flex           -> origin/coreth-block-flex
2025-07-23T19:29:08.4886794Z  * [new branch]          db-stats                    -> origin/db-stats
2025-07-23T19:29:08.4889176Z  * [new branch]          deferred-verification       -> origin/deferred-verification
2025-07-23T19:29:08.4893847Z  * [new branch]          dependabot/github_actions/github/codeql-action-3.29.2 -> origin/dependabot/github_actions/github/codeql-action-3.29.2
2025-07-23T19:29:08.4898159Z  * [new branch]          dependabot/go_modules/github.com/cespare/cp-1.1.1 -> origin/dependabot/go_modules/github.com/cespare/cp-1.1.1
2025-07-23T19:29:08.4901331Z  * [new branch]          dependabot/go_modules/github.com/hashicorp/golang-lru-1.0.2 -> origin/dependabot/go_modules/github.com/hashicorp/golang-lru-1.0.2
2025-07-23T19:29:08.4904675Z  * [new branch]          dependabot/go_modules/github.com/spf13/cast-1.9.2 -> origin/dependabot/go_modules/github.com/spf13/cast-1.9.2
2025-07-23T19:29:08.4908531Z  * [new branch]          dependabot/go_modules/golang.org/x/crypto-0.40.0 -> origin/dependabot/go_modules/golang.org/x/crypto-0.40.0
2025-07-23T19:29:08.4910452Z  * [new branch]          dependabot/go_modules/golang.org/x/oauth2-0.27.0 -> origin/dependabot/go_modules/golang.org/x/oauth2-0.27.0
2025-07-23T19:29:08.4912804Z  * [new branch]          dependabot/go_modules/golang.org/x/tools-0.35.0 -> origin/dependabot/go_modules/golang.org/x/tools-0.35.0
2025-07-23T19:29:08.4915046Z  * [new branch]          disable-gossip              -> origin/disable-gossip
2025-07-23T19:29:08.4917667Z  * [new branch]          disable-new-gossip          -> origin/disable-new-gossip
2025-07-23T19:29:08.4920008Z  * [new branch]          downgrade-bad-block-logs    -> origin/downgrade-bad-block-logs
2025-07-23T19:29:08.4922326Z  * [new branch]          downgrade-logs              -> origin/downgrade-logs
2025-07-23T19:29:08.4924998Z  * [new branch]          dynamic_state_sync_readiness_fix -> origin/dynamic_state_sync_readiness_fix
2025-07-23T19:29:08.4927708Z  * [new branch]          eth-call-depth-metrics      -> origin/eth-call-depth-metrics
2025-07-23T19:29:08.4929940Z  * [new branch]          fastsync-all                -> origin/fastsync-all
2025-07-23T19:29:08.4932348Z  * [new branch]          find-flake-add-logs         -> origin/find-flake-add-logs
2025-07-23T19:29:08.4934865Z  * [new branch]          fix-derive-logs             -> origin/fix-derive-logs
2025-07-23T19:29:08.4937281Z  * [new branch]          fix-error                   -> origin/fix-error
2025-07-23T19:29:08.4939804Z  * [new branch]          fix-setting-eth-upgrades-trace -> origin/fix-setting-eth-upgrades-trace
2025-07-23T19:29:08.4942045Z  * [new branch]          fix-upstream-licenses       -> origin/fix-upstream-licenses
2025-07-23T19:29:08.4944483Z  * [new branch]          fork-refactor               -> origin/fork-refactor
2025-07-23T19:29:08.4947090Z  * [new branch]          fupgrade-libevm-sync-upstream -> origin/fupgrade-libevm-sync-upstream
2025-07-23T19:29:08.4949088Z  * [new branch]          generic-cache               -> origin/generic-cache
2025-07-23T19:29:08.4951582Z  * [new branch]          generic-set                 -> origin/generic-set
2025-07-23T19:29:08.4953796Z  * [new branch]          generic-sort                -> origin/generic-sort
2025-07-23T19:29:08.4956466Z  * [new branch]          genericNodeID               -> origin/genericNodeID
2025-07-23T19:29:08.4959582Z  * [new branch]          get-preference              -> origin/get-preference
2025-07-23T19:29:08.4961506Z  * [new branch]          geth-compile-v1.14.7        -> origin/geth-compile-v1.14.7
2025-07-23T19:29:08.4964198Z  * [new branch]          geth-migration              -> origin/geth-migration
2025-07-23T19:29:08.4966581Z  * [new branch]          geth-v1.12.2-compile        -> origin/geth-v1.12.2-compile
2025-07-23T19:29:08.4971033Z  * [new branch]          gh-readonly-queue/master/pr-1064-8fa714aa59bcec3f418c1cc8312789585993b1b1 -> origin/gh-readonly-queue/master/pr-1064-8fa714aa59bcec3f418c1cc8312789585993b1b1
2025-07-23T19:29:08.4972864Z  * [new branch]          hyper-dep-with-commit-to-db -> origin/hyper-dep-with-commit-to-db
2025-07-23T19:29:08.4975280Z  * [new branch]          inspector                   -> origin/inspector
2025-07-23T19:29:08.4977753Z  * [new branch]          integration-testing         -> origin/integration-testing
2025-07-23T19:29:08.4980103Z  * [new branch]          legacy-sdk                  -> origin/legacy-sdk
2025-07-23T19:29:08.4982605Z  * [new branch]          libevm                      -> origin/libevm
2025-07-23T19:29:08.4985163Z  * [new branch]          libevm-atomic-refactor      -> origin/libevm-atomic-refactor
2025-07-23T19:29:08.4987770Z  * [new branch]          libevm-atomic-refactor-2    -> origin/libevm-atomic-refactor-2
2025-07-23T19:29:08.4990241Z  * [new branch]          libevm-avalanchegov.1.12    -> origin/libevm-avalanchegov.1.12
2025-07-23T19:29:08.4992743Z  * [new branch]          libevm-move-atomic-txs      -> origin/libevm-move-atomic-txs
2025-07-23T19:29:08.4995260Z  * [new branch]          libevm-upstream-sync        -> origin/libevm-upstream-sync
2025-07-23T19:29:08.4997602Z  * [new branch]          linter                      -> origin/linter
2025-07-23T19:29:08.5000210Z  * [new branch]          maru-update-ci              -> origin/maru-update-ci
2025-07-23T19:29:08.5002489Z  * [new branch]          marun-bump-avalanchego      -> origin/marun-bump-avalanchego
2025-07-23T19:29:08.5005081Z  * [new branch]          master                      -> origin/master
2025-07-23T19:29:08.5008250Z  * [new branch]          migrate-geth-v1.10.23       -> origin/migrate-geth-v1.10.23
2025-07-23T19:29:08.5010722Z  * [new branch]          migrate-warp-precompile-warp-api-enabled -> origin/migrate-warp-precompile-warp-api-enabled
2025-07-23T19:29:08.5012282Z  * [new branch]          miner-upstream              -> origin/miner-upstream
2025-07-23T19:29:08.5014642Z  * [new branch]          minimize-gossip-delays      -> origin/minimize-gossip-delays
2025-07-23T19:29:08.5016654Z  * [new branch]          move-atomic-txs-config      -> origin/move-atomic-txs-config
2025-07-23T19:29:08.5018533Z  * [new branch]          nativeassetcall-ut          -> origin/nativeassetcall-ut
2025-07-23T19:29:08.5020804Z  * [new branch]          newevmblockcontext-refactor -> origin/newevmblockcontext-refactor
2025-07-23T19:29:08.5022599Z  * [new branch]          nit-network-upgrades        -> origin/nit-network-upgrades
2025-07-23T19:29:08.5024769Z  * [new branch]          opentelemetry               -> origin/opentelemetry
2025-07-23T19:29:08.5026865Z  * [new branch]          p2p-error                   -> origin/p2p-error
2025-07-23T19:29:08.5029071Z  * [new branch]          p2p-sampling                -> origin/p2p-sampling
2025-07-23T19:29:08.5031235Z  * [new branch]          p2p-sender-ref              -> origin/p2p-sender-ref
2025-07-23T19:29:08.5033470Z  * [new branch]          parallel-copy-based-prefetcher -> origin/parallel-copy-based-prefetcher
2025-07-23T19:29:08.5035778Z  * [new branch]          parallel-copy-based-prefetcher-no-abort -> origin/parallel-copy-based-prefetcher-no-abort
2025-07-23T19:29:08.5037525Z  * [new branch]          params-extra-refactor-0     -> origin/params-extra-refactor-0
2025-07-23T19:29:08.5039652Z  * [new branch]          params-separation-attempt   -> origin/params-separation-attempt
2025-07-23T19:29:08.5041498Z  * [new branch]          prefetch-state              -> origin/prefetch-state
2025-07-23T19:29:08.5044152Z  * [new branch]          prefetch-tries-conservative -> origin/prefetch-tries-conservative
2025-07-23T19:29:08.5046222Z  * [new branch]          prefetch-tries-more-aggr    -> origin/prefetch-tries-more-aggr
2025-07-23T19:29:08.5048612Z  * [new branch]          prestate-lookup-account-storage-update -> origin/prestate-lookup-account-storage-update
2025-07-23T19:29:08.5050534Z  * [new branch]          push-gossip-feature-branch  -> origin/push-gossip-feature-branch
2025-07-23T19:29:08.5052462Z  * [new branch]          push-gossip-feature-branch-foobar -> origin/push-gossip-feature-branch-foobar
2025-07-23T19:29:08.5055998Z  * [new branch]          qdm12/acp176/min-target-per-second-var -> origin/qdm12/acp176/min-target-per-second-var
2025-07-23T19:29:08.5057708Z  * [new branch]          qdm12/blockchain-upstream   -> origin/qdm12/blockchain-upstream
2025-07-23T19:29:08.5059341Z  * [new branch]          qdm12/miner-upstream        -> origin/qdm12/miner-upstream
2025-07-23T19:29:08.5062640Z  * [new branch]          qdm12/params/add-missing-checkprecompilescompatible -> origin/qdm12/params/add-missing-checkprecompilescompatible
2025-07-23T19:29:08.5064204Z  * [new branch]          qdm12/upstream-params       -> origin/qdm12/upstream-params
2025-07-23T19:29:08.5066862Z  * [new branch]          race-tests-ci-master        -> origin/race-tests-ci-master
2025-07-23T19:29:08.5069045Z  * [new branch]          rebase-v1.12.0              -> origin/rebase-v1.12.0
2025-07-23T19:29:08.5071404Z  * [new branch]          reduce-coreth-state-usage   -> origin/reduce-coreth-state-usage
2025-07-23T19:29:08.5073639Z  * [new branch]          refactor-ap1-checks         -> origin/refactor-ap1-checks
2025-07-23T19:29:08.5076427Z  * [new branch]          refactor-block-verification -> origin/refactor-block-verification
2025-07-23T19:29:08.5078550Z  * [new branch]          refactor-gas                -> origin/refactor-gas
2025-07-23T19:29:08.5080826Z  * [new branch]          refactor-proposer-vm        -> origin/refactor-proposer-vm
2025-07-23T19:29:08.5083057Z  * [new branch]          refactor-statedb            -> origin/refactor-statedb
2025-07-23T19:29:08.5085597Z  * [new branch]          refactor-vm-conflicts       -> origin/refactor-vm-conflicts
2025-07-23T19:29:08.5087968Z  * [new branch]          register-p256v-precompile   -> origin/register-p256v-precompile
2025-07-23T19:29:08.5090265Z  * [new branch]          remove-async-accept         -> origin/remove-async-accept
2025-07-23T19:29:08.5092527Z  * [new branch]          remove-atomic               -> origin/remove-atomic
2025-07-23T19:29:08.5095046Z  * [new branch]          remove-cb58                 -> origin/remove-cb58
2025-07-23T19:29:08.5097417Z  * [new branch]          remove-db-manager           -> origin/remove-db-manager
2025-07-23T19:29:08.5099799Z  * [new branch]          remove-fork-compat-check    -> origin/remove-fork-compat-check
2025-07-23T19:29:08.5102075Z  * [new branch]          remove-gasSelfdestructAP1   -> origin/remove-gasSelfdestructAP1
2025-07-23T19:29:08.5104409Z  * [new branch]          remove-old-rules            -> origin/remove-old-rules
2025-07-23T19:29:08.5107054Z  * [new branch]          remove-semaphore            -> origin/remove-semaphore
2025-07-23T19:29:08.5109515Z  * [new branch]          remove-set-preference-warn-log -> origin/remove-set-preference-warn-log
2025-07-23T19:29:08.5112455Z  * [new branch]          remove-unused-interface-definition -> origin/remove-unused-interface-definition
2025-07-23T19:29:08.5114437Z  * [new branch]          rename-chains               -> origin/rename-chains
2025-07-23T19:29:08.5116739Z  * [new branch]          rename-choices              -> origin/rename-choices
2025-07-23T19:29:08.5118824Z  * [new branch]          rename-constants            -> origin/rename-constants
2025-07-23T19:29:08.5122116Z  * [new branch]          repair-atomic-trie-root-height-map-measure-synchronous -> origin/repair-atomic-trie-root-height-map-measure-synchronous
2025-07-23T19:29:08.5123585Z  * [new branch]          repro-522                   -> origin/repro-522
2025-07-23T19:29:08.5126476Z  * [new branch]          repro-bloom                 -> origin/repro-bloom
2025-07-23T19:29:08.5128606Z  * [new branch]          reprocess-atomics           -> origin/reprocess-atomics
2025-07-23T19:29:08.5130960Z  * [new branch]          reprocess-block-refactor-callexpert -> origin/reprocess-block-refactor-callexpert
2025-07-23T19:29:08.5132925Z  * [new branch]          reprocess-blocks            -> origin/reprocess-blocks
2025-07-23T19:29:08.5135675Z  * [new branch]          reprocess-blocks-ap1-committed-gas -> origin/reprocess-blocks-ap1-committed-gas
2025-07-23T19:29:08.5137755Z  * [new branch]          reprocess-blocks-refactor-gas -> origin/reprocess-blocks-refactor-gas
2025-07-23T19:29:08.5139897Z  * [new branch]          reprocess-blocks-use-libevm -> origin/reprocess-blocks-use-libevm
2025-07-23T19:29:08.5142181Z  * [new branch]          reprocess-blocks-use-libevm-trace -> origin/reprocess-blocks-use-libevm-trace
2025-07-23T19:29:08.5144393Z  * [new branch]          reprocess-checkroots        -> origin/reprocess-checkroots
2025-07-23T19:29:08.5146734Z  * [new branch]          return-vm-type              -> origin/return-vm-type
2025-07-23T19:29:08.5149128Z  * [new branch]          rewrite-test-retry-logic    -> origin/rewrite-test-retry-logic
2025-07-23T19:29:08.5152279Z  * [new branch]          rkuris/firewood-bootstrap-suggestions -> origin/rkuris/firewood-bootstrap-suggestions
2025-07-23T19:29:08.5154594Z  * [new branch]          sae-poc                     -> origin/sae-poc
2025-07-23T19:29:08.5157173Z  * [new branch]          script-reprocess            -> origin/script-reprocess
2025-07-23T19:29:08.5159585Z  * [new branch]          script-reprocess-x          -> origin/script-reprocess-x
2025-07-23T19:29:08.5161836Z  * [new branch]          script-reprocess-y          -> origin/script-reprocess-y
2025-07-23T19:29:08.5164452Z  * [new branch]          sdk-push-gossip-interfaces  -> origin/sdk-push-gossip-interfaces
2025-07-23T19:29:08.5166995Z  * [new branch]          seperate-atomic-pkg-base    -> origin/seperate-atomic-pkg-base
2025-07-23T19:29:08.5169339Z  * [new branch]          simulations                 -> origin/simulations
2025-07-23T19:29:08.5171802Z  * [new branch]          snapserve-frequent-commits  -> origin/snapserve-frequent-commits
2025-07-23T19:29:08.5174507Z  * [new branch]          snyk-fix-2b08d3d44bb91dc52bab15989aa0a542 -> origin/snyk-fix-2b08d3d44bb91dc52bab15989aa0a542
2025-07-23T19:29:08.5176826Z  * [new branch]          subnet-evm-000              -> origin/subnet-evm-000
2025-07-23T19:29:08.5179345Z  * [new branch]          subscribeToEvents           -> origin/subscribeToEvents
2025-07-23T19:29:08.5181850Z  * [new branch]          support-multiple-code-hashes -> origin/support-multiple-code-hashes
2025-07-23T19:29:08.5184398Z  * [new branch]          sync-enabled-updateFrequency -> origin/sync-enabled-updateFrequency
2025-07-23T19:29:08.5186872Z  * [new branch]          sync-hacks                  -> origin/sync-hacks
2025-07-23T19:29:08.5189364Z  * [new branch]          sync-subnet-evm-branch      -> origin/sync-subnet-evm-branch
2025-07-23T19:29:08.5191812Z  * [new branch]          sync-subnet-evm-ccff8037    -> origin/sync-subnet-evm-ccff8037
2025-07-23T19:29:08.5194303Z  * [new branch]          test-atomic-syncer          -> origin/test-atomic-syncer
2025-07-23T19:29:08.5196958Z  * [new branch]          test-atomic-syncer-with-cmd -> origin/test-atomic-syncer-with-cmd
2025-07-23T19:29:08.5199295Z  * [new branch]          test-avago                  -> origin/test-avago
2025-07-23T19:29:08.5201681Z  * [new branch]          test-cleanup                -> origin/test-cleanup
2025-07-23T19:29:08.5204521Z  * [new branch]          toEngine                    -> origin/toEngine
2025-07-23T19:29:08.5207094Z  * [new branch]          trie-benchmarks             -> origin/trie-benchmarks
2025-07-23T19:29:08.5209550Z  * [new branch]          trie-prefetcher-alt         -> origin/trie-prefetcher-alt
2025-07-23T19:29:08.5212683Z  * [new branch]          tsachi/acp118-nodeid        -> origin/tsachi/acp118-nodeid
2025-07-23T19:29:08.5214890Z  * [new branch]          tsachi/gossip-mempool       -> origin/tsachi/gossip-mempool
2025-07-23T19:29:08.5217278Z  * [new branch]          tx-lookup-skip              -> origin/tx-lookup-skip
2025-07-23T19:29:08.5219799Z  * [new branch]          unexport-visitor            -> origin/unexport-visitor
2025-07-23T19:29:08.5222227Z  * [new branch]          update-avago                -> origin/update-avago
2025-07-23T19:29:08.5224868Z  * [new branch]          update-avago-telepoter      -> origin/update-avago-telepoter
2025-07-23T19:29:08.5227214Z  * [new branch]          update-comment              -> origin/update-comment
2025-07-23T19:29:08.5229752Z  * [new branch]          updated-version             -> origin/updated-version
2025-07-23T19:29:08.5232202Z  * [new branch]          upgrade2                    -> origin/upgrade2
2025-07-23T19:29:08.5234877Z  * [new branch]          use-libevm-extra            -> origin/use-libevm-extra
2025-07-23T19:29:08.5237349Z  * [new branch]          use-libevm-snapshot-blockhashes -> origin/use-libevm-snapshot-blockhashes
2025-07-23T19:29:08.5239914Z  * [new branch]          use-libevm-statedb-backends-optional-params -> origin/use-libevm-statedb-backends-optional-params
2025-07-23T19:29:08.5242167Z  * [new branch]          use-libevm-statedb-statedb  -> origin/use-libevm-statedb-statedb
2025-07-23T19:29:08.5244900Z  * [new branch]          use-libevm-statedb-statedb-blockchain -> origin/use-libevm-statedb-statedb-blockchain
2025-07-23T19:29:08.5247359Z  * [new branch]          use-upstream-log            -> origin/use-upstream-log
2025-07-23T19:29:08.5249811Z  * [new branch]          v0.11.7-release-notes       -> origin/v0.11.7-release-notes
2025-07-23T19:29:08.5252402Z  * [new branch]          validator-gossiper          -> origin/validator-gossiper
2025-07-23T19:29:08.5255027Z  * [new branch]          vm-integration-fixture      -> origin/vm-integration-fixture
2025-07-23T19:29:08.5257577Z  * [new branch]          warp-test-test              -> origin/warp-test-test
2025-07-23T19:29:08.5259998Z  * [new branch]          wip-branch                  -> origin/wip-branch
2025-07-23T19:29:08.5262493Z  * [new branch]          xxx-bench-storagetrie       -> origin/xxx-bench-storagetrie
2025-07-23T19:29:08.5265041Z  * [new branch]          xxx-bench-storagetrie-2     -> origin/xxx-bench-storagetrie-2
2025-07-23T19:29:08.5267987Z  * [new branch]          yacovm/subscriptions        -> origin/yacovm/subscriptions
2025-07-23T19:29:08.5269701Z  * [new tag]             app-error-0.12.9            -> app-error-0.12.9
2025-07-23T19:29:08.5271494Z  * [new tag]             remove-crosschain-coreth    -> remove-crosschain-coreth
2025-07-23T19:29:08.5272740Z  * [new tag]             update-id                   -> update-id
2025-07-23T19:29:08.5274231Z  * [new tag]             v0.1.0                      -> v0.1.0
2025-07-23T19:29:08.5275486Z  * [new tag]             v0.10.0                     -> v0.10.0
2025-07-23T19:29:08.5276844Z  * [new tag]             v0.10.0-rc.0                -> v0.10.0-rc.0
2025-07-23T19:29:08.5278365Z  * [new tag]             v0.10.0-rc.1                -> v0.10.0-rc.1
2025-07-23T19:29:08.5279643Z  * [new tag]             v0.10.0-rc.2                -> v0.10.0-rc.2
2025-07-23T19:29:08.5280956Z  * [new tag]             v0.10.1                     -> v0.10.1
2025-07-23T19:29:08.5282321Z  * [new tag]             v0.10.1-patch               -> v0.10.1-patch
2025-07-23T19:29:08.5283717Z  * [new tag]             v0.10.1-rc.0                -> v0.10.1-rc.0
2025-07-23T19:29:08.5285340Z  * [new tag]             v0.10.1-rc.0-patch          -> v0.10.1-rc.0-patch
2025-07-23T19:29:08.5287026Z  * [new tag]             v0.11.0                     -> v0.11.0
2025-07-23T19:29:08.5288230Z  * [new tag]             v0.11.0-rc.0                -> v0.11.0-rc.0
2025-07-23T19:29:08.5289618Z  * [new tag]             v0.11.0-rc.0-patch          -> v0.11.0-rc.0-patch
2025-07-23T19:29:08.5291182Z  * [new tag]             v0.11.0-rc.1                -> v0.11.0-rc.1
2025-07-23T19:29:08.5292396Z  * [new tag]             v0.11.0-rc.2                -> v0.11.0-rc.2
2025-07-23T19:29:08.5293737Z  * [new tag]             v0.11.0-rc.3                -> v0.11.0-rc.3
2025-07-23T19:29:08.5295742Z  * [new tag]             v0.11.0-rc.4                -> v0.11.0-rc.4
2025-07-23T19:29:08.5296976Z  * [new tag]             v0.11.0-rc.4-patch          -> v0.11.0-rc.4-patch
2025-07-23T19:29:08.5298282Z  * [new tag]             v0.11.1                     -> v0.11.1
2025-07-23T19:29:08.5299644Z  * [new tag]             v0.11.1-rc.0                -> v0.11.1-rc.0
2025-07-23T19:29:08.5301028Z  * [new tag]             v0.11.1-rc.1                -> v0.11.1-rc.1
2025-07-23T19:29:08.5302416Z  * [new tag]             v0.11.1-rc.2                -> v0.11.1-rc.2
2025-07-23T19:29:08.5304075Z  * [new tag]             v0.11.1-rc.3                -> v0.11.1-rc.3
2025-07-23T19:29:08.5305492Z  * [new tag]             v0.11.1-rc.4                -> v0.11.1-rc.4
2025-07-23T19:29:08.5306705Z  * [new tag]             v0.11.1-rc.5                -> v0.11.1-rc.5
2025-07-23T19:29:08.5307948Z  * [new tag]             v0.11.1-rc.6                -> v0.11.1-rc.6
2025-07-23T19:29:08.5309485Z  * [new tag]             v0.11.1-rc.7                -> v0.11.1-rc.7
2025-07-23T19:29:08.5310783Z  * [new tag]             v0.11.2                     -> v0.11.2
2025-07-23T19:29:08.5312029Z  * [new tag]             v0.11.2-rc.0                -> v0.11.2-rc.0
2025-07-23T19:29:08.5313806Z  * [new tag]             v0.11.3                     -> v0.11.3
2025-07-23T19:29:08.5315194Z  * [new tag]             v0.11.3-rc.0                -> v0.11.3-rc.0
2025-07-23T19:29:08.5316403Z  * [new tag]             v0.11.3-rc.1                -> v0.11.3-rc.1
2025-07-23T19:29:08.5318055Z  * [new tag]             v0.11.4                     -> v0.11.4
2025-07-23T19:29:08.5319308Z  * [new tag]             v0.11.4-rc.0                -> v0.11.4-rc.0
2025-07-23T19:29:08.5320839Z  * [new tag]             v0.11.5                     -> v0.11.5
2025-07-23T19:29:08.5321939Z  * [new tag]             v0.11.5-rc.0                -> v0.11.5-rc.0
2025-07-23T19:29:08.5323667Z  * [new tag]             v0.11.6                     -> v0.11.6
2025-07-23T19:29:08.5324900Z  * [new tag]             v0.11.6-rc.0                -> v0.11.6-rc.0
2025-07-23T19:29:08.5326649Z  * [new tag]             v0.11.7                     -> v0.11.7
2025-07-23T19:29:08.5328054Z  * [new tag]             v0.11.7-rc.0                -> v0.11.7-rc.0
2025-07-23T19:29:08.5329618Z  * [new tag]             v0.11.7-rc.1                -> v0.11.7-rc.1
2025-07-23T19:29:08.5330953Z  * [new tag]             v0.11.7-rc.2                -> v0.11.7-rc.2
2025-07-23T19:29:08.5332159Z  * [new tag]             v0.11.7-rc.3                -> v0.11.7-rc.3
2025-07-23T19:29:08.5333761Z  * [new tag]             v0.11.8                     -> v0.11.8
2025-07-23T19:29:08.5335292Z  * [new tag]             v0.11.8-rc.0                -> v0.11.8-rc.0
2025-07-23T19:29:08.5336956Z  * [new tag]             v0.11.8-rc.1                -> v0.11.8-rc.1
2025-07-23T19:29:08.5338217Z  * [new tag]             v0.11.8-rc.2                -> v0.11.8-rc.2
2025-07-23T19:29:08.5339828Z  * [new tag]             v0.11.8-rc.3                -> v0.11.8-rc.3
2025-07-23T19:29:08.5341153Z  * [new tag]             v0.11.9                     -> v0.11.9
2025-07-23T19:29:08.5342359Z  * [new tag]             v0.11.9-rc.0                -> v0.11.9-rc.0
2025-07-23T19:29:08.5344152Z  * [new tag]             v0.12.0                     -> v0.12.0
2025-07-23T19:29:08.5345516Z  * [new tag]             v0.12.0-rc.0                -> v0.12.0-rc.0
2025-07-23T19:29:08.5346915Z  * [new tag]             v0.12.0-rc.1                -> v0.12.0-rc.1
2025-07-23T19:29:08.5348563Z  * [new tag]             v0.12.0-rc.2                -> v0.12.0-rc.2
2025-07-23T19:29:08.5349820Z  * [new tag]             v0.12.1                     -> v0.12.1
2025-07-23T19:29:08.5351129Z  * [new tag]             v0.12.1-rc.0                -> v0.12.1-rc.0
2025-07-23T19:29:08.5353026Z  * [new tag]             v0.12.10                    -> v0.12.10
2025-07-23T19:29:08.5354270Z  * [new tag]             v0.12.10-rc.0               -> v0.12.10-rc.0
2025-07-23T19:29:08.5355995Z  * [new tag]             v0.12.10-rc.1               -> v0.12.10-rc.1
2025-07-23T19:29:08.5357184Z  * [new tag]             v0.12.10-rc.2               -> v0.12.10-rc.2
2025-07-23T19:29:08.5358940Z  * [new tag]             v0.12.10-rc.3               -> v0.12.10-rc.3
2025-07-23T19:29:08.5360244Z  * [new tag]             v0.12.10-rc.4               -> v0.12.10-rc.4
2025-07-23T19:29:08.5361432Z  * [new tag]             v0.12.10-rc.5               -> v0.12.10-rc.5
2025-07-23T19:29:08.5363483Z  * [new tag]             v0.12.10-wip-bloom-metrics  -> v0.12.10-wip-bloom-metrics
2025-07-23T19:29:08.5364774Z  * [new tag]             v0.12.11-rc.0               -> v0.12.11-rc.0
2025-07-23T19:29:08.5366545Z  * [new tag]             v0.12.11-rc.1               -> v0.12.11-rc.1
2025-07-23T19:29:08.5367898Z  * [new tag]             v0.12.11-rc.2               -> v0.12.11-rc.2
2025-07-23T19:29:08.5369555Z  * [new tag]             v0.12.11-rc.3               -> v0.12.11-rc.3
2025-07-23T19:29:08.5370855Z  * [new tag]             v0.12.2                     -> v0.12.2
2025-07-23T19:29:08.5372530Z  * [new tag]             v0.12.2-rc.0                -> v0.12.2-rc.0
2025-07-23T19:29:08.5373804Z  * [new tag]             v0.12.3                     -> v0.12.3
2025-07-23T19:29:08.5375822Z  * [new tag]             v0.12.3-rc.0                -> v0.12.3-rc.0
2025-07-23T19:29:08.5376940Z  * [new tag]             v0.12.3-rc.1                -> v0.12.3-rc.1
2025-07-23T19:29:08.5378466Z  * [new tag]             v0.12.4                     -> v0.12.4
2025-07-23T19:29:08.5380108Z  * [new tag]             v0.12.4-rc.0                -> v0.12.4-rc.0
2025-07-23T19:29:08.5381461Z  * [new tag]             v0.12.4-rc.1                -> v0.12.4-rc.1
2025-07-23T19:29:08.5383157Z  * [new tag]             v0.12.4-rc.2                -> v0.12.4-rc.2
2025-07-23T19:29:08.5384646Z  * [new tag]             v0.12.4-rc.3                -> v0.12.4-rc.3
2025-07-23T19:29:08.5385899Z  * [new tag]             v0.12.4-rc.4                -> v0.12.4-rc.4
2025-07-23T19:29:08.5387584Z  * [new tag]             v0.12.5                     -> v0.12.5
2025-07-23T19:29:08.5388938Z  * [new tag]             v0.12.5-rc.0                -> v0.12.5-rc.0
2025-07-23T19:29:08.5390492Z  * [new tag]             v0.12.5-rc.1                -> v0.12.5-rc.1
2025-07-23T19:29:08.5392029Z  * [new tag]             v0.12.5-rc.2                -> v0.12.5-rc.2
2025-07-23T19:29:08.5393387Z  * [new tag]             v0.12.5-rc.3                -> v0.12.5-rc.3
2025-07-23T19:29:08.5395218Z  * [new tag]             v0.12.5-rc.4                -> v0.12.5-rc.4
2025-07-23T19:29:08.5396516Z  * [new tag]             v0.12.5-rc.5                -> v0.12.5-rc.5
2025-07-23T19:29:08.5398161Z  * [new tag]             v0.12.5-rc.6                -> v0.12.5-rc.6
2025-07-23T19:29:08.5399524Z  * [new tag]             v0.12.6                     -> v0.12.6
2025-07-23T19:29:08.5401136Z  * [new tag]             v0.12.6-rc.0                -> v0.12.6-rc.0
2025-07-23T19:29:08.5402287Z  * [new tag]             v0.12.6-rc.1                -> v0.12.6-rc.1
2025-07-23T19:29:08.5404045Z  * [new tag]             v0.12.6-rc.2                -> v0.12.6-rc.2
2025-07-23T19:29:08.5405744Z  * [new tag]             v0.12.7                     -> v0.12.7
2025-07-23T19:29:08.5407137Z  * [new tag]             v0.12.7-rc.0                -> v0.12.7-rc.0
2025-07-23T19:29:08.5408736Z  * [new tag]             v0.12.7-rc.1                -> v0.12.7-rc.1
2025-07-23T19:29:08.5410269Z  * [new tag]             v0.12.8-rc.0                -> v0.12.8-rc.0
2025-07-23T19:29:08.5411689Z  * [new tag]             v0.12.8-rc.1                -> v0.12.8-rc.1
2025-07-23T19:29:08.5413334Z  * [new tag]             v0.12.9-rc.0                -> v0.12.9-rc.0
2025-07-23T19:29:08.5414816Z  * [new tag]             v0.12.9-rc.1                -> v0.12.9-rc.1
2025-07-23T19:29:08.5416017Z  * [new tag]             v0.12.9-rc.2                -> v0.12.9-rc.2
2025-07-23T19:29:08.5417890Z  * [new tag]             v0.12.9-rc.3                -> v0.12.9-rc.3
2025-07-23T19:29:08.5419242Z  * [new tag]             v0.12.9-rc.4                -> v0.12.9-rc.4
2025-07-23T19:29:08.5420887Z  * [new tag]             v0.12.9-rc.5                -> v0.12.9-rc.5
2025-07-23T19:29:08.5422563Z  * [new tag]             v0.12.9-rc.6                -> v0.12.9-rc.6
2025-07-23T19:29:08.5424095Z  * [new tag]             v0.12.9-rc.7                -> v0.12.9-rc.7
2025-07-23T19:29:08.5425836Z  * [new tag]             v0.12.9-rc.8                -> v0.12.9-rc.8
2025-07-23T19:29:08.5427131Z  * [new tag]             v0.12.9-rc.9                -> v0.12.9-rc.9
2025-07-23T19:29:08.5428872Z  * [new tag]             v0.13.0-rc.0                -> v0.13.0-rc.0
2025-07-23T19:29:08.5430280Z  * [new tag]             v0.13.1                     -> v0.13.1
2025-07-23T19:29:08.5431945Z  * [new tag]             v0.13.1-rc.0                -> v0.13.1-rc.0
2025-07-23T19:29:08.5433350Z  * [new tag]             v0.13.1-rc.1                -> v0.13.1-rc.1
2025-07-23T19:29:08.5434972Z  * [new tag]             v0.13.1-rc.2                -> v0.13.1-rc.2
2025-07-23T19:29:08.5436601Z  * [new tag]             v0.13.1-rc.3                -> v0.13.1-rc.3
2025-07-23T19:29:08.5437951Z  * [new tag]             v0.13.1-rc.4                -> v0.13.1-rc.4
2025-07-23T19:29:08.5439711Z  * [new tag]             v0.13.1-rc.5                -> v0.13.1-rc.5
2025-07-23T19:29:08.5441300Z  * [new tag]             v0.13.2                     -> v0.13.2
2025-07-23T19:29:08.5442664Z  * [new tag]             v0.13.2-rc.0                -> v0.13.2-rc.0
2025-07-23T19:29:08.5444302Z  * [new tag]             v0.13.2-rc.1                -> v0.13.2-rc.1
2025-07-23T19:29:08.5445845Z  * [new tag]             v0.13.2-rc.2                -> v0.13.2-rc.2
2025-07-23T19:29:08.5447679Z  * [new tag]             v0.13.2-stake-sampling      -> v0.13.2-stake-sampling
2025-07-23T19:29:08.5449367Z  * [new tag]             v0.13.2-stake-sampling.2    -> v0.13.2-stake-sampling.2
2025-07-23T19:29:08.5450771Z  * [new tag]             v0.13.3                     -> v0.13.3
2025-07-23T19:29:08.5452570Z  * [new tag]             v0.13.3-rc.0                -> v0.13.3-rc.0
2025-07-23T19:29:08.5454347Z  * [new tag]             v0.13.3-rc.1                -> v0.13.3-rc.1
2025-07-23T19:29:08.5456267Z  * [new tag]             v0.13.3-rc.2                -> v0.13.3-rc.2
2025-07-23T19:29:08.5457923Z  * [new tag]             v0.13.4                     -> v0.13.4
2025-07-23T19:29:08.5459553Z  * [new tag]             v0.13.4-connect-self        -> v0.13.4-connect-self
2025-07-23T19:29:08.5461251Z  * [new tag]             v0.13.4-geth-1.13.8         -> v0.13.4-geth-1.13.8
2025-07-23T19:29:08.5462937Z  * [new tag]             v0.13.4-rc.0                -> v0.13.4-rc.0
2025-07-23T19:29:08.5464737Z  * [new tag]             v0.13.5                     -> v0.13.5
2025-07-23T19:29:08.5466443Z  * [new tag]             v0.13.5-rc.0                -> v0.13.5-rc.0
2025-07-23T19:29:08.5468153Z  * [new tag]             v0.13.5-remove-optional-gatherer -> v0.13.5-remove-optional-gatherer
2025-07-23T19:29:08.5469661Z  * [new tag]             v0.13.5-remove-optional-gatherer.2 -> v0.13.5-remove-optional-gatherer.2
2025-07-23T19:29:08.5471194Z  * [new tag]             v0.13.6-rc.0                -> v0.13.6-rc.0
2025-07-23T19:29:08.5472980Z  * [new tag]             v0.13.6-rc.1                -> v0.13.6-rc.1
2025-07-23T19:29:08.5474854Z  * [new tag]             v0.13.6-remove-status       -> v0.13.6-remove-status
2025-07-23T19:29:08.5476501Z  * [new tag]             v0.13.7                     -> v0.13.7
2025-07-23T19:29:08.5478214Z  * [new tag]             v0.13.7-acp-118-handlers    -> v0.13.7-acp-118-handlers
2025-07-23T19:29:08.5479561Z  * [new tag]             v0.13.7-fixed-genesis-upgrade -> v0.13.7-fixed-genesis-upgrade
2025-07-23T19:29:08.5481517Z  * [new tag]             v0.13.7-rc.0                -> v0.13.7-rc.0
2025-07-23T19:29:08.5482887Z  * [new tag]             v0.13.7-remove-status       -> v0.13.7-remove-status
2025-07-23T19:29:08.5484796Z  * [new tag]             v0.13.8                     -> v0.13.8
2025-07-23T19:29:08.5486571Z  * [new tag]             v0.13.8-fix-genesis-upgrade -> v0.13.8-fix-genesis-upgrade
2025-07-23T19:29:08.5487998Z  * [new tag]             v0.13.8-fixed-genesis-upgrade -> v0.13.8-fixed-genesis-upgrade
2025-07-23T19:29:08.5489736Z  * [new tag]             v0.13.9-rc.0                -> v0.13.9-rc.0
2025-07-23T19:29:08.5491131Z  * [new tag]             v0.13.9-rc.1                -> v0.13.9-rc.1
2025-07-23T19:29:08.5493118Z  * [new tag]             v0.13.9-rc.2-encapsulate-signer -> v0.13.9-rc.2-encapsulate-signer
2025-07-23T19:29:08.5494861Z  * [new tag]             v0.13.9-rc.3-acp118-nodeid  -> v0.13.9-rc.3-acp118-nodeid
2025-07-23T19:29:08.5496620Z  * [new tag]             v0.13.9-rc.3-acp118-nodeid2 -> v0.13.9-rc.3-acp118-nodeid2
2025-07-23T19:29:08.5498018Z  * [new tag]             v0.13.9-rc.3-acp118-nodeid3 -> v0.13.9-rc.3-acp118-nodeid3
2025-07-23T19:29:08.5500072Z  * [new tag]             v0.14.0                     -> v0.14.0
2025-07-23T19:29:08.5501744Z  * [new tag]             v0.14.1-acp-176.0           -> v0.14.1-acp-176.0
2025-07-23T19:29:08.5503410Z  * [new tag]             v0.14.1-acp-176.1           -> v0.14.1-acp-176.1
2025-07-23T19:29:08.5505516Z  * [new tag]             v0.14.1-libevm.rc.1         -> v0.14.1-libevm.rc.1
2025-07-23T19:29:08.5507249Z  * [new tag]             v0.14.1-libevm.rc.2         -> v0.14.1-libevm.rc.2
2025-07-23T19:29:08.5508921Z  * [new tag]             v0.14.1-rc.0                -> v0.14.1-rc.0
2025-07-23T19:29:08.5510593Z  * [new tag]             v0.14.1-rc.1                -> v0.14.1-rc.1
2025-07-23T19:29:08.5512275Z  * [new tag]             v0.14.1-rc.2                -> v0.14.1-rc.2
2025-07-23T19:29:08.5514125Z  * [new tag]             v0.14.1-rc.3                -> v0.14.1-rc.3
2025-07-23T19:29:08.5516282Z  * [new tag]             v0.14.1-rename-fortuna.0    -> v0.14.1-rename-fortuna.0
2025-07-23T19:29:08.5517727Z  * [new tag]             v0.14.1-update-fee-api.0    -> v0.14.1-update-fee-api.0
2025-07-23T19:29:08.5519584Z  * [new tag]             v0.14.2-verify-interface    -> v0.14.2-verify-interface
2025-07-23T19:29:08.5521366Z  * [new tag]             v0.14.2-verify-interface2   -> v0.14.2-verify-interface2
2025-07-23T19:29:08.5523104Z  * [new tag]             v0.14.2-verify-interface3   -> v0.14.2-verify-interface3
2025-07-23T19:29:08.5524994Z  * [new tag]             v0.14.2-verify-interface4   -> v0.14.2-verify-interface4
2025-07-23T19:29:08.5526807Z  * [new tag]             v0.14.2-verify-interface5   -> v0.14.2-verify-interface5
2025-07-23T19:29:08.5528269Z  * [new tag]             v0.14.2-verify-interface6   -> v0.14.2-verify-interface6
2025-07-23T19:29:08.5530023Z  * [new tag]             v0.15.0                     -> v0.15.0
2025-07-23T19:29:08.5531781Z  * [new tag]             v0.15.0-rc.0                -> v0.15.0-rc.0
2025-07-23T19:29:08.5533161Z  * [new tag]             v0.15.0-rc.1                -> v0.15.0-rc.1
2025-07-23T19:29:08.5535213Z  * [new tag]             v0.15.1                     -> v0.15.1
2025-07-23T19:29:08.5537042Z  * [new tag]             v0.15.1-rc.0                -> v0.15.1-rc.0
2025-07-23T19:29:08.5538602Z  * [new tag]             v0.15.1-rc.1                -> v0.15.1-rc.1
2025-07-23T19:29:08.5540455Z  * [new tag]             v0.15.2                     -> v0.15.2
2025-07-23T19:29:08.5542235Z  * [new tag]             v0.15.2-rc.0                -> v0.15.2-rc.0
2025-07-23T19:29:08.5544131Z  * [new tag]             v0.15.3-rc.0                -> v0.15.3-rc.0
2025-07-23T19:29:08.5545930Z  * [new tag]             v0.15.3-rc.1                -> v0.15.3-rc.1
2025-07-23T19:29:08.5547561Z  * [new tag]             v0.2.0                      -> v0.2.0
2025-07-23T19:29:08.5549216Z  * [new tag]             v0.2.1                      -> v0.2.1
2025-07-23T19:29:08.5551075Z  * [new tag]             v0.2.10                     -> v0.2.10
2025-07-23T19:29:08.5552434Z  * [new tag]             v0.2.11                     -> v0.2.11
2025-07-23T19:29:08.5554330Z  * [new tag]             v0.2.12                     -> v0.2.12
2025-07-23T19:29:08.5556782Z  * [new tag]             v0.2.12-rc.1                -> v0.2.12-rc.1
2025-07-23T19:29:08.5558318Z  * [new tag]             v0.2.13                     -> v0.2.13
2025-07-23T19:29:08.5559818Z  * [new tag]             v0.2.14                     -> v0.2.14
2025-07-23T19:29:08.5561554Z  * [new tag]             v0.2.14-rc.1                -> v0.2.14-rc.1
2025-07-23T19:29:08.5562916Z  * [new tag]             v0.2.15                     -> v0.2.15
2025-07-23T19:29:08.5564804Z  * [new tag]             v0.2.15-rc.1                -> v0.2.15-rc.1
2025-07-23T19:29:08.5566147Z  * [new tag]             v0.2.15-rc.2                -> v0.2.15-rc.2
2025-07-23T19:29:08.5568040Z  * [new tag]             v0.2.15-rc.3                -> v0.2.15-rc.3
2025-07-23T19:29:08.5569329Z  * [new tag]             v0.2.15-rc.4                -> v0.2.15-rc.4
2025-07-23T19:29:08.5570638Z  * [new tag]             v0.2.2                      -> v0.2.2
2025-07-23T19:29:08.5572352Z  * [new tag]             v0.2.3                      -> v0.2.3
2025-07-23T19:29:08.5573700Z  * [new tag]             v0.2.4                      -> v0.2.4
2025-07-23T19:29:08.5575746Z  * [new tag]             v0.2.5                      -> v0.2.5
2025-07-23T19:29:08.5577068Z  * [new tag]             v0.2.6                      -> v0.2.6
2025-07-23T19:29:08.5578599Z  * [new tag]             v0.2.7-rc.1                 -> v0.2.7-rc.1
2025-07-23T19:29:08.5580153Z  * [new tag]             v0.2.7-rc.2                 -> v0.2.7-rc.2
2025-07-23T19:29:08.5581620Z  * [new tag]             v0.2.7-rc.3                 -> v0.2.7-rc.3
2025-07-23T19:29:08.5583239Z  * [new tag]             v0.2.7-rc.4                 -> v0.2.7-rc.4
2025-07-23T19:29:08.5584820Z  * [new tag]             v0.2.8                      -> v0.2.8
2025-07-23T19:29:08.5586513Z  * [new tag]             v0.2.8-rc.1                 -> v0.2.8-rc.1
2025-07-23T19:29:08.5588065Z  * [new tag]             v0.2.8-rc.2                 -> v0.2.8-rc.2
2025-07-23T19:29:08.5589420Z  * [new tag]             v0.2.8-rc.3                 -> v0.2.8-rc.3
2025-07-23T19:29:08.5591150Z  * [new tag]             v0.2.8-rc.4                 -> v0.2.8-rc.4
2025-07-23T19:29:08.5592476Z  * [new tag]             v0.2.8-rc.5                 -> v0.2.8-rc.5
2025-07-23T19:29:08.5594299Z  * [new tag]             v0.2.8-rc.6                 -> v0.2.8-rc.6
2025-07-23T19:29:08.5596072Z  * [new tag]             v0.3.0-rc.1                 -> v0.3.0-rc.1
2025-07-23T19:29:08.5597602Z  * [new tag]             v0.3.0-rc.2                 -> v0.3.0-rc.2
2025-07-23T19:29:08.5599305Z  * [new tag]             v0.3.0-rc.3                 -> v0.3.0-rc.3
2025-07-23T19:29:08.5600509Z  * [new tag]             v0.3.0-rc.4                 -> v0.3.0-rc.4
2025-07-23T19:29:08.5602272Z  * [new tag]             v0.3.0-rc.5                 -> v0.3.0-rc.5
2025-07-23T19:29:08.5604040Z  * [new tag]             v0.3.0-rc.6                 -> v0.3.0-rc.6
2025-07-23T19:29:08.5605691Z  * [new tag]             v0.3.1                      -> v0.3.1
2025-07-23T19:29:08.5607311Z  * [new tag]             v0.3.1-rc.1                 -> v0.3.1-rc.1
2025-07-23T19:29:08.5608711Z  * [new tag]             v0.3.1-rc.2                 -> v0.3.1-rc.2
2025-07-23T19:29:08.5610452Z  * [new tag]             v0.3.10                     -> v0.3.10
2025-07-23T19:29:08.5611825Z  * [new tag]             v0.3.11                     -> v0.3.11
2025-07-23T19:29:08.5613386Z  * [new tag]             v0.3.11-update-id           -> v0.3.11-update-id
2025-07-23T19:29:08.5614844Z  * [new tag]             v0.3.11-update-id-2         -> v0.3.11-update-id-2
2025-07-23T19:29:08.5616732Z  * [new tag]             v0.3.11-update-id-3         -> v0.3.11-update-id-3
2025-07-23T19:29:08.5618078Z  * [new tag]             v0.3.12                     -> v0.3.12
2025-07-23T19:29:08.5620166Z  * [new tag]             v0.3.12-id-update           -> v0.3.12-id-update
2025-07-23T19:29:08.5621279Z  * [new tag]             v0.3.13                     -> v0.3.13
2025-07-23T19:29:08.5623060Z  * [new tag]             v0.3.14                     -> v0.3.14
2025-07-23T19:29:08.5624893Z  * [new tag]             v0.3.15                     -> v0.3.15
2025-07-23T19:29:08.5626579Z  * [new tag]             v0.3.15-rc.1                -> v0.3.15-rc.1
2025-07-23T19:29:08.5628155Z  * [new tag]             v0.3.15-rc.2                -> v0.3.15-rc.2
2025-07-23T19:29:08.5629936Z  * [new tag]             v0.3.16                     -> v0.3.16
2025-07-23T19:29:08.5631594Z  * [new tag]             v0.3.17                     -> v0.3.17
2025-07-23T19:29:08.5633228Z  * [new tag]             v0.3.17-rc.1                -> v0.3.17-rc.1
2025-07-23T19:29:08.5634736Z  * [new tag]             v0.3.18                     -> v0.3.18
2025-07-23T19:29:08.5636650Z  * [new tag]             v0.3.18-rc.1                -> v0.3.18-rc.1
2025-07-23T19:29:08.5638343Z  * [new tag]             v0.3.18-rc.2                -> v0.3.18-rc.2
2025-07-23T19:29:08.5639961Z  * [new tag]             v0.3.19                     -> v0.3.19
2025-07-23T19:29:08.5641598Z  * [new tag]             v0.3.19-rc.1                -> v0.3.19-rc.1
2025-07-23T19:29:08.5643364Z  * [new tag]             v0.3.2                      -> v0.3.2
2025-07-23T19:29:08.5645341Z  * [new tag]             v0.3.20                     -> v0.3.20
2025-07-23T19:29:08.5647202Z  * [new tag]             v0.3.20-rc.1                -> v0.3.20-rc.1
2025-07-23T19:29:08.5669159Z  * [new tag]             v0.3.20-rc.2                -> v0.3.20-rc.2
2025-07-23T19:29:08.5675188Z  * [new tag]             v0.3.20-rc.3                -> v0.3.20-rc.3
2025-07-23T19:29:08.5675943Z  * [new tag]             v0.3.20-rc.4                -> v0.3.20-rc.4
2025-07-23T19:29:08.5676601Z  * [new tag]             v0.3.21                     -> v0.3.21
2025-07-23T19:29:08.5677264Z  * [new tag]             v0.3.21-rc.1                -> v0.3.21-rc.1
2025-07-23T19:29:08.5677922Z  * [new tag]             v0.3.22                     -> v0.3.22
2025-07-23T19:29:08.5678550Z  * [new tag]             v0.3.23                     -> v0.3.23
2025-07-23T19:29:08.5679172Z  * [new tag]             v0.3.24                     -> v0.3.24
2025-07-23T19:29:08.5679806Z  * [new tag]             v0.3.24-rc.1                -> v0.3.24-rc.1
2025-07-23T19:29:08.5680463Z  * [new tag]             v0.3.25                     -> v0.3.25
2025-07-23T19:29:08.5681103Z  * [new tag]             v0.3.25-rc.1                -> v0.3.25-rc.1
2025-07-23T19:29:08.5681778Z  * [new tag]             v0.3.26                     -> v0.3.26
2025-07-23T19:29:08.5682440Z  * [new tag]             v0.3.27                     -> v0.3.27
2025-07-23T19:29:08.5683101Z  * [new tag]             v0.3.27-rc.1                -> v0.3.27-rc.1
2025-07-23T19:29:08.5683756Z  * [new tag]             v0.3.3-rc.1                 -> v0.3.3-rc.1
2025-07-23T19:29:08.5684621Z  * [new tag]             v0.3.3-rc.2                 -> v0.3.3-rc.2
2025-07-23T19:29:08.5685294Z  * [new tag]             v0.3.3-rc.3                 -> v0.3.3-rc.3
2025-07-23T19:29:08.5685988Z  * [new tag]             v0.3.3-rc.4                 -> v0.3.3-rc.4
2025-07-23T19:29:08.5686626Z  * [new tag]             v0.3.3-rc.5                 -> v0.3.3-rc.5
2025-07-23T19:29:08.5687258Z  * [new tag]             v0.3.3-rc.6                 -> v0.3.3-rc.6
2025-07-23T19:29:08.5687900Z  * [new tag]             v0.3.3-rc.7                 -> v0.3.3-rc.7
2025-07-23T19:29:08.5688523Z  * [new tag]             v0.3.4                      -> v0.3.4
2025-07-23T19:29:08.5689156Z  * [new tag]             v0.3.5                      -> v0.3.5
2025-07-23T19:29:08.5689785Z  * [new tag]             v0.3.5-rc.1                 -> v0.3.5-rc.1
2025-07-23T19:29:08.5690449Z  * [new tag]             v0.3.5-rc.2                 -> v0.3.5-rc.2
2025-07-23T19:29:08.5691929Z  * [new tag]             v0.3.5-rc.3                 -> v0.3.5-rc.3
2025-07-23T19:29:08.5693327Z  * [new tag]             v0.3.6                      -> v0.3.6
2025-07-23T19:29:08.5695733Z  * [new tag]             v0.3.7                      -> v0.3.7
2025-07-23T19:29:08.5697064Z  * [new tag]             v0.3.8                      -> v0.3.8
2025-07-23T19:29:08.5698624Z  * [new tag]             v0.3.9                      -> v0.3.9
2025-07-23T19:29:08.5700641Z  * [new tag]             v0.4.0                      -> v0.4.0
2025-07-23T19:29:08.5702234Z  * [new tag]             v0.4.0-rc.1                 -> v0.4.0-rc.1
2025-07-23T19:29:08.5704266Z  * [new tag]             v0.4.0-rc.2                 -> v0.4.0-rc.2
2025-07-23T19:29:08.5705976Z  * [new tag]             v0.4.0-rc.3                 -> v0.4.0-rc.3
2025-07-23T19:29:08.5707840Z  * [new tag]             v0.4.0-rc.4                 -> v0.4.0-rc.4
2025-07-23T19:29:08.5709364Z  * [new tag]             v0.4.0-rc.5                 -> v0.4.0-rc.5
2025-07-23T19:29:08.5711357Z  * [new tag]             v0.4.0-rc.6                 -> v0.4.0-rc.6
2025-07-23T19:29:08.5712931Z  * [new tag]             v0.4.0-rc.7                 -> v0.4.0-rc.7
2025-07-23T19:29:08.5715099Z  * [new tag]             v0.4.0-rc.8                 -> v0.4.0-rc.8
2025-07-23T19:29:08.5716595Z  * [new tag]             v0.4.1                      -> v0.4.1
2025-07-23T19:29:08.5718231Z  * [new tag]             v0.4.1-rc.1                 -> v0.4.1-rc.1
2025-07-23T19:29:08.5719992Z  * [new tag]             v0.4.2                      -> v0.4.2
2025-07-23T19:29:08.5722042Z  * [new tag]             v0.4.2-rc.1                 -> v0.4.2-rc.1
2025-07-23T19:29:08.5723588Z  * [new tag]             v0.4.2-rc.2                 -> v0.4.2-rc.2
2025-07-23T19:29:08.5725794Z  * [new tag]             v0.4.2-rc.3                 -> v0.4.2-rc.3
2025-07-23T19:29:08.5727254Z  * [new tag]             v0.4.2-rc.4                 -> v0.4.2-rc.4
2025-07-23T19:29:08.5729329Z  * [new tag]             v0.4.3-rc.1                 -> v0.4.3-rc.1
2025-07-23T19:29:08.5730855Z  * [new tag]             v0.4.3-rc.2                 -> v0.4.3-rc.2
2025-07-23T19:29:08.5732707Z  * [new tag]             v0.4.3-rc.3                 -> v0.4.3-rc.3
2025-07-23T19:29:08.5734462Z  * [new tag]             v0.4.3-rc.4                 -> v0.4.3-rc.4
2025-07-23T19:29:08.5736429Z  * [new tag]             v0.5.0                      -> v0.5.0
2025-07-23T19:29:08.5738357Z  * [new tag]             v0.5.0-rc.1                 -> v0.5.0-rc.1
2025-07-23T19:29:08.5739965Z  * [new tag]             v0.5.0-rc.2                 -> v0.5.0-rc.2
2025-07-23T19:29:08.5741856Z  * [new tag]             v0.5.1                      -> v0.5.1
2025-07-23T19:29:08.5743465Z  * [new tag]             v0.5.1-metervm              -> v0.5.1-metervm
2025-07-23T19:29:08.5745271Z  * [new tag]             v0.5.1-metervm2             -> v0.5.1-metervm2
2025-07-23T19:29:08.5747259Z  * [new tag]             v0.5.1-rc.1                 -> v0.5.1-rc.1
2025-07-23T19:29:08.5748532Z  * [new tag]             v0.5.1-rc.2                 -> v0.5.1-rc.2
2025-07-23T19:29:08.5750472Z  * [new tag]             v0.5.2                      -> v0.5.2
2025-07-23T19:29:08.5752081Z  * [new tag]             v0.5.2-pre-upgrade.1        -> v0.5.2-pre-upgrade.1
2025-07-23T19:29:08.5753625Z  * [new tag]             v0.5.2-rc.1                 -> v0.5.2-rc.1
2025-07-23T19:29:08.5755918Z  * [new tag]             v0.5.2-rc.2                 -> v0.5.2-rc.2
2025-07-23T19:29:08.5757699Z  * [new tag]             v0.5.2-rc.3                 -> v0.5.2-rc.3
2025-07-23T19:29:08.5759245Z  * [new tag]             v0.5.2-rc.4                 -> v0.5.2-rc.4
2025-07-23T19:29:08.5761293Z  * [new tag]             v0.5.2-rc.5                 -> v0.5.2-rc.5
2025-07-23T19:29:08.5762810Z  * [new tag]             v0.5.3                      -> v0.5.3
2025-07-23T19:29:08.5764522Z  * [new tag]             v0.5.3-metervm3             -> v0.5.3-metervm3
2025-07-23T19:29:08.5766395Z  * [new tag]             v0.5.3-metervm4             -> v0.5.3-metervm4
2025-07-23T19:29:08.5768188Z  * [new tag]             v0.5.3-rc.1                 -> v0.5.3-rc.1
2025-07-23T19:29:08.5769685Z  * [new tag]             v0.5.3-rc.2                 -> v0.5.3-rc.2
2025-07-23T19:29:08.5771688Z  * [new tag]             v0.5.4                      -> v0.5.4
2025-07-23T19:29:08.5773518Z  * [new tag]             v0.5.4-rc.1                 -> v0.5.4-rc.1
2025-07-23T19:29:08.5775617Z  * [new tag]             v0.5.4-rc.10                -> v0.5.4-rc.10
2025-07-23T19:29:08.5777398Z  * [new tag]             v0.5.4-rc.11                -> v0.5.4-rc.11
2025-07-23T19:29:08.5779453Z  * [new tag]             v0.5.4-rc.12                -> v0.5.4-rc.12
2025-07-23T19:29:08.5780799Z  * [new tag]             v0.5.4-rc.13                -> v0.5.4-rc.13
2025-07-23T19:29:08.5782903Z  * [new tag]             v0.5.4-rc.2                 -> v0.5.4-rc.2
2025-07-23T19:29:08.5785028Z  * [new tag]             v0.5.4-rc.3                 -> v0.5.4-rc.3
2025-07-23T19:29:08.5786980Z  * [new tag]             v0.5.4-rc.4                 -> v0.5.4-rc.4
2025-07-23T19:29:08.5788891Z  * [new tag]             v0.5.4-rc.5                 -> v0.5.4-rc.5
2025-07-23T19:29:08.5791007Z  * [new tag]             v0.5.4-rc.6                 -> v0.5.4-rc.6
2025-07-23T19:29:08.5792814Z  * [new tag]             v0.5.4-rc.7                 -> v0.5.4-rc.7
2025-07-23T19:29:08.5794491Z  * [new tag]             v0.5.4-rc.8                 -> v0.5.4-rc.8
2025-07-23T19:29:08.5796833Z  * [new tag]             v0.5.4-rc.9                 -> v0.5.4-rc.9
2025-07-23T19:29:08.5798219Z  * [new tag]             v0.5.5                      -> v0.5.5
2025-07-23T19:29:08.5800155Z  * [new tag]             v0.5.5-rc.0                 -> v0.5.5-rc.0
2025-07-23T19:29:08.5801942Z  * [new tag]             v0.5.5-rc.1                 -> v0.5.5-rc.1
2025-07-23T19:29:08.5804096Z  * [new tag]             v0.5.6                      -> v0.5.6
2025-07-23T19:29:08.5805938Z  * [new tag]             v0.5.6-rc.0                 -> v0.5.6-rc.0
2025-07-23T19:29:08.5807745Z  * [new tag]             v0.5.6-rc.1                 -> v0.5.6-rc.1
2025-07-23T19:29:08.5809592Z  * [new tag]             v0.5.6-rc.2                 -> v0.5.6-rc.2
2025-07-23T19:29:08.5811572Z  * [new tag]             v0.5.6-rc.3                 -> v0.5.6-rc.3
2025-07-23T19:29:08.5813365Z  * [new tag]             v0.5.6-rc.4                 -> v0.5.6-rc.4
2025-07-23T19:29:08.5815179Z  * [new tag]             v0.5.6-rc.5                 -> v0.5.6-rc.5
2025-07-23T19:29:08.5816652Z  * [new tag]             v0.5.6-rc.6                 -> v0.5.6-rc.6
2025-07-23T19:29:08.5818762Z  * [new tag]             v0.5.7                      -> v0.5.7
2025-07-23T19:29:08.5820582Z  * [new tag]             v0.5.7-rc.0                 -> v0.5.7-rc.0
2025-07-23T19:29:08.5822510Z  * [new tag]             v0.5.7-rc.1                 -> v0.5.7-rc.1
2025-07-23T19:29:08.5824835Z  * [new tag]             v0.6.0                      -> v0.6.0
2025-07-23T19:29:08.5826934Z  * [new tag]             v0.6.0-rc.0                 -> v0.6.0-rc.0
2025-07-23T19:29:08.5828305Z  * [new tag]             v0.6.0-rc.1                 -> v0.6.0-rc.1
2025-07-23T19:29:08.5830341Z  * [new tag]             v0.6.1                      -> v0.6.1
2025-07-23T19:29:08.5832061Z  * [new tag]             v0.6.1-rc.0                 -> v0.6.1-rc.0
2025-07-23T19:29:08.5834195Z  * [new tag]             v0.6.1-rc.1                 -> v0.6.1-rc.1
2025-07-23T19:29:08.5836267Z  * [new tag]             v0.6.1-rc.2                 -> v0.6.1-rc.2
2025-07-23T19:29:08.5837636Z  * [new tag]             v0.6.1-rc.3                 -> v0.6.1-rc.3
2025-07-23T19:29:08.5839742Z  * [new tag]             v0.6.2                      -> v0.6.2
2025-07-23T19:29:08.5841049Z  * [new tag]             v0.6.2-rc.0                 -> v0.6.2-rc.0
2025-07-23T19:29:08.5843061Z  * [new tag]             v0.6.3                      -> v0.6.3
2025-07-23T19:29:08.5844775Z  * [new tag]             v0.6.3-rc.0                 -> v0.6.3-rc.0
2025-07-23T19:29:08.5846760Z  * [new tag]             v0.6.3-rc.1                 -> v0.6.3-rc.1
2025-07-23T19:29:08.5848767Z  * [new tag]             v0.6.4-rc.0                 -> v0.6.4-rc.0
2025-07-23T19:29:08.5850681Z  * [new tag]             v0.7.0                      -> v0.7.0
2025-07-23T19:29:08.5853081Z  * [new tag]             v0.7.0-rc.0                 -> v0.7.0-rc.0
2025-07-23T19:29:08.5854490Z  * [new tag]             v0.7.0-rc.1                 -> v0.7.0-rc.1
2025-07-23T19:29:08.5856671Z  * [new tag]             v0.7.0-rc.10                -> v0.7.0-rc.10
2025-07-23T19:29:08.5858177Z  * [new tag]             v0.7.0-rc.11                -> v0.7.0-rc.11
2025-07-23T19:29:08.5859967Z  * [new tag]             v0.7.0-rc.12                -> v0.7.0-rc.12
2025-07-23T19:29:08.5861707Z  * [new tag]             v0.7.0-rc.13                -> v0.7.0-rc.13
2025-07-23T19:29:08.5863232Z  * [new tag]             v0.7.0-rc.14                -> v0.7.0-rc.14
2025-07-23T19:29:08.5864823Z  * [new tag]             v0.7.0-rc.2                 -> v0.7.0-rc.2
2025-07-23T19:29:08.5866634Z  * [new tag]             v0.7.0-rc.3                 -> v0.7.0-rc.3
2025-07-23T19:29:08.5868276Z  * [new tag]             v0.7.0-rc.4                 -> v0.7.0-rc.4
2025-07-23T19:29:08.5869924Z  * [new tag]             v0.7.0-rc.5                 -> v0.7.0-rc.5
2025-07-23T19:29:08.5871741Z  * [new tag]             v0.7.0-rc.6                 -> v0.7.0-rc.6
2025-07-23T19:29:08.5873170Z  * [new tag]             v0.7.0-rc.8                 -> v0.7.0-rc.8
2025-07-23T19:29:08.5875094Z  * [new tag]             v0.7.0-rc.9                 -> v0.7.0-rc.9
2025-07-23T19:29:08.5876716Z  * [new tag]             v0.7.1                      -> v0.7.1
2025-07-23T19:29:08.5878440Z  * [new tag]             v0.7.1-rc.0                 -> v0.7.1-rc.0
2025-07-23T19:29:08.5879901Z  * [new tag]             v0.7.1-rc.1                 -> v0.7.1-rc.1
2025-07-23T19:29:08.5881147Z  * [new tag]             v0.7.1-rc.2                 -> v0.7.1-rc.2
2025-07-23T19:29:08.5882971Z  * [new tag]             v0.7.2                      -> v0.7.2
2025-07-23T19:29:08.5884306Z  * [new tag]             v0.7.2-rc.0                 -> v0.7.2-rc.0
2025-07-23T19:29:08.5885734Z  * [new tag]             v0.7.2-rc.1                 -> v0.7.2-rc.1
2025-07-23T19:29:08.5887322Z  * [new tag]             v0.7.3-rc.0                 -> v0.7.3-rc.0
2025-07-23T19:29:08.5888688Z  * [new tag]             v0.7.3-rc.1                 -> v0.7.3-rc.1
2025-07-23T19:29:08.5890462Z  * [new tag]             v0.7.3-rc.2                 -> v0.7.3-rc.2
2025-07-23T19:29:08.5891744Z  * [new tag]             v0.7.3-rc.3                 -> v0.7.3-rc.3
2025-07-23T19:29:08.5893621Z  * [new tag]             v0.7.4                      -> v0.7.4
2025-07-23T19:29:08.5894883Z  * [new tag]             v0.7.4-rc.0                 -> v0.7.4-rc.0
2025-07-23T19:29:08.5896309Z  * [new tag]             v0.7.4-rc.1                 -> v0.7.4-rc.1
2025-07-23T19:29:08.5897984Z  * [new tag]             v0.7.5                      -> v0.7.5
2025-07-23T19:29:08.5899239Z  * [new tag]             v0.7.5-rc.0                 -> v0.7.5-rc.0
2025-07-23T19:29:08.5900964Z  * [new tag]             v0.7.5-rc.1                 -> v0.7.5-rc.1
2025-07-23T19:29:08.5902066Z  * [new tag]             v0.7.5-rc.2                 -> v0.7.5-rc.2
2025-07-23T19:29:08.5903749Z  * [new tag]             v0.8.0                      -> v0.8.0
2025-07-23T19:29:08.5905587Z  * [new tag]             v0.8.0-rc.0                 -> v0.8.0-rc.0
2025-07-23T19:29:08.5907331Z  * [new tag]             v0.8.0-rc.1                 -> v0.8.0-rc.1
2025-07-23T19:29:08.5908777Z  * [new tag]             v0.8.0-rc.2                 -> v0.8.0-rc.2
2025-07-23T19:29:08.5910194Z  * [new tag]             v0.8.0-rc.3                 -> v0.8.0-rc.3
2025-07-23T19:29:08.5911940Z  * [new tag]             v0.8.1-rc.0                 -> v0.8.1-rc.0
2025-07-23T19:29:08.5913559Z  * [new tag]             v0.8.1-rc.1                 -> v0.8.1-rc.1
2025-07-23T19:29:08.5915119Z  * [new tag]             v0.8.1-rc.2                 -> v0.8.1-rc.2
2025-07-23T19:29:08.5917098Z  * [new tag]             v0.8.10                     -> v0.8.10
2025-07-23T19:29:08.5918273Z  * [new tag]             v0.8.10-rc.0                -> v0.8.10-rc.0
2025-07-23T19:29:08.5928245Z  * [new tag]             v0.8.10-rc.1                -> v0.8.10-rc.1
2025-07-23T19:29:08.5929883Z  * [new tag]             v0.8.10-rc.2                -> v0.8.10-rc.2
2025-07-23T19:29:08.5931393Z  * [new tag]             v0.8.10-rc.3                -> v0.8.10-rc.3
2025-07-23T19:29:08.5932761Z  * [new tag]             v0.8.10-rc.4                -> v0.8.10-rc.4
2025-07-23T19:29:08.5934421Z  * [new tag]             v0.8.10-rc.5                -> v0.8.10-rc.5
2025-07-23T19:29:08.5936309Z  * [new tag]             v0.8.10-rc.6                -> v0.8.10-rc.6
2025-07-23T19:29:08.5937412Z  * [new tag]             v0.8.10-rc.7                -> v0.8.10-rc.7
2025-07-23T19:29:08.5939132Z  * [new tag]             v0.8.11                     -> v0.8.11
2025-07-23T19:29:08.5940980Z  * [new tag]             v0.8.11-rc.0                -> v0.8.11-rc.0
2025-07-23T19:29:08.5942014Z  * [new tag]             v0.8.11-rc.1                -> v0.8.11-rc.1
2025-07-23T19:29:08.5943641Z  * [new tag]             v0.8.11-rc.10               -> v0.8.11-rc.10
2025-07-23T19:29:08.5945103Z  * [new tag]             v0.8.11-rc.11               -> v0.8.11-rc.11
2025-07-23T19:29:08.5946914Z  * [new tag]             v0.8.11-rc.2                -> v0.8.11-rc.2
2025-07-23T19:29:08.5948371Z  * [new tag]             v0.8.11-rc.4                -> v0.8.11-rc.4
2025-07-23T19:29:08.5950094Z  * [new tag]             v0.8.11-rc.5                -> v0.8.11-rc.5
2025-07-23T19:29:08.5951152Z  * [new tag]             v0.8.11-rc.6                -> v0.8.11-rc.6
2025-07-23T19:29:08.5952668Z  * [new tag]             v0.8.11-rc.7                -> v0.8.11-rc.7
2025-07-23T19:29:08.5954784Z  * [new tag]             v0.8.11-rc.8                -> v0.8.11-rc.8
2025-07-23T19:29:08.5957002Z  * [new tag]             v0.8.11-rc.9                -> v0.8.11-rc.9
2025-07-23T19:29:08.5958638Z  * [new tag]             v0.8.12                     -> v0.8.12
2025-07-23T19:29:08.5961063Z  * [new tag]             v0.8.12-rc.0                -> v0.8.12-rc.0
2025-07-23T19:29:08.5962524Z  * [new tag]             v0.8.12-rc.1                -> v0.8.12-rc.1
2025-07-23T19:29:08.5964650Z  * [new tag]             v0.8.13                     -> v0.8.13
2025-07-23T19:29:08.5966628Z  * [new tag]             v0.8.13-rc.0                -> v0.8.13-rc.0
2025-07-23T19:29:08.5968583Z  * [new tag]             v0.8.13-rc.1                -> v0.8.13-rc.1
2025-07-23T19:29:08.5970175Z  * [new tag]             v0.8.13-rc.2                -> v0.8.13-rc.2
2025-07-23T19:29:08.5971954Z  * [new tag]             v0.8.13-rc.3                -> v0.8.13-rc.3
2025-07-23T19:29:08.5973676Z  * [new tag]             v0.8.13-rc.4                -> v0.8.13-rc.4
2025-07-23T19:29:08.5975151Z  * [new tag]             v0.8.13-rc.5                -> v0.8.13-rc.5
2025-07-23T19:29:08.5976868Z  * [new tag]             v0.8.14                     -> v0.8.14
2025-07-23T19:29:08.5978232Z  * [new tag]             v0.8.14-rc.0                -> v0.8.14-rc.0
2025-07-23T19:29:08.5979621Z  * [new tag]             v0.8.15                     -> v0.8.15
2025-07-23T19:29:08.5981272Z  * [new tag]             v0.8.15-rc.0                -> v0.8.15-rc.0
2025-07-23T19:29:08.5982527Z  * [new tag]             v0.8.15-rc.1                -> v0.8.15-rc.1
2025-07-23T19:29:08.5983854Z  * [new tag]             v0.8.15-rc.2                -> v0.8.15-rc.2
2025-07-23T19:29:08.5985783Z  * [new tag]             v0.8.16                     -> v0.8.16
2025-07-23T19:29:08.5987410Z  * [new tag]             v0.8.16-rc.0                -> v0.8.16-rc.0
2025-07-23T19:29:08.5989165Z  * [new tag]             v0.8.16-rc.1                -> v0.8.16-rc.1
2025-07-23T19:29:08.5990265Z  * [new tag]             v0.8.16-rc.2                -> v0.8.16-rc.2
2025-07-23T19:29:08.5991963Z  * [new tag]             v0.8.2                      -> v0.8.2
2025-07-23T19:29:08.5993465Z  * [new tag]             v0.8.2-rc.0                 -> v0.8.2-rc.0
2025-07-23T19:29:08.5995074Z  * [new tag]             v0.8.3                      -> v0.8.3
2025-07-23T19:29:08.5997417Z  * [new tag]             v0.8.3-rc.0                 -> v0.8.3-rc.0
2025-07-23T19:29:08.5998837Z  * [new tag]             v0.8.3-rc.1                 -> v0.8.3-rc.1
2025-07-23T19:29:08.6000152Z  * [new tag]             v0.8.3-rc.2                 -> v0.8.3-rc.2
2025-07-23T19:29:08.6001933Z  * [new tag]             v0.8.3-rc.3                 -> v0.8.3-rc.3
2025-07-23T19:29:08.6003158Z  * [new tag]             v0.8.4                      -> v0.8.4
2025-07-23T19:29:08.6005011Z  * [new tag]             v0.8.4-rc.1                 -> v0.8.4-rc.1
2025-07-23T19:29:08.6006871Z  * [new tag]             v0.8.4-rc.2                 -> v0.8.4-rc.2
2025-07-23T19:29:08.6008255Z  * [new tag]             v0.8.4-rc.3                 -> v0.8.4-rc.3
2025-07-23T19:29:08.6010069Z  * [new tag]             v0.8.4-rc0                  -> v0.8.4-rc0
2025-07-23T19:29:08.6011297Z  * [new tag]             v0.8.5                      -> v0.8.5
2025-07-23T19:29:08.6012953Z  * [new tag]             v0.8.5-rc.0                 -> v0.8.5-rc.0
2025-07-23T19:29:08.6014421Z  * [new tag]             v0.8.5-rc.1                 -> v0.8.5-rc.1
2025-07-23T19:29:08.6015745Z  * [new tag]             v0.8.5-rc.2                 -> v0.8.5-rc.2
2025-07-23T19:29:08.6017912Z  * [new tag]             v0.8.6                      -> v0.8.6
2025-07-23T19:29:08.6018974Z  * [new tag]             v0.8.6-rc.0                 -> v0.8.6-rc.0
2025-07-23T19:29:08.6020356Z  * [new tag]             v0.8.6-rc.1                 -> v0.8.6-rc.1
2025-07-23T19:29:08.6021990Z  * [new tag]             v0.8.7                      -> v0.8.7
2025-07-23T19:29:08.6023391Z  * [new tag]             v0.8.7-rc.0                 -> v0.8.7-rc.0
2025-07-23T19:29:08.6025166Z  * [new tag]             v0.8.7-rc.1                 -> v0.8.7-rc.1
2025-07-23T19:29:08.6026373Z  * [new tag]             v0.8.7-rc.2                 -> v0.8.7-rc.2
2025-07-23T19:29:08.6028137Z  * [new tag]             v0.8.8                      -> v0.8.8
2025-07-23T19:29:08.6029270Z  * [new tag]             v0.8.8-rc.0                 -> v0.8.8-rc.0
2025-07-23T19:29:08.6031042Z  * [new tag]             v0.8.9                      -> v0.8.9
2025-07-23T19:29:08.6033463Z  * [new tag]             v0.8.9-rc.0                 -> v0.8.9-rc.0
2025-07-23T19:29:08.6036698Z  * [new tag]             v0.8.9-rc.1                 -> v0.8.9-rc.1
2025-07-23T19:29:08.6037344Z  * [new tag]             v0.9.0                      -> v0.9.0
2025-07-23T19:29:08.6037961Z  * [new tag]             v0.9.0-rc.0                 -> v0.9.0-rc.0
2025-07-23T19:29:08.6038604Z  * [new tag]             v0.9.0-rc.1                 -> v0.9.0-rc.1
2025-07-23T19:29:08.6039292Z  * [new tag]             v0.9.0-rc.11                -> v0.9.0-rc.11
2025-07-23T19:29:08.6041164Z  * [new tag]             v0.9.0-rc.12                -> v0.9.0-rc.12
2025-07-23T19:29:08.6042359Z  * [new tag]             v0.9.0-rc.13                -> v0.9.0-rc.13
2025-07-23T19:29:08.6044326Z  * [new tag]             v0.9.0-rc.14                -> v0.9.0-rc.14
2025-07-23T19:29:08.6046031Z  * [new tag]             v0.9.0-rc.2                 -> v0.9.0-rc.2
2025-07-23T19:29:08.6047378Z  * [new tag]             v0.9.0-rc.3                 -> v0.9.0-rc.3
2025-07-23T19:29:08.6049176Z  * [new tag]             v0.9.0-rc.4                 -> v0.9.0-rc.4
2025-07-23T19:29:08.6050604Z  * [new tag]             v0.9.0-rc.5                 -> v0.9.0-rc.5
2025-07-23T19:29:08.6052364Z  * [new tag]             v0.9.0-rc.6                 -> v0.9.0-rc.6
2025-07-23T19:29:08.6053618Z  * [new tag]             v0.9.0-rc.9                 -> v0.9.0-rc.9
2025-07-23T19:29:08.6056045Z  * [new tag]             with-avalanchego-test-pkg   -> with-avalanchego-test-pkg
2025-07-23T19:29:08.6059198Z  * [new ref]             d85ec0364204a0b3e07e9cdc140a65c53b4d6ce4 -> pull/1065/merge
2025-07-23T19:29:08.6161530Z ##[endgroup]
2025-07-23T19:29:08.6162186Z ##[group]Determining the checkout info
2025-07-23T19:29:08.6162869Z ##[endgroup]
2025-07-23T19:29:08.6168732Z [command]/usr/bin/git sparse-checkout disable
2025-07-23T19:29:08.6210127Z [command]/usr/bin/git config --local --unset-all extensions.worktreeConfig
2025-07-23T19:29:08.6236301Z ##[group]Checking out the ref
2025-07-23T19:29:08.6240655Z [command]/usr/bin/git checkout --progress --force refs/remotes/pull/1065/merge
2025-07-23T19:29:08.7375146Z Note: switching to 'refs/remotes/pull/1065/merge'.
2025-07-23T19:29:08.7375897Z 
2025-07-23T19:29:08.7376157Z You are in 'detached HEAD' state. You can look around, make experimental
2025-07-23T19:29:08.7376758Z changes and commit them, and you can discard any commits you make in this
2025-07-23T19:29:08.7377280Z state without impacting any branches by switching back to a branch.
2025-07-23T19:29:08.7377599Z 
2025-07-23T19:29:08.7377805Z If you want to create a new branch to retain commits you create, you may
2025-07-23T19:29:08.7378317Z do so (now or later) by using -c with the switch command. Example:
2025-07-23T19:29:08.7378626Z 
2025-07-23T19:29:08.7378753Z   git switch -c <new-branch-name>
2025-07-23T19:29:08.7378986Z 
2025-07-23T19:29:08.7379102Z Or undo this operation with:
2025-07-23T19:29:08.7379285Z 
2025-07-23T19:29:08.7379390Z   git switch -
2025-07-23T19:29:08.7379543Z 
2025-07-23T19:29:08.7379794Z Turn off this advice by setting config variable advice.detachedHead to false
2025-07-23T19:29:08.7380128Z 
2025-07-23T19:29:08.7380478Z HEAD is now at d85ec0364 Merge d5f0d87367784f954ad4b3b1df561902a97b92fd into 8fa714aa59bcec3f418c1cc8312789585993b1b1
2025-07-23T19:29:08.7391905Z ##[endgroup]
2025-07-23T19:29:08.7433435Z [command]/usr/bin/git log -1 --format=%H
2025-07-23T19:29:08.7455300Z d85ec0364204a0b3e07e9cdc140a65c53b4d6ce4
2025-07-23T19:29:08.7667418Z ##[group]Run actions/setup-go@v5
2025-07-23T19:29:08.7667662Z with:
2025-07-23T19:29:08.7667840Z   go-version-file: go.mod
2025-07-23T19:29:08.7668050Z   check-latest: false
2025-07-23T19:29:08.7668364Z   token: ***
2025-07-23T19:29:08.7668529Z   cache: true
2025-07-23T19:29:08.7668698Z ##[endgroup]
2025-07-23T19:29:08.9269082Z Setup go version spec 1.23.9
2025-07-23T19:29:08.9280263Z Attempting to download 1.23.9...
2025-07-23T19:29:09.2290878Z matching 1.23.9...
2025-07-23T19:29:09.2332586Z Acquiring 1.23.9 from https://github.com/actions/go-versions/releases/download/1.23.9-14875265214/go-1.23.9-linux-x64.tar.gz
2025-07-23T19:29:09.7498168Z Extracting Go...
2025-07-23T19:29:09.7602027Z [command]/usr/bin/tar xz --warning=no-unknown-keyword --overwrite -C /home/runner/work/_temp/37ec91b0-76a2-4903-b265-0c32d531296b -f /home/runner/work/_temp/76e90d44-c8d9-4477-a2a6-b1069342d5ff
2025-07-23T19:29:11.3968705Z Successfully extracted go to /home/runner/work/_temp/37ec91b0-76a2-4903-b265-0c32d531296b
2025-07-23T19:29:11.3969248Z Adding to the cache ...
2025-07-23T19:29:15.6448838Z Successfully cached go to /opt/hostedtoolcache/go/1.23.9/x64
2025-07-23T19:29:15.6449365Z Added go to the path
2025-07-23T19:29:15.6451826Z Successfully set up Go version 1.23.9
2025-07-23T19:29:15.6642434Z [command]/opt/hostedtoolcache/go/1.23.9/x64/bin/go env GOMODCACHE
2025-07-23T19:29:15.6670332Z [command]/opt/hostedtoolcache/go/1.23.9/x64/bin/go env GOCACHE
2025-07-23T19:29:15.6701238Z /home/runner/go/pkg/mod
2025-07-23T19:29:15.6715943Z /home/runner/.cache/go-build
2025-07-23T19:29:15.7377776Z Cache hit for: setup-go-Linux-x64-ubuntu24-go-1.23.9-a15cb706c721cb75cb8e60eed27be6d55e2ca35325e99af49c70a2c101d4ff4d
2025-07-23T19:29:16.7739823Z Received 226492416 of 743127682 (30.5%), 214.9 MBs/sec
2025-07-23T19:29:17.7730220Z Received 436207616 of 743127682 (58.7%), 207.5 MBs/sec
2025-07-23T19:29:18.7730408Z Received 671088640 of 743127682 (90.3%), 213.0 MBs/sec
2025-07-23T19:29:19.0758803Z Received 743127682 of 743127682 (100.0%), 214.2 MBs/sec
2025-07-23T19:29:19.0760033Z Cache Size: ~709 MB (743127682 B)
2025-07-23T19:29:19.0878232Z [command]/usr/bin/tar -xf /home/runner/work/_temp/d2a69ecc-e327-4505-a636-70e75d99984a/cache.tzst -P -C /home/runner/work/coreth/coreth --use-compress-program unzstd
2025-07-23T19:29:25.9750771Z Cache restored successfully
2025-07-23T19:29:26.1098554Z Cache restored from key: setup-go-Linux-x64-ubuntu24-go-1.23.9-a15cb706c721cb75cb8e60eed27be6d55e2ca35325e99af49c70a2c101d4ff4d
2025-07-23T19:29:26.1119486Z go version go1.23.9 linux/amd64
2025-07-23T19:29:26.1119673Z 
2025-07-23T19:29:26.1119943Z ##[group]go env
2025-07-23T19:29:26.3282528Z GO111MODULE=''
2025-07-23T19:29:26.3284081Z GOARCH='amd64'
2025-07-23T19:29:26.3284705Z GOBIN=''
2025-07-23T19:29:26.3285080Z GOCACHE='/home/runner/.cache/go-build'
2025-07-23T19:29:26.3285557Z GOENV='/home/runner/.config/go/env'
2025-07-23T19:29:26.3285946Z GOEXE=''
2025-07-23T19:29:26.3286157Z GOEXPERIMENT=''
2025-07-23T19:29:26.3286423Z GOFLAGS=''
2025-07-23T19:29:26.3286726Z GOHOSTARCH='amd64'
2025-07-23T19:29:26.3287051Z GOHOSTOS='linux'
2025-07-23T19:29:26.3287621Z GOINSECURE=''
2025-07-23T19:29:26.3287979Z GOMODCACHE='/home/runner/go/pkg/mod'
2025-07-23T19:29:26.3288242Z GONOPROXY=''
2025-07-23T19:29:26.3288414Z GONOSUMDB=''
2025-07-23T19:29:26.3288573Z GOOS='linux'
2025-07-23T19:29:26.3288752Z GOPATH='/home/runner/go'
2025-07-23T19:29:26.3289247Z GOPRIVATE=''
2025-07-23T19:29:26.3289658Z GOPROXY='https://proxy.golang.org,direct'
2025-07-23T19:29:26.3290144Z GOROOT='/opt/hostedtoolcache/go/1.23.9/x64'
2025-07-23T19:29:26.3290605Z GOSUMDB='sum.golang.org'
2025-07-23T19:29:26.3290974Z GOTMPDIR=''
2025-07-23T19:29:26.3291272Z GOTOOLCHAIN='auto'
2025-07-23T19:29:26.3291908Z GOTOOLDIR='/opt/hostedtoolcache/go/1.23.9/x64/pkg/tool/linux_amd64'
2025-07-23T19:29:26.3292465Z GOVCS=''
2025-07-23T19:29:26.3292742Z GOVERSION='go1.23.9'
2025-07-23T19:29:26.3293056Z GODEBUG=''
2025-07-23T19:29:26.3293341Z GOTELEMETRY='local'
2025-07-23T19:29:26.3294241Z GOTELEMETRYDIR='/home/runner/.config/go/telemetry'
2025-07-23T19:29:26.3294750Z GCCGO='gccgo'
2025-07-23T19:29:26.3295045Z GOAMD64='v1'
2025-07-23T19:29:26.3295326Z AR='ar'
2025-07-23T19:29:26.3295579Z CC='gcc'
2025-07-23T19:29:26.3295840Z CXX='g++'
2025-07-23T19:29:26.3296111Z CGO_ENABLED='1'
2025-07-23T19:29:26.3296489Z GOMOD='/home/runner/work/coreth/coreth/go.mod'
2025-07-23T19:29:26.3296786Z GOWORK=''
2025-07-23T19:29:26.3296962Z CGO_CFLAGS='-O2 -g'
2025-07-23T19:29:26.3297154Z CGO_CPPFLAGS=''
2025-07-23T19:29:26.3297672Z CGO_CXXFLAGS='-O2 -g'
2025-07-23T19:29:26.3297958Z CGO_FFLAGS='-O2 -g'
2025-07-23T19:29:26.3298142Z CGO_LDFLAGS='-O2 -g'
2025-07-23T19:29:26.3298356Z PKG_CONFIG='pkg-config'
2025-07-23T19:29:26.3299577Z GOGCCFLAGS='-fPIC -m64 -pthread -Wl,--no-gc-sections -fmessage-length=0 -ffile-prefix-map=/tmp/go-build906995900=/tmp/go-build -gno-record-gcc-switches'
2025-07-23T19:29:26.3300487Z 
2025-07-23T19:29:26.3300950Z ##[endgroup]
2025-07-23T19:29:26.3468494Z ##[group]Run ./scripts/run_task.sh build-avalanchego-with-coreth
2025-07-23T19:29:26.3468990Z [36;1m./scripts/run_task.sh build-avalanchego-with-coreth[0m
2025-07-23T19:29:26.3502635Z shell: /usr/bin/bash -e {0}
2025-07-23T19:29:26.3502972Z env:
2025-07-23T19:29:26.3503278Z   AVALANCHEGO_CLONE_PATH: /tmp/e2e/warp/avalanchego
2025-07-23T19:29:26.3503706Z ##[endgroup]
2025-07-23T19:29:27.4620224Z task: [build-avalanchego-with-coreth] ./scripts/build_avalanchego_with_coreth.sh
2025-07-23T19:29:27.4745354Z checking out target AvalancheGo version v1.13.3-rc.1
2025-07-23T19:29:27.4745706Z creating new clone
2025-07-23T19:29:27.4758645Z Cloning into '/tmp/e2e/warp/avalanchego'...
2025-07-23T19:29:34.6710814Z Switched to a new branch 'test-v1.13.3-rc.1'
2025-07-23T19:29:34.6722816Z updating coreth dependency to point to /home/runner/work/coreth/coreth
2025-07-23T19:29:34.7223108Z go: downloading connectrpc.com/connect v1.18.1
2025-07-23T19:29:34.7244198Z go: downloading github.com/prometheus/client_golang v1.16.0
2025-07-23T19:29:34.7283857Z go: downloading github.com/prometheus/client_model v0.3.0
2025-07-23T19:29:34.7286003Z go: downloading github.com/prometheus/common v0.42.0
2025-07-23T19:29:34.7957711Z go: downloading google.golang.org/protobuf v1.35.2
2025-07-23T19:29:34.9971377Z go: downloading github.com/jackpal/gateway v1.0.6
2025-07-23T19:29:35.0009824Z go: downloading github.com/ava-labs/simplex v0.0.0-20250626192006-220e6aeacdc1
2025-07-23T19:29:35.0157351Z go: downloading github.com/matttproud/golang_protobuf_extensions v1.0.4
2025-07-23T19:29:35.0400977Z go: downloading github.com/compose-spec/compose-go v1.20.2
2025-07-23T19:29:35.1168260Z go: downloading github.com/antithesishq/antithesis-sdk-go v0.3.8
2025-07-23T19:29:35.2134241Z go: downloading github.com/prometheus/procfs v0.10.1
2025-07-23T19:29:35.2732177Z go: downloading github.com/ava-labs/ledger-avalanche/go v0.0.0-20241009183145-e6f90a8a1a60
2025-07-23T19:29:35.3187733Z go: downloading github.com/tyler-smith/go-bip32 v1.0.0
2025-07-23T19:29:35.3529823Z go: downloading github.com/nbutton23/zxcvbn-go v0.0.0-20180912185939-ae427f1e4c1d
2025-07-23T19:29:35.3566313Z go: downloading connectrpc.com/grpcreflect v1.3.0
2025-07-23T19:29:35.3793536Z go: downloading github.com/inconshreveable/mousetrap v1.1.0
2025-07-23T19:29:35.3871352Z go: downloading github.com/distribution/reference v0.5.0
2025-07-23T19:29:35.3872471Z go: downloading github.com/docker/go-connections v0.4.0
2025-07-23T19:29:35.3885623Z go: downloading github.com/docker/go-units v0.5.0
2025-07-23T19:29:35.4010904Z go: downloading github.com/mattn/go-shellwords v1.0.12
2025-07-23T19:29:35.4032524Z go: downloading github.com/opencontainers/go-digest v1.0.0
2025-07-23T19:29:35.4047785Z go: downloading gotest.tools/v3 v3.4.0
2025-07-23T19:29:35.4192021Z go: downloading github.com/klauspost/compress v1.15.15
2025-07-23T19:29:35.4386258Z go: downloading github.com/zondax/ledger-go v1.0.0
2025-07-23T19:29:35.4532150Z go: downloading github.com/ava-labs/firewood-go-ethhash/ffi v0.0.8
2025-07-23T19:29:35.4587776Z go: downloading github.com/FactomProject/basen v0.0.0-20150613233007-fe3947df716e
2025-07-23T19:29:35.5324099Z go: downloading github.com/FactomProject/btcutilecc v0.0.0-20130527213604-d3a63a5752ec
2025-07-23T19:29:35.6012903Z go: downloading golang.org/x/oauth2 v0.21.0
2025-07-23T19:29:35.6432222Z go: downloading github.com/golang-jwt/jwt/v4 v4.5.0
2025-07-23T19:29:35.6688160Z go: downloading github.com/zondax/hid v0.9.2
2025-07-23T19:29:35.6771039Z go: downloading github.com/golang-jwt/jwt v3.2.2+incompatible
2025-07-23T19:29:35.7067987Z go: downloading github.com/cmars/basen v0.0.0-20150613233007-fe3947df716e
2025-07-23T19:29:35.7163233Z go: downloading launchpad.net/gocheck v0.0.0-20140225173054-000000000087
2025-07-23T19:29:35.7269389Z go: downloading github.com/sirupsen/logrus v1.9.0
2025-07-23T19:29:37.5539344Z building avalanchego
2025-07-23T19:29:37.5659547Z Building AvalancheGo with [go version go1.23.9 linux/amd64]...
2025-07-23T19:30:52.5253289Z ##[group]Run ava-labs/avalanchego/.github/actions/run-monitored-tmpnet-cmd@66ce7a7701db0c4b370f97b339478d5b5ebe919a
2025-07-23T19:30:52.5253808Z with:
2025-07-23T19:30:52.5254196Z   run: ./scripts/run_task.sh test-e2e-warp-ci
2025-07-23T19:30:52.5254545Z   run_env: AVALANCHEGO_BUILD_PATH=/tmp/e2e/warp/avalanchego/build
2025-07-23T19:30:52.5254856Z   artifact_prefix: warp
2025-07-23T19:30:52.5255058Z   runtime: process
2025-07-23T19:30:52.5255251Z   repository_owner: ava-labs
2025-07-23T19:30:52.5255461Z   repository_name: coreth
2025-07-23T19:30:52.5255658Z   workflow: CI
2025-07-23T19:30:52.5255833Z   run_id: 16480013789
2025-07-23T19:30:52.5256007Z   run_number: 5026
2025-07-23T19:30:52.5256182Z   run_attempt: 1
2025-07-23T19:30:52.5256351Z   job: e2e_warp
2025-07-23T19:30:52.5256542Z ##[endgroup]
2025-07-23T19:30:52.5351281Z ##[group]Run cachix/install-nix-action@02a151ada4993995686f9ed4f1be7cfbb229e56f
2025-07-23T19:30:52.5351653Z with:
2025-07-23T19:30:52.5351852Z   enable_kvm: true
2025-07-23T19:30:52.5352028Z ##[endgroup]
2025-07-23T19:30:52.5367475Z ##[group]Run ${GITHUB_ACTION_PATH}/install-nix.sh
2025-07-23T19:30:52.5367829Z [36;1m${GITHUB_ACTION_PATH}/install-nix.sh[0m
2025-07-23T19:30:52.5396780Z shell: /usr/bin/bash --noprofile --norc -e -o pipefail {0}
2025-07-23T19:30:52.5397089Z env:
2025-07-23T19:30:52.5397261Z   INPUT_EXTRA_NIX_CONFIG: 
2025-07-23T19:30:52.5397479Z   INPUT_GITHUB_ACCESS_TOKEN: 
2025-07-23T19:30:52.5397694Z   INPUT_INSTALL_OPTIONS: 
2025-07-23T19:30:52.5397888Z   INPUT_INSTALL_URL: 
2025-07-23T19:30:52.5398070Z   INPUT_NIX_PATH: 
2025-07-23T19:30:52.5398256Z   INPUT_ENABLE_KVM: true
2025-07-23T19:30:52.5398665Z   GITHUB_TOKEN: ***
2025-07-23T19:30:52.5398846Z ##[endgroup]
2025-07-23T19:30:52.5472686Z ##[group]Enabling KVM support
2025-07-23T19:30:52.5539671Z KERNEL=="kvm", GROUP="kvm", MODE="0666", OPTIONS+="static_node=kvm"
2025-07-23T19:30:52.5842697Z Enabled KVM
2025-07-23T19:30:52.5843328Z ##[endgroup]
2025-07-23T19:30:52.5844295Z ##[group]Installing Nix
2025-07-23T19:30:52.6129696Z installer options: --no-channel-add --darwin-use-unencrypted-nix-store-volume --nix-extra-conf-file /tmp/tmp.W0ihg3Z3cO/nix.conf --daemon --daemon-user-count 8
2025-07-23T19:30:52.9227146Z * Host releases.nixos.org:443 was resolved.
2025-07-23T19:30:52.9227702Z * IPv6: 2a04:4e42:77::729
2025-07-23T19:30:52.9228051Z * IPv4: 146.75.30.217
2025-07-23T19:30:52.9228381Z *   Trying 146.75.30.217:443...
2025-07-23T19:30:52.9278031Z * Connected to releases.nixos.org (146.75.30.217) port 443
2025-07-23T19:30:52.9292375Z * ALPN: curl offers h2,http/1.1
2025-07-23T19:30:52.9294145Z } [5 bytes data]
2025-07-23T19:30:52.9294908Z * TLSv1.3 (OUT), TLS handshake, Client hello (1):
2025-07-23T19:30:52.9296396Z } [512 bytes data]
2025-07-23T19:30:52.9506193Z *  CAfile: /etc/ssl/certs/ca-certificates.crt
2025-07-23T19:30:52.9506726Z *  CApath: /etc/ssl/certs
2025-07-23T19:30:52.9510348Z { [5 bytes data]
2025-07-23T19:30:52.9511148Z * TLSv1.3 (IN), TLS handshake, Server hello (2):
2025-07-23T19:30:52.9511645Z { [104 bytes data]
2025-07-23T19:30:52.9512025Z * TLSv1.2 (IN), TLS handshake, Certificate (11):
2025-07-23T19:30:52.9512476Z { [2827 bytes data]
2025-07-23T19:30:52.9513040Z * TLSv1.2 (IN), TLS handshake, Server key exchange (12):
2025-07-23T19:30:52.9513522Z { [300 bytes data]
2025-07-23T19:30:52.9514282Z * TLSv1.2 (IN), TLS handshake, Server finished (14):
2025-07-23T19:30:52.9514742Z { [4 bytes data]
2025-07-23T19:30:52.9516400Z * TLSv1.2 (OUT), TLS handshake, Client key exchange (16):
2025-07-23T19:30:52.9516902Z } [37 bytes data]
2025-07-23T19:30:52.9517335Z * TLSv1.2 (OUT), TLS change cipher, Change cipher spec (1):
2025-07-23T19:30:52.9517841Z } [1 bytes data]
2025-07-23T19:30:52.9518142Z * TLSv1.2 (OUT), TLS handshake, Finished (20):
2025-07-23T19:30:52.9518408Z } [16 bytes data]
2025-07-23T19:30:52.9570162Z * TLSv1.2 (IN), TLS handshake, Finished (20):
2025-07-23T19:30:52.9570633Z { [16 bytes data]
2025-07-23T19:30:52.9571625Z * SSL connection using TLSv1.2 / ECDHE-RSA-CHACHA20-POLY1305 / X25519 / RSASSA-PSS
2025-07-23T19:30:52.9572187Z * ALPN: server accepted h2
2025-07-23T19:30:52.9572412Z * Server certificate:
2025-07-23T19:30:52.9572631Z *  subject: CN=releases.nixos.org
2025-07-23T19:30:52.9572878Z *  start date: Oct 11 20:56:16 2024 GMT
2025-07-23T19:30:52.9573128Z *  expire date: Nov 12 20:56:15 2025 GMT
2025-07-23T19:30:52.9573504Z *  subjectAltName: host "releases.nixos.org" matched cert's "releases.nixos.org"
2025-07-23T19:30:52.9574218Z *  issuer: C=BE; O=GlobalSign nv-sa; CN=GlobalSign Atlas R3 DV TLS CA 2024 Q4
2025-07-23T19:30:52.9574581Z *  SSL certificate verify ok.
2025-07-23T19:30:52.9575008Z *   Certificate level 0: Public key type RSA (2048/112 Bits/secBits), signed using sha256WithRSAEncryption
2025-07-23T19:30:52.9575623Z *   Certificate level 1: Public key type RSA (2048/112 Bits/secBits), signed using sha256WithRSAEncryption
2025-07-23T19:30:52.9576268Z *   Certificate level 2: Public key type RSA (2048/112 Bits/secBits), signed using sha256WithRSAEncryption
2025-07-23T19:30:52.9576705Z } [5 bytes data]
2025-07-23T19:30:52.9576887Z * using HTTP/2
2025-07-23T19:30:52.9577218Z * [HTTP/2] [1] OPENED stream for https://releases.nixos.org/nix/nix-2.26.3/install
2025-07-23T19:30:52.9577576Z * [HTTP/2] [1] [:method: GET]
2025-07-23T19:30:52.9577797Z * [HTTP/2] [1] [:scheme: https]
2025-07-23T19:30:52.9578055Z * [HTTP/2] [1] [:authority: releases.nixos.org]
2025-07-23T19:30:52.9578345Z * [HTTP/2] [1] [:path: /nix/nix-2.26.3/install]
2025-07-23T19:30:52.9578604Z * [HTTP/2] [1] [user-agent: curl/8.5.0]
2025-07-23T19:30:52.9578846Z * [HTTP/2] [1] [accept: */*]
2025-07-23T19:30:52.9579066Z } [5 bytes data]
2025-07-23T19:30:52.9579264Z > GET /nix/nix-2.26.3/install HTTP/2
2025-07-23T19:30:52.9579505Z > Host: releases.nixos.org
2025-07-23T19:30:52.9579749Z > User-Agent: curl/8.5.0
2025-07-23T19:30:52.9580131Z > Accept: */*
2025-07-23T19:30:52.9580291Z > 
2025-07-23T19:30:52.9621323Z { [5 bytes data]
2025-07-23T19:30:52.9642738Z < HTTP/2 200 
2025-07-23T19:30:52.9643399Z < last-modified: Wed, 05 Mar 2025 18:21:15 GMT
2025-07-23T19:30:52.9644592Z < etag: "c6753896884bce9b95ec3ca7be157ef6"
2025-07-23T19:30:52.9645202Z < x-amz-server-side-encryption: AES256
2025-07-23T19:30:52.9645744Z < content-type: text/plain
2025-07-23T19:30:52.9646195Z < server: AmazonS3
2025-07-23T19:30:52.9646580Z < via: 1.1 varnish, 1.1 varnish
2025-07-23T19:30:52.9647058Z < access-control-allow-origin: *
2025-07-23T19:30:52.9647531Z < accept-ranges: bytes
2025-07-23T19:30:52.9647945Z < date: Wed, 23 Jul 2025 19:30:52 GMT
2025-07-23T19:30:52.9648405Z < age: 9629
2025-07-23T19:30:52.9648907Z < x-served-by: cache-dub4357-DUB, cache-iad-kiad7000142-IAD
2025-07-23T19:30:52.9649476Z < x-cache: HIT, HIT
2025-07-23T19:30:52.9649777Z < x-cache-hits: 3, 1
2025-07-23T19:30:52.9650097Z < content-length: 4267
2025-07-23T19:30:52.9650400Z < 
2025-07-23T19:30:52.9650655Z { [4267 bytes data]
2025-07-23T19:30:52.9651052Z * Connection #0 to host releases.nixos.org left intact
2025-07-23T19:30:52.9721204Z downloading Nix 2.26.3 binary tarball for x86_64-linux from 'https://releases.nixos.org/nix/nix-2.26.3/nix-2.26.3-x86_64-linux.tar.xz' to '/tmp/nix-binary-tarball-unpack.BFXbScEBNw'...
2025-07-23T19:30:52.9789527Z   % Total    % Received % Xferd  Average Speed   Time    Time     Time  Current
2025-07-23T19:30:52.9791328Z                                  Dload  Upload   Total   Spent    Left  Speed
2025-07-23T19:30:52.9792614Z 
2025-07-23T19:30:53.0430725Z   0     0    0     0    0     0      0      0 --:--:-- --:--:-- --:--:--     0
2025-07-23T19:30:53.1646756Z   0 22.6M    0  143k    0     0  2232k      0  0:00:10 --:--:--  0:00:10 2207k
2025-07-23T19:30:53.1647263Z 100 22.6M  100 22.6M    0     0   121M      0 --:--:-- --:--:-- --:--:--  121M
2025-07-23T19:30:54.7498746Z Note: a multi-user installation is possible. See https://nixos.org/manual/nix/stable/installation/installing-binary.html#multi-user-installation
2025-07-23T19:30:54.7508677Z Warning: the flag --darwin-use-unencrypted-nix-store-volume
2025-07-23T19:30:54.7509827Z          is no longer needed and will be removed in the future.
2025-07-23T19:30:54.7510220Z 
2025-07-23T19:30:54.7520167Z [1;31mSwitching to the Multi-user Installer[0m
2025-07-23T19:30:54.7620343Z [32mWelcome to the Multi-User Nix Installation
2025-07-23T19:30:54.7629734Z [0m
2025-07-23T19:30:54.7630248Z This installation tool will set up your computer with the Nix package
2025-07-23T19:30:54.7630863Z manager. This will happen in a few stages:
2025-07-23T19:30:54.7631061Z 
2025-07-23T19:30:54.7631246Z 1. Make sure your computer doesn't already have Nix. If it does, I
2025-07-23T19:30:54.7631734Z    will show you instructions on how to clean up your old install.
2025-07-23T19:30:54.7632100Z 
2025-07-23T19:30:54.7632382Z 2. Show you what I am going to install and where. Then I will ask
2025-07-23T19:30:54.7632976Z    if you are ready to continue.
2025-07-23T19:30:54.7633209Z 
2025-07-23T19:30:54.7633518Z 3. Create the system users [34m(uids [30001..30008])[0m and groups [34m(gid 30000)[0m
2025-07-23T19:30:54.7634295Z    that the Nix daemon uses to run builds. To create system users
2025-07-23T19:30:54.7634707Z    in a different range, exit and run this tool again with
2025-07-23T19:30:54.7635024Z    NIX_FIRST_BUILD_UID set.
2025-07-23T19:30:54.7635184Z 
2025-07-23T19:30:54.7635333Z 4. Perform the basic installation of the Nix files daemon.
2025-07-23T19:30:54.7635546Z 
2025-07-23T19:30:54.7635728Z 5. Configure your shell to import special Nix Profile files, so you
2025-07-23T19:30:54.7636047Z    can use Nix.
2025-07-23T19:30:54.7636159Z 
2025-07-23T19:30:54.7636241Z 6. Start the Nix daemon.
2025-07-23T19:30:54.7636373Z 
2025-07-23T19:30:54.7636628Z [32m[4;32mWould you like to see a more detailed list of what I will do?
2025-07-23T19:30:54.7637021Z [0mNo TTY, assuming you would say yes :)
2025-07-23T19:30:54.7642161Z 
2025-07-23T19:30:54.7642446Z I will:
2025-07-23T19:30:54.7642569Z 
2025-07-23T19:30:54.7642744Z  - make sure your computer doesn't already have Nix files
2025-07-23T19:30:54.7643173Z    (if it does, I will tell you how to clean them up.)
2025-07-23T19:30:54.7643846Z  - create local users (see the list above for the users I'll make)
2025-07-23T19:30:54.7644697Z  - create a local group (nixbld)
2025-07-23T19:30:54.7645009Z  - install Nix in /nix
2025-07-23T19:30:54.7645248Z  - create a configuration file in /etc/nix
2025-07-23T19:30:54.7645608Z  - set up the "default profile" by creating some Nix-related files in
2025-07-23T19:30:54.7645939Z    /root
2025-07-23T19:30:54.7657339Z  - back up /etc/bash.bashrc to /etc/bash.bashrc.backup-before-nix
2025-07-23T19:30:54.7657800Z  - update /etc/bash.bashrc to include some Nix configuration
2025-07-23T19:30:54.7668881Z  - load and start a service (at /etc/systemd/system/nix-daemon.service
2025-07-23T19:30:54.7669366Z    and /etc/systemd/system/nix-daemon.socket) for nix-daemon
2025-07-23T19:30:54.7669625Z 
2025-07-23T19:30:54.7671459Z [32m[4;32mReady to continue?
2025-07-23T19:30:54.7671997Z [0mNo TTY, assuming you would say yes :)
2025-07-23T19:30:54.7692854Z 
2025-07-23T19:30:54.7693422Z [34m---- let's talk about sudo -----------------------------------------------------
2025-07-23T19:30:54.7704576Z [0mThis script is going to call sudo a lot. Normally, it would show you
2025-07-23T19:30:54.7705351Z exactly what commands it is running and why. However, the script is
2025-07-23T19:30:54.7705718Z run in a headless fashion, like this:
2025-07-23T19:30:54.7705882Z 
2025-07-23T19:30:54.7706044Z   $ curl -L https://nixos.org/nix/install | sh
2025-07-23T19:30:54.7706357Z 
2025-07-23T19:30:54.7706634Z or maybe in a CI pipeline. Because of that, I'm going to skip the
2025-07-23T19:30:54.7707114Z verbose output in the interest of brevity.
2025-07-23T19:30:54.7707296Z 
2025-07-23T19:30:54.7707378Z If you would like to
2025-07-23T19:30:54.7707612Z see the output, try like this:
2025-07-23T19:30:54.7707759Z 
2025-07-23T19:30:54.7707937Z   $ curl -L -o install-nix https://nixos.org/nix/install
2025-07-23T19:30:54.7708234Z   $ sh ./install-nix
2025-07-23T19:30:54.7708559Z 
2025-07-23T19:30:54.7708566Z 
2025-07-23T19:30:54.7708772Z [32m~~> Checking for artifacts of previous installs
2025-07-23T19:30:54.7716889Z [0mBefore I try to install, I'll check for signs Nix already is or has
2025-07-23T19:30:54.7717483Z been installed on this system.
2025-07-23T19:30:54.7750360Z 
2025-07-23T19:30:54.7751050Z [34m---- Nix config report ---------------------------------------------------------
2025-07-23T19:30:54.7751812Z [0m[1m        Temp Dir[0m:	/tmp/tmp.eIS0LfBP7g
2025-07-23T19:30:54.7752362Z [1m        Nix Root[0m:	/nix
2025-07-23T19:30:54.7752731Z [1m     Build Users[0m:	8
2025-07-23T19:30:54.7752997Z [1m  Build Group ID[0m:	30000
2025-07-23T19:30:54.7753260Z [1mBuild Group Name[0m:	nixbld
2025-07-23T19:30:54.7753409Z 
2025-07-23T19:30:54.7753519Z [4;34mbuild users:
2025-07-23T19:30:54.7753743Z [0m[1m    Username[0m:	UID
2025-07-23T19:30:54.7780632Z [1m     nixbld1[0m:	30001
2025-07-23T19:30:54.7790757Z [1m     nixbld2[0m:	30002
2025-07-23T19:30:54.7800695Z [1m     nixbld3[0m:	30003
2025-07-23T19:30:54.7810884Z [1m     nixbld4[0m:	30004
2025-07-23T19:30:54.7820865Z [1m     nixbld5[0m:	30005
2025-07-23T19:30:54.7830787Z [1m     nixbld6[0m:	30006
2025-07-23T19:30:54.7840539Z [1m     nixbld7[0m:	30007
2025-07-23T19:30:54.7850724Z [1m     nixbld8[0m:	30008
2025-07-23T19:30:54.7851001Z 
2025-07-23T19:30:54.7851237Z [32m[4;32mReady to continue?
2025-07-23T19:30:54.7851832Z [0mNo TTY, assuming you would say yes :)
2025-07-23T19:30:54.7852317Z 
2025-07-23T19:30:54.7852616Z [32m~~> Setting up the build group nixbld
2025-07-23T19:30:54.8255214Z [0m[1m            Created[0m:	Yes
2025-07-23T19:30:54.8278009Z 
2025-07-23T19:30:54.8278412Z [32m~~> Setting up the build user nixbld1
2025-07-23T19:30:54.8428505Z useradd warning: nixbld1's uid 30001 is greater than SYS_UID_MAX 999
2025-07-23T19:30:54.8513671Z [0m[1m           Created[0m:	Yes
2025-07-23T19:30:54.8519215Z [1m            Hidden[0m:	Yes
2025-07-23T19:30:54.8537237Z [1m    Home Directory[0m:	/var/empty
2025-07-23T19:30:54.8557228Z [1m              Note[0m:	Nix build user 1
2025-07-23T19:30:54.8574927Z [1m   Logins Disabled[0m:	Yes
2025-07-23T19:30:54.8597506Z [1m  Member of nixbld[0m:	Yes
2025-07-23T19:30:54.8615469Z [1m    PrimaryGroupID[0m:	30000
2025-07-23T19:30:54.8626225Z 
2025-07-23T19:30:54.8626547Z [32m~~> Setting up the build user nixbld2
2025-07-23T19:30:54.8754882Z useradd warning: nixbld2's uid 30002 is greater than SYS_UID_MAX 999
2025-07-23T19:30:54.8834246Z [0m[1m           Created[0m:	Yes
2025-07-23T19:30:54.8839523Z [1m            Hidden[0m:	Yes
2025-07-23T19:30:54.8857393Z [1m    Home Directory[0m:	/var/empty
2025-07-23T19:30:54.8877611Z [1m              Note[0m:	Nix build user 2
2025-07-23T19:30:54.8895463Z [1m   Logins Disabled[0m:	Yes
2025-07-23T19:30:54.8913583Z [1m  Member of nixbld[0m:	Yes
2025-07-23T19:30:54.8931732Z [1m    PrimaryGroupID[0m:	30000
2025-07-23T19:30:54.8942415Z 
2025-07-23T19:30:54.8942735Z [32m~~> Setting up the build user nixbld3
2025-07-23T19:30:54.9073046Z useradd warning: nixbld3's uid 30003 is greater than SYS_UID_MAX 999
2025-07-23T19:30:54.9156812Z [0m[1m           Created[0m:	Yes
2025-07-23T19:30:54.9162029Z [1m            Hidden[0m:	Yes
2025-07-23T19:30:54.9180478Z [1m    Home Directory[0m:	/var/empty
2025-07-23T19:30:54.9200301Z [1m              Note[0m:	Nix build user 3
2025-07-23T19:30:54.9217827Z [1m   Logins Disabled[0m:	Yes
2025-07-23T19:30:54.9236144Z [1m  Member of nixbld[0m:	Yes
2025-07-23T19:30:54.9259387Z [1m    PrimaryGroupID[0m:	30000
2025-07-23T19:30:54.9271371Z 
2025-07-23T19:30:54.9272815Z [32m~~> Setting up the build user nixbld4
2025-07-23T19:30:54.9401909Z useradd warning: nixbld4's uid 30004 is greater than SYS_UID_MAX 999
2025-07-23T19:30:54.9483597Z [0m[1m           Created[0m:	Yes
2025-07-23T19:30:54.9489197Z [1m            Hidden[0m:	Yes
2025-07-23T19:30:54.9507725Z [1m    Home Directory[0m:	/var/empty
2025-07-23T19:30:54.9527573Z [1m              Note[0m:	Nix build user 4
2025-07-23T19:30:54.9545715Z [1m   Logins Disabled[0m:	Yes
2025-07-23T19:30:54.9563817Z [1m  Member of nixbld[0m:	Yes
2025-07-23T19:30:54.9582144Z [1m    PrimaryGroupID[0m:	30000
2025-07-23T19:30:54.9592912Z 
2025-07-23T19:30:54.9593509Z [32m~~> Setting up the build user nixbld5
2025-07-23T19:30:54.9740614Z useradd warning: nixbld5's uid 30005 is greater than SYS_UID_MAX 999
2025-07-23T19:30:54.9826950Z [0m[1m           Created[0m:	Yes
2025-07-23T19:30:54.9832258Z [1m            Hidden[0m:	Yes
2025-07-23T19:30:54.9850518Z [1m    Home Directory[0m:	/var/empty
2025-07-23T19:30:54.9870507Z [1m              Note[0m:	Nix build user 5
2025-07-23T19:30:54.9888234Z [1m   Logins Disabled[0m:	Yes
2025-07-23T19:30:54.9906381Z [1m  Member of nixbld[0m:	Yes
2025-07-23T19:30:54.9924867Z [1m    PrimaryGroupID[0m:	30000
2025-07-23T19:30:54.9935227Z 
2025-07-23T19:30:54.9935598Z [32m~~> Setting up the build user nixbld6
2025-07-23T19:30:55.0064905Z useradd warning: nixbld6's uid 30006 is greater than SYS_UID_MAX 999
2025-07-23T19:30:55.0148595Z [0m[1m           Created[0m:	Yes
2025-07-23T19:30:55.0154014Z [1m            Hidden[0m:	Yes
2025-07-23T19:30:55.0171953Z [1m    Home Directory[0m:	/var/empty
2025-07-23T19:30:55.0192132Z [1m              Note[0m:	Nix build user 6
2025-07-23T19:30:55.0210180Z [1m   Logins Disabled[0m:	Yes
2025-07-23T19:30:55.0229043Z [1m  Member of nixbld[0m:	Yes
2025-07-23T19:30:55.0246956Z [1m    PrimaryGroupID[0m:	30000
2025-07-23T19:30:55.0257900Z 
2025-07-23T19:30:55.0258312Z [32m~~> Setting up the build user nixbld7
2025-07-23T19:30:55.0386703Z useradd warning: nixbld7's uid 30007 is greater than SYS_UID_MAX 999
2025-07-23T19:30:55.0482601Z [0m[1m           Created[0m:	Yes
2025-07-23T19:30:55.0488060Z [1m            Hidden[0m:	Yes
2025-07-23T19:30:55.0507686Z [1m    Home Directory[0m:	/var/empty
2025-07-23T19:30:55.0528272Z [1m              Note[0m:	Nix build user 7
2025-07-23T19:30:55.0546387Z [1m   Logins Disabled[0m:	Yes
2025-07-23T19:30:55.0565166Z [1m  Member of nixbld[0m:	Yes
2025-07-23T19:30:55.0582817Z [1m    PrimaryGroupID[0m:	30000
2025-07-23T19:30:55.0593488Z 
2025-07-23T19:30:55.0594085Z [32m~~> Setting up the build user nixbld8
2025-07-23T19:30:55.0727641Z useradd warning: nixbld8's uid 30008 is greater than SYS_UID_MAX 999
2025-07-23T19:30:55.0813618Z [0m[1m           Created[0m:	Yes
2025-07-23T19:30:55.0819185Z [1m            Hidden[0m:	Yes
2025-07-23T19:30:55.0838065Z [1m    Home Directory[0m:	/var/empty
2025-07-23T19:30:55.0858050Z [1m              Note[0m:	Nix build user 8
2025-07-23T19:30:55.0876445Z [1m   Logins Disabled[0m:	Yes
2025-07-23T19:30:55.0895169Z [1m  Member of nixbld[0m:	Yes
2025-07-23T19:30:55.0913184Z [1m    PrimaryGroupID[0m:	30000
2025-07-23T19:30:55.0913514Z 
2025-07-23T19:30:55.0914067Z [32m~~> Setting up the basic directory structure
2025-07-23T19:30:55.1047013Z [0minstall: creating directory '/nix'
2025-07-23T19:30:55.1047539Z install: creating directory '/nix/var'
2025-07-23T19:30:55.1048019Z install: creating directory '/nix/var/log'
2025-07-23T19:30:55.1048338Z install: creating directory '/nix/var/log/nix'
2025-07-23T19:30:55.1048644Z install: creating directory '/nix/var/log/nix/drvs'
2025-07-23T19:30:55.1048944Z install: creating directory '/nix/var/nix'
2025-07-23T19:30:55.1049256Z install: creating directory '/nix/var/nix/db'
2025-07-23T19:30:55.1049786Z install: creating directory '/nix/var/nix/gcroots'
2025-07-23T19:30:55.1050141Z install: creating directory '/nix/var/nix/profiles'
2025-07-23T19:30:55.1050476Z install: creating directory '/nix/var/nix/temproots'
2025-07-23T19:30:55.1050818Z install: creating directory '/nix/var/nix/userpool'
2025-07-23T19:30:55.1051157Z install: creating directory '/nix/var/nix/daemon-socket'
2025-07-23T19:30:55.1051525Z install: creating directory '/nix/var/nix/gcroots/per-user'
2025-07-23T19:30:55.1051917Z install: creating directory '/nix/var/nix/profiles/per-user'
2025-07-23T19:30:55.1129251Z install: creating directory '/nix/store'
2025-07-23T19:30:55.1214319Z install: creating directory '/etc/nix'
2025-07-23T19:30:55.1224158Z 
2025-07-23T19:30:55.1224687Z [32m~~> Installing Nix
2025-07-23T19:30:55.3190252Z [0m      Alright! We have our first nix at /nix/store/x3235311q3n51rppm2y2ycwd7nb3mgpn-nix-2.26.3
2025-07-23T19:30:55.3906066Z       Just finished getting the nix database ready.
2025-07-23T19:30:55.3908889Z 
2025-07-23T19:30:55.3910097Z [32m~~> Setting up shell profiles: /etc/bashrc /etc/profile.d/nix.sh /etc/zshrc /etc/bash.bashrc /etc/zsh/zshrc
2025-07-23T19:30:55.4075785Z [0m
2025-07-23T19:30:55.4076053Z # Nix
2025-07-23T19:30:55.4076495Z if [ -e '/nix/var/nix/profiles/default/etc/profile.d/nix-daemon.sh' ]; then
2025-07-23T19:30:55.4077365Z   . '/nix/var/nix/profiles/default/etc/profile.d/nix-daemon.sh'
2025-07-23T19:30:55.4077951Z fi
2025-07-23T19:30:55.4078231Z # End Nix
2025-07-23T19:30:55.4078398Z 
2025-07-23T19:30:55.4246708Z 
2025-07-23T19:30:55.4246866Z # Nix
2025-07-23T19:30:55.4247333Z if [ -e '/nix/var/nix/profiles/default/etc/profile.d/nix-daemon.sh' ]; then
2025-07-23T19:30:55.4247947Z   . '/nix/var/nix/profiles/default/etc/profile.d/nix-daemon.sh'
2025-07-23T19:30:55.4248492Z fi
2025-07-23T19:30:55.4248770Z # End Nix
2025-07-23T19:30:55.4248946Z 
2025-07-23T19:30:55.4418574Z 
2025-07-23T19:30:55.4418950Z # Nix
2025-07-23T19:30:55.4419640Z if [ -e '/nix/var/nix/profiles/default/etc/profile.d/nix-daemon.sh' ]; then
2025-07-23T19:30:55.4420527Z   . '/nix/var/nix/profiles/default/etc/profile.d/nix-daemon.sh'
2025-07-23T19:30:55.4421084Z fi
2025-07-23T19:30:55.4421361Z # End Nix
2025-07-23T19:30:55.4421519Z 
2025-07-23T19:30:55.4591696Z 
2025-07-23T19:30:55.4592079Z # Nix
2025-07-23T19:30:55.4592638Z if [ -e '/nix/var/nix/profiles/default/etc/profile.d/nix-daemon.sh' ]; then
2025-07-23T19:30:55.4593542Z   . '/nix/var/nix/profiles/default/etc/profile.d/nix-daemon.sh'
2025-07-23T19:30:55.4594761Z fi
2025-07-23T19:30:55.4595042Z # End Nix
2025-07-23T19:30:55.4595210Z 
2025-07-23T19:30:55.4617698Z 
2025-07-23T19:30:55.4618794Z [32m~~> Setting up shell profiles for Fish with conf.d/nix.fish inside /etc/fish /usr/local/etc/fish /opt/homebrew/etc/fish /opt/local/etc/fish
2025-07-23T19:30:55.4679396Z [0m
2025-07-23T19:30:55.4679812Z [32m~~> Setting up the default profile
2025-07-23T19:30:55.4970779Z installing 'nix-2.26.3'
2025-07-23T19:30:55.5101133Z building '/nix/store/5afca9ydks0pp5szkwwhi7a6m2zmgk9g-user-environment.drv'...
2025-07-23T19:30:55.5496267Z installing 'nss-cacert-3.107'
2025-07-23T19:30:55.5622645Z building '/nix/store/ilxzpc39hcw5jr229rmajjkyz1a0fym1-user-environment.drv'...
2025-07-23T19:30:55.5831307Z [0m
2025-07-23T19:30:55.5831798Z [32m~~> Setting up the nix-daemon systemd service
2025-07-23T19:30:55.6195297Z Created symlink /etc/systemd/system/nix-daemon.service → /nix/var/nix/profiles/default/lib/systemd/system/nix-daemon.service.
2025-07-23T19:30:55.8843330Z Created symlink /etc/systemd/system/nix-daemon.socket → /nix/var/nix/profiles/default/lib/systemd/system/nix-daemon.socket.
2025-07-23T19:30:55.8845550Z Created symlink /etc/systemd/system/sockets.target.wants/nix-daemon.socket → /nix/var/nix/profiles/default/lib/systemd/system/nix-daemon.socket.
2025-07-23T19:30:56.4371599Z [0m[32mAlright! We're done!
2025-07-23T19:30:56.4392444Z [0mTry it! Open a new terminal, and type:
2025-07-23T19:30:56.4392976Z 
2025-07-23T19:30:56.4393238Z   $ nix-shell -p nix-info --run "nix-info -m"
2025-07-23T19:30:56.4393576Z 
2025-07-23T19:30:56.4394109Z Thank you for using this installer. If you have any feedback or need
2025-07-23T19:30:56.4394696Z help, don't hesitate:
2025-07-23T19:30:56.4394914Z 
2025-07-23T19:30:56.4395063Z You can open an issue at
2025-07-23T19:30:56.4395683Z https://github.com/NixOS/nix/issues/new?labels=installer&template=installer.md
2025-07-23T19:30:56.4396200Z 
2025-07-23T19:30:56.4396484Z Or get in touch with the community: https://nixos.org/community
2025-07-23T19:30:56.4412591Z 
2025-07-23T19:30:56.4413304Z [34m---- Reminders -----------------------------------------------------------------
2025-07-23T19:30:56.4414525Z [0m[34m[ 1 ][0m
2025-07-23T19:30:56.4415020Z Nix won't work in active shell sessions until you restart them.
2025-07-23T19:30:56.4415435Z 
2025-07-23T19:30:56.5111193Z ##[endgroup]
2025-07-23T19:30:56.5169235Z ##[group]Run /home/runner/work/_actions/ava-labs/avalanchego/66ce7a7701db0c4b370f97b339478d5b5ebe919a/.github/actions/run-monitored-tmpnet-cmd/nix-develop.sh --command echo "dependencies installed"
2025-07-23T19:30:56.5170606Z [36;1m/home/runner/work/_actions/ava-labs/avalanchego/66ce7a7701db0c4b370f97b339478d5b5ebe919a/.github/actions/run-monitored-tmpnet-cmd/nix-develop.sh --command echo "dependencies installed"[0m
2025-07-23T19:30:56.5200327Z shell: /usr/bin/bash --noprofile --norc -e -o pipefail {0}
2025-07-23T19:30:56.5200629Z env:
2025-07-23T19:30:56.5200808Z   TMPDIR: /home/runner/work/_temp
2025-07-23T19:30:56.5201048Z ##[endgroup]
2025-07-23T19:30:56.5267924Z No local flake found, will attempt to use avalanchego flake
2025-07-23T19:30:56.5350627Z Starting nix shell for github:ava-labs/avalanchego?ref=v1.13.3-rc.1
2025-07-23T19:30:56.7350385Z unpacking 'github:ava-labs/avalanchego/66ce7a7701db0c4b370f97b339478d5b5ebe919a' into the Git cache...
2025-07-23T19:30:58.3945669Z copying path '/nix/store/i99indk3y6pc3sm0k1xx3nakm193lqzb-source' from 'https://cache.nixos.org'...
2025-07-23T19:31:13.7445211Z copying path '/nix/store/899rx4l5zz1za8nx7ijp7swv5ibc8wx2-git-2.47.2-doc' from 'https://cache.nixos.org'...
2025-07-23T19:31:13.7450953Z copying path '/nix/store/zpab59ialz19x6f65jbjf5xb8waa54av-iana-etc-20240318' from 'https://cache.nixos.org'...
2025-07-23T19:31:13.7474145Z copying path '/nix/store/dgzz9k53hz1qgklnj9667xzliyidj9cs-mailcap-2.1.54' from 'https://cache.nixos.org'...
2025-07-23T19:31:13.7480512Z copying path '/nix/store/hnpph37w6p5jfspwf5pksljpf0wqwjg3-perl5.40.0-Digest-HMAC-1.04' from 'https://cache.nixos.org'...
2025-07-23T19:31:13.7484853Z copying path '/nix/store/cnb01qfmg8c3irp630nplhwa201d7xsr-perl5.40.0-FCGI-ProcManager-0.28' from 'https://cache.nixos.org'...
2025-07-23T19:31:13.7486255Z copying path '/nix/store/v657ak4hdkixvq99rk3qvyh28in945dv-perl5.40.0-HTML-TagCloud-0.38' from 'https://cache.nixos.org'...
2025-07-23T19:31:13.7502222Z copying path '/nix/store/9qrv0d0yd9wss610gjzv3507ry6v9mzw-perl5.40.0-URI-5.21' from 'https://cache.nixos.org'...
2025-07-23T19:31:13.7506771Z copying path '/nix/store/pz7y4qd8lyhg9y6wmb9hynivx36f53zp-perl5.40.0-libnet-3.15' from 'https://cache.nixos.org'...
2025-07-23T19:31:13.7510229Z copying path '/nix/store/l6mypzy4rvkxd5kwzs18d88syirislib-tzdata-2024b' from 'https://cache.nixos.org'...
2025-07-23T19:31:13.7526301Z copying path '/nix/store/czlhi3r9b6ip4xyynwibfhm458ljwsir-gcc-13.3.0-libgcc' from 'https://cache.nixos.org'...
2025-07-23T19:31:13.7534066Z copying path '/nix/store/d8qbcrirc6jidfacy0qa50zy07i15xcz-gnu-config-2024-01-01' from 'https://cache.nixos.org'...
2025-07-23T19:31:13.7586517Z copying path '/nix/store/rscnjwdmhya0wcdmbygr3jpz6p39kvhr-perl5.40.0-Encode-Locale-1.05' from 'https://cache.nixos.org'...
2025-07-23T19:31:13.7590941Z copying path '/nix/store/w9yrswzdifcjhg0righ76aqb6bpslhkb-perl5.40.0-Mozilla-CA-20230821' from 'https://cache.nixos.org'...
2025-07-23T19:31:13.7593127Z copying path '/nix/store/74bbxwiamv62d2l089f1r8apv295vsry-perl5.40.0-HTML-Tagset-3.20' from 'https://cache.nixos.org'...
2025-07-23T19:31:13.7594830Z copying path '/nix/store/krx6xw6wxakapdkviirq57yh3nl3227h-perl5.40.0-IO-HTML-1.004' from 'https://cache.nixos.org'...
2025-07-23T19:31:13.7598049Z copying path '/nix/store/3r0pprxsd9n52nb2yqq3idwb75d0spzd-perl5.40.0-LWP-MediaTypes-6.04' from 'https://cache.nixos.org'...
2025-07-23T19:31:13.7690284Z copying path '/nix/store/maxa3xhmxggrc5v2vc0c3pjb79hjlkp9-glibc-2.40-66' from 'https://cache.nixos.org'...
2025-07-23T19:31:13.7694255Z copying path '/nix/store/dvsai0ym9czjl5mcsarcdwccb70615n4-linux-headers-6.10' from 'https://cache.nixos.org'...
2025-07-23T19:31:13.7705403Z copying path '/nix/store/x6i8jiz3yv3h209xfbz9a3ch1sm16167-dns-root-data-2024-06-20' from 'https://cache.nixos.org'...
2025-07-23T19:31:13.7708355Z copying path '/nix/store/5ahjfkydg49xvbr3vghhv317prgspnf3-mirrors-list' from 'https://cache.nixos.org'...
2025-07-23T19:31:13.7709753Z copying path '/nix/store/swnhrfysvmwjvibcafm0im377pcfs80v-curl-8.12.1-man' from 'https://cache.nixos.org'...
2025-07-23T19:31:13.7715303Z copying path '/nix/store/970fk2m63qra4ybkpp99rw7mld9fphlv-nghttp2-1.64.0' from 'https://cache.nixos.org'...
2025-07-23T19:31:13.7836662Z copying path '/nix/store/frpqzb3223826xq72s0fcjmjmj50wpyn-perl5.40.0-Authen-SASL-2.1700' from 'https://cache.nixos.org'...
2025-07-23T19:31:13.7886708Z copying path '/nix/store/ldlsmrf2rrq28s08mzjk245vr26dwwhi-perl5.40.0-Test-RequiresInternet-0.05' from 'https://cache.nixos.org'...
2025-07-23T19:31:13.7888412Z copying path '/nix/store/hz5m52dx8x6vvi5pp0yikxb3b05bmi2j-perl5.40.0-Test-Needs-0.002010' from 'https://cache.nixos.org'...
2025-07-23T19:31:13.7889976Z copying path '/nix/store/vlfgix8rcbj3l9yk0rna1damxkafbq18-perl5.40.0-Net-HTTP-6.23' from 'https://cache.nixos.org'...
2025-07-23T19:31:13.7901102Z copying path '/nix/store/vvjpgyk6jgd6k74pgpjrln6m6aqyiaig-perl5.40.0-Try-Tiny-0.31' from 'https://cache.nixos.org'...
2025-07-23T19:31:13.7905606Z copying path '/nix/store/6aqxgf5ygcscqsh4p9krd0dz2hc1cn0w-perl5.40.0-WWW-RobotRules-6.02' from 'https://cache.nixos.org'...
2025-07-23T19:31:13.7907325Z copying path '/nix/store/lj7p9q5kgmdcq768rvsgvjndi42mjcn8-publicsuffix-list-0-unstable-2024-10-25' from 'https://cache.nixos.org'...
2025-07-23T19:31:13.7908952Z copying path '/nix/store/5xvxvpl9armf0p6y9m4g1zl1mypvr9m7-perl5.40.0-TimeDate-2.33' from 'https://cache.nixos.org'...
2025-07-23T19:31:13.7925653Z copying path '/nix/store/i9ymkbklv1q9yzl7wwx7300wbkqdln0r-update-autotools-gnu-config-scripts-hook' from 'https://cache.nixos.org'...
2025-07-23T19:31:13.8170609Z copying path '/nix/store/2h648f4xlzszyc01yf67xd2rgira65js-perl5.40.0-Test-Fatal-0.017' from 'https://cache.nixos.org'...
2025-07-23T19:31:13.8283237Z copying path '/nix/store/shx8jax9b662cd9nlml731hh9wks24v1-perl5.40.0-HTTP-Date-6.06' from 'https://cache.nixos.org'...
2025-07-23T19:31:13.8484802Z copying path '/nix/store/0m34prvcx3d3vd9f4djbaqji7yb9swsh-perl5.40.0-HTTP-CookieJar-0.014' from 'https://cache.nixos.org'...
2025-07-23T19:31:13.8486464Z copying path '/nix/store/i9hiqc4dfksm9cpqvff39smfpn49zbj6-perl5.40.0-File-Listing-6.16' from 'https://cache.nixos.org'...
2025-07-23T19:31:13.8839068Z copying path '/nix/store/23cshhh8k7z46gadr86krv15xphggawm-kubectl-1.31.2' from 'https://cache.nixos.org'...
2025-07-23T19:31:13.8844924Z copying path '/nix/store/1fqgvq0i498w4ynywyj224i49izzzqrk-protoc-gen-go-grpc-1.3.0' from 'https://cache.nixos.org'...
2025-07-23T19:31:13.8846465Z copying path '/nix/store/as8g73awbgrhpf5p6qjnrd5v9anw74ix-go-task-3.39.2' from 'https://cache.nixos.org'...
2025-07-23T19:31:13.8847830Z copying path '/nix/store/19402vwa1rndilww6fpbviz0lza8846p-kind-0.24.0' from 'https://cache.nixos.org'...
2025-07-23T19:31:13.8849374Z copying path '/nix/store/i7r45jjmvfxiw8j7ihjx51jachylq1si-protoc-gen-go-1.35.1' from 'https://cache.nixos.org'...
2025-07-23T19:31:14.3492003Z copying path '/nix/store/vlgwyb076hkz7yv96sjnj9msb1jn1ggz-attr-2.5.2' from 'https://cache.nixos.org'...
2025-07-23T19:31:14.3494371Z copying path '/nix/store/8vpg72ik2kgxfj05lc56hkqrdrfl8xi9-bash-5.2p37' from 'https://cache.nixos.org'...
2025-07-23T19:31:14.3497669Z copying path '/nix/store/wg9gg3zkwcqhyycj0vkfnhgk5a4z9faq-ed-1.20.2' from 'https://cache.nixos.org'...
2025-07-23T19:31:14.3505659Z copying path '/nix/store/83s1wqvrx7yvy3g6dmdr2icgg3qqbjcp-brotli-1.1.0-lib' from 'https://cache.nixos.org'...
2025-07-23T19:31:14.3507054Z copying path '/nix/store/c9z2sp8dyx1k0zk374v1142hmphashd0-buf-1.47.2' from 'https://cache.nixos.org'...
2025-07-23T19:31:14.3508471Z copying path '/nix/store/fcqfyri9kljs5jd7h556f004qmci1qin-expand-response-params' from 'https://cache.nixos.org'...
2025-07-23T19:31:14.3509898Z copying path '/nix/store/0hv5ymwkczx3ak8h3yldfbwbab33jnrw-expat-2.6.4' from 'https://cache.nixos.org'...
2025-07-23T19:31:14.3511468Z copying path '/nix/store/mhd0rk497xm0xnip7262xdw9bylvzh99-gcc-13.3.0-lib' from 'https://cache.nixos.org'...
2025-07-23T19:31:14.3515312Z copying path '/nix/store/qiisx6c7qpyzq522j3icsfhj8ayw6ah4-bzip2-1.0.8' from 'https://cache.nixos.org'...
2025-07-23T19:31:14.3519558Z copying path '/nix/store/cfb4pxnfh2sf4csk8xh7abfqv96k66nh-glibc-2.40-66-getent' from 'https://cache.nixos.org'...
2025-07-23T19:31:14.3521197Z copying path '/nix/store/8k19h07hh2g1w5kp5yglzddswnvdmxpy-gmp-6.3.0' from 'https://cache.nixos.org'...
2025-07-23T19:31:14.3522594Z copying path '/nix/store/7zv1sq1k25gk2rvgxnm262vp5hydkv1a-gdbm-1.24-lib' from 'https://cache.nixos.org'...
2025-07-23T19:31:14.3524132Z copying path '/nix/store/m3da56j3r7h4hp0kr8v1xsnk16x900yf-gnumake-4.4.1' from 'https://cache.nixos.org'...
2025-07-23T19:31:14.3527832Z copying path '/nix/store/2kiskq24j06g4qw3xs8zsy2dkawh4gxk-glibc-2.40-66-bin' from 'https://cache.nixos.org'...
2025-07-23T19:31:14.3529342Z copying path '/nix/store/3p3fwczck2yn1wwfjnymzkz8w11vbvg7-gawk-5.3.1' from 'https://cache.nixos.org'...
2025-07-23T19:31:14.3648861Z copying path '/nix/store/3ks7b6p43dpvnlnxgvlcy2jaf1np37p2-gnused-4.9' from 'https://cache.nixos.org'...
2025-07-23T19:31:14.3738602Z copying path '/nix/store/1fby1pxf0z16lgl728i2sqwqr2hrw2h8-json-c-0.17' from 'https://cache.nixos.org'...
2025-07-23T19:31:14.3761551Z copying path '/nix/store/mwwpv4k7skbx4vr2qjc89pvs7mhmgapb-k9s-0.32.7' from 'https://cache.nixos.org'...
2025-07-23T19:31:14.3839671Z copying path '/nix/store/dyizbk50iglbibrbwbgw2mhgskwb6ham-acl-2.3.2' from 'https://cache.nixos.org'...
2025-07-23T19:31:14.3841856Z copying path '/nix/store/79kh226vw8rrk62jbs27hdad1clwy447-keyutils-1.6.3-lib' from 'https://cache.nixos.org'...
2025-07-23T19:31:14.3935723Z copying path '/nix/store/r4p475lxvaklr9rj8l2a4sahkx5c0209-getent-glibc-2.40-66' from 'https://cache.nixos.org'...
2025-07-23T19:31:14.3998349Z copying path '/nix/store/yyfzan4mn874v885jy6fs598gjb31c4l-bzip2-1.0.8-bin' from 'https://cache.nixos.org'...
2025-07-23T19:31:14.4000745Z copying path '/nix/store/wnsn67xb3i072b6i496y002byvc3ipa3-kubernetes-helm-3.16.3' from 'https://cache.nixos.org'...
2025-07-23T19:31:14.4282882Z copying path '/nix/store/q57zi48njdcgxy4n8d5lm5pf746drc8f-isl-0.20' from 'https://cache.nixos.org'...
2025-07-23T19:31:14.4285268Z copying path '/nix/store/bpzy7snv1xr7s1z2xi7bw0q5z9j6g1gg-libantlr3c-3.4' from 'https://cache.nixos.org'...
2025-07-23T19:31:14.4368975Z copying path '/nix/store/0iabf1jhsfrrxkdi599kb8m37p82yr1z-audit-4.0' from 'https://cache.nixos.org'...
2025-07-23T19:31:14.4611683Z copying path '/nix/store/nc394xps4al1r99ziabqvajbkrhxr5b7-gzip-1.13' from 'https://cache.nixos.org'...
2025-07-23T19:31:14.4646637Z copying path '/nix/store/ky06iawcwsvxmx8yw66y2a7iy7b14yii-libapparmor-4.0.3' from 'https://cache.nixos.org'...
2025-07-23T19:31:14.4652837Z copying path '/nix/store/pmg7hw4ar16dhx5hk6jswvxy349wzsm7-gnutar-1.35' from 'https://cache.nixos.org'...
2025-07-23T19:31:14.4743513Z copying path '/nix/store/fx6mfndjsbb0dqn9jzf1ksz9wf1dlrq7-libcap-2.70-lib' from 'https://cache.nixos.org'...
2025-07-23T19:31:14.4794592Z copying path '/nix/store/81awch8mhqanda1vy0c09bflgra4cxh0-glibc-2.40-66-dev' from 'https://cache.nixos.org'...
2025-07-23T19:31:14.4815742Z copying path '/nix/store/7yf5ijcl2lh90xs5nkrdpfdvcmc9fnc5-libcbor-0.11.0' from 'https://cache.nixos.org'...
2025-07-23T19:31:14.4859977Z copying path '/nix/store/bldybfhh9v9dvpms8kh87v1a6jp6i28p-libevent-2.1.12' from 'https://cache.nixos.org'...
2025-07-23T19:31:14.5129201Z copying path '/nix/store/wxgvd9mivxdbahxidq751gxyz7x7jb8n-libffi-3.4.6' from 'https://cache.nixos.org'...
2025-07-23T19:31:14.5295568Z copying path '/nix/store/p0c3g3dxr818lggbk6ms3nhm97g0pir9-libgpg-error-1.50' from 'https://cache.nixos.org'...
2025-07-23T19:31:14.5435787Z copying path '/nix/store/2w8a5z0rcs4fk3ds3fnd03x6syjjl1hb-libmnl-1.0.5' from 'https://cache.nixos.org'...
2025-07-23T19:31:14.5546338Z copying path '/nix/store/ywvi2y4yv3qyh0phw9y2ji17smh8nawj-libnfnetlink-1.0.2' from 'https://cache.nixos.org'...
2025-07-23T19:31:14.5828337Z copying path '/nix/store/dg6d7zs1bwnhwb3sd3xdbldvpa163a5z-libnl-3.10.0' from 'https://cache.nixos.org'...
2025-07-23T19:31:14.5903825Z copying path '/nix/store/xxc6rkndd68cq1225asn380bbj0512dg-libpsl-0.21.5' from 'https://cache.nixos.org'...
2025-07-23T19:31:14.5996405Z copying path '/nix/store/qhs6zflzhdr11j6byf1c1j52z39hnaaw-db-4.8.30' from 'https://cache.nixos.org'...
2025-07-23T19:31:14.6109392Z copying path '/nix/store/8g8wdqid20924fbppbljsl6l7gr0p21j-gettext-0.21.1' from 'https://cache.nixos.org'...
2025-07-23T19:31:14.6219281Z copying path '/nix/store/dsxb6qvi21bzy21c98kb71wfbdj4lmz7-gmp-with-cxx-6.3.0' from 'https://cache.nixos.org'...
2025-07-23T19:31:14.6509369Z copying path '/nix/store/nn7nj7xq8gdfyxqhchphzia7i34rwb0v-gmp-with-cxx-6.3.0' from 'https://cache.nixos.org'...
2025-07-23T19:31:14.6516159Z copying path '/nix/store/rq8lq7r8vjqrbn2bgfglm9dxfi83gdg9-icu4c-74.2' from 'https://cache.nixos.org'...
2025-07-23T19:31:14.6643454Z copying path '/nix/store/96m2mjx55syyky6zymjnbl3pvgxlwchb-libnftnl-1.2.8' from 'https://cache.nixos.org'...
2025-07-23T19:31:14.6830367Z copying path '/nix/store/17195j62sjxjn0xwnmj3icr01n3d678r-libnetfilter_conntrack-1.1.0' from 'https://cache.nixos.org'...
2025-07-23T19:31:14.6876039Z copying path '/nix/store/68vmpyiabh89l7hbp9z2hmwci74vnfi4-libseccomp-2.5.5-lib' from 'https://cache.nixos.org'...
2025-07-23T19:31:14.6997638Z copying path '/nix/store/wr7w1x0x1j4qli60wm22q3bc02dga08c-libtasn1-4.20.0' from 'https://cache.nixos.org'...
2025-07-23T19:31:14.7196838Z copying path '/nix/store/hnh6ivl105y4sw0ifv4kbihrvbddmlkm-libxcrypt-4.4.36' from 'https://cache.nixos.org'...
2025-07-23T19:31:14.7381741Z copying path '/nix/store/9yh47sg27z9263ll65d414rgcyrclk57-libxml2-2.13.6' from 'https://cache.nixos.org'...
2025-07-23T19:31:14.7585652Z copying path '/nix/store/99jfkvhck3c2675n2cy71g40km6m0pf9-libassuan-2.5.7' from 'https://cache.nixos.org'...
2025-07-23T19:31:14.7686202Z copying path '/nix/store/h9c111ckc8wg3ksxb7kj8cwhgaj52118-libgcrypt-1.10.3-lib' from 'https://cache.nixos.org'...
2025-07-23T19:31:14.7688169Z copying path '/nix/store/p9k3wzaw6d3wjgcbrfv2g1chj0mj2inb-lz4-1.10.0-lib' from 'https://cache.nixos.org'...
2025-07-23T19:31:14.7806552Z copying path '/nix/store/yh2c9f04q1vcfhpkamidrg3sdnwk5bvy-mpdecimal-4.0.0' from 'https://cache.nixos.org'...
2025-07-23T19:31:14.7869284Z copying path '/nix/store/1h2yigiwy6bgpyzlywj36s5nqkgca8bv-libpcap-1.10.5' from 'https://cache.nixos.org'...
2025-07-23T19:31:14.7978004Z copying path '/nix/store/9m68vvhnsq5cpkskphgw84ikl9m6wjwp-coreutils-9.5' from 'https://cache.nixos.org'...
2025-07-23T19:31:14.8053066Z copying path '/nix/store/b75dbfz0gria25kn2qlfpnmp39h31spw-mpfr-4.2.1' from 'https://cache.nixos.org'...
2025-07-23T19:31:14.8176514Z copying path '/nix/store/mgpn83jmnf37ky77a8qy6m466qqmlyqk-cln-1.3.7' from 'https://cache.nixos.org'...
2025-07-23T19:31:14.8602844Z copying path '/nix/store/qvrp85i3yc9vw5x1vyx714m03jsf60rc-cvc4-1.8' from 'https://cache.nixos.org'...
2025-07-23T19:31:14.8625533Z copying path '/nix/store/z7ndn3k8zfjrf713gq443q7a2ixzaab5-ncurses-6.4.20221231' from 'https://cache.nixos.org'...
2025-07-23T19:31:14.9438561Z copying path '/nix/store/6s0zzvp9in28jkmzwh5p69v1zwpi5mi4-linux-pam-1.6.1' from 'https://cache.nixos.org'...
2025-07-23T19:31:14.9568707Z copying path '/nix/store/q95qgxy40rx1ifa13j8l38sx3myvkhb9-nettle-3.10' from 'https://cache.nixos.org'...
2025-07-23T19:31:14.9786629Z copying path '/nix/store/1w5jm9zaxwr5b8nvh41c7iz236my185m-nghttp2-1.64.0-lib' from 'https://cache.nixos.org'...
2025-07-23T19:31:14.9929811Z copying path '/nix/store/j4377imdqpm27h5hspds1skgsazyj0d9-nghttp2-1.64.0-lib' from 'https://cache.nixos.org'...
2025-07-23T19:31:15.0129640Z copying path '/nix/store/n9ya3i584zvcw6696326sdlg61d6lamf-npth-1.7' from 'https://cache.nixos.org'...
2025-07-23T19:31:15.0142608Z copying path '/nix/store/kavgc464axad77kj4x4bza7s345nrhin-iptables-1.8.10' from 'https://cache.nixos.org'...
2025-07-23T19:31:15.0323106Z copying path '/nix/store/pbjp09wrnbklrfy7n2h5qix15fl5ylhj-libmpc-1.3.1' from 'https://cache.nixos.org'...
2025-07-23T19:31:15.0760262Z copying path '/nix/store/lr3cvmq5ahqcj29p8c6m0fdl1y8krc86-diffutils-3.10' from 'https://cache.nixos.org'...
2025-07-23T19:31:15.0788443Z copying path '/nix/store/vc2d1bfy1a5y1195nq7k6p0zcm6q89nx-findutils-4.10.0' from 'https://cache.nixos.org'...
2025-07-23T19:31:15.0861319Z copying path '/nix/store/isk8l71r4d1nl39mpv92ank2rs4cx3w9-openssl-3.3.3' from 'https://cache.nixos.org'...
2025-07-23T19:31:15.1367276Z copying path '/nix/store/mqvgaq2bnb1701l7zcn0d6vd7w8b0z7l-openssl-3.3.3' from 'https://cache.nixos.org'...
2025-07-23T19:31:15.2117607Z copying path '/nix/store/w8xb93nwhnhlkqd9kwahkzqvbg98qs74-nghttp2-1.64.0-dev' from 'https://cache.nixos.org'...
2025-07-23T19:31:15.2124209Z copying path '/nix/store/cjg4jmnnf26367irpagiiffrni9bk7z0-gnupg-2.4.5' from 'https://cache.nixos.org'...
2025-07-23T19:31:15.2201170Z copying path '/nix/store/smd33cbgm2pwwnwj9l4b4fk39bdxfsfv-p11-kit-0.25.5' from 'https://cache.nixos.org'...
2025-07-23T19:31:15.2327662Z copying path '/nix/store/zfjv48ikkqn3yhi8zi7lvqvxyscbg87n-patch-2.7.6' from 'https://cache.nixos.org'...
2025-07-23T19:31:15.2815343Z copying path '/nix/store/9wwkzvmrlv43y71rbw8sbh9bamc62a16-patchelf-0.15.0' from 'https://cache.nixos.org'...
2025-07-23T19:31:15.3129419Z copying path '/nix/store/5md7gyz45fm4bmkg2kb9a1hnmg8ryk9j-pcre2-10.44' from 'https://cache.nixos.org'...
2025-07-23T19:31:15.3249516Z copying path '/nix/store/pgq4agv5wpanzr9a8mqlkncdbick7mn2-pcsclite-2.3.0-lib' from 'https://cache.nixos.org'...
2025-07-23T19:31:15.3426542Z copying path '/nix/store/9sqpmkq9fcycsrldbsdxw93hvspy8pr9-perl5.40.0-Clone-0.46' from 'https://cache.nixos.org'...
2025-07-23T19:31:15.3439372Z copying path '/nix/store/jpk7s673pli65raimpl43jbhbg6ja4kx-perl5.40.0-FCGI-0.82' from 'https://cache.nixos.org'...
2025-07-23T19:31:15.3627092Z copying path '/nix/store/x4kgvzlrndlsc9mn2gyrx9dla0a5y7y3-perl5.40.0-TermReadKey-2.38' from 'https://cache.nixos.org'...
2025-07-23T19:31:15.3629486Z copying path '/nix/store/gda0f0dw64h74i98vkk7b7jwzxbkigzs-prometheus-2.55.0' from 'https://cache.nixos.org'...
2025-07-23T19:31:15.3669486Z copying path '/nix/store/mfj2pd4n7vbczdx381margrm9b9jkbpq-protoc-gen-connect-go-1.17.0' from 'https://cache.nixos.org'...
2025-07-23T19:31:15.3791079Z copying path '/nix/store/6hrwqlqxzvn3lry7fjyz4i6dkdmg38m6-perl5.40.0-HTTP-Message-6.45' from 'https://cache.nixos.org'...
2025-07-23T19:31:15.3806401Z copying path '/nix/store/zwh1q2r2a1prmw4xxfpqa06ic7dl31yd-qrencode-4.1.1' from 'https://cache.nixos.org'...
2025-07-23T19:31:15.4059875Z copying path '/nix/store/flw2dwllbq50954bk1qm6xwdzp8ikacl-systemd-minimal-libs-256.10' from 'https://cache.nixos.org'...
2025-07-23T19:31:15.4181365Z copying path '/nix/store/88x6dfa5gnls0pmbvp4b9ci3bqqfja0n-util-linux-minimal-2.39.4-lib' from 'https://cache.nixos.org'...
2025-07-23T19:31:15.4184691Z copying path '/nix/store/7f8vg8z0q721jyahy1vjbg2x3irbk5az-unbound-1.22.0-lib' from 'https://cache.nixos.org'...
2025-07-23T19:31:15.4262646Z copying path '/nix/store/53rkjnnkbgg8pfn6ffpcdx4xbrl98yh8-readline-8.2p13' from 'https://cache.nixos.org'...
2025-07-23T19:31:15.4286509Z copying path '/nix/store/mcr5gqxgkknqxa2vhnhixzd97vdsnsxi-perl5.40.0-HTML-Parser-3.81' from 'https://cache.nixos.org'...
2025-07-23T19:31:15.4509554Z copying path '/nix/store/q73n7qdcl9yvlwh6p4n414vkxgnjjryp-perl5.40.0-HTTP-Cookies-6.10' from 'https://cache.nixos.org'...
2025-07-23T19:31:15.5235680Z copying path '/nix/store/qjsj5vnbfpbg6r7jhd7znfgmcy0arn8n-gnugrep-3.11' from 'https://cache.nixos.org'...
2025-07-23T19:31:15.5814101Z copying path '/nix/store/0z09m6fwgmc2a0zazp6lhyadfig10fd6-perl5.40.0-CGI-4.59' from 'https://cache.nixos.org'...
2025-07-23T19:31:15.5966133Z copying path '/nix/store/qxp4rv76dpjbvs37c3sfq33ial7mxgb0-perl5.40.0-HTTP-Daemon-6.16' from 'https://cache.nixos.org'...
2025-07-23T19:31:15.6034212Z copying path '/nix/store/q0fgny8kpagi6blmzyw15n4cmfx647kn-perl5.40.0-HTTP-Negotiate-6.01' from 'https://cache.nixos.org'...
2025-07-23T19:31:15.6528795Z copying path '/nix/store/bhvah40258cfi5sj1wiy2zmdn5xgj4m1-krb5-1.21.3-lib' from 'https://cache.nixos.org'...
2025-07-23T19:31:15.6637279Z copying path '/nix/store/fvm65iknlk5kx9938xsc5485s9wzz1ig-lvm2-2.03.27-lib' from 'https://cache.nixos.org'...
2025-07-23T19:31:15.6817212Z copying path '/nix/store/pa7plncc30fhm909bis9haakh7gi0qbl-bash-interactive-5.2p37' from 'https://cache.nixos.org'...
2025-07-23T19:31:15.6942864Z copying path '/nix/store/09pyjyjdr5mwmki9gb0yf809l54xr8p2-openssl-3.3.3-bin' from 'https://cache.nixos.org'...
2025-07-23T19:31:15.6946829Z copying path '/nix/store/dwyr8xvjby2l1zz92a5pfl6bq27jhrm6-krb5-1.21.3-lib' from 'https://cache.nixos.org'...
2025-07-23T19:31:15.7024856Z copying path '/nix/store/6k8v1ffagipraln3nn12h1n22d5l9dvr-perl5.40.0-Net-SSLeay-1.92' from 'https://cache.nixos.org'...
2025-07-23T19:31:15.7095037Z copying path '/nix/store/j7k6mzbdydimzw4mf23ahq6a7rz2f7w2-util-linux-minimal-2.39.4-login' from 'https://cache.nixos.org'...
2025-07-23T19:31:15.7244166Z copying path '/nix/store/a9vgxnafcgb1khpjgn87ixmyv4dsqlp0-util-linux-minimal-2.39.4-mount' from 'https://cache.nixos.org'...
2025-07-23T19:31:15.7286659Z copying path '/nix/store/blkjagm7k01k9sghpyckw4y6dd6z0knl-util-linux-minimal-2.39.4-swap' from 'https://cache.nixos.org'...
2025-07-23T19:31:15.7436711Z copying path '/nix/store/sf31nmjhlsdp2h26vbwbpa7gwfn4i4na-xz-5.6.3' from 'https://cache.nixos.org'...
2025-07-23T19:31:15.7456499Z copying path '/nix/store/xv2bvwf6zv1hhlm9w4x0f7n0idhbsjh7-perl5.40.0-CGI-Fast-2.16' from 'https://cache.nixos.org'...
2025-07-23T19:31:15.7717843Z copying path '/nix/store/lmfya9by589b0qgc2pqps1zy4jhldkvq-cryptsetup-2.7.5' from 'https://cache.nixos.org'...
2025-07-23T19:31:15.7856155Z copying path '/nix/store/hgq0ircylcm0mx6y7ml9chcbwgrz9xg7-openssl-3.3.3-dev' from 'https://cache.nixos.org'...
2025-07-23T19:31:15.7858632Z copying path '/nix/store/xxssfwyz4l32wiadvsrcf259nkb91myn-z3-4.11.2-lib' from 'https://cache.nixos.org'...
2025-07-23T19:31:15.7915925Z copying path '/nix/store/vpg96mfr1jw5arlqg831i69g29v0sdb3-zlib-1.3.1' from 'https://cache.nixos.org'...
2025-07-23T19:31:15.7922186Z copying path '/nix/store/73pq792gn6i9qfywsnd347vg0152w8rw-perl5.40.0-IO-Socket-SSL-2.083' from 'https://cache.nixos.org'...
2025-07-23T19:31:15.7956281Z copying path '/nix/store/6cf2yj12gf51jn5vdbdw01gmgvyj431s-zstd-1.5.6' from 'https://cache.nixos.org'...
2025-07-23T19:31:15.8127632Z copying path '/nix/store/23j515bg7lgis34f0jkm9j6g00dpp2sh-binutils-2.43.1-lib' from 'https://cache.nixos.org'...
2025-07-23T19:31:15.8491938Z copying path '/nix/store/yk246qv4bbmr0mmh9y3gnfdkra5nnjgi-cracklib-2.10.0' from 'https://cache.nixos.org'...
2025-07-23T19:31:15.8643507Z copying path '/nix/store/p751fjd81h3926ivxsq0x20lz5j7yscc-file-5.45' from 'https://cache.nixos.org'...
2025-07-23T19:31:15.9017239Z copying path '/nix/store/yg4ahy7gahx91nq80achmzilrjyv0scj-gcc-13.3.0' from 'https://cache.nixos.org'...
2025-07-23T19:31:15.9211505Z copying path '/nix/store/1md58p5vm4dixcwwpwrs78a7kjf6nnqk-gnutls-3.8.6' from 'https://cache.nixos.org'...
2025-07-23T19:31:15.9484835Z copying path '/nix/store/nfdnparxrnv6sy627lw1c27pdqzpbfs2-kexec-tools-2.0.29' from 'https://cache.nixos.org'...
2025-07-23T19:31:15.9551399Z copying path '/nix/store/n6zw4496n0bd9r6gjwkjmf5ja6757q32-krb5-1.21.3' from 'https://cache.nixos.org'...
2025-07-23T19:31:15.9659827Z copying path '/nix/store/kc1sdzqnymjwy74chlnkq2xlxnmrg30x-libfido2-1.15.0' from 'https://cache.nixos.org'...
2025-07-23T19:31:16.0294090Z copying path '/nix/store/yr9xanc3bgp95fj9kvbrrq47zhzni2i6-kmod-31' from 'https://cache.nixos.org'...
2025-07-23T19:31:16.0490555Z copying path '/nix/store/qdypipr8zp0nkyrwqnakn3q3xhpghsrb-kmod-31-lib' from 'https://cache.nixos.org'...
2025-07-23T19:31:16.0804714Z copying path '/nix/store/6m49g3aqk5d5vdxp7chpgim5l6cfm7d6-libarchive-3.7.7-lib' from 'https://cache.nixos.org'...
2025-07-23T19:31:16.1055341Z copying path '/nix/store/pvyhn761hgn17fpr6fy168vcv1ciwsgl-libssh2-1.11.1' from 'https://cache.nixos.org'...
2025-07-23T19:31:16.1181372Z copying path '/nix/store/22qnvg3zddkf7rbpckv676qpsc2najv9-binutils-2.43.1' from 'https://cache.nixos.org'...
2025-07-23T19:31:16.1693466Z copying path '/nix/store/zfk4v9lxal3ch98qnf7zlciwgmk4w1ij-krb5-1.21.3-dev' from 'https://cache.nixos.org'...
2025-07-23T19:31:16.1877265Z copying path '/nix/store/17rp2wzkp8xfhxcd5zihx6qmnbaadlhs-libmicrohttpd-1.0.1' from 'https://cache.nixos.org'...
2025-07-23T19:31:16.2304432Z copying path '/nix/store/qmz79v7x18zmi6g2iagxwazqfwbxzhra-libssh2-1.11.1' from 'https://cache.nixos.org'...
2025-07-23T19:31:16.2735259Z copying path '/nix/store/q4j9jj8jw74216cw4chsqlwdnglwly6p-perl-5.40.0' from 'https://cache.nixos.org'...
2025-07-23T19:31:16.2858070Z copying path '/nix/store/f2sjbvr2gbp1dl1fwak6b77j18wv2rm8-perl5.40.0-Net-SMTP-SSL-1.04' from 'https://cache.nixos.org'...
2025-07-23T19:31:16.3207465Z copying path '/nix/store/w2m5p0fb6pmqq6dz2jqlvnyw7n4vcbpx-curl-8.12.1' from 'https://cache.nixos.org'...
2025-07-23T19:31:16.3219929Z copying path '/nix/store/sh26c2jcz7w2gii2px77bqy64fd026jd-boost-1.81.0' from 'https://cache.nixos.org'...
2025-07-23T19:31:16.3837116Z copying path '/nix/store/i7gfv740vcygvl9pgqwq29nkzmsp09ww-sqlite-3.46.1' from 'https://cache.nixos.org'...
2025-07-23T19:31:16.4015839Z copying path '/nix/store/rbns8mzghhqxih4hj2js4mb4s6ivy5d1-xz-5.6.3-bin' from 'https://cache.nixos.org'...
2025-07-23T19:31:16.4017251Z copying path '/nix/store/ccrjbcfl5zcdp0n5mh69f4airrb9g8m4-zlib-1.3.1-dev' from 'https://cache.nixos.org'...
2025-07-23T19:31:16.4283528Z copying path '/nix/store/xmmli2ijsz2br6573z3sqsgg0spnj7i9-zstd-1.5.6-bin' from 'https://cache.nixos.org'...
2025-07-23T19:31:16.4822905Z copying path '/nix/store/lgfp6sl5hpykmld29rqvi9pam8ji8k24-curl-8.12.1' from 'https://cache.nixos.org'...
2025-07-23T19:31:16.5038396Z copying path '/nix/store/0rg4nqym82ngd29dy8qm1bggm94dkry3-libssh2-1.11.1-dev' from 'https://cache.nixos.org'...
2025-07-23T19:31:16.5290238Z copying path '/nix/store/hsxp8g7zdr6wxk1mp812g8nbzvajzn4w-stdenv-linux' from 'https://cache.nixos.org'...
2025-07-23T19:31:16.5876660Z copying path '/nix/store/gnnac2vpa466p2lpzskmbj5vjr6ikzhg-libpwquality-1.4.5-lib' from 'https://cache.nixos.org'...
2025-07-23T19:31:16.5976235Z copying path '/nix/store/awbfciyq3cjvw6x8wd8wdjy8z2qxm98n-elfutils-0.191' from 'https://cache.nixos.org'...
2025-07-23T19:31:16.6228007Z copying path '/nix/store/3hgwjb5hp0jm8fyi4vx9s4f3hjvp0n1r-tpm2-tss-4.1.3' from 'https://cache.nixos.org'...
2025-07-23T19:31:16.6366401Z copying path '/nix/store/lhpwdis5hkyljz1d200bj1s6g51ljq9k-python3-3.12.8' from 'https://cache.nixos.org'...
2025-07-23T19:31:16.6701985Z copying path '/nix/store/z9lnvmqymg80hk671fm2533ncczkf7z2-kbd-2.6.4' from 'https://cache.nixos.org'...
2025-07-23T19:31:16.7488221Z copying path '/nix/store/8qf68jid6rr2f4c8ppyp0ixdlv0axnpn-curl-8.12.1-bin' from 'https://cache.nixos.org'...
2025-07-23T19:31:16.9819159Z copying path '/nix/store/007wiy8x5irdxzsdx3bdqx0k0a8hp6ji-shellcheck-0.10.0-bin' from 'https://cache.nixos.org'...
2025-07-23T19:31:16.9820656Z copying path '/nix/store/f95nqmgp2vaz1h68n36k605ay1ixnj0a-libbpf-1.4.7' from 'https://cache.nixos.org'...
2025-07-23T19:31:17.0428080Z copying path '/nix/store/04shrm4bvxw1yam87da7y9k872kqn777-curl-8.12.1-dev' from 'https://cache.nixos.org'...
2025-07-23T19:31:17.1735316Z building '/nix/store/rkn5fk95kmnbxk65bxlyzqnmsmafh1f1-kind-with-registry.sh.drv'...
2025-07-23T19:31:17.2480249Z copying path '/nix/store/w9qcpyhjrxsqrps91wkz8r4mqvg9zrxc-systemd-256.10' from 'https://cache.nixos.org'...
2025-07-23T19:31:17.3458021Z copying path '/nix/store/00x4qvjp4kcm932rv281v8n9y4xk9dv1-solc-0.8.21' from 'https://cache.nixos.org'...
2025-07-23T19:31:17.3569628Z copying path '/nix/store/1mv8pj4nxwnd9bbxshljc9p4cnl3rakj-binutils-wrapper-2.43.1' from 'https://cache.nixos.org'...
2025-07-23T19:31:17.3988135Z copying path '/nix/store/ch1brsi5xwxgyv23csmvw1am9l40rf1c-shellcheck-0.10.0' from 'https://cache.nixos.org'...
2025-07-23T19:31:18.3928389Z copying path '/nix/store/99accs107rzm78z74cj1wns59d0m1nh8-perl5.40.0-libwww-perl-6.72' from 'https://cache.nixos.org'...
2025-07-23T19:31:18.4427035Z copying path '/nix/store/7s649psqfmp6bf2ij6kba3nbwjp50z0w-promtail-3.2.1' from 'https://cache.nixos.org'...
2025-07-23T19:31:19.3718486Z copying path '/nix/store/1fwh9nv8n93rjc7i7j9gcm3whdqpgy84-git-2.47.2' from 'https://cache.nixos.org'...
2025-07-23T19:31:20.3471201Z copying path '/nix/store/gnd8f9h2ycxrfrvrga508c4n9cxy6720-gcc-wrapper-13.3.0' from 'https://cache.nixos.org'...
2025-07-23T19:31:20.3559088Z copying path '/nix/store/szfi0xd0cwdaldhkp8vlgi7jfv662nmd-stdenv-linux' from 'https://cache.nixos.org'...
2025-07-23T19:31:20.4069932Z building '/nix/store/mbmxfdxryq3wr2wxm5brh42mcad1gvzy-kind-with-registry-1.0.0.drv'...
2025-07-23T19:31:20.4979512Z building '/nix/store/gvy0rwami6li8s64cb1q1hv75mnglnjn-nix-shell-env.drv'...
2025-07-23T19:31:20.9272642Z this path will be fetched (0.10 MiB download, 0.10 MiB unpacked):
2025-07-23T19:31:20.9273346Z   /nix/store/hlv28jlwzk6kqj6vljm9cn8i7pw030nx-bash-interactive-5.2p37-man
2025-07-23T19:31:20.9282862Z copying path '/nix/store/hlv28jlwzk6kqj6vljm9cn8i7pw030nx-bash-interactive-5.2p37-man' from 'https://cache.nixos.org'...
2025-07-23T19:31:21.0821474Z dependencies installed
2025-07-23T19:31:21.0886857Z ##[group]Run echo "::warning::Monitoring credentials not found. Skipping collector start. Is the PR from a fork branch?"
2025-07-23T19:31:21.0888095Z [36;1mecho "::warning::Monitoring credentials not found. Skipping collector start. Is the PR from a fork branch?"[0m
2025-07-23T19:31:21.0927472Z shell: /usr/bin/bash --noprofile --norc -e -o pipefail {0}
2025-07-23T19:31:21.0927973Z env:
2025-07-23T19:31:21.0928271Z   TMPDIR: /home/runner/work/_temp
2025-07-23T19:31:21.0928613Z ##[endgroup]
2025-07-23T19:31:21.1011961Z ##[warning]Monitoring credentials not found. Skipping collector start. Is the PR from a fork branch?
2025-07-23T19:31:21.1043326Z ##[group]Run AVALANCHEGO_BUILD_PATH=/tmp/e2e/warp/avalanchego/build /home/runner/work/_actions/ava-labs/avalanchego/66ce7a7701db0c4b370f97b339478d5b5ebe919a/.github/actions/run-monitored-tmpnet-cmd/nix-develop.sh --impure --command bash -x ./scripts/run_task.sh test-e2e-warp-ci
2025-07-23T19:31:21.1046911Z [36;1mAVALANCHEGO_BUILD_PATH=/tmp/e2e/warp/avalanchego/build /home/runner/work/_actions/ava-labs/avalanchego/66ce7a7701db0c4b370f97b339478d5b5ebe919a/.github/actions/run-monitored-tmpnet-cmd/nix-develop.sh --impure --command bash -x ./scripts/run_task.sh test-e2e-warp-ci[0m
2025-07-23T19:31:21.1083804Z shell: /usr/bin/bash --noprofile --norc -e -o pipefail {0}
2025-07-23T19:31:21.1084323Z env:
2025-07-23T19:31:21.1084502Z   TMPDIR: /home/runner/work/_temp
2025-07-23T19:31:21.1084745Z   TMPNET_START_METRICS_COLLECTOR: false
2025-07-23T19:31:21.1084990Z   TMPNET_START_LOGS_COLLECTOR: false
2025-07-23T19:31:21.1085229Z   TMPNET_CHECK_METRICS_COLLECTED: false
2025-07-23T19:31:21.1085467Z   TMPNET_CHECK_LOGS_COLLECTED: false
2025-07-23T19:31:21.1085676Z   LOKI_USERNAME: 
2025-07-23T19:31:21.1085854Z   LOKI_PASSWORD: 
2025-07-23T19:31:21.1086041Z   PROMETHEUS_USERNAME: 
2025-07-23T19:31:21.1086237Z   PROMETHEUS_PASSWORD: 
2025-07-23T19:31:21.1086424Z   GH_REPO: ava-labs/coreth
2025-07-23T19:31:21.1086620Z   GH_WORKFLOW: CI
2025-07-23T19:31:21.1086800Z   GH_RUN_ID: 16480013789
2025-07-23T19:31:21.1086984Z   GH_RUN_NUMBER: 5026
2025-07-23T19:31:21.1087164Z   GH_RUN_ATTEMPT: 1
2025-07-23T19:31:21.1087340Z   GH_JOB_ID: e2e_warp
2025-07-23T19:31:21.1087515Z ##[endgroup]
2025-07-23T19:31:21.1311811Z No local flake found, will attempt to use avalanchego flake
2025-07-23T19:31:21.1398056Z Starting nix shell for github:ava-labs/avalanchego?ref=v1.13.3-rc.1
2025-07-23T19:31:23.4703813Z + set -euo pipefail
2025-07-23T19:31:23.4704416Z + command -v task
2025-07-23T19:31:23.4704759Z + exec task test-e2e-warp-ci
2025-07-23T19:31:23.4930442Z task: [build] ./scripts/build.sh
2025-07-23T19:31:23.5222417Z Using branch: d85ec0364
2025-07-23T19:31:23.5239400Z Building Coreth @ GitCommit: d85ec0364204a0b3e07e9cdc140a65c53b4d6ce4 at /home/runner/.avalanchego/plugins/srEXiWaHuhNyGwPUi444Tu47ZEDwxTWrbQiuD7FmgSAQ6X7Dy
2025-07-23T19:31:54.0361820Z task: [test-e2e-warp] ./scripts/run_ginkgo_warp.sh
2025-07-23T19:31:54.0569940Z Using branch: d85ec0364
2025-07-23T19:31:54.0587032Z Running with extra args: --avalanchego-path=/tmp/e2e/warp/avalanchego/build/avalanchego
2025-07-23T19:32:11.2865271Z Running Suite: coreth warp e2e test - /home/runner/work/coreth/coreth/tests/warp
2025-07-23T19:32:11.2865946Z ================================================================================
2025-07-23T19:32:11.2866547Z Random Seed: [1m1753299114[0m
2025-07-23T19:32:11.2866746Z 
2025-07-23T19:32:11.2866910Z Will run [1m1[0m of [1m1[0m specs
2025-07-23T19:32:11.2867285Z [38;5;243m------------------------------[0m
2025-07-23T19:32:11.2867662Z [0m[1m[SynchronizedBeforeSuite] [0m
2025-07-23T19:32:11.2868242Z [38;5;243m/home/runner/work/coreth/coreth/tests/warp/warp_test.go:79[0m
2025-07-23T19:32:11.2869375Z   > Enter [1m[SynchronizedBeforeSuite][0m TOP-LEVEL [38;5;243m- /home/runner/work/coreth/coreth/tests/warp/warp_test.go:79 @ 07/23/25 19:32:11.286[0m
2025-07-23T19:32:11.2875280Z    [0;0mINFO[0;0m	waiting for network to start	{"timeoutSeconds": 120}
2025-07-23T19:32:11.2876719Z    [0;0mINFO[0;0m	preparing configuration for new network	{"runtimeConfig": {"process":{"avalancheGoPath":"/tmp/e2e/warp/avalanchego/build/avalanchego","pluginDir":"/home/runner/.avalanchego/plugins"}}}
2025-07-23T19:32:11.2998458Z    [0;0mINFO[0;0m	starting network	{"networkDir": "/home/runner/.tmpnet/networks/20250723-193211.287722-coreth-warp-e2e", "uuid": "831b7731-4dd7-401a-a2aa-7d4d54bfac1b"}
2025-07-23T19:32:11.9026716Z    [0;0mINFO[0;0m	started local node	{"nodeID": "NodeID-3wsBNScnZA9m17LzxpzCGvmzcKf67tPHk", "dataDir": "/home/runner/.tmpnet/networks/20250723-193211.287722-coreth-warp-e2e/NodeID-3wsBNScnZA9m17LzxpzCGvmzcKf67tPHk", "isEphemeral": false}
2025-07-23T19:32:12.4551180Z    [0;0mINFO[0;0m	started local node	{"nodeID": "NodeID-AjFCBTWUwfRZHTnySyCjdknRp12LaqFon", "dataDir": "/home/runner/.tmpnet/networks/20250723-193211.287722-coreth-warp-e2e/NodeID-AjFCBTWUwfRZHTnySyCjdknRp12LaqFon", "isEphemeral": false}
2025-07-23T19:32:12.4553360Z    [0;0mINFO[0;0m	waiting for nodes to report healthy
2025-07-23T19:32:14.4565045Z    [0;0mINFO[0;0m	node is healthy	{"nodeID": "NodeID-AjFCBTWUwfRZHTnySyCjdknRp12LaqFon", "uri": "http://127.0.0.1:35575"}
2025-07-23T19:32:17.8564267Z    [0;0mINFO[0;0m	node is healthy	{"nodeID": "NodeID-3wsBNScnZA9m17LzxpzCGvmzcKf67tPHk", "uri": "http://127.0.0.1:43963"}
2025-07-23T19:32:17.8566373Z    [0;0mINFO[0;0m	started network	{"networkDir": "/home/runner/.tmpnet/networks/20250723-193211.287722-coreth-warp-e2e", "uuid": "831b7731-4dd7-401a-a2aa-7d4d54bfac1b"}
2025-07-23T19:32:17.8570537Z    [0;0mINFO[0;0m	metrics and logs available via grafana (collectors must be running)	{"url": "https://grafana-poc.avax-dev.network/d/kBQpRdWnk/avalanche-main-dashboard?&var-filter=network_uuid%7C%3D%7C831b7731-4dd7-401a-a2aa-7d4d54bfac1b&var-filter=is_ephemeral_node%7C%3D%7Cfalse&from=1753299131299&to=now", "linkPath": "/home/runner/.tmpnet/networks/20250723-193211.287722-coreth-warp-e2e/metrics.txt"}
2025-07-23T19:32:17.8573198Z    [0;0mINFO[0;0m	network started successfully
2025-07-23T19:32:17.8581214Z    [0;0mINFO[0;0m	network nodes are available	{"uris": [{"NodeID":"NodeID-3wsBNScnZA9m17LzxpzCGvmzcKf67tPHk","URI":"http://127.0.0.1:43963"},{"NodeID":"NodeID-AjFCBTWUwfRZHTnySyCjdknRp12LaqFon","URI":"http://127.0.0.1:35575"}]}
2025-07-23T19:32:17.8583751Z   < Exit [1m[SynchronizedBeforeSuite][0m TOP-LEVEL [38;5;243m- /home/runner/work/coreth/coreth/tests/warp/warp_test.go:79 @ 07/23/25 19:32:17.857 (6.571s)[0m
2025-07-23T19:32:17.8587797Z   > Enter [1m[SynchronizedBeforeSuite][0m TOP-LEVEL [38;5;243m- /home/runner/work/coreth/coreth/tests/warp/warp_test.go:79 @ 07/23/25 19:32:17.857[0m
2025-07-23T19:32:17.8606424Z   < Exit [1m[SynchronizedBeforeSuite][0m TOP-LEVEL [38;5;243m- /home/runner/work/coreth/coreth/tests/warp/warp_test.go:79 @ 07/23/25 19:32:17.86 (2ms)[0m
2025-07-23T19:32:17.8607807Z [38;5;10m[SynchronizedBeforeSuite] PASSED [6.574 seconds][0m
2025-07-23T19:32:17.8608489Z [38;5;243m------------------------------[0m
2025-07-23T19:32:17.8608942Z [Warp]
2025-07-23T19:32:17.8609847Z [38;5;243m/home/runner/work/coreth/coreth/tests/warp/warp_test.go:127[0m
2025-07-23T19:32:17.8610665Z   [0m[1mC-Chain -> C-Chain[0m
2025-07-23T19:32:17.8611502Z   [38;5;243m/home/runner/work/coreth/coreth/tests/warp/warp_test.go:156[0m
2025-07-23T19:32:17.8613313Z   > Enter [1m[BeforeEach][0m TOP-LEVEL [38;5;243m- /home/runner/go/pkg/mod/github.com/ava-labs/avalanchego@v1.13.3-rc.1/tests/fixture/e2e/metrics_link.go:27 @ 07/23/25 19:32:17.86[0m
2025-07-23T19:32:17.8615612Z   < Exit [1m[BeforeEach][0m TOP-LEVEL [38;5;243m- /home/runner/go/pkg/mod/github.com/ava-labs/avalanchego@v1.13.3-rc.1/tests/fixture/e2e/metrics_link.go:27 @ 07/23/25 19:32:17.86 (0s)[0m
2025-07-23T19:32:17.8617353Z   > Enter [1m[It][0m C-Chain -> C-Chain [38;5;243m- /home/runner/work/coreth/coreth/tests/warp/warp_test.go:156 @ 07/23/25 19:32:17.86[0m
2025-07-23T19:32:17.8618811Z   "level"=0 "msg"="Creating ethclient for blockchain A" "blockchainID"="2Nzr7CwuX11Vo42ayWGcy7D1nWEEdxJwe3qjjN4xXoizHUaLzo"
2025-07-23T19:32:17.8620200Z   "level"=0 "msg"="Creating ethclient for blockchain A" "blockchainID"="2Nzr7CwuX11Vo42ayWGcy7D1nWEEdxJwe3qjjN4xXoizHUaLzo"
2025-07-23T19:32:17.8621596Z   "level"=0 "msg"="Creating ethclient for blockchain B" "blockchainID"="2Nzr7CwuX11Vo42ayWGcy7D1nWEEdxJwe3qjjN4xXoizHUaLzo"
2025-07-23T19:32:17.8625710Z   "level"=0 "msg"="Creating ethclient for blockchain B" "blockchainID"="2Nzr7CwuX11Vo42ayWGcy7D1nWEEdxJwe3qjjN4xXoizHUaLzo"
2025-07-23T19:32:19.8672963Z   "level"=0 "msg"="Sending message from A to B"
2025-07-23T19:32:19.8679852Z   "level"=0 "msg"="Sending sendWarpMessage transaction" "txHash"="0xcdd2c3e614865c0a389544350f188695a106bdab5883f66ee56725b3528fc8df"
2025-07-23T19:32:19.8686344Z   "level"=0 "msg"="Waiting for transaction to be accepted"
2025-07-23T19:32:20.8697354Z   "level"=0 "msg"="Constructing warp block hash unsigned message" "blockHash"="0x5c7afdebbd10e93279441062b28e528c80b6853d395915f4f5fbdd6730c0a77d"
2025-07-23T19:32:20.8698298Z   "level"=0 "msg"="Fetching relevant warp logs from the newly produced block"
2025-07-23T19:32:20.8701453Z   "level"=0 "msg"="Parsing logData as unsigned warp message"
2025-07-23T19:32:20.8704190Z   "level"=0 "msg"="Parsed unsignedWarpMsg" "unsignedWarpMessageID"="2dJXPKGac79ZmsoVeyTQ2v4ZVMTDedMyvvqKY3Jfgvk65i8kKG" "unsignedWarpMessage"="UnsignedMessage(NetworkID = 88888, SourceChainID = 2Nzr7CwuX11Vo42ayWGcy7D1nWEEdxJwe3qjjN4xXoizHUaLzo, Payload = 000000000001000000148db97c7cece249c2b98bdc0226cc4c2a57bf52fc00000003010203)"
2025-07-23T19:32:20.8706452Z   "level"=0 "msg"="client accepted the block containing SendWarpMessage" "client"=0 "height"=3
2025-07-23T19:32:20.8709019Z   "level"=0 "msg"="client accepted the block containing SendWarpMessage" "client"=1 "height"=3
2025-07-23T19:32:20.8709811Z   "level"=0 "msg"="Aggregating signatures via API"
2025-07-23T19:32:20.8725776Z   "level"=0 "msg"="Aggregating signatures from validator set" "numValidators"=2 "totalWeight"=2000000000000000
2025-07-23T19:32:20.8775461Z   "level"=0 "msg"="Aggregated signatures for warp messages" "addressedCallMessage"="000000015b38b5a4cf0874043005ee5ab1209c8edefd431257b7e6764199106d78747918698d00000025000000000001000000148db97c7cece249c2b98bdc0226cc4c2a57bf52fc00000003010203000000000000000103b28a349108202d40221da58363b9a8755547558dd59fb77399eb02252498c183cc8177ecaeec86374c981087acb3263e0aed71170f7493c1ad984c130d900eb157ec34e968ac4ef5ce4e9ab2e40983dfdff9032992815b5925648feb51540098" "blockPayloadMessage"="000000015b38b5a4cf0874043005ee5ab1209c8edefd431257b7e6764199106d78747918698d000000260000000000005c7afdebbd10e93279441062b28e528c80b6853d395915f4f5fbdd6730c0a77d000000000000000103b6de3a05d724fe7067ff3bd8d610c2417ac356327cce728126648600c597dc32e5f7c78fc326f914aeacae4840616f07139c390ee35c1aa059071140b39740dc2a94f71d5c161a91a13d9b1e8f4a647265d7410fafc4ca3cd808a8a9f84b1619"
2025-07-23T19:32:20.8782377Z   "level"=0 "msg"="Aggregating signatures via p2p aggregator"
2025-07-23T19:32:20.8783129Z   "level"=0 "msg"="Fetching addressed call aggregate signature via p2p API"
2025-07-23T19:32:20.8795195Z   "level"=0 "msg"="Fetching block payload aggregate signature via p2p API"
2025-07-23T19:32:20.8818026Z   "level"=0 "msg"="Delivering addressed call payload to receiving subnet"
2025-07-23T19:32:20.8827994Z   "level"=0 "msg"="Sending getVerifiedWarpMessage transaction" "txHash"="0x2c84ac1a0bb1cb97d7c051142046368d4f828b9453583d497eb46195dfbc114c" "txBytes"="02f9017383015b3803843b9aca008534630b8a00834c4b4094020000000000000000000000000000000000000580a46f8253500000000000000000000000000000000000000000000000000000000000000000f8dff8dd940200000000000000000000000000000000000005f8c6a0000000015b38b5a4cf0874043005ee5ab1209c8edefd431257b7e6764199106da078747918698d00000025000000000001000000148db97c7cece249c2b98bdc02a026cc4c2a57bf52fc00000003010203000000000000000103b28a349108202d40a0221da58363b9a8755547558dd59fb77399eb02252498c183cc8177ecaeec8637a04c981087acb3263e0aed71170f7493c1ad984c130d900eb157ec34e968ac4ef5a0ce4e9ab2e40983dfdff9032992815b5925648feb51540098ff0000000000000001a0389ea93aa7de9afca4268aff0963288bc18581b29eb3b0163d441cea1520172ea0569686ef255a3df87c0edea9d8129a5e39c42e282b3e1ae62ddfde1822bfc099"
2025-07-23T19:32:20.8833774Z   "level"=0 "msg"="Waiting for transaction to be accepted"
2025-07-23T19:32:21.8842352Z   "level"=0 "msg"="Fetching relevant warp logs and receipts from new block"
2025-07-23T19:32:21.8845208Z   "level"=0 "msg"="Delivering block hash payload to receiving subnet"
2025-07-23T19:32:21.8856726Z   "level"=0 "msg"="Sending getVerifiedWarpBlockHash transaction" "txHash"="0x7232381eb0a29380f4cbc22793f6b6621bada7742612c6af889f805f22d74b06" "txBytes"="02f9017383015b3804843b9aca008534630b8a00834c4b4094020000000000000000000000000000000000000580a4ce7f59290000000000000000000000000000000000000000000000000000000000000000f8dff8dd940200000000000000000000000000000000000005f8c6a0000000015b38b5a4cf0874043005ee5ab1209c8edefd431257b7e6764199106da078747918698d000000260000000000005c7afdebbd10e93279441062b28e528ca080b6853d395915f4f5fbdd6730c0a77d000000000000000103b6de3a05d724fea07067ff3bd8d610c2417ac356327cce728126648600c597dc32e5f7c78fc326f9a014aeacae4840616f07139c390ee35c1aa059071140b39740dc2a94f71d5c161aa091a13d9b1e8f4a647265d7410fafc4ca3cd808a8a9f84b1619ff00000000000001a06b09e4593d91fbf3bdf3e6d2a3f91cf48322ecd89740f036eec6c8b269861b82a005128aeaf8540fe0ff729a244d8cd48aadfd9dd91b02d05815d9703c1c0e69d7"
2025-07-23T19:32:21.8862853Z   "level"=0 "msg"="Waiting for transaction to be accepted"
2025-07-23T19:32:22.8867993Z   "level"=0 "msg"="Fetching relevant warp logs and receipts from new block"
2025-07-23T19:32:22.8870547Z   "level"=0 "msg"="Executing warp load test"
2025-07-23T19:32:22.8875455Z   "level"=0 "msg"="Distributing funds on sending subnet" "numKeys"=2
2025-07-23T19:32:27.4089323Z   "level"=0 "msg"="Distributing funds on receiving subnet" "numKeys"=2
2025-07-23T19:32:29.0097034Z   "level"=0 "msg"="Creating workers for each subnet..."
2025-07-23T19:32:29.0105144Z   "level"=0 "msg"="Subscribing to warp send events on sending subnet"
2025-07-23T19:32:29.0108148Z   "level"=0 "msg"="Generating tx sequence to send warp messages..."
2025-07-23T19:32:29.0127180Z   "level"=0 "msg"="Executing warp send loader..."
2025-07-23T19:32:30.0353767Z   "level"=0 "msg"="Executing warp delivery sequences..."
2025-07-23T19:32:30.0354590Z   "level"=0 "msg"="Executing warp delivery..."
2025-07-23T19:32:30.0357099Z   "level"=0 "msg"="Fetching addressed call aggregate signature via p2p API"
2025-07-23T19:32:30.0358894Z   "level"=0 "msg"="Fetching addressed call aggregate signature via p2p API"
2025-07-23T19:32:30.0382005Z   "level"=0 "msg"="Fetching addressed call aggregate signature via p2p API"
2025-07-23T19:32:30.0403670Z   "level"=0 "msg"="Fetching addressed call aggregate signature via p2p API"
2025-07-23T19:32:30.0427892Z   "level"=0 "msg"="Fetching addressed call aggregate signature via p2p API"
2025-07-23T19:32:30.0441408Z   "level"=0 "msg"="Fetching addressed call aggregate signature via p2p API"
2025-07-23T19:32:30.0460726Z   "level"=0 "msg"="Fetching addressed call aggregate signature via p2p API"
2025-07-23T19:32:30.0471324Z   "level"=0 "msg"="Fetching addressed call aggregate signature via p2p API"
2025-07-23T19:32:30.0495882Z   "level"=0 "msg"="Fetching addressed call aggregate signature via p2p API"
2025-07-23T19:32:30.0510451Z   "level"=0 "msg"="Fetching addressed call aggregate signature via p2p API"
2025-07-23T19:32:30.0529763Z   "level"=0 "msg"="Fetching addressed call aggregate signature via p2p API"
2025-07-23T19:32:30.0549396Z   "level"=0 "msg"="Fetching addressed call aggregate signature via p2p API"
2025-07-23T19:32:30.0570597Z   "level"=0 "msg"="Fetching addressed call aggregate signature via p2p API"
2025-07-23T19:32:30.0587869Z   "level"=0 "msg"="Fetching addressed call aggregate signature via p2p API"
2025-07-23T19:32:30.0602741Z   "level"=0 "msg"="Fetching addressed call aggregate signature via p2p API"
2025-07-23T19:32:30.0618749Z   "level"=0 "msg"="Fetching addressed call aggregate signature via p2p API"
2025-07-23T19:32:30.0636626Z   "level"=0 "msg"="Fetching addressed call aggregate signature via p2p API"
2025-07-23T19:32:30.0653129Z   "level"=0 "msg"="Fetching addressed call aggregate signature via p2p API"
2025-07-23T19:32:30.0671629Z   "level"=0 "msg"="Fetching addressed call aggregate signature via p2p API"
2025-07-23T19:32:30.0690989Z   "level"=0 "msg"="Fetching addressed call aggregate signature via p2p API"
2025-07-23T19:32:33.0152425Z   "level"=0 "msg"="Completed warp delivery successfully."
2025-07-23T19:32:33.0155002Z   < Exit [1m[It][0m C-Chain -> C-Chain [38;5;243m- /home/runner/work/coreth/coreth/tests/warp/warp_test.go:156 @ 07/23/25 19:32:33.015 (15.155s)[0m
2025-07-23T19:32:33.0157354Z   > Enter [1m[AfterEach][0m TOP-LEVEL [38;5;243m- /home/runner/go/pkg/mod/github.com/ava-labs/avalanchego@v1.13.3-rc.1/tests/fixture/e2e/metrics_link.go:33 @ 07/23/25 19:32:33.015[0m
2025-07-23T19:32:33.0168812Z    [0;0mINFO[0;0m	metrics and logs available via grafana (collectors must be running)	{"uri": "https://grafana-poc.avax-dev.network/d/kBQpRdWnk/avalanche-main-dashboard?&var-filter=network_uuid%7C%3D%7C831b7731-4dd7-401a-a2aa-7d4d54bfac1b&var-filter=is_ephemeral_node%7C%3D%7Cfalse&from=1753299137860&to=1753299165015"}
2025-07-23T19:32:33.0172236Z   < Exit [1m[AfterEach][0m TOP-LEVEL [38;5;243m- /home/runner/go/pkg/mod/github.com/ava-labs/avalanchego@v1.13.3-rc.1/tests/fixture/e2e/metrics_link.go:33 @ 07/23/25 19:32:33.016 (1ms)[0m
2025-07-23T19:32:33.0175006Z   > Enter [1m[DeferCleanup (Each)][0m TOP-LEVEL [38;5;243m- /home/runner/go/pkg/mod/github.com/ava-labs/avalanchego@v1.13.3-rc.1/tests/fixture/e2e/ginkgo_test_context.go:96 @ 07/23/25 19:32:33.016[0m
2025-07-23T19:32:33.0177600Z   < Exit [1m[DeferCleanup (Each)][0m TOP-LEVEL [38;5;243m- /home/runner/go/pkg/mod/github.com/ava-labs/avalanchego@v1.13.3-rc.1/tests/fixture/e2e/ginkgo_test_context.go:96 @ 07/23/25 19:32:33.016 (0s)[0m
2025-07-23T19:32:33.0179659Z   > Enter [1m[DeferCleanup (Each)][0m [Warp] [38;5;243m- /home/runner/go/pkg/mod/github.com/ava-labs/avalanchego@v1.13.3-rc.1/tests/fixture/e2e/ginkgo_test_context.go:96 @ 07/23/25 19:32:33.016[0m
2025-07-23T19:32:33.0181322Z   < Exit [1m[DeferCleanup (Each)][0m [Warp] [38;5;243m- /home/runner/go/pkg/mod/github.com/ava-labs/avalanchego@v1.13.3-rc.1/tests/fixture/e2e/ginkgo_test_context.go:96 @ 07/23/25 19:32:33.016 (0s)[0m
2025-07-23T19:32:33.0183249Z   > Enter [1m[DeferCleanup (Each)][0m [Warp] [38;5;243m- /home/runner/go/pkg/mod/github.com/ava-labs/avalanchego@v1.13.3-rc.1/tests/fixture/e2e/ginkgo_test_context.go:96 @ 07/23/25 19:32:33.016[0m
2025-07-23T19:32:33.0185220Z   < Exit [1m[DeferCleanup (Each)][0m [Warp] [38;5;243m- /home/runner/go/pkg/mod/github.com/ava-labs/avalanchego@v1.13.3-rc.1/tests/fixture/e2e/ginkgo_test_context.go:96 @ 07/23/25 19:32:33.016 (0s)[0m
2025-07-23T19:32:33.0186785Z   > Enter [1m[DeferCleanup (Each)][0m [Warp] [38;5;243m- /home/runner/go/pkg/mod/github.com/ava-labs/avalanchego@v1.13.3-rc.1/tests/fixture/e2e/ginkgo_test_context.go:96 @ 07/23/25 19:32:33.016[0m
2025-07-23T19:32:33.0188648Z   < Exit [1m[DeferCleanup (Each)][0m [Warp] [38;5;243m- /home/runner/go/pkg/mod/github.com/ava-labs/avalanchego@v1.13.3-rc.1/tests/fixture/e2e/ginkgo_test_context.go:96 @ 07/23/25 19:32:33.016 (0s)[0m
2025-07-23T19:32:33.0190441Z   > Enter [1m[DeferCleanup (Each)][0m [Warp] [38;5;243m- /home/runner/go/pkg/mod/github.com/ava-labs/avalanchego@v1.13.3-rc.1/tests/fixture/e2e/ginkgo_test_context.go:96 @ 07/23/25 19:32:33.016[0m
2025-07-23T19:32:33.0192076Z   < Exit [1m[DeferCleanup (Each)][0m [Warp] [38;5;243m- /home/runner/go/pkg/mod/github.com/ava-labs/avalanchego@v1.13.3-rc.1/tests/fixture/e2e/ginkgo_test_context.go:96 @ 07/23/25 19:32:33.016 (0s)[0m
2025-07-23T19:32:33.0194380Z   > Enter [1m[DeferCleanup (Each)][0m [Warp] [38;5;243m- /home/runner/go/pkg/mod/github.com/ava-labs/avalanchego@v1.13.3-rc.1/tests/fixture/e2e/ginkgo_test_context.go:96 @ 07/23/25 19:32:33.016[0m
2025-07-23T19:32:33.0196544Z   < Exit [1m[DeferCleanup (Each)][0m [Warp] [38;5;243m- /home/runner/go/pkg/mod/github.com/ava-labs/avalanchego@v1.13.3-rc.1/tests/fixture/e2e/ginkgo_test_context.go:96 @ 07/23/25 19:32:33.016 (0s)[0m
2025-07-23T19:32:33.0198204Z   > Enter [1m[DeferCleanup (Each)][0m [Warp] [38;5;243m- /home/runner/go/pkg/mod/github.com/ava-labs/avalanchego@v1.13.3-rc.1/tests/fixture/e2e/ginkgo_test_context.go:96 @ 07/23/25 19:32:33.016[0m
2025-07-23T19:32:33.0200659Z   < Exit [1m[DeferCleanup (Each)][0m [Warp] [38;5;243m- /home/runner/go/pkg/mod/github.com/ava-labs/avalanchego@v1.13.3-rc.1/tests/fixture/e2e/ginkgo_test_context.go:96 @ 07/23/25 19:32:33.016 (0s)[0m
2025-07-23T19:32:33.0202313Z   > Enter [1m[DeferCleanup (Each)][0m [Warp] [38;5;243m- /home/runner/go/pkg/mod/github.com/ava-labs/avalanchego@v1.13.3-rc.1/tests/fixture/e2e/ginkgo_test_context.go:96 @ 07/23/25 19:32:33.016[0m
2025-07-23T19:32:33.0204456Z   < Exit [1m[DeferCleanup (Each)][0m [Warp] [38;5;243m- /home/runner/go/pkg/mod/github.com/ava-labs/avalanchego@v1.13.3-rc.1/tests/fixture/e2e/ginkgo_test_context.go:96 @ 07/23/25 19:32:33.016 (0s)[0m
2025-07-23T19:32:33.0205856Z [38;5;10m• [15.156 seconds][0m
2025-07-23T19:32:33.0206357Z [38;5;243m------------------------------[0m
2025-07-23T19:32:33.0206837Z [0m[1m[DeferCleanup (Suite)] [0m
2025-07-23T19:32:33.0207837Z [38;5;243m/home/runner/go/pkg/mod/github.com/ava-labs/avalanchego@v1.13.3-rc.1/tests/fixture/e2e/ginkgo_test_context.go:96[0m
2025-07-23T19:32:33.0209868Z   > Enter [1m[DeferCleanup (Suite)][0m TOP-LEVEL [38;5;243m- /home/runner/go/pkg/mod/github.com/ava-labs/avalanchego@v1.13.3-rc.1/tests/fixture/e2e/ginkgo_test_context.go:96 @ 07/23/25 19:32:33.016[0m
2025-07-23T19:32:33.0212314Z   < Exit [1m[DeferCleanup (Suite)][0m TOP-LEVEL [38;5;243m- /home/runner/go/pkg/mod/github.com/ava-labs/avalanchego@v1.13.3-rc.1/tests/fixture/e2e/ginkgo_test_context.go:96 @ 07/23/25 19:32:33.016 (0s)[0m
2025-07-23T19:32:33.0213703Z [38;5;10m[DeferCleanup (Suite)] PASSED [0.000 seconds][0m
2025-07-23T19:32:33.0214445Z [38;5;243m------------------------------[0m
2025-07-23T19:32:33.0214928Z [0m[1m[DeferCleanup (Suite)] [0m
2025-07-23T19:32:33.0216033Z [38;5;243m/home/runner/go/pkg/mod/github.com/ava-labs/avalanchego@v1.13.3-rc.1/tests/fixture/e2e/ginkgo_test_context.go:96[0m
2025-07-23T19:32:33.0218146Z   > Enter [1m[DeferCleanup (Suite)][0m TOP-LEVEL [38;5;243m- /home/runner/go/pkg/mod/github.com/ava-labs/avalanchego@v1.13.3-rc.1/tests/fixture/e2e/ginkgo_test_context.go:96 @ 07/23/25 19:32:33.016[0m
2025-07-23T19:32:33.0220606Z   < Exit [1m[DeferCleanup (Suite)][0m TOP-LEVEL [38;5;243m- /home/runner/go/pkg/mod/github.com/ava-labs/avalanchego@v1.13.3-rc.1/tests/fixture/e2e/ginkgo_test_context.go:96 @ 07/23/25 19:32:33.017 (0s)[0m
2025-07-23T19:32:33.0221970Z [38;5;10m[DeferCleanup (Suite)] PASSED [0.000 seconds][0m
2025-07-23T19:32:33.0222534Z [38;5;243m------------------------------[0m
2025-07-23T19:32:33.0223015Z [0m[1m[DeferCleanup (Suite)] [0m
2025-07-23T19:32:33.0224497Z [38;5;243m/home/runner/go/pkg/mod/github.com/ava-labs/avalanchego@v1.13.3-rc.1/tests/fixture/e2e/ginkgo_test_context.go:96[0m
2025-07-23T19:32:33.0226653Z   > Enter [1m[DeferCleanup (Suite)][0m TOP-LEVEL [38;5;243m- /home/runner/go/pkg/mod/github.com/ava-labs/avalanchego@v1.13.3-rc.1/tests/fixture/e2e/ginkgo_test_context.go:96 @ 07/23/25 19:32:33.017[0m
2025-07-23T19:32:33.0229142Z   < Exit [1m[DeferCleanup (Suite)][0m TOP-LEVEL [38;5;243m- /home/runner/go/pkg/mod/github.com/ava-labs/avalanchego@v1.13.3-rc.1/tests/fixture/e2e/ginkgo_test_context.go:96 @ 07/23/25 19:32:33.017 (0s)[0m
2025-07-23T19:32:33.0230524Z [38;5;10m[DeferCleanup (Suite)] PASSED [0.000 seconds][0m
2025-07-23T19:32:33.0231074Z [38;5;243m------------------------------[0m
2025-07-23T19:32:33.0231559Z [0m[1m[DeferCleanup (Suite)] [0m
2025-07-23T19:32:33.0232606Z [38;5;243m/home/runner/go/pkg/mod/github.com/ava-labs/avalanchego@v1.13.3-rc.1/tests/fixture/e2e/ginkgo_test_context.go:96[0m
2025-07-23T19:32:33.0234920Z   > Enter [1m[DeferCleanup (Suite)][0m TOP-LEVEL [38;5;243m- /home/runner/go/pkg/mod/github.com/ava-labs/avalanchego@v1.13.3-rc.1/tests/fixture/e2e/ginkgo_test_context.go:96 @ 07/23/25 19:32:33.017[0m
2025-07-23T19:32:33.0237465Z   < Exit [1m[DeferCleanup (Suite)][0m TOP-LEVEL [38;5;243m- /home/runner/go/pkg/mod/github.com/ava-labs/avalanchego@v1.13.3-rc.1/tests/fixture/e2e/ginkgo_test_context.go:96 @ 07/23/25 19:32:33.017 (0s)[0m
2025-07-23T19:32:33.0238888Z [38;5;10m[DeferCleanup (Suite)] PASSED [0.000 seconds][0m
2025-07-23T19:32:33.0239481Z [38;5;243m------------------------------[0m
2025-07-23T19:32:33.0239989Z [0m[1m[DeferCleanup (Suite)] [0m
2025-07-23T19:32:33.0241058Z [38;5;243m/home/runner/go/pkg/mod/github.com/ava-labs/avalanchego@v1.13.3-rc.1/tests/fixture/e2e/ginkgo_test_context.go:96[0m
2025-07-23T19:32:33.0243306Z   > Enter [1m[DeferCleanup (Suite)][0m TOP-LEVEL [38;5;243m- /home/runner/go/pkg/mod/github.com/ava-labs/avalanchego@v1.13.3-rc.1/tests/fixture/e2e/ginkgo_test_context.go:96 @ 07/23/25 19:32:33.017[0m
2025-07-23T19:32:33.0246323Z   < Exit [1m[DeferCleanup (Suite)][0m TOP-LEVEL [38;5;243m- /home/runner/go/pkg/mod/github.com/ava-labs/avalanchego@v1.13.3-rc.1/tests/fixture/e2e/ginkgo_test_context.go:96 @ 07/23/25 19:32:33.017 (0s)[0m
2025-07-23T19:32:33.0247561Z [38;5;10m[DeferCleanup (Suite)] PASSED [0.000 seconds][0m
2025-07-23T19:32:33.0248164Z [38;5;243m------------------------------[0m
2025-07-23T19:32:33.0248666Z [0m[1m[DeferCleanup (Suite)] [0m
2025-07-23T19:32:33.0249765Z [38;5;243m/home/runner/go/pkg/mod/github.com/ava-labs/avalanchego@v1.13.3-rc.1/tests/fixture/e2e/ginkgo_test_context.go:96[0m
2025-07-23T19:32:33.0252018Z   > Enter [1m[DeferCleanup (Suite)][0m TOP-LEVEL [38;5;243m- /home/runner/go/pkg/mod/github.com/ava-labs/avalanchego@v1.13.3-rc.1/tests/fixture/e2e/ginkgo_test_context.go:96 @ 07/23/25 19:32:33.017[0m
2025-07-23T19:32:33.0254823Z   < Exit [1m[DeferCleanup (Suite)][0m TOP-LEVEL [38;5;243m- /home/runner/go/pkg/mod/github.com/ava-labs/avalanchego@v1.13.3-rc.1/tests/fixture/e2e/ginkgo_test_context.go:96 @ 07/23/25 19:32:33.017 (0s)[0m
2025-07-23T19:32:33.0256273Z [38;5;10m[DeferCleanup (Suite)] PASSED [0.000 seconds][0m
2025-07-23T19:32:33.0256875Z [38;5;243m------------------------------[0m
2025-07-23T19:32:33.0257381Z [0m[1m[DeferCleanup (Suite)] [0m
2025-07-23T19:32:33.0258505Z [38;5;243m/home/runner/go/pkg/mod/github.com/ava-labs/avalanchego@v1.13.3-rc.1/tests/fixture/e2e/ginkgo_test_context.go:96[0m
2025-07-23T19:32:33.0260759Z   > Enter [1m[DeferCleanup (Suite)][0m TOP-LEVEL [38;5;243m- /home/runner/go/pkg/mod/github.com/ava-labs/avalanchego@v1.13.3-rc.1/tests/fixture/e2e/ginkgo_test_context.go:96 @ 07/23/25 19:32:33.017[0m
2025-07-23T19:32:33.0263285Z   < Exit [1m[DeferCleanup (Suite)][0m TOP-LEVEL [38;5;243m- /home/runner/go/pkg/mod/github.com/ava-labs/avalanchego@v1.13.3-rc.1/tests/fixture/e2e/ginkgo_test_context.go:96 @ 07/23/25 19:32:33.017 (0s)[0m
2025-07-23T19:32:33.0264317Z [38;5;10m[DeferCleanup (Suite)] PASSED [0.000 seconds][0m
2025-07-23T19:32:33.0264669Z [38;5;243m------------------------------[0m
2025-07-23T19:32:33.0265147Z [0m[1m[DeferCleanup (Suite)] [0m
2025-07-23T19:32:33.0265795Z [38;5;243m/home/runner/go/pkg/mod/github.com/ava-labs/avalanchego@v1.13.3-rc.1/tests/fixture/e2e/ginkgo_test_context.go:96[0m
2025-07-23T19:32:33.0267029Z   > Enter [1m[DeferCleanup (Suite)][0m TOP-LEVEL [38;5;243m- /home/runner/go/pkg/mod/github.com/ava-labs/avalanchego@v1.13.3-rc.1/tests/fixture/e2e/ginkgo_test_context.go:96 @ 07/23/25 19:32:33.017[0m
2025-07-23T19:32:33.0267800Z    [0;0mINFO[0;0m	shutting down network
2025-07-23T19:32:33.0971513Z   < Exit [1m[DeferCleanup (Suite)][0m TOP-LEVEL [38;5;243m- /home/runner/go/pkg/mod/github.com/ava-labs/avalanchego@v1.13.3-rc.1/tests/fixture/e2e/ginkgo_test_context.go:96 @ 07/23/25 19:32:33.096 (80ms)[0m
2025-07-23T19:32:33.0973096Z [38;5;10m[DeferCleanup (Suite)] PASSED [0.080 seconds][0m
2025-07-23T19:32:33.0973736Z [38;5;243m------------------------------[0m
2025-07-23T19:32:33.0974446Z [0m[1m[DeferCleanup (Suite)] [0m
2025-07-23T19:32:33.0975583Z [38;5;243m/home/runner/go/pkg/mod/github.com/ava-labs/avalanchego@v1.13.3-rc.1/tests/fixture/e2e/ginkgo_test_context.go:96[0m
2025-07-23T19:32:33.0977884Z   > Enter [1m[DeferCleanup (Suite)][0m TOP-LEVEL [38;5;243m- /home/runner/go/pkg/mod/github.com/ava-labs/avalanchego@v1.13.3-rc.1/tests/fixture/e2e/ginkgo_test_context.go:96 @ 07/23/25 19:32:33.096[0m
2025-07-23T19:32:33.0980269Z   < Exit [1m[DeferCleanup (Suite)][0m TOP-LEVEL [38;5;243m- /home/runner/go/pkg/mod/github.com/ava-labs/avalanchego@v1.13.3-rc.1/tests/fixture/e2e/ginkgo_test_context.go:96 @ 07/23/25 19:32:33.096 (0s)[0m
2025-07-23T19:32:33.0981707Z [38;5;10m[DeferCleanup (Suite)] PASSED [0.000 seconds][0m
2025-07-23T19:32:33.0982296Z [38;5;243m------------------------------[0m
2025-07-23T19:32:33.0982597Z 
2025-07-23T19:32:33.0983114Z [38;5;10m[1mRan 1 of 1 Specs in 21.811 seconds[0m
2025-07-23T19:32:33.0984270Z [38;5;10m[1mSUCCESS![0m -- [38;5;10m[1m1 Passed[0m | [38;5;9m[1m0 Failed[0m | [38;5;11m[1m0 Pending[0m | [38;5;14m[1m0 Skipped[0m
2025-07-23T19:32:33.0984976Z PASS
2025-07-23T19:32:33.1151659Z 
2025-07-23T19:32:33.1152119Z Ginkgo ran 1 suite in 38.306979704s
2025-07-23T19:32:33.1152528Z Test Suite Passed
2025-07-23T19:32:33.1268509Z ##[group]Run actions/upload-artifact@v4
2025-07-23T19:32:33.1268750Z with:
2025-07-23T19:32:33.1268918Z   name: warp-tmpnet-data
2025-07-23T19:32:33.1269316Z   path: ~/.tmpnet/networks
~/.tmpnet/prometheus/prometheus.log
~/.tmpnet/promtail/promtail.log

2025-07-23T19:32:33.1269743Z   if-no-files-found: error
2025-07-23T19:32:33.1269949Z   compression-level: 6
2025-07-23T19:32:33.1270137Z   overwrite: false
2025-07-23T19:32:33.1270328Z   include-hidden-files: false
2025-07-23T19:32:33.1270528Z env:
2025-07-23T19:32:33.1270698Z   TMPDIR: /home/runner/work/_temp
2025-07-23T19:32:33.1270924Z ##[endgroup]
2025-07-23T19:32:33.3555565Z Multiple search paths detected. Calculating the least common ancestor of all paths
2025-07-23T19:32:33.3557792Z The least common ancestor is /home/runner/.tmpnet. This will be the root directory of the artifact
2025-07-23T19:32:33.3558418Z With the provided path, there will be 30 files uploaded
2025-07-23T19:32:33.3562850Z Artifact name is valid!
2025-07-23T19:32:33.3564395Z Root directory input is valid!
2025-07-23T19:32:33.4713342Z Beginning upload of artifact content to blob storage
2025-07-23T19:32:33.5880268Z Uploaded bytes 254232
2025-07-23T19:32:33.6015142Z Finished uploading artifact content to blob storage!
2025-07-23T19:32:33.6018293Z SHA256 digest of uploaded artifact zip is 97986e70a9422e37f591caac4d5b55a84772901452c11682c77e38ac53246095
2025-07-23T19:32:33.6020364Z Finalizing artifact upload
2025-07-23T19:32:33.6986967Z Artifact warp-tmpnet-data.zip successfully finalized. Artifact ID 3600323265
2025-07-23T19:32:33.6988219Z Artifact warp-tmpnet-data has been successfully uploaded! Final size is 254232 bytes. Artifact ID is 3600323265
2025-07-23T19:32:33.6994922Z Artifact download URL: https://github.com/ava-labs/coreth/actions/runs/16480013789/artifacts/3600323265
2025-07-23T19:32:33.7147732Z Post job cleanup.
2025-07-23T19:32:33.8724144Z [command]/opt/hostedtoolcache/go/1.23.9/x64/bin/go env GOMODCACHE
2025-07-23T19:32:33.8761838Z [command]/opt/hostedtoolcache/go/1.23.9/x64/bin/go env GOCACHE
2025-07-23T19:32:33.8786518Z /home/runner/go/pkg/mod
2025-07-23T19:32:33.8814345Z /home/runner/.cache/go-build
2025-07-23T19:32:33.8819142Z Cache hit occurred on the primary key setup-go-Linux-x64-ubuntu24-go-1.23.9-a15cb706c721cb75cb8e60eed27be6d55e2ca35325e99af49c70a2c101d4ff4d, not saving cache.
2025-07-23T19:32:33.8917758Z Post job cleanup.
2025-07-23T19:32:33.9863814Z [command]/usr/bin/git version
2025-07-23T19:32:33.9904645Z git version 2.50.1
2025-07-23T19:32:33.9956196Z Temporarily overriding HOME='/home/runner/work/_temp/9550696a-0377-4acd-a5e5-706ab8435ca6' before making global git config changes
2025-07-23T19:32:33.9957573Z Adding repository directory to the temporary git global config as a safe directory
2025-07-23T19:32:33.9961701Z [command]/usr/bin/git config --global --add safe.directory /home/runner/work/coreth/coreth
2025-07-23T19:32:33.9997528Z [command]/usr/bin/git config --local --name-only --get-regexp core\.sshCommand
2025-07-23T19:32:34.0030310Z [command]/usr/bin/git submodule foreach --recursive sh -c "git config --local --name-only --get-regexp 'core\.sshCommand' && git config --local --unset-all 'core.sshCommand' || :"
2025-07-23T19:32:34.0251729Z [command]/usr/bin/git config --local --name-only --get-regexp http\.https\:\/\/github\.com\/\.extraheader
2025-07-23T19:32:34.0272217Z http.https://github.com/.extraheader
2025-07-23T19:32:34.0285249Z [command]/usr/bin/git config --local --unset-all http.https://github.com/.extraheader
2025-07-23T19:32:34.0314571Z [command]/usr/bin/git submodule foreach --recursive sh -c "git config --local --name-only --get-regexp 'http\.https\:\/\/github\.com\/\.extraheader' && git config --local --unset-all 'http.https://github.com/.extraheader' || :"
2025-07-23T19:32:34.0637208Z Cleaning up orphan processes
