2025-07-23T19:28:55.6470340Z Current runner version: '2.326.0'
2025-07-23T19:28:55.6485630Z ##[group]Operating System
2025-07-23T19:28:55.6486070Z macOS
2025-07-23T19:28:55.6486460Z 14.7.6
2025-07-23T19:28:55.6486750Z 23H626
2025-07-23T19:28:55.6487130Z ##[endgroup]
2025-07-23T19:28:55.6487440Z ##[group]Runner Image
2025-07-23T19:28:55.6487780Z Image: macos-14-arm64
2025-07-23T19:28:55.6488090Z Version: 20250715.1663
2025-07-23T19:28:55.6488820Z Included Software: https://github.com/actions/runner-images/blob/macos-14-arm64/20250715.1663/images/macos/macos-14-arm64-Readme.md
2025-07-23T19:28:55.6489730Z Image Release: https://github.com/actions/runner-images/releases/tag/macos-14-arm64%2F20250715.1663
2025-07-23T19:28:55.6490290Z ##[endgroup]
2025-07-23T19:28:55.6490610Z ##[group]Runner Image Provisioner
2025-07-23T19:28:55.6490980Z 2.0.449.1+6d46f4794670abc677653e70ad733fc4b7478209
2025-07-23T19:28:55.6491360Z ##[endgroup]
2025-07-23T19:28:55.6492780Z ##[group]GITHUB_TOKEN Permissions
2025-07-23T19:28:55.6493760Z Actions: write
2025-07-23T19:28:55.6494080Z Attestations: write
2025-07-23T19:28:55.6494420Z Checks: write
2025-07-23T19:28:55.6494710Z Contents: write
2025-07-23T19:28:55.6495050Z Deployments: write
2025-07-23T19:28:55.6495400Z Discussions: write
2025-07-23T19:28:55.6495700Z Issues: write
2025-07-23T19:28:55.6495980Z Metadata: read
2025-07-23T19:28:55.6496280Z Models: read
2025-07-23T19:28:55.6496560Z Packages: write
2025-07-23T19:28:55.6496860Z Pages: write
2025-07-23T19:28:55.6497140Z PullRequests: write
2025-07-23T19:28:55.6497460Z RepositoryProjects: write
2025-07-23T19:28:55.6497770Z SecurityEvents: write
2025-07-23T19:28:55.6498080Z Statuses: write
2025-07-23T19:28:55.6498380Z ##[endgroup]
2025-07-23T19:28:55.6499520Z Secret source: Actions
2025-07-23T19:28:55.6499910Z Prepare workflow directory
2025-07-23T19:28:55.6698660Z Prepare all required actions
2025-07-23T19:28:55.6723800Z Getting action download info
2025-07-23T19:28:55.9826810Z ##[group]Download immutable action package 'actions/checkout@v4'
2025-07-23T19:28:55.9827450Z Version: 4.2.2
2025-07-23T19:28:55.9828020Z Digest: sha256:ccb2698953eaebd21c7bf6268a94f9c26518a7e38e27e0b83c1fe1ad049819b1
2025-07-23T19:28:55.9828770Z Source commit SHA: 11bd71901bbe5b1630ceea73d27597364c9af683
2025-07-23T19:28:55.9829220Z ##[endgroup]
2025-07-23T19:28:56.3134410Z ##[group]Download immutable action package 'actions/setup-go@v5'
2025-07-23T19:28:56.3135570Z Version: 5.5.0
2025-07-23T19:28:56.3136070Z Digest: sha256:f5eeb2233d0c6714b5236de9b44ad0b935014e15eeab3c28d73dc44c1c641ebb
2025-07-23T19:28:56.3136680Z Source commit SHA: d35c59abb061a4a6fb18e82ac0862c26744d6ab5
2025-07-23T19:28:56.3137140Z ##[endgroup]
2025-07-23T19:28:57.0638010Z Complete job name: Golang Unit Tests (macos-latest)
2025-07-23T19:28:57.0964790Z ##[group]Run actions/checkout@v4
2025-07-23T19:28:57.0965290Z with:
2025-07-23T19:28:57.0965580Z   repository: ava-labs/coreth
2025-07-23T19:28:57.0966020Z   token: ***
2025-07-23T19:28:57.0966290Z   ssh-strict: true
2025-07-23T19:28:57.0966580Z   ssh-user: git
2025-07-23T19:28:57.0966890Z   persist-credentials: true
2025-07-23T19:28:57.0967210Z   clean: true
2025-07-23T19:28:57.0967500Z   sparse-checkout-cone-mode: true
2025-07-23T19:28:57.0967850Z   fetch-depth: 1
2025-07-23T19:28:57.0968130Z   fetch-tags: false
2025-07-23T19:28:57.0968500Z   show-progress: true
2025-07-23T19:28:57.0968800Z   lfs: false
2025-07-23T19:28:57.0969090Z   submodules: false
2025-07-23T19:28:57.0969390Z   set-safe-directory: true
2025-07-23T19:28:57.0969810Z ##[endgroup]
2025-07-23T19:28:57.3790940Z Syncing repository: ava-labs/coreth
2025-07-23T19:28:57.3792280Z ##[group]Getting Git version info
2025-07-23T19:28:57.3792780Z Working directory is '/Users/runner/work/coreth/coreth'
2025-07-23T19:28:57.3814620Z [command]/opt/homebrew/bin/git version
2025-07-23T19:28:57.4339280Z git version 2.50.1
2025-07-23T19:28:57.4362650Z ##[endgroup]
2025-07-23T19:28:57.4368270Z Copying '/Users/runner/.gitconfig' to '/Users/runner/work/_temp/8fdf0996-2c77-4556-aa33-ff5ddfd5426f/.gitconfig'
2025-07-23T19:28:57.4374250Z Temporarily overriding HOME='/Users/runner/work/_temp/8fdf0996-2c77-4556-aa33-ff5ddfd5426f' before making global git config changes
2025-07-23T19:28:57.4375240Z Adding repository directory to the temporary git global config as a safe directory
2025-07-23T19:28:57.4377810Z [command]/opt/homebrew/bin/git config --global --add safe.directory /Users/runner/work/coreth/coreth
2025-07-23T19:28:57.4445260Z Deleting the contents of '/Users/runner/work/coreth/coreth'
2025-07-23T19:28:57.4447090Z ##[group]Initializing the repository
2025-07-23T19:28:57.4450960Z [command]/opt/homebrew/bin/git init /Users/runner/work/coreth/coreth
2025-07-23T19:28:57.4585280Z hint: Using 'master' as the name for the initial branch. This default branch name
2025-07-23T19:28:57.4586570Z hint: is subject to change. To configure the initial branch name to use in all
2025-07-23T19:28:57.4587450Z hint: of your new repositories, which will suppress this warning, call:
2025-07-23T19:28:57.4587960Z hint:
2025-07-23T19:28:57.4588360Z hint: 	git config --global init.defaultBranch <name>
2025-07-23T19:28:57.4588900Z hint:
2025-07-23T19:28:57.4589330Z hint: Names commonly chosen instead of 'master' are 'main', 'trunk' and
2025-07-23T19:28:57.4589990Z hint: 'development'. The just-created branch can be renamed via this command:
2025-07-23T19:28:57.4590510Z hint:
2025-07-23T19:28:57.4590800Z hint: 	git branch -m <name>
2025-07-23T19:28:57.4591140Z hint:
2025-07-23T19:28:57.4591590Z hint: Disable this message with "git config set advice.defaultBranchName false"
2025-07-23T19:28:57.4592290Z Initialized empty Git repository in /Users/runner/work/coreth/coreth/.git/
2025-07-23T19:28:57.4593630Z [command]/opt/homebrew/bin/git remote add origin https://github.com/ava-labs/coreth
2025-07-23T19:28:57.4643800Z ##[endgroup]
2025-07-23T19:28:57.4644350Z ##[group]Disabling automatic garbage collection
2025-07-23T19:28:57.4646250Z [command]/opt/homebrew/bin/git config --local gc.auto 0
2025-07-23T19:28:57.4688340Z ##[endgroup]
2025-07-23T19:28:57.4689010Z ##[group]Setting up auth
2025-07-23T19:28:57.4691930Z [command]/opt/homebrew/bin/git config --local --name-only --get-regexp core\.sshCommand
2025-07-23T19:28:57.4729820Z [command]/opt/homebrew/bin/git submodule foreach --recursive sh -c "git config --local --name-only --get-regexp 'core\.sshCommand' && git config --local --unset-all 'core.sshCommand' || :"
2025-07-23T19:28:57.5272210Z [command]/opt/homebrew/bin/git config --local --name-only --get-regexp http\.https\:\/\/github\.com\/\.extraheader
2025-07-23T19:28:57.5307000Z [command]/opt/homebrew/bin/git submodule foreach --recursive sh -c "git config --local --name-only --get-regexp 'http\.https\:\/\/github\.com\/\.extraheader' && git config --local --unset-all 'http.https://github.com/.extraheader' || :"
2025-07-23T19:28:57.6710350Z [command]/opt/homebrew/bin/git config --local http.https://github.com/.extraheader AUTHORIZATION: basic ***
2025-07-23T19:28:57.6712320Z ##[endgroup]
2025-07-23T19:28:57.6713550Z ##[group]Fetching the repository
2025-07-23T19:28:57.6714730Z [command]/opt/homebrew/bin/git -c protocol.version=2 fetch --no-tags --prune --no-recurse-submodules --depth=1 origin +d85ec0364204a0b3e07e9cdc140a65c53b4d6ce4:refs/remotes/pull/1065/merge
2025-07-23T19:28:58.8014950Z From https://github.com/ava-labs/coreth
2025-07-23T19:28:58.8015860Z  * [new ref]         d85ec0364204a0b3e07e9cdc140a65c53b4d6ce4 -> pull/1065/merge
2025-07-23T19:28:58.8062960Z ##[endgroup]
2025-07-23T19:28:58.8063600Z ##[group]Determining the checkout info
2025-07-23T19:28:58.8064360Z ##[endgroup]
2025-07-23T19:28:58.8067150Z [command]/opt/homebrew/bin/git sparse-checkout disable
2025-07-23T19:28:58.8121830Z [command]/opt/homebrew/bin/git config --local --unset-all extensions.worktreeConfig
2025-07-23T19:28:58.8161700Z ##[group]Checking out the ref
2025-07-23T19:28:58.8163660Z [command]/opt/homebrew/bin/git checkout --progress --force refs/remotes/pull/1065/merge
2025-07-23T19:28:58.9380840Z HEAD is now at d85ec03 Merge d5f0d87367784f954ad4b3b1df561902a97b92fd into 8fa714aa59bcec3f418c1cc8312789585993b1b1
2025-07-23T19:28:58.9628740Z ##[endgroup]
2025-07-23T19:28:58.9933290Z [command]/opt/homebrew/bin/git log -1 --format=%H
2025-07-23T19:28:58.9996220Z d85ec0364204a0b3e07e9cdc140a65c53b4d6ce4
2025-07-23T19:28:59.0333830Z ##[group]Run actions/setup-go@v5
2025-07-23T19:28:59.0335510Z with:
2025-07-23T19:28:59.0336150Z   go-version-file: go.mod
2025-07-23T19:28:59.0336850Z   check-latest: false
2025-07-23T19:28:59.0337670Z   token: ***
2025-07-23T19:28:59.0338220Z   cache: true
2025-07-23T19:28:59.0338780Z ##[endgroup]
2025-07-23T19:28:59.1634480Z Setup go version spec 1.23.9
2025-07-23T19:28:59.1662470Z Attempting to download 1.23.9...
2025-07-23T19:29:00.0309900Z matching 1.23.9...
2025-07-23T19:29:00.1350510Z Acquiring 1.23.9 from https://github.com/actions/go-versions/releases/download/1.23.9-14875265214/go-1.23.9-darwin-arm64.tar.gz
2025-07-23T19:29:00.9474720Z Extracting Go...
2025-07-23T19:29:00.9555940Z [command]/usr/bin/tar xz -C /Users/runner/work/_temp/aabfc34d-b18f-416a-b458-a6f7e344f159 -f /Users/runner/work/_temp/5cbcbaac-4a4d-4d9b-a417-f79fb5e4419b
2025-07-23T19:29:03.3391660Z Successfully extracted go to /Users/runner/work/_temp/aabfc34d-b18f-416a-b458-a6f7e344f159
2025-07-23T19:29:03.3392280Z Adding to the cache ...
2025-07-23T19:29:07.9882230Z Successfully cached go to /Users/runner/hostedtoolcache/go/1.23.9/arm64
2025-07-23T19:29:07.9889230Z Added go to the path
2025-07-23T19:29:07.9919180Z Successfully set up Go version 1.23.9
2025-07-23T19:29:08.1129950Z [command]/Users/runner/hostedtoolcache/go/1.23.9/arm64/bin/go env GOMODCACHE
2025-07-23T19:29:08.1167110Z [command]/Users/runner/hostedtoolcache/go/1.23.9/arm64/bin/go env GOCACHE
2025-07-23T19:29:08.1167740Z /Users/runner/go/pkg/mod
2025-07-23T19:29:08.1170200Z /Users/runner/Library/Caches/go-build
2025-07-23T19:29:08.2655670Z Cache hit for: setup-go-macOS-arm64-go-1.23.9-a15cb706c721cb75cb8e60eed27be6d55e2ca35325e99af49c70a2c101d4ff4d
2025-07-23T19:29:09.4201510Z Received 71303168 of 665833561 (10.7%), 67.9 MBs/sec
2025-07-23T19:29:10.4306320Z Received 192937984 of 665833561 (29.0%), 91.4 MBs/sec
2025-07-23T19:29:11.4349000Z Received 301989888 of 665833561 (45.4%), 95.6 MBs/sec
2025-07-23T19:29:12.4427060Z Received 406847488 of 665833561 (61.1%), 96.6 MBs/sec
2025-07-23T19:29:13.4343860Z Received 536870912 of 665833561 (80.6%), 102.0 MBs/sec
2025-07-23T19:29:14.4293890Z Received 665833561 of 665833561 (100.0%), 105.6 MBs/sec
2025-07-23T19:29:14.4299370Z Cache Size: ~635 MB (665833561 B)
2025-07-23T19:29:14.4342660Z [command]/opt/homebrew/bin/gtar -xf /Users/runner/work/_temp/d7820235-272a-4fb0-a9c1-f98db5fee222/cache.tzst -P -C /Users/runner/work/coreth/coreth --delay-directory-restore --use-compress-program unzstd
2025-07-23T19:29:24.0727310Z Cache restored successfully
2025-07-23T19:29:24.0932060Z Cache restored from key: setup-go-macOS-arm64-go-1.23.9-a15cb706c721cb75cb8e60eed27be6d55e2ca35325e99af49c70a2c101d4ff4d
2025-07-23T19:29:24.1086730Z go version go1.23.9 darwin/arm64
2025-07-23T19:29:24.1086910Z 
2025-07-23T19:29:24.1087310Z ##[group]go env
2025-07-23T19:29:25.8943950Z GO111MODULE=''
2025-07-23T19:29:25.9045130Z GOARCH='arm64'
2025-07-23T19:29:25.9102410Z GOBIN=''
2025-07-23T19:29:25.9103560Z GOCACHE='/Users/runner/Library/Caches/go-build'
2025-07-23T19:29:25.9105790Z GOENV='/Users/runner/Library/Application Support/go/env'
2025-07-23T19:29:25.9107070Z GOEXE=''
2025-07-23T19:29:25.9108760Z GOEXPERIMENT=''
2025-07-23T19:29:25.9110050Z GOFLAGS=''
2025-07-23T19:29:25.9111460Z GOHOSTARCH='arm64'
2025-07-23T19:29:25.9112010Z GOHOSTOS='darwin'
2025-07-23T19:29:25.9112480Z GOINSECURE=''
2025-07-23T19:29:25.9113120Z GOMODCACHE='/Users/runner/go/pkg/mod'
2025-07-23T19:29:25.9114010Z GONOPROXY=''
2025-07-23T19:29:25.9116100Z GONOSUMDB=''
2025-07-23T19:29:25.9118510Z GOOS='darwin'
2025-07-23T19:29:25.9119090Z GOPATH='/Users/runner/go'
2025-07-23T19:29:25.9120780Z GOPRIVATE=''
2025-07-23T19:29:25.9122040Z GOPROXY='https://proxy.golang.org,direct'
2025-07-23T19:29:25.9122520Z GOROOT='/Users/runner/hostedtoolcache/go/1.23.9/arm64'
2025-07-23T19:29:25.9128930Z GOSUMDB='sum.golang.org'
2025-07-23T19:29:25.9129500Z GOTMPDIR=''
2025-07-23T19:29:25.9129720Z GOTOOLCHAIN='auto'
2025-07-23T19:29:25.9131490Z GOTOOLDIR='/Users/runner/hostedtoolcache/go/1.23.9/arm64/pkg/tool/darwin_arm64'
2025-07-23T19:29:25.9131960Z GOVCS=''
2025-07-23T19:29:25.9132170Z GOVERSION='go1.23.9'
2025-07-23T19:29:25.9132500Z GODEBUG=''
2025-07-23T19:29:25.9132740Z GOTELEMETRY='local'
2025-07-23T19:29:25.9133210Z GOTELEMETRYDIR='/Users/runner/Library/Application Support/go/telemetry'
2025-07-23T19:29:25.9133620Z GCCGO='gccgo'
2025-07-23T19:29:25.9133860Z GOARM64='v8.0'
2025-07-23T19:29:25.9134090Z AR='ar'
2025-07-23T19:29:25.9134330Z CC='clang'
2025-07-23T19:29:25.9134610Z CXX='clang++'
2025-07-23T19:29:25.9134830Z CGO_ENABLED='1'
2025-07-23T19:29:25.9135120Z GOMOD='/Users/runner/work/coreth/coreth/go.mod'
2025-07-23T19:29:25.9135510Z GOWORK=''
2025-07-23T19:29:25.9135700Z CGO_CFLAGS='-O2 -g'
2025-07-23T19:29:25.9135930Z CGO_CPPFLAGS=''
2025-07-23T19:29:25.9136250Z CGO_CXXFLAGS='-O2 -g'
2025-07-23T19:29:25.9136470Z CGO_FFLAGS='-O2 -g'
2025-07-23T19:29:25.9136740Z CGO_LDFLAGS='-O2 -g'
2025-07-23T19:29:25.9137050Z PKG_CONFIG='pkg-config'
2025-07-23T19:29:25.9138210Z GOGCCFLAGS='-fPIC -arch arm64 -pthread -fno-caret-diagnostics -Qunused-arguments -fmessage-length=0 -ffile-prefix-map=/var/folders/y6/nj790rtn62lfktb1sh__79hc0000gn/T/go-build963083595=/tmp/go-build -gno-record-gcc-switches -fno-common'
2025-07-23T19:29:25.9139180Z 
2025-07-23T19:29:25.9139570Z ##[endgroup]
2025-07-23T19:29:25.9246510Z ##[group]Run go mod download
2025-07-23T19:29:25.9246870Z [36;1mgo mod download[0m
2025-07-23T19:29:25.9424270Z shell: /bin/bash -e {0}
2025-07-23T19:29:25.9424590Z ##[endgroup]
2025-07-23T19:29:26.1558910Z ##[group]Run ./scripts/run_task.sh check-generate-codec
2025-07-23T19:29:26.1559260Z [36;1m./scripts/run_task.sh check-generate-codec[0m
2025-07-23T19:29:26.1636050Z shell: /bin/bash -e {0}
2025-07-23T19:29:26.1636290Z ##[endgroup]
2025-07-23T19:29:28.1177170Z task: [generate-codec] grep -lr -E '^// Code generated by github\.com\/fjl\/gencodec\. DO NOT EDIT\.$' . | xargs -r rm
2025-07-23T19:29:28.3630580Z task: [generate-codec] go generate -run "github.com/fjl/gencodec" ./...
2025-07-23T19:29:35.3968720Z task: [check-clean-branch] git add --all
2025-07-23T19:29:35.5080100Z task: [check-clean-branch] git update-index --really-refresh >> /dev/null
2025-07-23T19:29:35.5157530Z task: [check-clean-branch] git status --short
2025-07-23T19:29:35.5286080Z task: [check-clean-branch] git diff-index --quiet HEAD
2025-07-23T19:29:35.5411710Z ##[group]Run ./scripts/run_task.sh check-generate-mocks
2025-07-23T19:29:35.5412010Z [36;1m./scripts/run_task.sh check-generate-mocks[0m
2025-07-23T19:29:35.5538810Z shell: /bin/bash -e {0}
2025-07-23T19:29:35.5539020Z ##[endgroup]
2025-07-23T19:29:36.1478950Z task: [generate-mocks] grep -lr -E '^// Code generated by MockGen\. DO NOT EDIT\.$' . | xargs -r rm
2025-07-23T19:29:36.2869140Z task: [generate-mocks] go generate -run "go.uber.org/mock/mockgen" ./...
2025-07-23T19:29:41.7072290Z task: [check-clean-branch] git add --all
2025-07-23T19:29:41.7167960Z task: [check-clean-branch] git update-index --really-refresh >> /dev/null
2025-07-23T19:29:41.7225630Z task: [check-clean-branch] git status --short
2025-07-23T19:29:41.7322640Z task: [check-clean-branch] git diff-index --quiet HEAD
2025-07-23T19:29:41.7437820Z ##[group]Run ./scripts/run_task.sh build
2025-07-23T19:29:41.7438070Z [36;1m./scripts/run_task.sh build[0m
2025-07-23T19:29:41.7487200Z shell: /bin/bash -e {0}
2025-07-23T19:29:41.7487370Z ##[endgroup]
2025-07-23T19:29:42.3282050Z task: [build] ./scripts/build.sh
2025-07-23T19:29:42.3605910Z Using branch: d85ec03
2025-07-23T19:29:42.3639410Z Building Coreth @ GitCommit: d85ec0364204a0b3e07e9cdc140a65c53b4d6ce4 at /Users/runner/.avalanchego/plugins/srEXiWaHuhNyGwPUi444Tu47ZEDwxTWrbQiuD7FmgSAQ6X7Dy
2025-07-23T19:29:51.2280740Z ##[group]Run ./scripts/run_task.sh build-test
2025-07-23T19:29:51.2281090Z [36;1m./scripts/run_task.sh build-test[0m
2025-07-23T19:29:51.2415480Z shell: /bin/bash -e {0}
2025-07-23T19:29:51.2415670Z env:
2025-07-23T19:29:51.2415810Z   TIMEOUT: 
2025-07-23T19:29:51.2415930Z ##[endgroup]
2025-07-23T19:29:51.8737390Z task: [build-test] ./scripts/build_test.sh
2025-07-23T19:29:51.9016950Z Using branch: d85ec03
2025-07-23T19:29:52.2501440Z Test run 1 of 4
2025-07-23T19:29:52.2501760Z Getting expected test list...
2025-07-23T19:29:58.6019690Z Expected tests: 1 tests
2025-07-23T19:29:58.6019970Z Running tests...
2025-07-23T19:35:29.6858720Z jq: parse error: Invalid numeric literal at line 1, column 2
2025-07-23T19:35:29.6980820Z task: Failed to run task "build-test": exit status 5
2025-07-23T19:35:29.7011060Z exit status 201
2025-07-23T19:35:29.7081710Z ##[error]Process completed with exit code 1.
2025-07-23T19:35:29.7511690Z Post job cleanup.
2025-07-23T19:35:30.1818930Z [command]/opt/homebrew/bin/git version
2025-07-23T19:35:30.2110990Z git version 2.50.1
2025-07-23T19:35:30.2156310Z Copying '/Users/runner/.gitconfig' to '/Users/runner/work/_temp/804fb9a9-4f08-41b4-aae6-898a7bc2f756/.gitconfig'
2025-07-23T19:35:30.2168330Z Temporarily overriding HOME='/Users/runner/work/_temp/804fb9a9-4f08-41b4-aae6-898a7bc2f756' before making global git config changes
2025-07-23T19:35:30.2170480Z Adding repository directory to the temporary git global config as a safe directory
2025-07-23T19:35:30.2171800Z [command]/opt/homebrew/bin/git config --global --add safe.directory /Users/runner/work/coreth/coreth
2025-07-23T19:35:30.2281180Z [command]/opt/homebrew/bin/git config --local --name-only --get-regexp core\.sshCommand
2025-07-23T19:35:30.2346150Z [command]/opt/homebrew/bin/git submodule foreach --recursive sh -c "git config --local --name-only --get-regexp 'core\.sshCommand' && git config --local --unset-all 'core.sshCommand' || :"
2025-07-23T19:35:30.3922370Z [command]/opt/homebrew/bin/git config --local --name-only --get-regexp http\.https\:\/\/github\.com\/\.extraheader
2025-07-23T19:35:30.3957350Z http.https://github.com/.extraheader
2025-07-23T19:35:30.3989780Z [command]/opt/homebrew/bin/git config --local --unset-all http.https://github.com/.extraheader
2025-07-23T19:35:30.4115700Z [command]/opt/homebrew/bin/git submodule foreach --recursive sh -c "git config --local --name-only --get-regexp 'http\.https\:\/\/github\.com\/\.extraheader' && git config --local --unset-all 'http.https://github.com/.extraheader' || :"
2025-07-23T19:35:30.5740940Z Cleaning up orphan processes
