2025-07-23T19:30:43.7222424Z ##[group]Run ava-labs/avalanchego/.github/actions/run-monitored-tmpnet-cmd@66ce7a7701db0c4b370f97b339478d5b5ebe919a
2025-07-23T19:30:43.7222947Z with:
2025-07-23T19:30:43.7223134Z   run: ./scripts/run_task.sh test-e2e
2025-07-23T19:30:43.7223394Z   run_env: AVALANCHEGO_CLONE_PATH=avalanchego
2025-07-23T19:30:43.7223636Z   runtime: process
2025-07-23T19:30:43.7223848Z   repository_owner: ava-labs
2025-07-23T19:30:43.7224307Z   repository_name: coreth
2025-07-23T19:30:43.7224499Z   workflow: CI
2025-07-23T19:30:43.7224674Z   run_id: 16480013789
2025-07-23T19:30:43.7224852Z   run_number: 5026
2025-07-23T19:30:43.7225017Z   run_attempt: 1
2025-07-23T19:30:43.7225188Z   job: avalanchego_e2e
2025-07-23T19:30:43.7225384Z ##[endgroup]
2025-07-23T19:30:43.7329515Z ##[group]Run cachix/install-nix-action@02a151ada4993995686f9ed4f1be7cfbb229e56f
2025-07-23T19:30:43.7329899Z with:
2025-07-23T19:30:43.7330068Z   enable_kvm: true
2025-07-23T19:30:43.7330251Z ##[endgroup]
2025-07-23T19:30:43.7351860Z ##[group]Run ${GITHUB_ACTION_PATH}/install-nix.sh
2025-07-23T19:30:43.7352247Z [36;1m${GITHUB_ACTION_PATH}/install-nix.sh[0m
2025-07-23T19:30:43.7381163Z shell: /usr/bin/bash --noprofile --norc -e -o pipefail {0}
2025-07-23T19:30:43.7381476Z env:
2025-07-23T19:30:43.7381659Z   INPUT_EXTRA_NIX_CONFIG: 
2025-07-23T19:30:43.7381876Z   INPUT_GITHUB_ACCESS_TOKEN: 
2025-07-23T19:30:43.7382278Z   INPUT_INSTALL_OPTIONS: 
2025-07-23T19:30:43.7382484Z   INPUT_INSTALL_URL: 
2025-07-23T19:30:43.7382670Z   INPUT_NIX_PATH: 
2025-07-23T19:30:43.7382854Z   INPUT_ENABLE_KVM: true
2025-07-23T19:30:43.7383446Z   GITHUB_TOKEN: ***
2025-07-23T19:30:43.7383642Z ##[endgroup]
2025-07-23T19:30:43.7459293Z ##[group]Enabling KVM support
2025-07-23T19:30:43.7528601Z KERNEL=="kvm", GROUP="kvm", MODE="0666", OPTIONS+="static_node=kvm"
2025-07-23T19:30:43.7825708Z Enabled KVM
2025-07-23T19:30:43.7826302Z ##[endgroup]
2025-07-23T19:30:43.7828400Z ##[group]Installing Nix
2025-07-23T19:30:43.8115711Z installer options: --no-channel-add --darwin-use-unencrypted-nix-store-volume --nix-extra-conf-file /tmp/tmp.ms8QZXhwC8/nix.conf --daemon --daemon-user-count 8
2025-07-23T19:30:44.0860299Z * Host releases.nixos.org:443 was resolved.
2025-07-23T19:30:44.0860958Z * IPv6: 2a04:4e42:77::729
2025-07-23T19:30:44.0861363Z * IPv4: 146.75.30.217
2025-07-23T19:30:44.0861741Z *   Trying 146.75.30.217:443...
2025-07-23T19:30:44.0911792Z * Connected to releases.nixos.org (146.75.30.217) port 443
2025-07-23T19:30:44.0930230Z * ALPN: curl offers h2,http/1.1
2025-07-23T19:30:44.0932424Z } [5 bytes data]
2025-07-23T19:30:44.0932902Z * TLSv1.3 (OUT), TLS handshake, Client hello (1):
2025-07-23T19:30:44.0933424Z } [512 bytes data]
2025-07-23T19:30:44.1142928Z *  CAfile: /etc/ssl/certs/ca-certificates.crt
2025-07-23T19:30:44.1143496Z *  CApath: /etc/ssl/certs
2025-07-23T19:30:44.1144204Z { [5 bytes data]
2025-07-23T19:30:44.1144669Z * TLSv1.3 (IN), TLS handshake, Server hello (2):
2025-07-23T19:30:44.1145193Z { [104 bytes data]
2025-07-23T19:30:44.1145619Z * TLSv1.2 (IN), TLS handshake, Certificate (11):
2025-07-23T19:30:44.1146148Z { [2827 bytes data]
2025-07-23T19:30:44.1150438Z * TLSv1.2 (IN), TLS handshake, Server key exchange (12):
2025-07-23T19:30:44.1151010Z { [300 bytes data]
2025-07-23T19:30:44.1154414Z * TLSv1.2 (IN), TLS handshake, Server finished (14):
2025-07-23T19:30:44.1154968Z { [4 bytes data]
2025-07-23T19:30:44.1155428Z * TLSv1.2 (OUT), TLS handshake, Client key exchange (16):
2025-07-23T19:30:44.1155983Z } [37 bytes data]
2025-07-23T19:30:44.1156450Z * TLSv1.2 (OUT), TLS change cipher, Change cipher spec (1):
2025-07-23T19:30:44.1157035Z } [1 bytes data]
2025-07-23T19:30:44.1157457Z * TLSv1.2 (OUT), TLS handshake, Finished (20):
2025-07-23T19:30:44.1157940Z } [16 bytes data]
2025-07-23T19:30:44.1205620Z * TLSv1.2 (IN), TLS handshake, Finished (20):
2025-07-23T19:30:44.1206114Z { [16 bytes data]
2025-07-23T19:30:44.1206732Z * SSL connection using TLSv1.2 / ECDHE-RSA-CHACHA20-POLY1305 / X25519 / RSASSA-PSS
2025-07-23T19:30:44.1207403Z * ALPN: server accepted h2
2025-07-23T19:30:44.1208663Z * Server certificate:
2025-07-23T19:30:44.1209092Z *  subject: CN=releases.nixos.org
2025-07-23T19:30:44.1209523Z *  start date: Oct 11 20:56:16 2024 GMT
2025-07-23T19:30:44.1209950Z *  expire date: Nov 12 20:56:15 2025 GMT
2025-07-23T19:30:44.1210634Z *  subjectAltName: host "releases.nixos.org" matched cert's "releases.nixos.org"
2025-07-23T19:30:44.1211554Z *  issuer: C=BE; O=GlobalSign nv-sa; CN=GlobalSign Atlas R3 DV TLS CA 2024 Q4
2025-07-23T19:30:44.1212179Z *  SSL certificate verify ok.
2025-07-23T19:30:44.1212922Z *   Certificate level 0: Public key type RSA (2048/112 Bits/secBits), signed using sha256WithRSAEncryption
2025-07-23T19:30:44.1214203Z *   Certificate level 1: Public key type RSA (2048/112 Bits/secBits), signed using sha256WithRSAEncryption
2025-07-23T19:30:44.1214852Z *   Certificate level 2: Public key type RSA (2048/112 Bits/secBits), signed using sha256WithRSAEncryption
2025-07-23T19:30:44.1215292Z } [5 bytes data]
2025-07-23T19:30:44.1215475Z * using HTTP/2
2025-07-23T19:30:44.1215811Z * [HTTP/2] [1] OPENED stream for https://releases.nixos.org/nix/nix-2.26.3/install
2025-07-23T19:30:44.1216181Z * [HTTP/2] [1] [:method: GET]
2025-07-23T19:30:44.1216407Z * [HTTP/2] [1] [:scheme: https]
2025-07-23T19:30:44.1216677Z * [HTTP/2] [1] [:authority: releases.nixos.org]
2025-07-23T19:30:44.1216973Z * [HTTP/2] [1] [:path: /nix/nix-2.26.3/install]
2025-07-23T19:30:44.1217460Z * [HTTP/2] [1] [user-agent: curl/8.5.0]
2025-07-23T19:30:44.1217712Z * [HTTP/2] [1] [accept: */*]
2025-07-23T19:30:44.1217925Z } [5 bytes data]
2025-07-23T19:30:44.1218127Z > GET /nix/nix-2.26.3/install HTTP/2
2025-07-23T19:30:44.1218375Z > Host: releases.nixos.org
2025-07-23T19:30:44.1218596Z > User-Agent: curl/8.5.0
2025-07-23T19:30:44.1218799Z > Accept: */*
2025-07-23T19:30:44.1218965Z > 
2025-07-23T19:30:44.1255787Z { [5 bytes data]
2025-07-23T19:30:44.1273021Z < HTTP/2 200 
2025-07-23T19:30:44.1273487Z < last-modified: Wed, 05 Mar 2025 18:21:15 GMT
2025-07-23T19:30:44.1274211Z < etag: "c6753896884bce9b95ec3ca7be157ef6"
2025-07-23T19:30:44.1274712Z < x-amz-server-side-encryption: AES256
2025-07-23T19:30:44.1275155Z < content-type: text/plain
2025-07-23T19:30:44.1275425Z < server: AmazonS3
2025-07-23T19:30:44.1275640Z < via: 1.1 varnish, 1.1 varnish
2025-07-23T19:30:44.1275893Z < access-control-allow-origin: *
2025-07-23T19:30:44.1276141Z < accept-ranges: bytes
2025-07-23T19:30:44.1276360Z < date: Wed, 23 Jul 2025 19:30:44 GMT
2025-07-23T19:30:44.1276589Z < age: 9620
2025-07-23T19:30:44.1276846Z < x-served-by: cache-dub4357-DUB, cache-iad-kiad7000128-IAD
2025-07-23T19:30:44.1277150Z < x-cache: HIT, HIT
2025-07-23T19:30:44.1277341Z < x-cache-hits: 3, 1
2025-07-23T19:30:44.1277540Z < content-length: 4267
2025-07-23T19:30:44.1277722Z < 
2025-07-23T19:30:44.1277879Z { [4267 bytes data]
2025-07-23T19:30:44.1278125Z * Connection #0 to host releases.nixos.org left intact
2025-07-23T19:30:44.1353038Z downloading Nix 2.26.3 binary tarball for x86_64-linux from 'https://releases.nixos.org/nix/nix-2.26.3/nix-2.26.3-x86_64-linux.tar.xz' to '/tmp/nix-binary-tarball-unpack.APbj8s7Zdj'...
2025-07-23T19:30:44.1402868Z   % Total    % Received % Xferd  Average Speed   Time    Time     Time  Current
2025-07-23T19:30:44.1404401Z                                  Dload  Upload   Total   Spent    Left  Speed
2025-07-23T19:30:44.1404781Z 
2025-07-23T19:30:44.3121369Z   0     0    0     0    0     0      0      0 --:--:-- --:--:-- --:--:--     0
2025-07-23T19:30:44.3122095Z 100 22.6M  100 22.6M    0     0   131M      0 --:--:-- --:--:-- --:--:--  132M
2025-07-23T19:30:45.8649060Z Note: a multi-user installation is possible. See https://nixos.org/manual/nix/stable/installation/installing-binary.html#multi-user-installation
2025-07-23T19:30:45.8658608Z Warning: the flag --darwin-use-unencrypted-nix-store-volume
2025-07-23T19:30:45.8659509Z          is no longer needed and will be removed in the future.
2025-07-23T19:30:45.8659789Z 
2025-07-23T19:30:45.8669592Z [1;31mSwitching to the Multi-user Installer[0m
2025-07-23T19:30:45.8770176Z [32mWelcome to the Multi-User Nix Installation
2025-07-23T19:30:45.8780326Z [0m
2025-07-23T19:30:45.8780945Z This installation tool will set up your computer with the Nix package
2025-07-23T19:30:45.8781544Z manager. This will happen in a few stages:
2025-07-23T19:30:45.8781800Z 
2025-07-23T19:30:45.8782026Z 1. Make sure your computer doesn't already have Nix. If it does, I
2025-07-23T19:30:45.8782787Z    will show you instructions on how to clean up your old install.
2025-07-23T19:30:45.8783284Z 
2025-07-23T19:30:45.8783614Z 2. Show you what I am going to install and where. Then I will ask
2025-07-23T19:30:45.8784293Z    if you are ready to continue.
2025-07-23T19:30:45.8784501Z 
2025-07-23T19:30:45.8784894Z 3. Create the system users [34m(uids [30001..30008])[0m and groups [34m(gid 30000)[0m
2025-07-23T19:30:45.8785538Z    that the Nix daemon uses to run builds. To create system users
2025-07-23T19:30:45.8786066Z    in a different range, exit and run this tool again with
2025-07-23T19:30:45.8786467Z    NIX_FIRST_BUILD_UID set.
2025-07-23T19:30:45.8786660Z 
2025-07-23T19:30:45.8786852Z 4. Perform the basic installation of the Nix files daemon.
2025-07-23T19:30:45.8787145Z 
2025-07-23T19:30:45.8787384Z 5. Configure your shell to import special Nix Profile files, so you
2025-07-23T19:30:45.8787813Z    can use Nix.
2025-07-23T19:30:45.8787956Z 
2025-07-23T19:30:45.8788264Z 6. Start the Nix daemon.
2025-07-23T19:30:45.8788440Z 
2025-07-23T19:30:45.8788758Z [32m[4;32mWould you like to see a more detailed list of what I will do?
2025-07-23T19:30:45.8789274Z [0mNo TTY, assuming you would say yes :)
2025-07-23T19:30:45.8792593Z 
2025-07-23T19:30:45.8792751Z I will:
2025-07-23T19:30:45.8792945Z 
2025-07-23T19:30:45.8793269Z  - make sure your computer doesn't already have Nix files
2025-07-23T19:30:45.8794067Z    (if it does, I will tell you how to clean them up.)
2025-07-23T19:30:45.8794608Z  - create local users (see the list above for the users I'll make)
2025-07-23T19:30:45.8795052Z  - create a local group (nixbld)
2025-07-23T19:30:45.8795373Z  - install Nix in /nix
2025-07-23T19:30:45.8795677Z  - create a configuration file in /etc/nix
2025-07-23T19:30:45.8796082Z  - set up the "default profile" by creating some Nix-related files in
2025-07-23T19:30:45.8796444Z    /root
2025-07-23T19:30:45.8807872Z  - back up /etc/bash.bashrc to /etc/bash.bashrc.backup-before-nix
2025-07-23T19:30:45.8808732Z  - update /etc/bash.bashrc to include some Nix configuration
2025-07-23T19:30:45.8819543Z  - load and start a service (at /etc/systemd/system/nix-daemon.service
2025-07-23T19:30:45.8820424Z    and /etc/systemd/system/nix-daemon.socket) for nix-daemon
2025-07-23T19:30:45.8820706Z 
2025-07-23T19:30:45.8821567Z [32m[4;32mReady to continue?
2025-07-23T19:30:45.8822094Z [0mNo TTY, assuming you would say yes :)
2025-07-23T19:30:45.8844843Z 
2025-07-23T19:30:45.8845464Z [34m---- let's talk about sudo -----------------------------------------------------
2025-07-23T19:30:45.8855841Z [0mThis script is going to call sudo a lot. Normally, it would show you
2025-07-23T19:30:45.8856629Z exactly what commands it is running and why. However, the script is
2025-07-23T19:30:45.8857096Z run in a headless fashion, like this:
2025-07-23T19:30:45.8857313Z 
2025-07-23T19:30:45.8857532Z   $ curl -L https://nixos.org/nix/install | sh
2025-07-23T19:30:45.8857934Z 
2025-07-23T19:30:45.8858272Z or maybe in a CI pipeline. Because of that, I'm going to skip the
2025-07-23T19:30:45.8858942Z verbose output in the interest of brevity.
2025-07-23T19:30:45.8859175Z 
2025-07-23T19:30:45.8859282Z If you would like to
2025-07-23T19:30:45.8859552Z see the output, try like this:
2025-07-23T19:30:45.8859744Z 
2025-07-23T19:30:45.8859970Z   $ curl -L -o install-nix https://nixos.org/nix/install
2025-07-23T19:30:45.8860379Z   $ sh ./install-nix
2025-07-23T19:30:45.8860530Z 
2025-07-23T19:30:45.8860535Z 
2025-07-23T19:30:45.8860757Z [32m~~> Checking for artifacts of previous installs
2025-07-23T19:30:45.8868005Z [0mBefore I try to install, I'll check for signs Nix already is or has
2025-07-23T19:30:45.8868842Z been installed on this system.
2025-07-23T19:30:45.8900869Z 
2025-07-23T19:30:45.8901983Z [34m---- Nix config report ---------------------------------------------------------
2025-07-23T19:30:45.8902860Z [0m[1m        Temp Dir[0m:	/tmp/tmp.CUrud6LmxM
2025-07-23T19:30:45.8903474Z [1m        Nix Root[0m:	/nix
2025-07-23T19:30:45.8904158Z [1m     Build Users[0m:	8
2025-07-23T19:30:45.8904635Z [1m  Build Group ID[0m:	30000
2025-07-23T19:30:45.8904977Z [1mBuild Group Name[0m:	nixbld
2025-07-23T19:30:45.8905178Z 
2025-07-23T19:30:45.8905303Z [4;34mbuild users:
2025-07-23T19:30:45.8905589Z [0m[1m    Username[0m:	UID
2025-07-23T19:30:45.8931932Z [1m     nixbld1[0m:	30001
2025-07-23T19:30:45.8942324Z [1m     nixbld2[0m:	30002
2025-07-23T19:30:45.8952646Z [1m     nixbld3[0m:	30003
2025-07-23T19:30:45.8963225Z [1m     nixbld4[0m:	30004
2025-07-23T19:30:45.8973705Z [1m     nixbld5[0m:	30005
2025-07-23T19:30:45.8984418Z [1m     nixbld6[0m:	30006
2025-07-23T19:30:45.8994842Z [1m     nixbld7[0m:	30007
2025-07-23T19:30:45.9005443Z [1m     nixbld8[0m:	30008
2025-07-23T19:30:45.9005817Z 
2025-07-23T19:30:45.9006128Z [32m[4;32mReady to continue?
2025-07-23T19:30:45.9006868Z [0mNo TTY, assuming you would say yes :)
2025-07-23T19:30:45.9007332Z 
2025-07-23T19:30:45.9007707Z [32m~~> Setting up the build group nixbld
2025-07-23T19:30:45.9627443Z [0m[1m            Created[0m:	Yes
2025-07-23T19:30:45.9661211Z 
2025-07-23T19:30:45.9661874Z [32m~~> Setting up the build user nixbld1
2025-07-23T19:30:45.9839479Z useradd warning: nixbld1's uid 30001 is greater than SYS_UID_MAX 999
2025-07-23T19:30:45.9937924Z [0m[1m           Created[0m:	Yes
2025-07-23T19:30:45.9945807Z [1m            Hidden[0m:	Yes
2025-07-23T19:30:45.9967815Z [1m    Home Directory[0m:	/var/empty
2025-07-23T19:30:45.9990193Z [1m              Note[0m:	Nix build user 1
2025-07-23T19:30:46.0010618Z [1m   Logins Disabled[0m:	Yes
2025-07-23T19:30:46.0038258Z [1m  Member of nixbld[0m:	Yes
2025-07-23T19:30:46.0063120Z [1m    PrimaryGroupID[0m:	30000
2025-07-23T19:30:46.0076015Z 
2025-07-23T19:30:46.0077412Z [32m~~> Setting up the build user nixbld2
2025-07-23T19:30:46.0214593Z useradd warning: nixbld2's uid 30002 is greater than SYS_UID_MAX 999
2025-07-23T19:30:46.0312858Z [0m[1m           Created[0m:	Yes
2025-07-23T19:30:46.0320419Z [1m            Hidden[0m:	Yes
2025-07-23T19:30:46.0347772Z [1m    Home Directory[0m:	/var/empty
2025-07-23T19:30:46.0373219Z [1m              Note[0m:	Nix build user 2
2025-07-23T19:30:46.0394651Z [1m   Logins Disabled[0m:	Yes
2025-07-23T19:30:46.0417364Z [1m  Member of nixbld[0m:	Yes
2025-07-23T19:30:46.0435715Z [1m    PrimaryGroupID[0m:	30000
2025-07-23T19:30:46.0446922Z 
2025-07-23T19:30:46.0447281Z [32m~~> Setting up the build user nixbld3
2025-07-23T19:30:46.0580716Z useradd warning: nixbld3's uid 30003 is greater than SYS_UID_MAX 999
2025-07-23T19:30:46.0679666Z [0m[1m           Created[0m:	Yes
2025-07-23T19:30:46.0685474Z [1m            Hidden[0m:	Yes
2025-07-23T19:30:46.0703861Z [1m    Home Directory[0m:	/var/empty
2025-07-23T19:30:46.0724915Z [1m              Note[0m:	Nix build user 3
2025-07-23T19:30:46.0742805Z [1m   Logins Disabled[0m:	Yes
2025-07-23T19:30:46.0761907Z [1m  Member of nixbld[0m:	Yes
2025-07-23T19:30:46.0780067Z [1m    PrimaryGroupID[0m:	30000
2025-07-23T19:30:46.0791232Z 
2025-07-23T19:30:46.0791688Z [32m~~> Setting up the build user nixbld4
2025-07-23T19:30:46.0924314Z useradd warning: nixbld4's uid 30004 is greater than SYS_UID_MAX 999
2025-07-23T19:30:46.1013378Z [0m[1m           Created[0m:	Yes
2025-07-23T19:30:46.1019257Z [1m            Hidden[0m:	Yes
2025-07-23T19:30:46.1037791Z [1m    Home Directory[0m:	/var/empty
2025-07-23T19:30:46.1058449Z [1m              Note[0m:	Nix build user 4
2025-07-23T19:30:46.1076799Z [1m   Logins Disabled[0m:	Yes
2025-07-23T19:30:46.1095661Z [1m  Member of nixbld[0m:	Yes
2025-07-23T19:30:46.1113703Z [1m    PrimaryGroupID[0m:	30000
2025-07-23T19:30:46.1125610Z 
2025-07-23T19:30:46.1126041Z [32m~~> Setting up the build user nixbld5
2025-07-23T19:30:46.1259107Z useradd warning: nixbld5's uid 30005 is greater than SYS_UID_MAX 999
2025-07-23T19:30:46.1351106Z [0m[1m           Created[0m:	Yes
2025-07-23T19:30:46.1357180Z [1m            Hidden[0m:	Yes
2025-07-23T19:30:46.1377362Z [1m    Home Directory[0m:	/var/empty
2025-07-23T19:30:46.1398619Z [1m              Note[0m:	Nix build user 5
2025-07-23T19:30:46.1416567Z [1m   Logins Disabled[0m:	Yes
2025-07-23T19:30:46.1435732Z [1m  Member of nixbld[0m:	Yes
2025-07-23T19:30:46.1453855Z [1m    PrimaryGroupID[0m:	30000
2025-07-23T19:30:46.1464980Z 
2025-07-23T19:30:46.1465415Z [32m~~> Setting up the build user nixbld6
2025-07-23T19:30:46.1597846Z useradd warning: nixbld6's uid 30006 is greater than SYS_UID_MAX 999
2025-07-23T19:30:46.1681527Z [0m[1m           Created[0m:	Yes
2025-07-23T19:30:46.1687416Z [1m            Hidden[0m:	Yes
2025-07-23T19:30:46.1705759Z [1m    Home Directory[0m:	/var/empty
2025-07-23T19:30:46.1726435Z [1m              Note[0m:	Nix build user 6
2025-07-23T19:30:46.1745306Z [1m   Logins Disabled[0m:	Yes
2025-07-23T19:30:46.1763214Z [1m  Member of nixbld[0m:	Yes
2025-07-23T19:30:46.1781338Z [1m    PrimaryGroupID[0m:	30000
2025-07-23T19:30:46.1791880Z 
2025-07-23T19:30:46.1792326Z [32m~~> Setting up the build user nixbld7
2025-07-23T19:30:46.1923157Z useradd warning: nixbld7's uid 30007 is greater than SYS_UID_MAX 999
2025-07-23T19:30:46.2013669Z [0m[1m           Created[0m:	Yes
2025-07-23T19:30:46.2019914Z [1m            Hidden[0m:	Yes
2025-07-23T19:30:46.2038360Z [1m    Home Directory[0m:	/var/empty
2025-07-23T19:30:46.2059075Z [1m              Note[0m:	Nix build user 7
2025-07-23T19:30:46.2077037Z [1m   Logins Disabled[0m:	Yes
2025-07-23T19:30:46.2095636Z [1m  Member of nixbld[0m:	Yes
2025-07-23T19:30:46.2113383Z [1m    PrimaryGroupID[0m:	30000
2025-07-23T19:30:46.2124173Z 
2025-07-23T19:30:46.2124711Z [32m~~> Setting up the build user nixbld8
2025-07-23T19:30:46.2258160Z useradd warning: nixbld8's uid 30008 is greater than SYS_UID_MAX 999
2025-07-23T19:30:46.2347321Z [0m[1m           Created[0m:	Yes
2025-07-23T19:30:46.2353450Z [1m            Hidden[0m:	Yes
2025-07-23T19:30:46.2374246Z [1m    Home Directory[0m:	/var/empty
2025-07-23T19:30:46.2394845Z [1m              Note[0m:	Nix build user 8
2025-07-23T19:30:46.2412446Z [1m   Logins Disabled[0m:	Yes
2025-07-23T19:30:46.2431769Z [1m  Member of nixbld[0m:	Yes
2025-07-23T19:30:46.2450204Z [1m    PrimaryGroupID[0m:	30000
2025-07-23T19:30:46.2450578Z 
2025-07-23T19:30:46.2451166Z [32m~~> Setting up the basic directory structure
2025-07-23T19:30:46.2587139Z [0minstall: creating directory '/nix'
2025-07-23T19:30:46.2587811Z install: creating directory '/nix/var'
2025-07-23T19:30:46.2588417Z install: creating directory '/nix/var/log'
2025-07-23T19:30:46.2589106Z install: creating directory '/nix/var/log/nix'
2025-07-23T19:30:46.2589828Z install: creating directory '/nix/var/log/nix/drvs'
2025-07-23T19:30:46.2590606Z install: creating directory '/nix/var/nix'
2025-07-23T19:30:46.2591311Z install: creating directory '/nix/var/nix/db'
2025-07-23T19:30:46.2592072Z install: creating directory '/nix/var/nix/gcroots'
2025-07-23T19:30:46.2593000Z install: creating directory '/nix/var/nix/profiles'
2025-07-23T19:30:46.2594087Z install: creating directory '/nix/var/nix/temproots'
2025-07-23T19:30:46.2595111Z install: creating directory '/nix/var/nix/userpool'
2025-07-23T19:30:46.2596172Z install: creating directory '/nix/var/nix/daemon-socket'
2025-07-23T19:30:46.2597317Z install: creating directory '/nix/var/nix/gcroots/per-user'
2025-07-23T19:30:46.2598506Z install: creating directory '/nix/var/nix/profiles/per-user'
2025-07-23T19:30:46.2671530Z install: creating directory '/nix/store'
2025-07-23T19:30:46.2750133Z install: creating directory '/etc/nix'
2025-07-23T19:30:46.2760000Z 
2025-07-23T19:30:46.2760313Z [32m~~> Installing Nix
2025-07-23T19:30:46.4754686Z [0m      Alright! We have our first nix at /nix/store/x3235311q3n51rppm2y2ycwd7nb3mgpn-nix-2.26.3
2025-07-23T19:30:46.5188989Z       Just finished getting the nix database ready.
2025-07-23T19:30:46.5191772Z 
2025-07-23T19:30:46.5193001Z [32m~~> Setting up shell profiles: /etc/bashrc /etc/profile.d/nix.sh /etc/zshrc /etc/bash.bashrc /etc/zsh/zshrc
2025-07-23T19:30:46.5367115Z [0m
2025-07-23T19:30:46.5367513Z # Nix
2025-07-23T19:30:46.5368100Z if [ -e '/nix/var/nix/profiles/default/etc/profile.d/nix-daemon.sh' ]; then
2025-07-23T19:30:46.5369097Z   . '/nix/var/nix/profiles/default/etc/profile.d/nix-daemon.sh'
2025-07-23T19:30:46.5369710Z fi
2025-07-23T19:30:46.5370004Z # End Nix
2025-07-23T19:30:46.5370187Z 
2025-07-23T19:30:46.5543077Z 
2025-07-23T19:30:46.5543374Z # Nix
2025-07-23T19:30:46.5544190Z if [ -e '/nix/var/nix/profiles/default/etc/profile.d/nix-daemon.sh' ]; then
2025-07-23T19:30:46.5545083Z   . '/nix/var/nix/profiles/default/etc/profile.d/nix-daemon.sh'
2025-07-23T19:30:46.5545466Z fi
2025-07-23T19:30:46.5545647Z # End Nix
2025-07-23T19:30:46.5545788Z 
2025-07-23T19:30:46.5715264Z 
2025-07-23T19:30:46.5715446Z # Nix
2025-07-23T19:30:46.5716075Z if [ -e '/nix/var/nix/profiles/default/etc/profile.d/nix-daemon.sh' ]; then
2025-07-23T19:30:46.5716814Z   . '/nix/var/nix/profiles/default/etc/profile.d/nix-daemon.sh'
2025-07-23T19:30:46.5717185Z fi
2025-07-23T19:30:46.5717393Z # End Nix
2025-07-23T19:30:46.5717844Z 
2025-07-23T19:30:46.5876929Z 
2025-07-23T19:30:46.5877109Z # Nix
2025-07-23T19:30:46.5877706Z if [ -e '/nix/var/nix/profiles/default/etc/profile.d/nix-daemon.sh' ]; then
2025-07-23T19:30:46.5878614Z   . '/nix/var/nix/profiles/default/etc/profile.d/nix-daemon.sh'
2025-07-23T19:30:46.5879241Z fi
2025-07-23T19:30:46.5879528Z # End Nix
2025-07-23T19:30:46.5879737Z 
2025-07-23T19:30:46.5902073Z 
2025-07-23T19:30:46.5903095Z [32m~~> Setting up shell profiles for Fish with conf.d/nix.fish inside /etc/fish /usr/local/etc/fish /opt/homebrew/etc/fish /opt/local/etc/fish
2025-07-23T19:30:46.5970366Z [0m
2025-07-23T19:30:46.5971968Z [32m~~> Setting up the default profile
2025-07-23T19:30:46.6275335Z installing 'nix-2.26.3'
2025-07-23T19:30:46.6410078Z building '/nix/store/5afca9ydks0pp5szkwwhi7a6m2zmgk9g-user-environment.drv'...
2025-07-23T19:30:46.6820309Z installing 'nss-cacert-3.107'
2025-07-23T19:30:46.6953201Z building '/nix/store/ilxzpc39hcw5jr229rmajjkyz1a0fym1-user-environment.drv'...
2025-07-23T19:30:46.7165967Z [0m
2025-07-23T19:30:46.7166530Z [32m~~> Setting up the nix-daemon systemd service
2025-07-23T19:30:46.7549858Z Created symlink /etc/systemd/system/nix-daemon.service → /nix/var/nix/profiles/default/lib/systemd/system/nix-daemon.service.
2025-07-23T19:30:47.0366293Z Created symlink /etc/systemd/system/nix-daemon.socket → /nix/var/nix/profiles/default/lib/systemd/system/nix-daemon.socket.
2025-07-23T19:30:47.0368199Z Created symlink /etc/systemd/system/sockets.target.wants/nix-daemon.socket → /nix/var/nix/profiles/default/lib/systemd/system/nix-daemon.socket.
2025-07-23T19:30:47.6339402Z [0m[32mAlright! We're done!
2025-07-23T19:30:47.6363433Z [0mTry it! Open a new terminal, and type:
2025-07-23T19:30:47.6364131Z 
2025-07-23T19:30:47.6364999Z   $ nix-shell -p nix-info --run "nix-info -m"
2025-07-23T19:30:47.6365483Z 
2025-07-23T19:30:47.6366019Z Thank you for using this installer. If you have any feedback or need
2025-07-23T19:30:47.6366649Z help, don't hesitate:
2025-07-23T19:30:47.6366902Z 
2025-07-23T19:30:47.6367070Z You can open an issue at
2025-07-23T19:30:47.6367728Z https://github.com/NixOS/nix/issues/new?labels=installer&template=installer.md
2025-07-23T19:30:47.6368209Z 
2025-07-23T19:30:47.6368483Z Or get in touch with the community: https://nixos.org/community
2025-07-23T19:30:47.6386412Z 
2025-07-23T19:30:47.6387360Z [34m---- Reminders -----------------------------------------------------------------
2025-07-23T19:30:47.6388102Z [0m[34m[ 1 ][0m
2025-07-23T19:30:47.6388657Z Nix won't work in active shell sessions until you restart them.
2025-07-23T19:30:47.6389142Z 
2025-07-23T19:30:47.7090812Z ##[endgroup]
2025-07-23T19:30:47.7168802Z ##[group]Run /home/runner/work/_actions/ava-labs/avalanchego/66ce7a7701db0c4b370f97b339478d5b5ebe919a/.github/actions/run-monitored-tmpnet-cmd/nix-develop.sh --command echo "dependencies installed"
2025-07-23T19:30:47.7170404Z [36;1m/home/runner/work/_actions/ava-labs/avalanchego/66ce7a7701db0c4b370f97b339478d5b5ebe919a/.github/actions/run-monitored-tmpnet-cmd/nix-develop.sh --command echo "dependencies installed"[0m
2025-07-23T19:30:47.7204362Z shell: /usr/bin/bash --noprofile --norc -e -o pipefail {0}
2025-07-23T19:30:47.7204743Z env:
2025-07-23T19:30:47.7204956Z   TMPDIR: /home/runner/work/_temp
2025-07-23T19:30:47.7205227Z ##[endgroup]
2025-07-23T19:30:47.7276813Z No local flake found, will attempt to use avalanchego flake
2025-07-23T19:30:47.7364470Z Starting nix shell for github:ava-labs/avalanchego?ref=v1.13.3-rc.1
2025-07-23T19:30:47.9648370Z unpacking 'github:ava-labs/avalanchego/66ce7a7701db0c4b370f97b339478d5b5ebe919a' into the Git cache...
2025-07-23T19:30:49.6609353Z copying path '/nix/store/i99indk3y6pc3sm0k1xx3nakm193lqzb-source' from 'https://cache.nixos.org'...
2025-07-23T19:31:05.4888737Z copying path '/nix/store/899rx4l5zz1za8nx7ijp7swv5ibc8wx2-git-2.47.2-doc' from 'https://cache.nixos.org'...
2025-07-23T19:31:05.4894813Z copying path '/nix/store/zpab59ialz19x6f65jbjf5xb8waa54av-iana-etc-20240318' from 'https://cache.nixos.org'...
2025-07-23T19:31:05.4920216Z copying path '/nix/store/dgzz9k53hz1qgklnj9667xzliyidj9cs-mailcap-2.1.54' from 'https://cache.nixos.org'...
2025-07-23T19:31:05.4926683Z copying path '/nix/store/hnpph37w6p5jfspwf5pksljpf0wqwjg3-perl5.40.0-Digest-HMAC-1.04' from 'https://cache.nixos.org'...
2025-07-23T19:31:05.4929944Z copying path '/nix/store/cnb01qfmg8c3irp630nplhwa201d7xsr-perl5.40.0-FCGI-ProcManager-0.28' from 'https://cache.nixos.org'...
2025-07-23T19:31:05.4933213Z copying path '/nix/store/v657ak4hdkixvq99rk3qvyh28in945dv-perl5.40.0-HTML-TagCloud-0.38' from 'https://cache.nixos.org'...
2025-07-23T19:31:05.4947822Z copying path '/nix/store/9qrv0d0yd9wss610gjzv3507ry6v9mzw-perl5.40.0-URI-5.21' from 'https://cache.nixos.org'...
2025-07-23T19:31:05.4951260Z copying path '/nix/store/pz7y4qd8lyhg9y6wmb9hynivx36f53zp-perl5.40.0-libnet-3.15' from 'https://cache.nixos.org'...
2025-07-23T19:31:05.4956786Z copying path '/nix/store/l6mypzy4rvkxd5kwzs18d88syirislib-tzdata-2024b' from 'https://cache.nixos.org'...
2025-07-23T19:31:05.4969874Z copying path '/nix/store/czlhi3r9b6ip4xyynwibfhm458ljwsir-gcc-13.3.0-libgcc' from 'https://cache.nixos.org'...
2025-07-23T19:31:05.4974496Z copying path '/nix/store/d8qbcrirc6jidfacy0qa50zy07i15xcz-gnu-config-2024-01-01' from 'https://cache.nixos.org'...
2025-07-23T19:31:05.4997643Z copying path '/nix/store/rscnjwdmhya0wcdmbygr3jpz6p39kvhr-perl5.40.0-Encode-Locale-1.05' from 'https://cache.nixos.org'...
2025-07-23T19:31:05.4999886Z copying path '/nix/store/74bbxwiamv62d2l089f1r8apv295vsry-perl5.40.0-HTML-Tagset-3.20' from 'https://cache.nixos.org'...
2025-07-23T19:31:05.5003808Z copying path '/nix/store/krx6xw6wxakapdkviirq57yh3nl3227h-perl5.40.0-IO-HTML-1.004' from 'https://cache.nixos.org'...
2025-07-23T19:31:05.5008455Z copying path '/nix/store/w9yrswzdifcjhg0righ76aqb6bpslhkb-perl5.40.0-Mozilla-CA-20230821' from 'https://cache.nixos.org'...
2025-07-23T19:31:05.5010630Z copying path '/nix/store/3r0pprxsd9n52nb2yqq3idwb75d0spzd-perl5.40.0-LWP-MediaTypes-6.04' from 'https://cache.nixos.org'...
2025-07-23T19:31:05.5216395Z copying path '/nix/store/swnhrfysvmwjvibcafm0im377pcfs80v-curl-8.12.1-man' from 'https://cache.nixos.org'...
2025-07-23T19:31:05.5279884Z copying path '/nix/store/x6i8jiz3yv3h209xfbz9a3ch1sm16167-dns-root-data-2024-06-20' from 'https://cache.nixos.org'...
2025-07-23T19:31:05.5286584Z copying path '/nix/store/maxa3xhmxggrc5v2vc0c3pjb79hjlkp9-glibc-2.40-66' from 'https://cache.nixos.org'...
2025-07-23T19:31:05.5306793Z copying path '/nix/store/dvsai0ym9czjl5mcsarcdwccb70615n4-linux-headers-6.10' from 'https://cache.nixos.org'...
2025-07-23T19:31:05.5318008Z copying path '/nix/store/vlfgix8rcbj3l9yk0rna1damxkafbq18-perl5.40.0-Net-HTTP-6.23' from 'https://cache.nixos.org'...
2025-07-23T19:31:05.5321817Z copying path '/nix/store/5ahjfkydg49xvbr3vghhv317prgspnf3-mirrors-list' from 'https://cache.nixos.org'...
2025-07-23T19:31:05.5325295Z copying path '/nix/store/970fk2m63qra4ybkpp99rw7mld9fphlv-nghttp2-1.64.0' from 'https://cache.nixos.org'...
2025-07-23T19:31:05.5338879Z copying path '/nix/store/frpqzb3223826xq72s0fcjmjmj50wpyn-perl5.40.0-Authen-SASL-2.1700' from 'https://cache.nixos.org'...
2025-07-23T19:31:05.5341825Z copying path '/nix/store/ldlsmrf2rrq28s08mzjk245vr26dwwhi-perl5.40.0-Test-RequiresInternet-0.05' from 'https://cache.nixos.org'...
2025-07-23T19:31:05.5343524Z copying path '/nix/store/5xvxvpl9armf0p6y9m4g1zl1mypvr9m7-perl5.40.0-TimeDate-2.33' from 'https://cache.nixos.org'...
2025-07-23T19:31:05.5348169Z copying path '/nix/store/hz5m52dx8x6vvi5pp0yikxb3b05bmi2j-perl5.40.0-Test-Needs-0.002010' from 'https://cache.nixos.org'...
2025-07-23T19:31:05.5386052Z copying path '/nix/store/6aqxgf5ygcscqsh4p9krd0dz2hc1cn0w-perl5.40.0-WWW-RobotRules-6.02' from 'https://cache.nixos.org'...
2025-07-23T19:31:05.5388383Z copying path '/nix/store/vvjpgyk6jgd6k74pgpjrln6m6aqyiaig-perl5.40.0-Try-Tiny-0.31' from 'https://cache.nixos.org'...
2025-07-23T19:31:05.5410496Z copying path '/nix/store/lj7p9q5kgmdcq768rvsgvjndi42mjcn8-publicsuffix-list-0-unstable-2024-10-25' from 'https://cache.nixos.org'...
2025-07-23T19:31:05.5492069Z copying path '/nix/store/i9ymkbklv1q9yzl7wwx7300wbkqdln0r-update-autotools-gnu-config-scripts-hook' from 'https://cache.nixos.org'...
2025-07-23T19:31:05.5614608Z copying path '/nix/store/2h648f4xlzszyc01yf67xd2rgira65js-perl5.40.0-Test-Fatal-0.017' from 'https://cache.nixos.org'...
2025-07-23T19:31:05.5675727Z copying path '/nix/store/shx8jax9b662cd9nlml731hh9wks24v1-perl5.40.0-HTTP-Date-6.06' from 'https://cache.nixos.org'...
2025-07-23T19:31:05.6090359Z copying path '/nix/store/0m34prvcx3d3vd9f4djbaqji7yb9swsh-perl5.40.0-HTTP-CookieJar-0.014' from 'https://cache.nixos.org'...
2025-07-23T19:31:05.6098443Z copying path '/nix/store/i9hiqc4dfksm9cpqvff39smfpn49zbj6-perl5.40.0-File-Listing-6.16' from 'https://cache.nixos.org'...
2025-07-23T19:31:05.6241374Z copying path '/nix/store/19402vwa1rndilww6fpbviz0lza8846p-kind-0.24.0' from 'https://cache.nixos.org'...
2025-07-23T19:31:05.6248053Z copying path '/nix/store/i7r45jjmvfxiw8j7ihjx51jachylq1si-protoc-gen-go-1.35.1' from 'https://cache.nixos.org'...
2025-07-23T19:31:05.6251337Z copying path '/nix/store/1fqgvq0i498w4ynywyj224i49izzzqrk-protoc-gen-go-grpc-1.3.0' from 'https://cache.nixos.org'...
2025-07-23T19:31:05.6255165Z copying path '/nix/store/as8g73awbgrhpf5p6qjnrd5v9anw74ix-go-task-3.39.2' from 'https://cache.nixos.org'...
2025-07-23T19:31:05.6261744Z copying path '/nix/store/23cshhh8k7z46gadr86krv15xphggawm-kubectl-1.31.2' from 'https://cache.nixos.org'...
2025-07-23T19:31:06.1072195Z copying path '/nix/store/vlgwyb076hkz7yv96sjnj9msb1jn1ggz-attr-2.5.2' from 'https://cache.nixos.org'...
2025-07-23T19:31:06.1078584Z copying path '/nix/store/c9z2sp8dyx1k0zk374v1142hmphashd0-buf-1.47.2' from 'https://cache.nixos.org'...
2025-07-23T19:31:06.1080230Z copying path '/nix/store/wg9gg3zkwcqhyycj0vkfnhgk5a4z9faq-ed-1.20.2' from 'https://cache.nixos.org'...
2025-07-23T19:31:06.1081802Z copying path '/nix/store/qiisx6c7qpyzq522j3icsfhj8ayw6ah4-bzip2-1.0.8' from 'https://cache.nixos.org'...
2025-07-23T19:31:06.1084407Z copying path '/nix/store/83s1wqvrx7yvy3g6dmdr2icgg3qqbjcp-brotli-1.1.0-lib' from 'https://cache.nixos.org'...
2025-07-23T19:31:06.1086265Z copying path '/nix/store/3p3fwczck2yn1wwfjnymzkz8w11vbvg7-gawk-5.3.1' from 'https://cache.nixos.org'...
2025-07-23T19:31:06.1092215Z copying path '/nix/store/mhd0rk497xm0xnip7262xdw9bylvzh99-gcc-13.3.0-lib' from 'https://cache.nixos.org'...
2025-07-23T19:31:06.1094212Z copying path '/nix/store/7zv1sq1k25gk2rvgxnm262vp5hydkv1a-gdbm-1.24-lib' from 'https://cache.nixos.org'...
2025-07-23T19:31:06.1098733Z copying path '/nix/store/fcqfyri9kljs5jd7h556f004qmci1qin-expand-response-params' from 'https://cache.nixos.org'...
2025-07-23T19:31:06.1100601Z copying path '/nix/store/2kiskq24j06g4qw3xs8zsy2dkawh4gxk-glibc-2.40-66-bin' from 'https://cache.nixos.org'...
2025-07-23T19:31:06.1101994Z copying path '/nix/store/8vpg72ik2kgxfj05lc56hkqrdrfl8xi9-bash-5.2p37' from 'https://cache.nixos.org'...
2025-07-23T19:31:06.1103345Z copying path '/nix/store/8k19h07hh2g1w5kp5yglzddswnvdmxpy-gmp-6.3.0' from 'https://cache.nixos.org'...
2025-07-23T19:31:06.1104920Z copying path '/nix/store/m3da56j3r7h4hp0kr8v1xsnk16x900yf-gnumake-4.4.1' from 'https://cache.nixos.org'...
2025-07-23T19:31:06.1106351Z copying path '/nix/store/0hv5ymwkczx3ak8h3yldfbwbab33jnrw-expat-2.6.4' from 'https://cache.nixos.org'...
2025-07-23T19:31:06.1107601Z copying path '/nix/store/cfb4pxnfh2sf4csk8xh7abfqv96k66nh-glibc-2.40-66-getent' from 'https://cache.nixos.org'...
2025-07-23T19:31:06.1319332Z copying path '/nix/store/3ks7b6p43dpvnlnxgvlcy2jaf1np37p2-gnused-4.9' from 'https://cache.nixos.org'...
2025-07-23T19:31:06.1323293Z copying path '/nix/store/yyfzan4mn874v885jy6fs598gjb31c4l-bzip2-1.0.8-bin' from 'https://cache.nixos.org'...
2025-07-23T19:31:06.1357904Z copying path '/nix/store/dyizbk50iglbibrbwbgw2mhgskwb6ham-acl-2.3.2' from 'https://cache.nixos.org'...
2025-07-23T19:31:06.1402397Z copying path '/nix/store/1fby1pxf0z16lgl728i2sqwqr2hrw2h8-json-c-0.17' from 'https://cache.nixos.org'...
2025-07-23T19:31:06.1405900Z copying path '/nix/store/r4p475lxvaklr9rj8l2a4sahkx5c0209-getent-glibc-2.40-66' from 'https://cache.nixos.org'...
2025-07-23T19:31:06.1471050Z copying path '/nix/store/mwwpv4k7skbx4vr2qjc89pvs7mhmgapb-k9s-0.32.7' from 'https://cache.nixos.org'...
2025-07-23T19:31:06.1516089Z copying path '/nix/store/79kh226vw8rrk62jbs27hdad1clwy447-keyutils-1.6.3-lib' from 'https://cache.nixos.org'...
2025-07-23T19:31:06.1851175Z copying path '/nix/store/wnsn67xb3i072b6i496y002byvc3ipa3-kubernetes-helm-3.16.3' from 'https://cache.nixos.org'...
2025-07-23T19:31:06.1937167Z copying path '/nix/store/q57zi48njdcgxy4n8d5lm5pf746drc8f-isl-0.20' from 'https://cache.nixos.org'...
2025-07-23T19:31:06.2027264Z copying path '/nix/store/bpzy7snv1xr7s1z2xi7bw0q5z9j6g1gg-libantlr3c-3.4' from 'https://cache.nixos.org'...
2025-07-23T19:31:06.2073585Z copying path '/nix/store/ky06iawcwsvxmx8yw66y2a7iy7b14yii-libapparmor-4.0.3' from 'https://cache.nixos.org'...
2025-07-23T19:31:06.2241357Z copying path '/nix/store/0iabf1jhsfrrxkdi599kb8m37p82yr1z-audit-4.0' from 'https://cache.nixos.org'...
2025-07-23T19:31:06.2246241Z copying path '/nix/store/nc394xps4al1r99ziabqvajbkrhxr5b7-gzip-1.13' from 'https://cache.nixos.org'...
2025-07-23T19:31:06.2363837Z copying path '/nix/store/81awch8mhqanda1vy0c09bflgra4cxh0-glibc-2.40-66-dev' from 'https://cache.nixos.org'...
2025-07-23T19:31:06.2370012Z copying path '/nix/store/fx6mfndjsbb0dqn9jzf1ksz9wf1dlrq7-libcap-2.70-lib' from 'https://cache.nixos.org'...
2025-07-23T19:31:06.2409283Z copying path '/nix/store/pmg7hw4ar16dhx5hk6jswvxy349wzsm7-gnutar-1.35' from 'https://cache.nixos.org'...
2025-07-23T19:31:06.2473076Z copying path '/nix/store/7yf5ijcl2lh90xs5nkrdpfdvcmc9fnc5-libcbor-0.11.0' from 'https://cache.nixos.org'...
2025-07-23T19:31:06.2597881Z copying path '/nix/store/bldybfhh9v9dvpms8kh87v1a6jp6i28p-libevent-2.1.12' from 'https://cache.nixos.org'...
2025-07-23T19:31:06.2721596Z copying path '/nix/store/wxgvd9mivxdbahxidq751gxyz7x7jb8n-libffi-3.4.6' from 'https://cache.nixos.org'...
2025-07-23T19:31:06.2859136Z copying path '/nix/store/p0c3g3dxr818lggbk6ms3nhm97g0pir9-libgpg-error-1.50' from 'https://cache.nixos.org'...
2025-07-23T19:31:06.2893355Z copying path '/nix/store/2w8a5z0rcs4fk3ds3fnd03x6syjjl1hb-libmnl-1.0.5' from 'https://cache.nixos.org'...
2025-07-23T19:31:06.3141650Z copying path '/nix/store/ywvi2y4yv3qyh0phw9y2ji17smh8nawj-libnfnetlink-1.0.2' from 'https://cache.nixos.org'...
2025-07-23T19:31:06.3270653Z copying path '/nix/store/dg6d7zs1bwnhwb3sd3xdbldvpa163a5z-libnl-3.10.0' from 'https://cache.nixos.org'...
2025-07-23T19:31:06.3354850Z copying path '/nix/store/xxc6rkndd68cq1225asn380bbj0512dg-libpsl-0.21.5' from 'https://cache.nixos.org'...
2025-07-23T19:31:06.3441707Z copying path '/nix/store/qhs6zflzhdr11j6byf1c1j52z39hnaaw-db-4.8.30' from 'https://cache.nixos.org'...
2025-07-23T19:31:06.3618291Z copying path '/nix/store/8g8wdqid20924fbppbljsl6l7gr0p21j-gettext-0.21.1' from 'https://cache.nixos.org'...
2025-07-23T19:31:06.3688909Z copying path '/nix/store/dsxb6qvi21bzy21c98kb71wfbdj4lmz7-gmp-with-cxx-6.3.0' from 'https://cache.nixos.org'...
2025-07-23T19:31:06.3948871Z copying path '/nix/store/nn7nj7xq8gdfyxqhchphzia7i34rwb0v-gmp-with-cxx-6.3.0' from 'https://cache.nixos.org'...
2025-07-23T19:31:06.4119664Z copying path '/nix/store/96m2mjx55syyky6zymjnbl3pvgxlwchb-libnftnl-1.2.8' from 'https://cache.nixos.org'...
2025-07-23T19:31:06.4124937Z copying path '/nix/store/rq8lq7r8vjqrbn2bgfglm9dxfi83gdg9-icu4c-74.2' from 'https://cache.nixos.org'...
2025-07-23T19:31:06.4458651Z copying path '/nix/store/17195j62sjxjn0xwnmj3icr01n3d678r-libnetfilter_conntrack-1.1.0' from 'https://cache.nixos.org'...
2025-07-23T19:31:06.4501040Z copying path '/nix/store/68vmpyiabh89l7hbp9z2hmwci74vnfi4-libseccomp-2.5.5-lib' from 'https://cache.nixos.org'...
2025-07-23T19:31:06.4723244Z copying path '/nix/store/wr7w1x0x1j4qli60wm22q3bc02dga08c-libtasn1-4.20.0' from 'https://cache.nixos.org'...
2025-07-23T19:31:06.4886357Z copying path '/nix/store/hnh6ivl105y4sw0ifv4kbihrvbddmlkm-libxcrypt-4.4.36' from 'https://cache.nixos.org'...
2025-07-23T19:31:06.5065307Z copying path '/nix/store/9yh47sg27z9263ll65d414rgcyrclk57-libxml2-2.13.6' from 'https://cache.nixos.org'...
2025-07-23T19:31:06.5555145Z copying path '/nix/store/99jfkvhck3c2675n2cy71g40km6m0pf9-libassuan-2.5.7' from 'https://cache.nixos.org'...
2025-07-23T19:31:06.5616502Z copying path '/nix/store/h9c111ckc8wg3ksxb7kj8cwhgaj52118-libgcrypt-1.10.3-lib' from 'https://cache.nixos.org'...
2025-07-23T19:31:06.5646799Z copying path '/nix/store/p9k3wzaw6d3wjgcbrfv2g1chj0mj2inb-lz4-1.10.0-lib' from 'https://cache.nixos.org'...
2025-07-23T19:31:06.5907568Z copying path '/nix/store/yh2c9f04q1vcfhpkamidrg3sdnwk5bvy-mpdecimal-4.0.0' from 'https://cache.nixos.org'...
2025-07-23T19:31:06.5909216Z copying path '/nix/store/1h2yigiwy6bgpyzlywj36s5nqkgca8bv-libpcap-1.10.5' from 'https://cache.nixos.org'...
2025-07-23T19:31:06.6077462Z copying path '/nix/store/9m68vvhnsq5cpkskphgw84ikl9m6wjwp-coreutils-9.5' from 'https://cache.nixos.org'...
2025-07-23T19:31:06.6080493Z copying path '/nix/store/b75dbfz0gria25kn2qlfpnmp39h31spw-mpfr-4.2.1' from 'https://cache.nixos.org'...
2025-07-23T19:31:06.6357218Z copying path '/nix/store/qvrp85i3yc9vw5x1vyx714m03jsf60rc-cvc4-1.8' from 'https://cache.nixos.org'...
2025-07-23T19:31:06.6365662Z copying path '/nix/store/mgpn83jmnf37ky77a8qy6m466qqmlyqk-cln-1.3.7' from 'https://cache.nixos.org'...
2025-07-23T19:31:06.7113405Z copying path '/nix/store/6s0zzvp9in28jkmzwh5p69v1zwpi5mi4-linux-pam-1.6.1' from 'https://cache.nixos.org'...
2025-07-23T19:31:06.7438754Z copying path '/nix/store/z7ndn3k8zfjrf713gq443q7a2ixzaab5-ncurses-6.4.20221231' from 'https://cache.nixos.org'...
2025-07-23T19:31:06.7917130Z copying path '/nix/store/q95qgxy40rx1ifa13j8l38sx3myvkhb9-nettle-3.10' from 'https://cache.nixos.org'...
2025-07-23T19:31:06.7963161Z copying path '/nix/store/1w5jm9zaxwr5b8nvh41c7iz236my185m-nghttp2-1.64.0-lib' from 'https://cache.nixos.org'...
2025-07-23T19:31:06.8275011Z copying path '/nix/store/j4377imdqpm27h5hspds1skgsazyj0d9-nghttp2-1.64.0-lib' from 'https://cache.nixos.org'...
2025-07-23T19:31:06.8427292Z copying path '/nix/store/n9ya3i584zvcw6696326sdlg61d6lamf-npth-1.7' from 'https://cache.nixos.org'...
2025-07-23T19:31:06.8541860Z copying path '/nix/store/isk8l71r4d1nl39mpv92ank2rs4cx3w9-openssl-3.3.3' from 'https://cache.nixos.org'...
2025-07-23T19:31:06.8726260Z copying path '/nix/store/mqvgaq2bnb1701l7zcn0d6vd7w8b0z7l-openssl-3.3.3' from 'https://cache.nixos.org'...
2025-07-23T19:31:06.8785780Z copying path '/nix/store/pbjp09wrnbklrfy7n2h5qix15fl5ylhj-libmpc-1.3.1' from 'https://cache.nixos.org'...
2025-07-23T19:31:06.9293497Z copying path '/nix/store/kavgc464axad77kj4x4bza7s345nrhin-iptables-1.8.10' from 'https://cache.nixos.org'...
2025-07-23T19:31:06.9302767Z copying path '/nix/store/lr3cvmq5ahqcj29p8c6m0fdl1y8krc86-diffutils-3.10' from 'https://cache.nixos.org'...
2025-07-23T19:31:06.9305881Z copying path '/nix/store/vc2d1bfy1a5y1195nq7k6p0zcm6q89nx-findutils-4.10.0' from 'https://cache.nixos.org'...
2025-07-23T19:31:06.9361507Z copying path '/nix/store/smd33cbgm2pwwnwj9l4b4fk39bdxfsfv-p11-kit-0.25.5' from 'https://cache.nixos.org'...
2025-07-23T19:31:06.9406699Z copying path '/nix/store/w8xb93nwhnhlkqd9kwahkzqvbg98qs74-nghttp2-1.64.0-dev' from 'https://cache.nixos.org'...
2025-07-23T19:31:06.9592609Z copying path '/nix/store/cjg4jmnnf26367irpagiiffrni9bk7z0-gnupg-2.4.5' from 'https://cache.nixos.org'...
2025-07-23T19:31:06.9605148Z copying path '/nix/store/zfjv48ikkqn3yhi8zi7lvqvxyscbg87n-patch-2.7.6' from 'https://cache.nixos.org'...
2025-07-23T19:31:07.0196057Z copying path '/nix/store/9wwkzvmrlv43y71rbw8sbh9bamc62a16-patchelf-0.15.0' from 'https://cache.nixos.org'...
2025-07-23T19:31:07.0201786Z copying path '/nix/store/5md7gyz45fm4bmkg2kb9a1hnmg8ryk9j-pcre2-10.44' from 'https://cache.nixos.org'...
2025-07-23T19:31:07.0549746Z copying path '/nix/store/pgq4agv5wpanzr9a8mqlkncdbick7mn2-pcsclite-2.3.0-lib' from 'https://cache.nixos.org'...
2025-07-23T19:31:07.0813481Z copying path '/nix/store/9sqpmkq9fcycsrldbsdxw93hvspy8pr9-perl5.40.0-Clone-0.46' from 'https://cache.nixos.org'...
2025-07-23T19:31:07.0899225Z copying path '/nix/store/jpk7s673pli65raimpl43jbhbg6ja4kx-perl5.40.0-FCGI-0.82' from 'https://cache.nixos.org'...
2025-07-23T19:31:07.0954464Z copying path '/nix/store/x4kgvzlrndlsc9mn2gyrx9dla0a5y7y3-perl5.40.0-TermReadKey-2.38' from 'https://cache.nixos.org'...
2025-07-23T19:31:07.1029665Z copying path '/nix/store/gda0f0dw64h74i98vkk7b7jwzxbkigzs-prometheus-2.55.0' from 'https://cache.nixos.org'...
2025-07-23T19:31:07.1179073Z copying path '/nix/store/6hrwqlqxzvn3lry7fjyz4i6dkdmg38m6-perl5.40.0-HTTP-Message-6.45' from 'https://cache.nixos.org'...
2025-07-23T19:31:07.1292511Z copying path '/nix/store/mfj2pd4n7vbczdx381margrm9b9jkbpq-protoc-gen-connect-go-1.17.0' from 'https://cache.nixos.org'...
2025-07-23T19:31:07.1459153Z copying path '/nix/store/zwh1q2r2a1prmw4xxfpqa06ic7dl31yd-qrencode-4.1.1' from 'https://cache.nixos.org'...
2025-07-23T19:31:07.1525788Z copying path '/nix/store/flw2dwllbq50954bk1qm6xwdzp8ikacl-systemd-minimal-libs-256.10' from 'https://cache.nixos.org'...
2025-07-23T19:31:07.1527894Z copying path '/nix/store/mcr5gqxgkknqxa2vhnhixzd97vdsnsxi-perl5.40.0-HTML-Parser-3.81' from 'https://cache.nixos.org'...
2025-07-23T19:31:07.1568536Z copying path '/nix/store/q73n7qdcl9yvlwh6p4n414vkxgnjjryp-perl5.40.0-HTTP-Cookies-6.10' from 'https://cache.nixos.org'...
2025-07-23T19:31:07.2089206Z copying path '/nix/store/qjsj5vnbfpbg6r7jhd7znfgmcy0arn8n-gnugrep-3.11' from 'https://cache.nixos.org'...
2025-07-23T19:31:07.2607430Z copying path '/nix/store/qxp4rv76dpjbvs37c3sfq33ial7mxgb0-perl5.40.0-HTTP-Daemon-6.16' from 'https://cache.nixos.org'...
2025-07-23T19:31:07.3014920Z copying path '/nix/store/dwyr8xvjby2l1zz92a5pfl6bq27jhrm6-krb5-1.21.3-lib' from 'https://cache.nixos.org'...
2025-07-23T19:31:07.3018779Z copying path '/nix/store/q0fgny8kpagi6blmzyw15n4cmfx647kn-perl5.40.0-HTTP-Negotiate-6.01' from 'https://cache.nixos.org'...
2025-07-23T19:31:07.3036928Z copying path '/nix/store/7f8vg8z0q721jyahy1vjbg2x3irbk5az-unbound-1.22.0-lib' from 'https://cache.nixos.org'...
2025-07-23T19:31:07.3091378Z copying path '/nix/store/6k8v1ffagipraln3nn12h1n22d5l9dvr-perl5.40.0-Net-SSLeay-1.92' from 'https://cache.nixos.org'...
2025-07-23T19:31:07.3389212Z copying path '/nix/store/0z09m6fwgmc2a0zazp6lhyadfig10fd6-perl5.40.0-CGI-4.59' from 'https://cache.nixos.org'...
2025-07-23T19:31:07.3886734Z copying path '/nix/store/bhvah40258cfi5sj1wiy2zmdn5xgj4m1-krb5-1.21.3-lib' from 'https://cache.nixos.org'...
2025-07-23T19:31:07.4114573Z copying path '/nix/store/09pyjyjdr5mwmki9gb0yf809l54xr8p2-openssl-3.3.3-bin' from 'https://cache.nixos.org'...
2025-07-23T19:31:07.4460802Z copying path '/nix/store/53rkjnnkbgg8pfn6ffpcdx4xbrl98yh8-readline-8.2p13' from 'https://cache.nixos.org'...
2025-07-23T19:31:07.4516284Z copying path '/nix/store/88x6dfa5gnls0pmbvp4b9ci3bqqfja0n-util-linux-minimal-2.39.4-lib' from 'https://cache.nixos.org'...
2025-07-23T19:31:07.5119090Z copying path '/nix/store/fvm65iknlk5kx9938xsc5485s9wzz1ig-lvm2-2.03.27-lib' from 'https://cache.nixos.org'...
2025-07-23T19:31:07.5461446Z copying path '/nix/store/xv2bvwf6zv1hhlm9w4x0f7n0idhbsjh7-perl5.40.0-CGI-Fast-2.16' from 'https://cache.nixos.org'...
2025-07-23T19:31:07.5483366Z copying path '/nix/store/j7k6mzbdydimzw4mf23ahq6a7rz2f7w2-util-linux-minimal-2.39.4-login' from 'https://cache.nixos.org'...
2025-07-23T19:31:07.5535073Z copying path '/nix/store/73pq792gn6i9qfywsnd347vg0152w8rw-perl5.40.0-IO-Socket-SSL-2.083' from 'https://cache.nixos.org'...
2025-07-23T19:31:07.5576424Z copying path '/nix/store/pa7plncc30fhm909bis9haakh7gi0qbl-bash-interactive-5.2p37' from 'https://cache.nixos.org'...
2025-07-23T19:31:07.5578034Z copying path '/nix/store/sf31nmjhlsdp2h26vbwbpa7gwfn4i4na-xz-5.6.3' from 'https://cache.nixos.org'...
2025-07-23T19:31:07.5755685Z copying path '/nix/store/xxssfwyz4l32wiadvsrcf259nkb91myn-z3-4.11.2-lib' from 'https://cache.nixos.org'...
2025-07-23T19:31:07.5759309Z copying path '/nix/store/vpg96mfr1jw5arlqg831i69g29v0sdb3-zlib-1.3.1' from 'https://cache.nixos.org'...
2025-07-23T19:31:07.5778113Z copying path '/nix/store/hgq0ircylcm0mx6y7ml9chcbwgrz9xg7-openssl-3.3.3-dev' from 'https://cache.nixos.org'...
2025-07-23T19:31:07.5908353Z copying path '/nix/store/6cf2yj12gf51jn5vdbdw01gmgvyj431s-zstd-1.5.6' from 'https://cache.nixos.org'...
2025-07-23T19:31:07.6267056Z copying path '/nix/store/lmfya9by589b0qgc2pqps1zy4jhldkvq-cryptsetup-2.7.5' from 'https://cache.nixos.org'...
2025-07-23T19:31:07.6279199Z copying path '/nix/store/a9vgxnafcgb1khpjgn87ixmyv4dsqlp0-util-linux-minimal-2.39.4-mount' from 'https://cache.nixos.org'...
2025-07-23T19:31:07.6545882Z copying path '/nix/store/f2sjbvr2gbp1dl1fwak6b77j18wv2rm8-perl5.40.0-Net-SMTP-SSL-1.04' from 'https://cache.nixos.org'...
2025-07-23T19:31:07.6796210Z copying path '/nix/store/23j515bg7lgis34f0jkm9j6g00dpp2sh-binutils-2.43.1-lib' from 'https://cache.nixos.org'...
2025-07-23T19:31:07.6847883Z copying path '/nix/store/yk246qv4bbmr0mmh9y3gnfdkra5nnjgi-cracklib-2.10.0' from 'https://cache.nixos.org'...
2025-07-23T19:31:07.6864555Z copying path '/nix/store/p751fjd81h3926ivxsq0x20lz5j7yscc-file-5.45' from 'https://cache.nixos.org'...
2025-07-23T19:31:07.7161688Z copying path '/nix/store/yg4ahy7gahx91nq80achmzilrjyv0scj-gcc-13.3.0' from 'https://cache.nixos.org'...
2025-07-23T19:31:07.7588268Z copying path '/nix/store/nfdnparxrnv6sy627lw1c27pdqzpbfs2-kexec-tools-2.0.29' from 'https://cache.nixos.org'...
2025-07-23T19:31:07.7605709Z copying path '/nix/store/1md58p5vm4dixcwwpwrs78a7kjf6nnqk-gnutls-3.8.6' from 'https://cache.nixos.org'...
2025-07-23T19:31:07.7772679Z copying path '/nix/store/yr9xanc3bgp95fj9kvbrrq47zhzni2i6-kmod-31' from 'https://cache.nixos.org'...
2025-07-23T19:31:07.8760319Z copying path '/nix/store/qdypipr8zp0nkyrwqnakn3q3xhpghsrb-kmod-31-lib' from 'https://cache.nixos.org'...
2025-07-23T19:31:07.8941574Z copying path '/nix/store/6m49g3aqk5d5vdxp7chpgim5l6cfm7d6-libarchive-3.7.7-lib' from 'https://cache.nixos.org'...
2025-07-23T19:31:07.8953574Z copying path '/nix/store/n6zw4496n0bd9r6gjwkjmf5ja6757q32-krb5-1.21.3' from 'https://cache.nixos.org'...
2025-07-23T19:31:07.9909647Z copying path '/nix/store/22qnvg3zddkf7rbpckv676qpsc2najv9-binutils-2.43.1' from 'https://cache.nixos.org'...
2025-07-23T19:31:07.9936378Z copying path '/nix/store/kc1sdzqnymjwy74chlnkq2xlxnmrg30x-libfido2-1.15.0' from 'https://cache.nixos.org'...
2025-07-23T19:31:07.9978455Z copying path '/nix/store/pvyhn761hgn17fpr6fy168vcv1ciwsgl-libssh2-1.11.1' from 'https://cache.nixos.org'...
2025-07-23T19:31:08.0678770Z copying path '/nix/store/qmz79v7x18zmi6g2iagxwazqfwbxzhra-libssh2-1.11.1' from 'https://cache.nixos.org'...
2025-07-23T19:31:08.1304995Z copying path '/nix/store/q4j9jj8jw74216cw4chsqlwdnglwly6p-perl-5.40.0' from 'https://cache.nixos.org'...
2025-07-23T19:31:08.1407809Z copying path '/nix/store/i7gfv740vcygvl9pgqwq29nkzmsp09ww-sqlite-3.46.1' from 'https://cache.nixos.org'...
2025-07-23T19:31:08.1428814Z copying path '/nix/store/blkjagm7k01k9sghpyckw4y6dd6z0knl-util-linux-minimal-2.39.4-swap' from 'https://cache.nixos.org'...
2025-07-23T19:31:08.1732281Z copying path '/nix/store/17rp2wzkp8xfhxcd5zihx6qmnbaadlhs-libmicrohttpd-1.0.1' from 'https://cache.nixos.org'...
2025-07-23T19:31:08.2275239Z copying path '/nix/store/zfk4v9lxal3ch98qnf7zlciwgmk4w1ij-krb5-1.21.3-dev' from 'https://cache.nixos.org'...
2025-07-23T19:31:08.2407976Z copying path '/nix/store/w2m5p0fb6pmqq6dz2jqlvnyw7n4vcbpx-curl-8.12.1' from 'https://cache.nixos.org'...
2025-07-23T19:31:08.2450067Z copying path '/nix/store/sh26c2jcz7w2gii2px77bqy64fd026jd-boost-1.81.0' from 'https://cache.nixos.org'...
2025-07-23T19:31:08.2957243Z copying path '/nix/store/rbns8mzghhqxih4hj2js4mb4s6ivy5d1-xz-5.6.3-bin' from 'https://cache.nixos.org'...
2025-07-23T19:31:08.3241438Z copying path '/nix/store/ccrjbcfl5zcdp0n5mh69f4airrb9g8m4-zlib-1.3.1-dev' from 'https://cache.nixos.org'...
2025-07-23T19:31:08.3562067Z copying path '/nix/store/lgfp6sl5hpykmld29rqvi9pam8ji8k24-curl-8.12.1' from 'https://cache.nixos.org'...
2025-07-23T19:31:08.4958445Z copying path '/nix/store/gnnac2vpa466p2lpzskmbj5vjr6ikzhg-libpwquality-1.4.5-lib' from 'https://cache.nixos.org'...
2025-07-23T19:31:08.5028971Z copying path '/nix/store/0rg4nqym82ngd29dy8qm1bggm94dkry3-libssh2-1.11.1-dev' from 'https://cache.nixos.org'...
2025-07-23T19:31:08.5137109Z copying path '/nix/store/hsxp8g7zdr6wxk1mp812g8nbzvajzn4w-stdenv-linux' from 'https://cache.nixos.org'...
2025-07-23T19:31:08.5422575Z copying path '/nix/store/xmmli2ijsz2br6573z3sqsgg0spnj7i9-zstd-1.5.6-bin' from 'https://cache.nixos.org'...
2025-07-23T19:31:08.5809040Z copying path '/nix/store/lhpwdis5hkyljz1d200bj1s6g51ljq9k-python3-3.12.8' from 'https://cache.nixos.org'...
2025-07-23T19:31:08.6148148Z copying path '/nix/store/awbfciyq3cjvw6x8wd8wdjy8z2qxm98n-elfutils-0.191' from 'https://cache.nixos.org'...
2025-07-23T19:31:08.6661987Z copying path '/nix/store/3hgwjb5hp0jm8fyi4vx9s4f3hjvp0n1r-tpm2-tss-4.1.3' from 'https://cache.nixos.org'...
2025-07-23T19:31:08.7079169Z copying path '/nix/store/8qf68jid6rr2f4c8ppyp0ixdlv0axnpn-curl-8.12.1-bin' from 'https://cache.nixos.org'...
2025-07-23T19:31:08.7523318Z copying path '/nix/store/z9lnvmqymg80hk671fm2533ncczkf7z2-kbd-2.6.4' from 'https://cache.nixos.org'...
2025-07-23T19:31:08.8224717Z copying path '/nix/store/04shrm4bvxw1yam87da7y9k872kqn777-curl-8.12.1-dev' from 'https://cache.nixos.org'...
2025-07-23T19:31:08.8917150Z copying path '/nix/store/007wiy8x5irdxzsdx3bdqx0k0a8hp6ji-shellcheck-0.10.0-bin' from 'https://cache.nixos.org'...
2025-07-23T19:31:08.8919039Z copying path '/nix/store/f95nqmgp2vaz1h68n36k605ay1ixnj0a-libbpf-1.4.7' from 'https://cache.nixos.org'...
2025-07-23T19:31:08.9926653Z building '/nix/store/rkn5fk95kmnbxk65bxlyzqnmsmafh1f1-kind-with-registry.sh.drv'...
2025-07-23T19:31:09.2408492Z copying path '/nix/store/00x4qvjp4kcm932rv281v8n9y4xk9dv1-solc-0.8.21' from 'https://cache.nixos.org'...
2025-07-23T19:31:09.3243271Z copying path '/nix/store/w9qcpyhjrxsqrps91wkz8r4mqvg9zrxc-systemd-256.10' from 'https://cache.nixos.org'...
2025-07-23T19:31:09.3953663Z copying path '/nix/store/1mv8pj4nxwnd9bbxshljc9p4cnl3rakj-binutils-wrapper-2.43.1' from 'https://cache.nixos.org'...
2025-07-23T19:31:09.3972151Z copying path '/nix/store/ch1brsi5xwxgyv23csmvw1am9l40rf1c-shellcheck-0.10.0' from 'https://cache.nixos.org'...
2025-07-23T19:31:10.2051318Z copying path '/nix/store/99accs107rzm78z74cj1wns59d0m1nh8-perl5.40.0-libwww-perl-6.72' from 'https://cache.nixos.org'...
2025-07-23T19:31:10.3334998Z copying path '/nix/store/7s649psqfmp6bf2ij6kba3nbwjp50z0w-promtail-3.2.1' from 'https://cache.nixos.org'...
2025-07-23T19:31:11.2474225Z copying path '/nix/store/1fwh9nv8n93rjc7i7j9gcm3whdqpgy84-git-2.47.2' from 'https://cache.nixos.org'...
2025-07-23T19:31:12.1379906Z copying path '/nix/store/gnd8f9h2ycxrfrvrga508c4n9cxy6720-gcc-wrapper-13.3.0' from 'https://cache.nixos.org'...
2025-07-23T19:31:12.1522600Z copying path '/nix/store/szfi0xd0cwdaldhkp8vlgi7jfv662nmd-stdenv-linux' from 'https://cache.nixos.org'...
2025-07-23T19:31:12.2111949Z building '/nix/store/mbmxfdxryq3wr2wxm5brh42mcad1gvzy-kind-with-registry-1.0.0.drv'...
2025-07-23T19:31:12.3023593Z building '/nix/store/gvy0rwami6li8s64cb1q1hv75mnglnjn-nix-shell-env.drv'...
2025-07-23T19:31:12.7581977Z this path will be fetched (0.10 MiB download, 0.10 MiB unpacked):
2025-07-23T19:31:12.7583756Z   /nix/store/hlv28jlwzk6kqj6vljm9cn8i7pw030nx-bash-interactive-5.2p37-man
2025-07-23T19:31:12.7594113Z copying path '/nix/store/hlv28jlwzk6kqj6vljm9cn8i7pw030nx-bash-interactive-5.2p37-man' from 'https://cache.nixos.org'...
2025-07-23T19:31:12.8902336Z dependencies installed
2025-07-23T19:31:12.8946303Z ##[group]Run echo "::warning::Monitoring credentials not found. Skipping collector start. Is the PR from a fork branch?"
2025-07-23T19:31:12.8947038Z [36;1mecho "::warning::Monitoring credentials not found. Skipping collector start. Is the PR from a fork branch?"[0m
2025-07-23T19:31:12.8975890Z shell: /usr/bin/bash --noprofile --norc -e -o pipefail {0}
2025-07-23T19:31:12.8976209Z env:
2025-07-23T19:31:12.8976397Z   TMPDIR: /home/runner/work/_temp
2025-07-23T19:31:12.8976629Z ##[endgroup]
2025-07-23T19:31:12.9039775Z ##[warning]Monitoring credentials not found. Skipping collector start. Is the PR from a fork branch?
2025-07-23T19:31:12.9060964Z ##[group]Run AVALANCHEGO_CLONE_PATH=avalanchego /home/runner/work/_actions/ava-labs/avalanchego/66ce7a7701db0c4b370f97b339478d5b5ebe919a/.github/actions/run-monitored-tmpnet-cmd/nix-develop.sh --impure --command bash -x ./scripts/run_task.sh test-e2e
2025-07-23T19:31:12.9062728Z [36;1mAVALANCHEGO_CLONE_PATH=avalanchego /home/runner/work/_actions/ava-labs/avalanchego/66ce7a7701db0c4b370f97b339478d5b5ebe919a/.github/actions/run-monitored-tmpnet-cmd/nix-develop.sh --impure --command bash -x ./scripts/run_task.sh test-e2e[0m
2025-07-23T19:31:12.9088978Z shell: /usr/bin/bash --noprofile --norc -e -o pipefail {0}
2025-07-23T19:31:12.9089303Z env:
2025-07-23T19:31:12.9089483Z   TMPDIR: /home/runner/work/_temp
2025-07-23T19:31:12.9089735Z   TMPNET_START_METRICS_COLLECTOR: false
2025-07-23T19:31:12.9089991Z   TMPNET_START_LOGS_COLLECTOR: false
2025-07-23T19:31:12.9090232Z   TMPNET_CHECK_METRICS_COLLECTED: false
2025-07-23T19:31:12.9090495Z   TMPNET_CHECK_LOGS_COLLECTED: false
2025-07-23T19:31:12.9090725Z   LOKI_USERNAME: 
2025-07-23T19:31:12.9090898Z   LOKI_PASSWORD: 
2025-07-23T19:31:12.9091082Z   PROMETHEUS_USERNAME: 
2025-07-23T19:31:12.9091286Z   PROMETHEUS_PASSWORD: 
2025-07-23T19:31:12.9091481Z   GH_REPO: ava-labs/coreth
2025-07-23T19:31:12.9091682Z   GH_WORKFLOW: CI
2025-07-23T19:31:12.9091857Z   GH_RUN_ID: 16480013789
2025-07-23T19:31:12.9092044Z   GH_RUN_NUMBER: 5026
2025-07-23T19:31:12.9092228Z   GH_RUN_ATTEMPT: 1
2025-07-23T19:31:12.9092413Z   GH_JOB_ID: avalanchego_e2e
2025-07-23T19:31:12.9092617Z ##[endgroup]
2025-07-23T19:31:12.9158353Z No local flake found, will attempt to use avalanchego flake
2025-07-23T19:31:12.9250894Z Starting nix shell for github:ava-labs/avalanchego?ref=v1.13.3-rc.1
2025-07-23T19:31:15.2910753Z + set -euo pipefail
2025-07-23T19:31:15.2911141Z + command -v task
2025-07-23T19:31:15.2911431Z + exec task test-e2e
2025-07-23T19:31:15.3097836Z task: [test-e2e] ./scripts/tests.e2e.sh
2025-07-23T19:31:15.3162735Z running AvalancheGo e2e tests
2025-07-23T19:31:15.3392016Z task: [build-race] ./scripts/build.sh -r
2025-07-23T19:31:15.3431140Z Building with race detection enabled
2025-07-23T19:31:15.3540758Z Building AvalancheGo with [go version go1.23.9 linux/amd64]...
2025-07-23T19:32:40.6626206Z task: [build-xsvm] ./scripts/build_xsvm.sh
2025-07-23T19:32:40.6689430Z Building xsvm plugin...
2025-07-23T19:33:26.6500964Z Symlinking ./build/xsvm to /home/runner/.avalanchego/plugins/v3m4wPxaHpvGr8qfMeyK6PRW3idZrPHmYcMTt7oXdK47yurVH
2025-07-23T19:33:26.6530699Z Symlinking ./build/xsvm to /home/runner/work/coreth/coreth/avalanchego/build/plugins/v3m4wPxaHpvGr8qfMeyK6PRW3idZrPHmYcMTt7oXdK47yurVH
2025-07-23T19:33:26.6557996Z task: [test-e2e-ci] bash -x ./scripts/tests.e2e.sh '--ginkgo.label-filter=c || uses-c'
2025-07-23T19:33:26.6589332Z + set -euo pipefail
2025-07-23T19:33:26.6589824Z + [[ ./scripts/tests.e2e.sh =~ scripts/tests.e2e.sh ]]
2025-07-23T19:33:26.6590388Z + source ./scripts/constants.sh
2025-07-23T19:33:26.6590824Z ++ set -euo pipefail
2025-07-23T19:33:26.6595860Z ++++ dirname ./scripts/constants.sh
2025-07-23T19:33:26.6607901Z +++ cd ./scripts
2025-07-23T19:33:26.6608236Z +++ cd ..
2025-07-23T19:33:26.6608526Z +++ pwd
2025-07-23T19:33:26.6610666Z ++ AVALANCHE_PATH=/home/runner/work/coreth/coreth/avalanchego
2025-07-23T19:33:26.6611462Z ++ avalanchego_path=/home/runner/work/coreth/coreth/avalanchego/build/avalanchego
2025-07-23T19:33:26.6612157Z ++ static_ld_flags=
2025-07-23T19:33:26.6612474Z ++ '[' '' = 1 ']'
2025-07-23T19:33:26.6612977Z ++ export 'CGO_CFLAGS=-O2 -D__BLST_PORTABLE__'
2025-07-23T19:33:26.6613827Z ++ CGO_CFLAGS='-O2 -D__BLST_PORTABLE__'
2025-07-23T19:33:26.6614489Z ++ export CGO_ENABLED=1
2025-07-23T19:33:26.6614831Z ++ CGO_ENABLED=1
2025-07-23T19:33:26.6615236Z ++ export GOPROXY=https://proxy.golang.org
2025-07-23T19:33:26.6615752Z ++ GOPROXY=https://proxy.golang.org
2025-07-23T19:33:26.6616177Z + E2E_ARGS=("${@}")
2025-07-23T19:33:26.6618070Z + [[ --ginkgo.label-filter=c || uses-c =~ --runtime=kube ]]
2025-07-23T19:33:26.6619003Z ++ realpath ./build/avalanchego
2025-07-23T19:33:26.6631277Z + AVALANCHEGO_PATH=/home/runner/work/coreth/coreth/avalanchego/build/avalanchego
2025-07-23T19:33:26.6632323Z + E2E_ARGS+=("--avalanchego-path=${AVALANCHEGO_PATH}")
2025-07-23T19:33:26.6632901Z + GINKGO_ARGS=
2025-07-23T19:33:26.6633244Z + [[ -n 1 ]]
2025-07-23T19:33:26.6633669Z + echo 'tests will be executed serially to minimize resource requirements'
2025-07-23T19:33:26.6634318Z + [[ -n '' ]]
2025-07-23T19:33:26.6634558Z + GINKGO_ARGS+=' --randomize-all'
2025-07-23T19:33:26.6635370Z + ./bin/ginkgo --randomize-all -v ./tests/e2e -- '--ginkgo.label-filter=c || uses-c' --avalanchego-path=/home/runner/work/coreth/coreth/avalanchego/build/avalanchego
2025-07-23T19:33:26.6636270Z tests will be executed serially to minimize resource requirements
2025-07-23T19:33:47.7357852Z Running Suite: e2e test suites - /home/runner/work/coreth/coreth/avalanchego/tests/e2e
2025-07-23T19:33:47.7358651Z ======================================================================================
2025-07-23T19:33:47.7359351Z Random Seed: [1m1753299207[0m - will randomize all specs
2025-07-23T19:33:47.7359604Z 
2025-07-23T19:33:47.7359775Z Will run [1m4[0m of [1m14[0m specs
2025-07-23T19:33:47.7360127Z [38;5;243m------------------------------[0m
2025-07-23T19:33:47.7360487Z [0m[1m[SynchronizedBeforeSuite] [0m
2025-07-23T19:33:47.7361093Z [38;5;243m/home/runner/work/coreth/coreth/avalanchego/tests/e2e/e2e_test.go:40[0m
2025-07-23T19:33:47.7449151Z    [07-23|19:33:47.744] INFO e2e/e2e_test.go:56 setting upgrades {"upgrades": {"apricotPhase1Time":"2020-12-05T05:00:00Z","apricotPhase2Time":"2020-12-05T05:00:00Z","apricotPhase3Time":"2020-12-05T05:00:00Z","apricotPhase4Time":"2020-12-05T05:00:00Z","apricotPhase4MinPChainHeight":0,"apricotPhase5Time":"2020-12-05T05:00:00Z","apricotPhasePre6Time":"2020-12-05T05:00:00Z","apricotPhase6Time":"2020-12-05T05:00:00Z","apricotPhasePost6Time":"2020-12-05T05:00:00Z","banffTime":"2020-12-05T05:00:00Z","cortinaTime":"2020-12-05T05:00:00Z","cortinaXChainStopVertexID":"11111111111111111111111111111111LpoYY","durangoTime":"2020-12-05T05:00:00Z","etnaTime":"2020-12-05T05:00:00Z","fortunaTime":"2020-12-05T05:00:00Z","graniteTime":"9999-12-01T00:00:00Z"}}
2025-07-23T19:33:47.7454720Z    [07-23|19:33:47.744] INFO e2e/helpers.go:287 waiting for network to start {"timeoutSeconds": 120}
2025-07-23T19:33:50.4809486Z    [07-23|19:33:50.480] INFO tmpnet/network.go:238 preparing configuration for new network {"runtimeConfig": {"process":{"avalancheGoPath":"/home/runner/work/coreth/coreth/avalanchego/build/avalanchego","pluginDir":"/home/runner/.avalanchego/plugins"}}}
2025-07-23T19:33:50.4859407Z    [07-23|19:33:50.485] INFO tmpnet/network.go:430 starting a single-node network with sybil protection disabled for quicker subnet creation
2025-07-23T19:33:50.4860960Z    [07-23|19:33:50.485] INFO tmpnet/network.go:369 starting network {"networkDir": "/home/runner/.tmpnet/networks/20250723-193350.480869-avalanchego-e2e", "uuid": "4a81e2e0-9ddd-4e4b-9042-64c43cc0602a"}
2025-07-23T19:33:55.0910496Z    [07-23|19:33:55.090] INFO tmpnet/process_runtime.go:147 started local node {"nodeID": "NodeID-HAjmX7sB1oJbFDEng3Cn2VssF7TqPeMWi", "dataDir": "/home/runner/.tmpnet/networks/20250723-193350.480869-avalanchego-e2e/NodeID-HAjmX7sB1oJbFDEng3Cn2VssF7TqPeMWi", "isEphemeral": false}
2025-07-23T19:33:55.0913677Z    [07-23|19:33:55.091] INFO tmpnet/network.go:384 waiting for nodes to report healthy
2025-07-23T19:33:57.0932579Z    [07-23|19:33:57.092] INFO tmpnet/network.go:955 node is healthy {"nodeID": "NodeID-HAjmX7sB1oJbFDEng3Cn2VssF7TqPeMWi", "uri": "http://127.0.0.1:41211"}
2025-07-23T19:33:57.0937442Z    [07-23|19:33:57.092] INFO tmpnet/network.go:388 started network {"networkDir": "/home/runner/.tmpnet/networks/20250723-193350.480869-avalanchego-e2e", "uuid": "4a81e2e0-9ddd-4e4b-9042-64c43cc0602a"}
2025-07-23T19:33:57.0944204Z    [07-23|19:33:57.093] INFO tmpnet/network.go:402 metrics and logs available via grafana (collectors must be running) {"url": "https://grafana-poc.avax-dev.network/d/kBQpRdWnk/avalanche-main-dashboard?&var-filter=network_uuid%7C%3D%7C4a81e2e0-9ddd-4e4b-9042-64c43cc0602a&var-filter=is_ephemeral_node%7C%3D%7Cfalse&from=1753299230485&to=now", "linkPath": "/home/runner/.tmpnet/networks/20250723-193350.480869-avalanchego-e2e/metrics.txt"}
2025-07-23T19:33:57.0946634Z    [07-23|19:33:57.093] INFO tmpnet/network.go:620 creating subnet {"name": "xsvm-a"}
2025-07-23T19:33:57.3579413Z    [07-23|19:33:57.357] INFO tmpnet/network.go:639 created subnet {"name": "xsvm-a", "id": "azXA5XPTPqjPYN4pzBaHofqZLC3ZrEY13eM1iuYp3oVdRxV69"}
2025-07-23T19:33:57.3581528Z    [07-23|19:33:57.357] INFO tmpnet/network.go:649 wrote subnet configuration {"name": "xsvm-a"}
2025-07-23T19:33:57.3582960Z    [07-23|19:33:57.357] INFO tmpnet/network.go:620 creating subnet {"name": "xsvm-b"}
2025-07-23T19:33:57.4806169Z    [07-23|19:33:57.480] INFO tmpnet/network.go:639 created subnet {"name": "xsvm-b", "id": "2DhzsRdU1B2qy2BZ4WgR2AKmHMfPSSmd8djFkH1y9edhMMrAD8"}
2025-07-23T19:33:57.4808254Z    [07-23|19:33:57.480] INFO tmpnet/network.go:649 wrote subnet configuration {"name": "xsvm-b"}
2025-07-23T19:33:57.4817462Z    [07-23|19:33:57.481] INFO tmpnet/network.go:697 adding validators for subnet {"name": "xsvm-a"}
2025-07-23T19:33:57.6071046Z    [07-23|19:33:57.606] INFO tmpnet/subnet.go:196 added validator to subnet {"subnet": "xsvm-a", "nodeID": "NodeID-HAjmX7sB1oJbFDEng3Cn2VssF7TqPeMWi"}
2025-07-23T19:33:57.6072541Z    [07-23|19:33:57.606] INFO tmpnet/network.go:697 adding validators for subnet {"name": "xsvm-b"}
2025-07-23T19:33:57.7309324Z    [07-23|19:33:57.730] INFO tmpnet/subnet.go:196 added validator to subnet {"subnet": "xsvm-b", "nodeID": "NodeID-7M6iNA916wdJqJnumsXZL5pRwLyyANV1y"}
2025-07-23T19:33:57.7311693Z    [07-23|19:33:57.730] INFO tmpnet/subnet.go:261 waiting for subnet validators to become active {"subnet": "xsvm-a"}
2025-07-23T19:33:57.7319704Z    [07-23|19:33:57.731] INFO tmpnet/subnet.go:281 saw the expected active validators of the subnet {"subnet": "xsvm-a"}
2025-07-23T19:33:57.7478793Z    [07-23|19:33:57.747] INFO tmpnet/subnet.go:127 creating chains for subnet {"subnet": "xsvm-a"}
2025-07-23T19:33:57.8558467Z    [07-23|19:33:57.855] INFO tmpnet/subnet.go:145 created chain {"chain": "SbBAb8nfj4xoTe6k1e7vhVWJ88bLNCtFEp1vPhCmKSjC9T1tc", "subnet": "xsvm-a", "vm": "v3m4wPxaHpvGr8qfMeyK6PRW3idZrPHmYcMTt7oXdK47yurVH"}
2025-07-23T19:33:57.8560997Z    [07-23|19:33:57.855] INFO tmpnet/network.go:733 wrote subnet configuration {"name": "xsvm-a", "id": "azXA5XPTPqjPYN4pzBaHofqZLC3ZrEY13eM1iuYp3oVdRxV69"}
2025-07-23T19:33:57.8562660Z    [07-23|19:33:57.855] INFO tmpnet/subnet.go:261 waiting for subnet validators to become active {"subnet": "xsvm-b"}
2025-07-23T19:33:57.8569697Z    [07-23|19:33:57.856] INFO tmpnet/subnet.go:281 saw the expected active validators of the subnet {"subnet": "xsvm-b"}
2025-07-23T19:33:57.8749651Z    [07-23|19:33:57.874] INFO tmpnet/subnet.go:127 creating chains for subnet {"subnet": "xsvm-b"}
2025-07-23T19:33:57.9852388Z    [07-23|19:33:57.984] INFO tmpnet/subnet.go:145 created chain {"chain": "UtRoikpD9kByqTNfMq4xyERctyq8YyXg9nqQtmNzVRRyGbLzm", "subnet": "xsvm-b", "vm": "v3m4wPxaHpvGr8qfMeyK6PRW3idZrPHmYcMTt7oXdK47yurVH"}
2025-07-23T19:33:57.9855575Z    [07-23|19:33:57.985] INFO tmpnet/network.go:733 wrote subnet configuration {"name": "xsvm-b", "id": "2DhzsRdU1B2qy2BZ4WgR2AKmHMfPSSmd8djFkH1y9edhMMrAD8"}
2025-07-23T19:33:57.9857385Z    [07-23|19:33:57.985] INFO tmpnet/network.go:455 re-enabling sybil protection {"nodeID": "NodeID-HAjmX7sB1oJbFDEng3Cn2VssF7TqPeMWi"}
2025-07-23T19:33:57.9859259Z    [07-23|19:33:57.985] INFO tmpnet/network.go:472 restarting bootstrap node {"nodeID": "NodeID-HAjmX7sB1oJbFDEng3Cn2VssF7TqPeMWi"}
2025-07-23T19:34:02.7079228Z    [07-23|19:34:02.707] INFO tmpnet/process_runtime.go:147 started local node {"nodeID": "NodeID-HAjmX7sB1oJbFDEng3Cn2VssF7TqPeMWi", "dataDir": "/home/runner/.tmpnet/networks/20250723-193350.480869-avalanchego-e2e/NodeID-HAjmX7sB1oJbFDEng3Cn2VssF7TqPeMWi", "isEphemeral": false}
2025-07-23T19:34:02.7085306Z    [07-23|19:34:02.707] INFO tmpnet/network.go:483 starting remaining nodes
2025-07-23T19:34:07.3640499Z    [07-23|19:34:07.363] INFO tmpnet/process_runtime.go:147 started local node {"nodeID": "NodeID-7M6iNA916wdJqJnumsXZL5pRwLyyANV1y", "dataDir": "/home/runner/.tmpnet/networks/20250723-193350.480869-avalanchego-e2e/NodeID-7M6iNA916wdJqJnumsXZL5pRwLyyANV1y", "isEphemeral": false}
2025-07-23T19:34:07.3643726Z    [07-23|19:34:07.363] INFO tmpnet/network.go:384 waiting for nodes to report healthy
2025-07-23T19:34:09.3683531Z    [07-23|19:34:09.368] INFO tmpnet/network.go:955 node is healthy {"nodeID": "NodeID-7M6iNA916wdJqJnumsXZL5pRwLyyANV1y", "uri": "http://127.0.0.1:34983"}
2025-07-23T19:34:12.7662833Z    [07-23|19:34:12.765] INFO tmpnet/network.go:955 node is healthy {"nodeID": "NodeID-HAjmX7sB1oJbFDEng3Cn2VssF7TqPeMWi", "uri": "http://127.0.0.1:43559"}
2025-07-23T19:34:12.7665484Z    [07-23|19:34:12.766] INFO tmpnet/network.go:388 started network {"networkDir": "/home/runner/.tmpnet/networks/20250723-193350.480869-avalanchego-e2e", "uuid": "4a81e2e0-9ddd-4e4b-9042-64c43cc0602a"}
2025-07-23T19:34:12.7671155Z    [07-23|19:34:12.766] INFO tmpnet/network.go:402 metrics and logs available via grafana (collectors must be running) {"url": "https://grafana-poc.avax-dev.network/d/kBQpRdWnk/avalanche-main-dashboard?&var-filter=network_uuid%7C%3D%7C4a81e2e0-9ddd-4e4b-9042-64c43cc0602a&var-filter=is_ephemeral_node%7C%3D%7Cfalse&from=1753299242707&to=now", "linkPath": "/home/runner/.tmpnet/networks/20250723-193350.480869-avalanchego-e2e/metrics.txt"}
2025-07-23T19:34:12.7674322Z    [07-23|19:34:12.766] INFO e2e/helpers.go:308 network started successfully
2025-07-23T19:34:12.7680774Z    [07-23|19:34:12.767] INFO e2e/env.go:229 network nodes are available {"uris": [{"NodeID":"NodeID-7M6iNA916wdJqJnumsXZL5pRwLyyANV1y","URI":"http://127.0.0.1:34983"},{"NodeID":"NodeID-HAjmX7sB1oJbFDEng3Cn2VssF7TqPeMWi","URI":"http://127.0.0.1:43559"}]}
2025-07-23T19:34:12.7691585Z [38;5;10m[SynchronizedBeforeSuite] PASSED [25.033 seconds][0m
2025-07-23T19:34:12.7692275Z [38;5;243m------------------------------[0m
2025-07-23T19:34:12.7692888Z [38;5;14mS[0m[38;5;14mS[0m[38;5;14mS[0m[38;5;14mS[0m
2025-07-23T19:34:12.7693478Z [38;5;243m------------------------------[0m
2025-07-23T19:34:12.7694889Z [0m[C-Chain] [Interchain Workflow] [0m[1mshould ensure that funds can be transferred from the C-Chain to the X-Chain and the P-Chain[0m [38;5;204m[c][0m
2025-07-23T19:34:12.7696429Z [38;5;243m/home/runner/work/coreth/coreth/avalanchego/tests/e2e/c/interchain_workflow.go:28[0m
2025-07-23T19:34:12.7697385Z   [1mSTEP:[0m initializing a new eth client [38;5;243m@ 07/23/25 19:34:12.769[0m
2025-07-23T19:34:12.7706381Z    [0;0mINFO[0;0m	targeting random node	{"nodeID": "NodeID-7M6iNA916wdJqJnumsXZL5pRwLyyANV1y", "uri": "http://127.0.0.1:34983"}
2025-07-23T19:34:12.7708052Z    [0;0mINFO[0;0m	initializing a new eth client	{"nodeID": "NodeID-7M6iNA916wdJqJnumsXZL5pRwLyyANV1y", "URI": "http://127.0.0.1:34983"}
2025-07-23T19:34:12.7713067Z   [1mSTEP:[0m allocating a pre-funded key to send from and a recipient key to deliver to [38;5;243m@ 07/23/25 19:34:12.771[0m
2025-07-23T19:34:12.7714679Z   [1mSTEP:[0m sending funds from one address to another on the C-Chain [38;5;243m@ 07/23/25 19:34:12.771[0m
2025-07-23T19:34:12.7730612Z    [0;0mINFO[0;0m	suggested gas price	{"price": "2"}
2025-07-23T19:34:12.7737223Z    [0;0mINFO[0;0m	sending eth transaction	{"txID": "0x5407ba46e9f63cc2fc094478fabd80fd54b68f233a34c02de7b93d529f3d42af"}
2025-07-23T19:34:13.2776975Z    [0;0mINFO[0;0m	eth transaction accepted	{"txID": "0x5407ba46e9f63cc2fc094478fabd80fd54b68f233a34c02de7b93d529f3d42af", "gasUsed": 21000, "gasPrice": "4", "blockNumber": "1"}
2025-07-23T19:34:13.2780183Z   [1mSTEP:[0m waiting for the C-Chain recipient address to have received the sent funds [38;5;243m@ 07/23/25 19:34:13.277[0m
2025-07-23T19:34:13.2783653Z   [1mSTEP:[0m initializing a keychain and associated wallet [38;5;243m@ 07/23/25 19:34:13.278[0m
2025-07-23T19:34:13.2785762Z    [0;0mINFO[0;0m	initializing a new wallet	{"nodeID": "NodeID-7M6iNA916wdJqJnumsXZL5pRwLyyANV1y", "URI": "http://127.0.0.1:34983"}
2025-07-23T19:34:13.2958369Z    [0;0mINFO[0;0m	wallet balances in nAVAX	{"xChain": 30000000000000000, "pChain": 20000000000000000}
2025-07-23T19:34:13.2959557Z   [1mSTEP:[0m defining common configuration [38;5;243m@ 07/23/25 19:34:13.295[0m
2025-07-23T19:34:13.2960676Z   [1mSTEP:[0m exporting AVAX from the C-Chain to the X-Chain [38;5;243m@ 07/23/25 19:34:13.295[0m
2025-07-23T19:34:13.2967419Z    [0;0mINFO[0;0m	suggested gas price	{"price": "2"}
2025-07-23T19:34:13.4557531Z    [0;0mINFO[0;0m	issued transaction	{"chainAlias": "C", "txID": "2uUxFDhG8ruqfKpxJuLq68HbAJtWgzUKMHMu9MeedJcKtT76d", "duration": "158.523888ms"}
2025-07-23T19:34:14.1777311Z    [0;0mINFO[0;0m	confirmed transaction	{"chainAlias": "C", "txID": "2uUxFDhG8ruqfKpxJuLq68HbAJtWgzUKMHMu9MeedJcKtT76d", "totalDuration": "880.572225ms", "confirmationDuration": "722.048337ms"}
2025-07-23T19:34:14.1779578Z   [1mSTEP:[0m importing AVAX from the C-Chain to the X-Chain [38;5;243m@ 07/23/25 19:34:14.177[0m
2025-07-23T19:34:14.1837184Z    [0;0mINFO[0;0m	issued transaction	{"chainAlias": "X", "txID": "KgJHaeFk7kKLkS35bCEu4Yv5p6Ja6b34N8gKE1xDEvA396BHF", "duration": "5.767616ms"}
2025-07-23T19:34:14.2351604Z    [0;0mINFO[0;0m	confirmed transaction	{"chainAlias": "X", "txID": "KgJHaeFk7kKLkS35bCEu4Yv5p6Ja6b34N8gKE1xDEvA396BHF", "totalDuration": "57.167164ms", "confirmationDuration": "51.399548ms"}
2025-07-23T19:34:14.2352970Z   [1mSTEP:[0m checking that the recipient address has received imported funds on the X-Chain [38;5;243m@ 07/23/25 19:34:14.234[0m
2025-07-23T19:34:14.2353815Z   [1mSTEP:[0m exporting AVAX from the C-Chain to the P-Chain [38;5;243m@ 07/23/25 19:34:14.234[0m
2025-07-23T19:34:14.2356915Z    [0;0mINFO[0;0m	suggested gas price	{"price": "2"}
2025-07-23T19:34:14.2461672Z    [0;0mINFO[0;0m	issued transaction	{"chainAlias": "C", "txID": "2HxdBSFBNJtEJcg2hquiwbF6z6uVzuWpGpnsKvTXvhabUP1WiQ", "duration": "10.113417ms"}
2025-07-23T19:34:16.1793006Z    [0;0mINFO[0;0m	confirmed transaction	{"chainAlias": "C", "txID": "2HxdBSFBNJtEJcg2hquiwbF6z6uVzuWpGpnsKvTXvhabUP1WiQ", "totalDuration": "1.94258288s", "confirmationDuration": "1.932469463s"}
2025-07-23T19:34:16.1795402Z   [1mSTEP:[0m importing AVAX from the C-Chain to the P-Chain [38;5;243m@ 07/23/25 19:34:16.178[0m
2025-07-23T19:34:16.1851377Z    [0;0mINFO[0;0m	issued transaction	{"chainAlias": "P", "txID": "fBiCpBcpJ1oBL21CmxLb7bhksfYhAGtwwi8ek61qUQCtQK43R", "duration": "6.199959ms"}
2025-07-23T19:34:16.3466786Z    [0;0mINFO[0;0m	confirmed transaction	{"chainAlias": "P", "txID": "fBiCpBcpJ1oBL21CmxLb7bhksfYhAGtwwi8ek61qUQCtQK43R", "totalDuration": "167.535408ms", "confirmationDuration": "161.335449ms"}
2025-07-23T19:34:16.3469709Z   [1mSTEP:[0m checking that the recipient address has received imported funds on the P-Chain [38;5;243m@ 07/23/25 19:34:16.346[0m
2025-07-23T19:34:16.3478853Z   [1mSTEP:[0m checking if bootstrap is possible with the current network state [38;5;243m@ 07/23/25 19:34:16.347[0m
2025-07-23T19:34:21.1576975Z    [0;0mINFO[0;0m	started local node	{"nodeID": "NodeID-QAv9x5ptL42tbpP8ojrEcjYQNEEbpCB2B", "dataDir": "/home/runner/.tmpnet/networks/20250723-193350.480869-avalanchego-e2e/NodeID-QAv9x5ptL42tbpP8ojrEcjYQNEEbpCB2B", "isEphemeral": true}
2025-07-23T19:34:23.0636672Z    [0;0mINFO[0;0m	metrics and logs available via grafana (collectors must be running)	{"uri": "https://grafana-poc.avax-dev.network/d/kBQpRdWnk/avalanche-main-dashboard?&var-filter=network_uuid%7C%3D%7C4a81e2e0-9ddd-4e4b-9042-64c43cc0602a&var-filter=is_ephemeral_node%7C%3D%7Cfalse&from=1753299252769&to=1753299275062"}
2025-07-23T19:34:23.2756637Z [38;5;10m• [10.506 seconds][0m
2025-07-23T19:34:23.2757627Z [38;5;243m------------------------------[0m
2025-07-23T19:34:23.2759918Z [0m[P-Chain] [Interchain Workflow] [0m[1mshould ensure that funds can be transferred from the P-Chain to the X-Chain and the C-Chain[0m [38;5;204m[uses-c, p][0m
2025-07-23T19:34:23.2762148Z [38;5;243m/home/runner/work/coreth/coreth/avalanchego/tests/e2e/p/interchain_workflow.go:34[0m
2025-07-23T19:34:23.2772730Z   [1mSTEP:[0m checking that the network has a compatible minimum stake duration [38;5;243m@ 07/23/25 19:34:23.277[0m
2025-07-23T19:34:23.2774534Z   [1mSTEP:[0m creating wallet with a funded key to send from and recipient key to deliver to [38;5;243m@ 07/23/25 19:34:23.277[0m
2025-07-23T19:34:23.2789671Z    [0;0mINFO[0;0m	targeting random node	{"nodeID": "NodeID-7M6iNA916wdJqJnumsXZL5pRwLyyANV1y", "uri": "http://127.0.0.1:34983"}
2025-07-23T19:34:23.2791498Z    [0;0mINFO[0;0m	initializing a new wallet	{"nodeID": "NodeID-7M6iNA916wdJqJnumsXZL5pRwLyyANV1y", "URI": "http://127.0.0.1:34983"}
2025-07-23T19:34:23.2971723Z    [0;0mINFO[0;0m	wallet balances in nAVAX	{"xChain": 30000000000000000, "pChain": 20000000000000000}
2025-07-23T19:34:23.2972945Z   [1mSTEP:[0m defining common configuration [38;5;243m@ 07/23/25 19:34:23.296[0m
2025-07-23T19:34:23.2980373Z   [1mSTEP:[0m adding new node and waiting for it to report healthy [38;5;243m@ 07/23/25 19:34:23.296[0m
2025-07-23T19:34:28.1179084Z    [0;0mINFO[0;0m	started local node	{"nodeID": "NodeID-8zk2K7Bj2G9iZznu7zywcz1Z76x8bsmGj", "dataDir": "/home/runner/.tmpnet/networks/20250723-193350.480869-avalanchego-e2e/NodeID-8zk2K7Bj2G9iZznu7zywcz1Z76x8bsmGj", "isEphemeral": true}
2025-07-23T19:34:30.0190888Z   [1mSTEP:[0m retrieving new node's id and pop [38;5;243m@ 07/23/25 19:34:30.018[0m
2025-07-23T19:34:30.0200225Z   [1mSTEP:[0m adding the new node as a validator [38;5;243m@ 07/23/25 19:34:30.019[0m
2025-07-23T19:34:30.0296785Z    [0;0mINFO[0;0m	issued transaction	{"chainAlias": "P", "txID": "2MsXTphp868AE3cYav2MjXuD2N6gFp3Z33Vjx5Pjit937aF9SN", "duration": "9.275622ms"}
2025-07-23T19:34:30.3536912Z    [0;0mINFO[0;0m	confirmed transaction	{"chainAlias": "P", "txID": "2MsXTphp868AE3cYav2MjXuD2N6gFp3Z33Vjx5Pjit937aF9SN", "totalDuration": "331.877623ms", "confirmationDuration": "322.602001ms"}
2025-07-23T19:34:30.3539177Z   [1mSTEP:[0m adding a delegator to the new node [38;5;243m@ 07/23/25 19:34:30.352[0m
2025-07-23T19:34:30.3647150Z    [0;0mINFO[0;0m	issued transaction	{"chainAlias": "P", "txID": "cixyaagzkWQHbhMee9RGYAa4RKiyFCNbKYVnBvPzX3QQ81Hu7", "duration": "12.016242ms"}
2025-07-23T19:34:30.8463163Z    [0;0mINFO[0;0m	confirmed transaction	{"chainAlias": "P", "txID": "cixyaagzkWQHbhMee9RGYAa4RKiyFCNbKYVnBvPzX3QQ81Hu7", "totalDuration": "493.497018ms", "confirmationDuration": "481.480776ms"}
2025-07-23T19:34:30.8464568Z   [1mSTEP:[0m exporting AVAX from the P-Chain to the X-Chain [38;5;243m@ 07/23/25 19:34:30.846[0m
2025-07-23T19:34:30.8526235Z    [0;0mINFO[0;0m	issued transaction	{"chainAlias": "P", "txID": "PvhrWKfrL49y26v9Lo6PNYLFbbauSig4fsyDwJx5jyVuzJXnx", "duration": "6.120529ms"}
2025-07-23T19:34:30.9161450Z    [0;0mINFO[0;0m	confirmed transaction	{"chainAlias": "P", "txID": "PvhrWKfrL49y26v9Lo6PNYLFbbauSig4fsyDwJx5jyVuzJXnx", "totalDuration": "68.311332ms", "confirmationDuration": "62.190803ms"}
2025-07-23T19:34:30.9164062Z   [1mSTEP:[0m importing AVAX from the P-Chain to the X-Chain [38;5;243m@ 07/23/25 19:34:30.914[0m
2025-07-23T19:34:30.9244909Z    [0;0mINFO[0;0m	issued transaction	{"chainAlias": "X", "txID": "zJrgtN1tRQvWS4tC2wKvfoNJCvze4oZLbWLLWs8FFC9WdgdAS", "duration": "9.206996ms"}
2025-07-23T19:34:30.9969216Z    [0;0mINFO[0;0m	confirmed transaction	{"chainAlias": "X", "txID": "zJrgtN1tRQvWS4tC2wKvfoNJCvze4oZLbWLLWs8FFC9WdgdAS", "totalDuration": "80.550747ms", "confirmationDuration": "71.343751ms"}
2025-07-23T19:34:30.9971598Z   [1mSTEP:[0m checking that the recipient address has received imported funds on the X-Chain [38;5;243m@ 07/23/25 19:34:30.995[0m
2025-07-23T19:34:30.9973289Z   [1mSTEP:[0m exporting AVAX from the P-Chain to the C-Chain [38;5;243m@ 07/23/25 19:34:30.995[0m
2025-07-23T19:34:31.0040078Z    [0;0mINFO[0;0m	issued transaction	{"chainAlias": "P", "txID": "uk8oAgAT8VEvSmtEXhbjGyazLe8UC4vg7hFxYjYr6CvPYYZxu", "duration": "7.842388ms"}
2025-07-23T19:34:31.0883047Z    [0;0mINFO[0;0m	confirmed transaction	{"chainAlias": "P", "txID": "uk8oAgAT8VEvSmtEXhbjGyazLe8UC4vg7hFxYjYr6CvPYYZxu", "totalDuration": "91.799036ms", "confirmationDuration": "83.956648ms"}
2025-07-23T19:34:31.0893634Z   [1mSTEP:[0m initializing a new eth client [38;5;243m@ 07/23/25 19:34:31.087[0m
2025-07-23T19:34:31.0895845Z    [0;0mINFO[0;0m	initializing a new eth client	{"nodeID": "NodeID-7M6iNA916wdJqJnumsXZL5pRwLyyANV1y", "URI": "http://127.0.0.1:34983"}
2025-07-23T19:34:31.0897846Z   [1mSTEP:[0m importing AVAX from the P-Chain to the C-Chain [38;5;243m@ 07/23/25 19:34:31.089[0m
2025-07-23T19:34:31.0930522Z    [0;0mINFO[0;0m	suggested gas price	{"price": "2"}
2025-07-23T19:34:31.1016917Z    [0;0mINFO[0;0m	issued transaction	{"chainAlias": "C", "txID": "22SdoY9fepXtuoW6Jbe8MF98iQcHpTQWHSTQAJ8AoF3yXxJoC3", "duration": "8.609553ms"}
2025-07-23T19:34:31.1656268Z    [0;0mINFO[0;0m	confirmed transaction	{"chainAlias": "C", "txID": "22SdoY9fepXtuoW6Jbe8MF98iQcHpTQWHSTQAJ8AoF3yXxJoC3", "totalDuration": "70.189424ms", "confirmationDuration": "61.579871ms"}
2025-07-23T19:34:31.1659204Z   [1mSTEP:[0m checking that the recipient address has received imported funds on the C-Chain [38;5;243m@ 07/23/25 19:34:31.163[0m
2025-07-23T19:34:31.1666865Z   [1mSTEP:[0m stopping validator node to free up resources for a bootstrap check [38;5;243m@ 07/23/25 19:34:31.166[0m
2025-07-23T19:34:31.3460803Z   [1mSTEP:[0m checking if bootstrap is possible with the current network state [38;5;243m@ 07/23/25 19:34:31.345[0m
2025-07-23T19:34:36.0866850Z    [0;0mINFO[0;0m	started local node	{"nodeID": "NodeID-LTVxsGkZ8smzUCEVMEmaxQbE2g2SyWoY5", "dataDir": "/home/runner/.tmpnet/networks/20250723-193350.480869-avalanchego-e2e/NodeID-LTVxsGkZ8smzUCEVMEmaxQbE2g2SyWoY5", "isEphemeral": true}
2025-07-23T19:34:43.9932858Z    [0;0mINFO[0;0m	metrics and logs available via grafana (collectors must be running)	{"uri": "https://grafana-poc.avax-dev.network/d/kBQpRdWnk/avalanche-main-dashboard?&var-filter=network_uuid%7C%3D%7C4a81e2e0-9ddd-4e4b-9042-64c43cc0602a&var-filter=is_ephemeral_node%7C%3D%7Cfalse&from=1753299263275&to=1753299295990"}
2025-07-23T19:34:44.1868002Z    [0;0mINFO[0;0m	shutting down ephemeral node	{"nodeID": "NodeID-8zk2K7Bj2G9iZznu7zywcz1Z76x8bsmGj"}
2025-07-23T19:34:44.1869408Z [38;5;10m• [20.911 seconds][0m
2025-07-23T19:34:44.1870194Z [38;5;243m------------------------------[0m
2025-07-23T19:34:44.1871094Z [38;5;14mS[0m[38;5;14mS[0m[38;5;14mS[0m
2025-07-23T19:34:44.1871962Z [38;5;243m------------------------------[0m
2025-07-23T19:34:44.1873797Z [0m[C-Chain] [Dynamic Fees] [0m[1mshould ensure that the gas price is affected by load[0m [38;5;204m[c][0m
2025-07-23T19:34:44.1876198Z [38;5;243m/home/runner/work/coreth/coreth/avalanchego/tests/e2e/c/dynamic_fees.go:58[0m
2025-07-23T19:34:44.1877815Z   [1mSTEP:[0m creating a new private network to ensure isolation from other tests [38;5;243m@ 07/23/25 19:34:44.186[0m
2025-07-23T19:34:44.1906215Z    [0;0mINFO[0;0m	waiting for network to start	{"timeoutSeconds": 120}
2025-07-23T19:34:44.1908616Z    [0;0mINFO[0;0m	preparing configuration for new network	{"runtimeConfig": {"process":{"avalancheGoPath":"/home/runner/work/coreth/coreth/avalanchego/build/avalanchego","pluginDir":"/home/runner/.avalanchego/plugins"}}}
2025-07-23T19:34:44.1956723Z    [0;0mINFO[0;0m	starting network	{"networkDir": "/home/runner/.tmpnet/networks/20250723-193444.19061-avalanchego-e2e-dynamic-fees", "uuid": "bfb8e363-92fb-4e6b-a37c-4d53693fdcce"}
2025-07-23T19:34:46.1471689Z    [0;0mINFO[0;0m	started local node	{"nodeID": "NodeID-JuB2rckCL8FLYwVy1N5fcwdUvEtCvzdNd", "dataDir": "/home/runner/.tmpnet/networks/20250723-193444.19061-avalanchego-e2e-dynamic-fees/NodeID-JuB2rckCL8FLYwVy1N5fcwdUvEtCvzdNd", "isEphemeral": false}
2025-07-23T19:34:48.0493579Z    [0;0mINFO[0;0m	started local node	{"nodeID": "NodeID-Dz4rLAGba3Mnd9d7gUMvx8VxutZxXY5C4", "dataDir": "/home/runner/.tmpnet/networks/20250723-193444.19061-avalanchego-e2e-dynamic-fees/NodeID-Dz4rLAGba3Mnd9d7gUMvx8VxutZxXY5C4", "isEphemeral": false}
2025-07-23T19:34:48.0497224Z    [0;0mINFO[0;0m	waiting for nodes to report healthy
2025-07-23T19:34:50.0525144Z    [0;0mINFO[0;0m	node is healthy	{"nodeID": "NodeID-Dz4rLAGba3Mnd9d7gUMvx8VxutZxXY5C4", "uri": "http://127.0.0.1:35543"}
2025-07-23T19:34:54.0519188Z    [0;0mINFO[0;0m	node is healthy	{"nodeID": "NodeID-JuB2rckCL8FLYwVy1N5fcwdUvEtCvzdNd", "uri": "http://127.0.0.1:36927"}
2025-07-23T19:34:54.0522715Z    [0;0mINFO[0;0m	started network	{"networkDir": "/home/runner/.tmpnet/networks/20250723-193444.19061-avalanchego-e2e-dynamic-fees", "uuid": "bfb8e363-92fb-4e6b-a37c-4d53693fdcce"}
2025-07-23T19:34:54.0529962Z    [0;0mINFO[0;0m	metrics and logs available via grafana (collectors must be running)	{"url": "https://grafana-poc.avax-dev.network/d/kBQpRdWnk/avalanche-main-dashboard?&var-filter=network_uuid%7C%3D%7Cbfb8e363-92fb-4e6b-a37c-4d53693fdcce&var-filter=is_ephemeral_node%7C%3D%7Cfalse&from=1753299284195&to=now", "linkPath": "/home/runner/.tmpnet/networks/20250723-193444.19061-avalanchego-e2e-dynamic-fees/metrics.txt"}
2025-07-23T19:34:54.0534161Z    [0;0mINFO[0;0m	network started successfully
2025-07-23T19:34:54.0535042Z   [1mSTEP:[0m allocating a pre-funded key [38;5;243m@ 07/23/25 19:34:54.051[0m
2025-07-23T19:34:54.0536062Z   [1mSTEP:[0m initializing a coreth client [38;5;243m@ 07/23/25 19:34:54.051[0m
2025-07-23T19:34:54.0537692Z    [0;0mINFO[0;0m	initializing a new eth client	{"nodeID": "NodeID-JuB2rckCL8FLYwVy1N5fcwdUvEtCvzdNd", "URI": "http://127.0.0.1:36927"}
2025-07-23T19:34:54.0538988Z   [1mSTEP:[0m initializing a transaction signer [38;5;243m@ 07/23/25 19:34:54.052[0m
2025-07-23T19:34:54.0540148Z   [1mSTEP:[0m checking if Fortuna is activated [38;5;243m@ 07/23/25 19:34:54.053[0m
2025-07-23T19:34:54.0548069Z    [0;0mINFO[0;0m	set gas limit	{"gasLimit": 10000000}
2025-07-23T19:34:54.0548936Z   [1mSTEP:[0m deploying an expensive contract [38;5;243m@ 07/23/25 19:34:54.054[0m
2025-07-23T19:34:54.0558817Z    [0;0mINFO[0;0m	sending eth transaction	{"txID": "0x3fecd6016dfff7e035adf798f9687c45aba5fa5a0254ccb2cf1f8e69474a8c82"}
2025-07-23T19:34:54.5598210Z    [0;0mINFO[0;0m	eth transaction accepted	{"txID": "0x3fecd6016dfff7e035adf798f9687c45aba5fa5a0254ccb2cf1f8e69474a8c82", "gasUsed": 79365, "gasPrice": "2", "blockNumber": "1"}
2025-07-23T19:34:54.5601782Z    [0;0mINFO[0;0m	initializing gas prices	{"initialPrice": "1", "targetPrice": "2"}
2025-07-23T19:34:54.5603082Z   [1mSTEP:[0m calling the contract repeatedly until a sufficient gas price increase is detected [38;5;243m@ 07/23/25 19:34:54.56[0m
2025-07-23T19:34:54.5609084Z    [0;0mINFO[0;0m	gas price hasn't sufficiently increased	{"initialPrice": "1", "newPrice": "1", "targetPrice": "2"}
2025-07-23T19:34:54.5616728Z    [0;0mINFO[0;0m	sending eth transaction	{"txID": "0x3dd9f7ff4dcbab12d2b65af8b7aaae3f1e410c53a1abb0122a86fc1a9252432c"}
2025-07-23T19:34:57.5656774Z    [0;0mINFO[0;0m	eth transaction accepted	{"txID": "0x3dd9f7ff4dcbab12d2b65af8b7aaae3f1e410c53a1abb0122a86fc1a9252432c", "gasUsed": 10000000, "gasPrice": "2", "blockNumber": "2"}
2025-07-23T19:34:57.5659790Z    [0;0mINFO[0;0m	gas price hasn't sufficiently increased	{"initialPrice": "1", "newPrice": "1", "targetPrice": "2"}
2025-07-23T19:34:57.5668457Z    [0;0mINFO[0;0m	sending eth transaction	{"txID": "0x0d407c5d1067a2139ad301731c6a62a93c0e8c800f1cb9818f736d226e12693a"}
2025-07-23T19:35:02.5709491Z    [0;0mINFO[0;0m	eth transaction accepted	{"txID": "0x0d407c5d1067a2139ad301731c6a62a93c0e8c800f1cb9818f736d226e12693a", "gasUsed": 10000000, "gasPrice": "2", "blockNumber": "3"}
2025-07-23T19:35:02.5713743Z    [0;0mINFO[0;0m	gas price hasn't sufficiently increased	{"initialPrice": "1", "newPrice": "1", "targetPrice": "2"}
2025-07-23T19:35:02.5720920Z    [0;0mINFO[0;0m	sending eth transaction	{"txID": "0xa4135274bdb8ebae625783f21673c746acfa8e4785d9646b7566f96aa92a6729"}
2025-07-23T19:35:07.5760117Z    [0;0mINFO[0;0m	eth transaction accepted	{"txID": "0xa4135274bdb8ebae625783f21673c746acfa8e4785d9646b7566f96aa92a6729", "gasUsed": 10000000, "gasPrice": "2", "blockNumber": "4"}
2025-07-23T19:35:07.5764693Z    [0;0mINFO[0;0m	gas price hasn't sufficiently increased	{"initialPrice": "1", "newPrice": "1", "targetPrice": "2"}
2025-07-23T19:35:07.5772038Z    [0;0mINFO[0;0m	sending eth transaction	{"txID": "0x22759d8e43ecbb528caeabf8131f99541bfe2c557df068a0fb670dd19c6a42bd"}
2025-07-23T19:35:12.5812938Z    [0;0mINFO[0;0m	eth transaction accepted	{"txID": "0x22759d8e43ecbb528caeabf8131f99541bfe2c557df068a0fb670dd19c6a42bd", "gasUsed": 10000000, "gasPrice": "2", "blockNumber": "5"}
2025-07-23T19:35:12.5816576Z    [0;0mINFO[0;0m	gas price hasn't sufficiently increased	{"initialPrice": "1", "newPrice": "1", "targetPrice": "2"}
2025-07-23T19:35:12.5823124Z    [0;0mINFO[0;0m	sending eth transaction	{"txID": "0xacd2073e0db59b33c9dcd24716a09257121fe4644e7acb2e2ba0a60c350141dc"}
2025-07-23T19:35:17.0887138Z    [0;0mINFO[0;0m	eth transaction accepted	{"txID": "0xacd2073e0db59b33c9dcd24716a09257121fe4644e7acb2e2ba0a60c350141dc", "gasUsed": 10000000, "gasPrice": "2", "blockNumber": "6"}
2025-07-23T19:35:17.0897005Z    [0;0mINFO[0;0m	gas price hasn't sufficiently increased	{"initialPrice": "1", "newPrice": "1", "targetPrice": "2"}
2025-07-23T19:35:17.0906015Z    [0;0mINFO[0;0m	sending eth transaction	{"txID": "0x2399d91a6ccf44e852b5bf752067910f02400363116ff702466c9e7fb7be1a8b"}
2025-07-23T19:35:22.5944396Z    [0;0mINFO[0;0m	eth transaction accepted	{"txID": "0x2399d91a6ccf44e852b5bf752067910f02400363116ff702466c9e7fb7be1a8b", "gasUsed": 10000000, "gasPrice": "2", "blockNumber": "7"}
2025-07-23T19:35:22.5952936Z    [0;0mINFO[0;0m	gas price hasn't sufficiently increased	{"initialPrice": "1", "newPrice": "1", "targetPrice": "2"}
2025-07-23T19:35:22.5961653Z    [0;0mINFO[0;0m	sending eth transaction	{"txID": "0xa5ad42c9657853d0306332feaf6b077f9b0f87bb7b15c9e4b709c299fb64d271"}
2025-07-23T19:35:27.5996059Z    [0;0mINFO[0;0m	eth transaction accepted	{"txID": "0xa5ad42c9657853d0306332feaf6b077f9b0f87bb7b15c9e4b709c299fb64d271", "gasUsed": 10000000, "gasPrice": "2", "blockNumber": "8"}
2025-07-23T19:35:27.6000601Z    [0;0mINFO[0;0m	gas price hasn't sufficiently increased	{"initialPrice": "1", "newPrice": "1", "targetPrice": "2"}
2025-07-23T19:35:27.6008886Z    [0;0mINFO[0;0m	sending eth transaction	{"txID": "0x873fbd4217601bc5f7f68668f2f963d76e432cf4b059af71e1cc693edfec9e15"}
2025-07-23T19:35:32.6041137Z    [0;0mINFO[0;0m	eth transaction accepted	{"txID": "0x873fbd4217601bc5f7f68668f2f963d76e432cf4b059af71e1cc693edfec9e15", "gasUsed": 10000000, "gasPrice": "2", "blockNumber": "9"}
2025-07-23T19:35:32.6044409Z    [0;0mINFO[0;0m	gas price hasn't sufficiently increased	{"initialPrice": "1", "newPrice": "1", "targetPrice": "2"}
2025-07-23T19:35:32.6052141Z    [0;0mINFO[0;0m	sending eth transaction	{"txID": "0x6528cb3bb120573c71b298b40003ee25fec891026b46b38273472825a1884e7f"}
2025-07-23T19:35:37.6084533Z    [0;0mINFO[0;0m	eth transaction accepted	{"txID": "0x6528cb3bb120573c71b298b40003ee25fec891026b46b38273472825a1884e7f", "gasUsed": 10000000, "gasPrice": "2", "blockNumber": "10"}
2025-07-23T19:35:37.6088178Z    [0;0mINFO[0;0m	gas price hasn't sufficiently increased	{"initialPrice": "1", "newPrice": "1", "targetPrice": "2"}
2025-07-23T19:35:37.6094766Z    [0;0mINFO[0;0m	sending eth transaction	{"txID": "0x106e6cb6e0ca075337548329e16b002658a1bd6d866af4676227227e6733e028"}
2025-07-23T19:35:42.1126558Z    [0;0mINFO[0;0m	eth transaction accepted	{"txID": "0x106e6cb6e0ca075337548329e16b002658a1bd6d866af4676227227e6733e028", "gasUsed": 10000000, "gasPrice": "2", "blockNumber": "11"}
2025-07-23T19:35:42.1130002Z    [0;0mINFO[0;0m	gas price hasn't sufficiently increased	{"initialPrice": "1", "newPrice": "1", "targetPrice": "2"}
2025-07-23T19:35:42.1137117Z    [0;0mINFO[0;0m	sending eth transaction	{"txID": "0xc8a4fdb11a27e1aafc69d48c7bba2c71ebc4ca2b2f8a258f1191bbb0466a6cc0"}
2025-07-23T19:35:47.6183861Z    [0;0mINFO[0;0m	eth transaction accepted	{"txID": "0xc8a4fdb11a27e1aafc69d48c7bba2c71ebc4ca2b2f8a258f1191bbb0466a6cc0", "gasUsed": 10000000, "gasPrice": "2", "blockNumber": "12"}
2025-07-23T19:35:47.6189060Z    [0;0mINFO[0;0m	gas price hasn't sufficiently increased	{"initialPrice": "1", "newPrice": "1", "targetPrice": "2"}
2025-07-23T19:35:47.6195328Z    [0;0mINFO[0;0m	sending eth transaction	{"txID": "0xdfefbf7ba237069e65f75c54fbdd9c8f1744fc543ff6c9f330d4da0f4a36b4ca"}
2025-07-23T19:35:52.6230817Z    [0;0mINFO[0;0m	eth transaction accepted	{"txID": "0xdfefbf7ba237069e65f75c54fbdd9c8f1744fc543ff6c9f330d4da0f4a36b4ca", "gasUsed": 10000000, "gasPrice": "2", "blockNumber": "13"}
2025-07-23T19:35:52.6234339Z    [0;0mINFO[0;0m	gas price has increased	{"initialPrice": "1", "targetPrice": "2", "newPrice": "2"}
2025-07-23T19:35:52.6236188Z   [1mSTEP:[0m sending small transactions until a sufficient gas price decrease is detected [38;5;243m@ 07/23/25 19:35:52.623[0m
2025-07-23T19:35:52.6239818Z    [0;0mINFO[0;0m	gas price hasn't sufficiently decreased	{"initialPrice": "1", "newPrice": "2"}
2025-07-23T19:35:52.6247988Z    [0;0mINFO[0;0m	sending eth transaction	{"txID": "0x6ee6c0a4e194c46c958beff957b484edacb4e4cbb30ffa08a6609057b3bd73f3"}
2025-07-23T19:35:54.6288217Z    [0;0mINFO[0;0m	eth transaction accepted	{"txID": "0x6ee6c0a4e194c46c958beff957b484edacb4e4cbb30ffa08a6609057b3bd73f3", "gasUsed": 21000, "gasPrice": "3", "blockNumber": "14"}
2025-07-23T19:35:54.6292193Z    [0;0mINFO[0;0m	gas price hasn't sufficiently decreased	{"initialPrice": "1", "newPrice": "2"}
2025-07-23T19:35:54.6299486Z    [0;0mINFO[0;0m	sending eth transaction	{"txID": "0x3c0ee96a4070a08e6f9722e1473d45f88ef93623181536112594404cb2f55df5"}
2025-07-23T19:35:56.6339830Z    [0;0mINFO[0;0m	eth transaction accepted	{"txID": "0x3c0ee96a4070a08e6f9722e1473d45f88ef93623181536112594404cb2f55df5", "gasUsed": 21000, "gasPrice": "2", "blockNumber": "15"}
2025-07-23T19:35:56.6344279Z    [0;0mINFO[0;0m	gas price has decreased	{"initialPrice": "1", "newPrice": "1"}
2025-07-23T19:35:56.6346621Z   [1mSTEP:[0m checking if bootstrap is possible with the current network state [38;5;243m@ 07/23/25 19:35:56.634[0m
2025-07-23T19:35:58.6365825Z    [0;0mINFO[0;0m	started local node	{"nodeID": "NodeID-L9kznVCrLKpnSNVGhs7Q9AjyxXnALFs1z", "dataDir": "/home/runner/.tmpnet/networks/20250723-193444.19061-avalanchego-e2e-dynamic-fees/NodeID-L9kznVCrLKpnSNVGhs7Q9AjyxXnALFs1z", "isEphemeral": true}
2025-07-23T19:36:06.7039428Z    [0;0mINFO[0;0m	shutting down network
2025-07-23T19:36:06.9767739Z [38;5;10m• [82.790 seconds][0m
2025-07-23T19:36:06.9768580Z [38;5;243m------------------------------[0m
2025-07-23T19:36:06.9770714Z [0m[X-Chain] [Interchain Workflow] [0m[1mshould ensure that funds can be transferred from the X-Chain to the C-Chain and the P-Chain[0m [38;5;204m[uses-c, x][0m
2025-07-23T19:36:06.9773223Z [38;5;243m/home/runner/work/coreth/coreth/avalanchego/tests/e2e/x/interchain_workflow.go:28[0m
2025-07-23T19:36:06.9790510Z    [0;0mINFO[0;0m	targeting random node	{"nodeID": "NodeID-HAjmX7sB1oJbFDEng3Cn2VssF7TqPeMWi", "uri": "http://127.0.0.1:43559"}
2025-07-23T19:36:06.9792283Z   [1mSTEP:[0m creating wallet with a funded key to send from and recipient key to deliver to [38;5;243m@ 07/23/25 19:36:06.978[0m
2025-07-23T19:36:06.9794369Z    [0;0mINFO[0;0m	initializing a new wallet	{"nodeID": "NodeID-HAjmX7sB1oJbFDEng3Cn2VssF7TqPeMWi", "URI": "http://127.0.0.1:43559"}
2025-07-23T19:36:06.9981103Z    [0;0mINFO[0;0m	wallet balances in nAVAX	{"xChain": 30000000000000000, "pChain": 19999979999918852}
2025-07-23T19:36:06.9982289Z   [1mSTEP:[0m defining common configuration [38;5;243m@ 07/23/25 19:36:06.997[0m
2025-07-23T19:36:06.9983684Z   [1mSTEP:[0m sending funds from one address to another on the X-Chain [38;5;243m@ 07/23/25 19:36:06.998[0m
2025-07-23T19:36:07.0036150Z    [0;0mINFO[0;0m	issued transaction	{"chainAlias": "X", "txID": "2agMtTCCVt5pYgY86u1XAP4P9T6pQo7ByGaZMuJsPm2HC3oWiZ", "duration": "5.170109ms"}
2025-07-23T19:36:07.0450873Z    [0;0mINFO[0;0m	confirmed transaction	{"chainAlias": "X", "txID": "2agMtTCCVt5pYgY86u1XAP4P9T6pQo7ByGaZMuJsPm2HC3oWiZ", "totalDuration": "46.549486ms", "confirmationDuration": "41.379377ms"}
2025-07-23T19:36:07.0454258Z   [1mSTEP:[0m checking that the X-Chain recipient address has received the sent funds [38;5;243m@ 07/23/25 19:36:07.044[0m
2025-07-23T19:36:07.0456185Z   [1mSTEP:[0m exporting AVAX from the X-Chain to the C-Chain [38;5;243m@ 07/23/25 19:36:07.044[0m
2025-07-23T19:36:07.0564809Z    [0;0mINFO[0;0m	issued transaction	{"chainAlias": "X", "txID": "2MNiwCxtDiuWKPD8hVe6DazmMiJjMLn9z8A46B44nTJrW9MSdG", "duration": "10.870273ms"}
2025-07-23T19:36:07.1125085Z    [0;0mINFO[0;0m	confirmed transaction	{"chainAlias": "X", "txID": "2MNiwCxtDiuWKPD8hVe6DazmMiJjMLn9z8A46B44nTJrW9MSdG", "totalDuration": "66.102652ms", "confirmationDuration": "55.232379ms"}
2025-07-23T19:36:07.1127081Z   [1mSTEP:[0m initializing a new eth client [38;5;243m@ 07/23/25 19:36:07.111[0m
2025-07-23T19:36:07.1129137Z    [0;0mINFO[0;0m	initializing a new eth client	{"nodeID": "NodeID-HAjmX7sB1oJbFDEng3Cn2VssF7TqPeMWi", "URI": "http://127.0.0.1:43559"}
2025-07-23T19:36:07.1130836Z   [1mSTEP:[0m importing AVAX from the X-Chain to the C-Chain [38;5;243m@ 07/23/25 19:36:07.111[0m
2025-07-23T19:36:07.1133245Z    [0;0mINFO[0;0m	suggested gas price	{"price": "2"}
2025-07-23T19:36:07.1204882Z    [0;0mINFO[0;0m	issued transaction	{"chainAlias": "C", "txID": "2g4rUn1YRdmGyP5vcEEvVWyAuq3amXSgT675x1MxWQmpruVV3c", "duration": "6.980125ms"}
2025-07-23T19:36:07.1719323Z    [0;0mINFO[0;0m	confirmed transaction	{"chainAlias": "C", "txID": "2g4rUn1YRdmGyP5vcEEvVWyAuq3amXSgT675x1MxWQmpruVV3c", "totalDuration": "58.376929ms", "confirmationDuration": "51.396804ms"}
2025-07-23T19:36:07.1721036Z   [1mSTEP:[0m checking that the recipient address has received imported funds on the C-Chain [38;5;243m@ 07/23/25 19:36:07.171[0m
2025-07-23T19:36:07.1725348Z   [1mSTEP:[0m exporting AVAX from the X-Chain to the P-Chain [38;5;243m@ 07/23/25 19:36:07.172[0m
2025-07-23T19:36:07.1787012Z    [0;0mINFO[0;0m	issued transaction	{"chainAlias": "X", "txID": "UJdMohTjLmQnbGqSCLGDDkpzvECpDQDybUMnoBGWRKmautcmz", "duration": "5.908658ms"}
2025-07-23T19:36:07.7204406Z    [0;0mINFO[0;0m	confirmed transaction	{"chainAlias": "X", "txID": "UJdMohTjLmQnbGqSCLGDDkpzvECpDQDybUMnoBGWRKmautcmz", "totalDuration": "547.497751ms", "confirmationDuration": "541.589093ms"}
2025-07-23T19:36:07.7205870Z   [1mSTEP:[0m importing AVAX from the X-Chain to the P-Chain [38;5;243m@ 07/23/25 19:36:07.72[0m
2025-07-23T19:36:07.7290180Z    [0;0mINFO[0;0m	issued transaction	{"chainAlias": "P", "txID": "gug3S9tdw2ZAFCBcNkD5dMrNCNd9gKNpdk8DKaF6sAC1zrkjD", "duration": "5.735355ms"}
2025-07-23T19:36:08.1603350Z    [0;0mINFO[0;0m	confirmed transaction	{"chainAlias": "P", "txID": "gug3S9tdw2ZAFCBcNkD5dMrNCNd9gKNpdk8DKaF6sAC1zrkjD", "totalDuration": "439.524931ms", "confirmationDuration": "433.789576ms"}
2025-07-23T19:36:08.1606087Z   [1mSTEP:[0m checking that the recipient address has received imported funds on the P-Chain [38;5;243m@ 07/23/25 19:36:08.159[0m
2025-07-23T19:36:08.1622548Z   [1mSTEP:[0m checking if bootstrap is possible with the current network state [38;5;243m@ 07/23/25 19:36:08.162[0m
2025-07-23T19:36:12.9117326Z    [0;0mINFO[0;0m	started local node	{"nodeID": "NodeID-Mrw4ywPLFpxivCZyoGELNcNnFqiyAbEhK", "dataDir": "/home/runner/.tmpnet/networks/20250723-193350.480869-avalanchego-e2e/NodeID-Mrw4ywPLFpxivCZyoGELNcNnFqiyAbEhK", "isEphemeral": true}
2025-07-23T19:36:14.8187674Z    [0;0mINFO[0;0m	metrics and logs available via grafana (collectors must be running)	{"uri": "https://grafana-poc.avax-dev.network/d/kBQpRdWnk/avalanche-main-dashboard?&var-filter=network_uuid%7C%3D%7C4a81e2e0-9ddd-4e4b-9042-64c43cc0602a&var-filter=is_ephemeral_node%7C%3D%7Cfalse&from=1753299366976&to=1753299386816"}
2025-07-23T19:36:15.0137304Z [38;5;10m• [8.037 seconds][0m
2025-07-23T19:36:15.0138290Z [38;5;243m------------------------------[0m
2025-07-23T19:36:15.0139155Z [38;5;14mS[0m[38;5;14mS[0m[38;5;14mS[0m
2025-07-23T19:36:15.0140231Z [38;5;243m------------------------------[0m
2025-07-23T19:36:15.0140977Z [0m[1m[DeferCleanup (Suite)] [0m
2025-07-23T19:36:15.0142430Z [38;5;243m/home/runner/work/coreth/coreth/avalanchego/tests/fixture/e2e/ginkgo_test_context.go:96[0m
2025-07-23T19:36:15.0145327Z [38;5;10m[DeferCleanup (Suite)] PASSED [0.000 seconds][0m
2025-07-23T19:36:15.0146279Z [38;5;243m------------------------------[0m
2025-07-23T19:36:15.0146866Z [0m[1m[DeferCleanup (Suite)] [0m
2025-07-23T19:36:15.0148193Z [38;5;243m/home/runner/work/coreth/coreth/avalanchego/tests/fixture/e2e/ginkgo_test_context.go:96[0m
2025-07-23T19:36:15.0149434Z [38;5;10m[DeferCleanup (Suite)] PASSED [0.000 seconds][0m
2025-07-23T19:36:15.0150517Z [38;5;243m------------------------------[0m
2025-07-23T19:36:15.0151504Z [0m[1m[DeferCleanup (Suite)] [0m
2025-07-23T19:36:15.0153227Z [38;5;243m/home/runner/work/coreth/coreth/avalanchego/tests/fixture/e2e/ginkgo_test_context.go:96[0m
2025-07-23T19:36:15.0154719Z [38;5;10m[DeferCleanup (Suite)] PASSED [0.000 seconds][0m
2025-07-23T19:36:15.0155300Z [38;5;243m------------------------------[0m
2025-07-23T19:36:15.0155772Z [0m[1m[DeferCleanup (Suite)] [0m
2025-07-23T19:36:15.0156686Z [38;5;243m/home/runner/work/coreth/coreth/avalanchego/tests/fixture/e2e/ginkgo_test_context.go:96[0m
2025-07-23T19:36:15.0157961Z [38;5;10m[DeferCleanup (Suite)] PASSED [0.000 seconds][0m
2025-07-23T19:36:15.0158606Z [38;5;243m------------------------------[0m
2025-07-23T19:36:15.0159067Z [0m[1m[DeferCleanup (Suite)] [0m
2025-07-23T19:36:15.0159946Z [38;5;243m/home/runner/work/coreth/coreth/avalanchego/tests/fixture/e2e/ginkgo_test_context.go:96[0m
2025-07-23T19:36:15.0161001Z [38;5;10m[DeferCleanup (Suite)] PASSED [0.000 seconds][0m
2025-07-23T19:36:15.0161811Z [38;5;243m------------------------------[0m
2025-07-23T19:36:15.0162449Z [0m[1m[DeferCleanup (Suite)] [0m
2025-07-23T19:36:15.0163698Z [38;5;243m/home/runner/work/coreth/coreth/avalanchego/tests/fixture/e2e/ginkgo_test_context.go:96[0m
2025-07-23T19:36:15.0165603Z    [07-23|19:36:15.013] INFO e2e/helpers.go:346 shutting down network
2025-07-23T19:36:15.3482533Z [38;5;10m[DeferCleanup (Suite)] PASSED [0.334 seconds][0m
2025-07-23T19:36:15.3483824Z [38;5;243m------------------------------[0m
2025-07-23T19:36:15.3484837Z [0m[1m[DeferCleanup (Suite)] [0m
2025-07-23T19:36:15.3486017Z [38;5;243m/home/runner/work/coreth/coreth/avalanchego/tests/fixture/e2e/ginkgo_test_context.go:96[0m
2025-07-23T19:36:15.3487195Z [38;5;10m[DeferCleanup (Suite)] PASSED [0.000 seconds][0m
2025-07-23T19:36:15.3487893Z [38;5;243m------------------------------[0m
2025-07-23T19:36:15.3488520Z 
2025-07-23T19:36:15.3488852Z [38;5;10m[1mRan 4 of 14 Specs in 147.613 seconds[0m
2025-07-23T19:36:15.3490046Z [38;5;10m[1mSUCCESS![0m -- [38;5;10m[1m4 Passed[0m | [38;5;9m[1m0 Failed[0m | [38;5;11m[1m0 Pending[0m | [38;5;14m[1m10 Skipped[0m
2025-07-23T19:36:15.3490891Z PASS
2025-07-23T19:36:15.3648398Z 
2025-07-23T19:36:15.3648753Z Ginkgo ran 1 suite in 2m47.789871904s
2025-07-23T19:36:15.3649247Z Test Suite Passed
2025-07-23T19:36:15.3730149Z ##[group]Run actions/upload-artifact@v4
2025-07-23T19:36:15.3730422Z with:
2025-07-23T19:36:15.3730596Z   name: -tmpnet-data
2025-07-23T19:36:15.3731000Z   path: ~/.tmpnet/networks
~/.tmpnet/prometheus/prometheus.log
~/.tmpnet/promtail/promtail.log

2025-07-23T19:36:15.3731464Z   if-no-files-found: error
2025-07-23T19:36:15.3731678Z   compression-level: 6
2025-07-23T19:36:15.3731877Z   overwrite: false
2025-07-23T19:36:15.3732080Z   include-hidden-files: false
2025-07-23T19:36:15.3732307Z env:
2025-07-23T19:36:15.3732482Z   TMPDIR: /home/runner/work/_temp
2025-07-23T19:36:15.3732711Z ##[endgroup]
2025-07-23T19:36:15.6468510Z Multiple search paths detected. Calculating the least common ancestor of all paths
2025-07-23T19:36:15.6471127Z The least common ancestor is /home/runner/.tmpnet. This will be the root directory of the artifact
2025-07-23T19:36:15.6472414Z With the provided path, there will be 139 files uploaded
2025-07-23T19:36:15.6478146Z Artifact name is valid!
2025-07-23T19:36:15.6479262Z Root directory input is valid!
2025-07-23T19:36:15.7712922Z Beginning upload of artifact content to blob storage
2025-07-23T19:36:16.4020060Z Uploaded bytes 2284192
2025-07-23T19:36:16.4154911Z Finished uploading artifact content to blob storage!
2025-07-23T19:36:16.4158599Z SHA256 digest of uploaded artifact zip is adccef765d38c6f02b712eea815ea5cadf242aa659cc869ec5b99c6fca674942
2025-07-23T19:36:16.4160709Z Finalizing artifact upload
2025-07-23T19:36:16.5300822Z Artifact -tmpnet-data.zip successfully finalized. Artifact ID 3600349177
2025-07-23T19:36:16.5302552Z Artifact -tmpnet-data has been successfully uploaded! Final size is 2284192 bytes. Artifact ID is 3600349177
2025-07-23T19:36:16.5309742Z Artifact download URL: https://github.com/ava-labs/coreth/actions/runs/16480013789/artifacts/3600349177
